26
 energy: -46.445363929681 gnorm: 0.099594719845 xtb: 6.6.1 (8d0f1dd)
C           -1.02569200000000       -1.91322500000000       -0.60266600000000
C           -1.53683000000000       -0.57838200000000       -0.19524000000000
C           -2.88124400000000       -0.36805100000000       -0.03183000000000
C           -3.40192300000000        0.85559700000000        0.34576200000000
C           -2.50780400000000        1.87497900000000        0.55608500000000
C           -1.14770000000000        1.67731100000000        0.39492700000000
F           -0.28687000000000        2.69400800000000        0.60715800000000
C           -0.64265300000000        0.44041600000000        0.01491700000000
C            0.78353500000000        0.21286000000000       -0.15965000000000
C            1.51194700000000       -0.20978400000000        0.92905800000000
O            0.85947200000000       -0.39880400000000        2.13569500000000
C            2.87455500000000       -0.44174600000000        0.81821100000000
C            3.54478500000000       -0.26040700000000       -0.37193200000000
C            2.81545100000000        0.16305700000000       -1.46309300000000
C            1.43955800000000        0.39908500000000       -1.35811400000000
F            0.72121400000000        0.81519500000000       -2.42903800000000
H           -1.39409000000000       -2.64241600000000        0.15263600000000
H           -1.54866500000000       -2.18620700000000       -1.55565800000000
H            0.06018900000000       -1.90727500000000       -0.72430900000000
H           -3.54696200000000       -1.20402500000000       -0.20960600000000
H           -4.45712400000000        1.04311700000000        0.48019700000000
H           -2.88136700000000        2.86027100000000        0.85656400000000
H            1.22683700000000       -0.01823700000000        3.01987600000000
H            3.47422900000000       -0.77535100000000        1.65930900000000
H            4.62393000000000       -0.44447100000000       -0.45829800000000
H            3.32322100000000        0.31248400000000       -2.41096000000000
26
 energy: -46.458836178058 gnorm: 0.039907891783 xtb: 6.6.1 (8d0f1dd)
C           -1.05760644154856       -1.93544963287739       -0.61167049304827
C           -1.54730466205864       -0.58349411986009       -0.20244689536335
C           -2.90220075914574       -0.37070010947075       -0.03248405473483
C           -3.39997522268022        0.86220902351589        0.34675143739928
C           -2.50986924811583        1.89786252821923        0.56067965092849
C           -1.15524481825732        1.69213779631682        0.39176481304524
F           -0.29416265012611        2.70803448775605        0.61393704389291
C           -0.64997519315269        0.45612307682734        0.00827167306292
C            0.79808751756275        0.23919568354870       -0.14290667123960
C            1.53209909790628       -0.18020576239659        0.96205762213363
O            0.84984294733776       -0.39122823985287        2.13417128896924
C            2.89132942650669       -0.43191063275839        0.84238370344923
C            3.53818395815496       -0.25663142171183       -0.36980311378462
C            2.81871163653259        0.16803903711978       -1.47197628691314
C            1.45884938944842        0.40622280389260       -1.34989675700229
F            0.74686777366526        0.80880853360224       -2.42466771995432
H           -1.36833256744789       -2.67171098558993        0.13655551729811
H           -1.52965060033309       -2.22025924001496       -1.56150090811219
H            0.01876732581215       -1.95757121646882       -0.72757160222530
H           -3.57432721974241       -1.20059389726984       -0.20654354820006
H           -4.45534416467762        1.03682828446420        0.47874361196898
H           -2.86873253701417        2.87575081886091        0.86025841821612
H            1.27733384130934       -0.05322104305626        2.95865969274886
H            3.47125236581315       -0.77125086530429        1.68967716371045
H            4.60109020318805       -0.44382330821950       -0.45921698752971
H            3.31030960106286        0.31683740072778       -2.42322559871578
26
 energy: -46.462070642409 gnorm: 0.012094336660 xtb: 6.6.1 (8d0f1dd)
C           -1.07829666785084       -1.95247407032391       -0.62097893259689
C           -1.55619849976037       -0.59194773267681       -0.21351150579183
C           -2.91659937672791       -0.36952175914198       -0.03833179576543
C           -3.39523789315156        0.86948366501870        0.34408940475482
C           -2.51050436783695        1.91325073860516        0.56177675837213
C           -1.15993160318380        1.69044211759286        0.38968114702780
F           -0.29498638254729        2.70400359636381        0.61744140013421
C           -0.65848596834106        0.45444756445803        0.00029592279079
C            0.80146371172718        0.24138030300603       -0.13561658953463
C            1.53946355088196       -0.17138781032862        0.97878507148311
O            0.84350896478392       -0.37317647084409        2.13376193013978
C            2.90125527353142       -0.41484614237098        0.85940175383259
C            3.53387718717872       -0.24084071200324       -0.36133415569724
C            2.82160691420638        0.17541065961882       -1.47289611448009
C            1.46739214212131        0.40618838815876       -1.34234902834659
F            0.76162606196236        0.80037113147660       -2.42128903640708
H           -1.36655738556909       -2.68565780106364        0.12810155290596
H           -1.53106827635746       -2.23663725950502       -1.56707274518408
H            0.00064996294262       -1.98190618771425       -0.72871443764101
H           -3.59842191094669       -1.19096490766088       -0.20393703510017
H           -4.45234695361846        1.03270654276930        0.47956896446696
H           -2.85651946240902        2.88816545144808        0.86396957112685
H            1.34797519572133       -0.09587199672758        2.91146893631446
H            3.46707888832374       -0.74714097385916        1.71683365833166
H            4.58814874961348       -0.43976653692324       -0.45099926466730
H            3.30110714530609        0.31628920262725       -2.42814443046876
26
 energy: -46.463077335485 gnorm: 0.025017592065 xtb: 6.6.1 (8d0f1dd)
C           -1.09346378889416       -1.96334536918097       -0.62621755756955
C           -1.56420433785668       -0.59827683528879       -0.22076562642190
C           -2.92534428629229       -0.36583150770960       -0.04399300578449
C           -3.39376216561643        0.87608167769359        0.33985679763348
C           -2.51034749383405        1.92072818568844        0.55838500386329
C           -1.16194614699912        1.68505791753316        0.38466694517421
F           -0.29137489972604        2.69491873992195        0.61471566436952
C           -0.66556089919218        0.44776725005882       -0.00566935477934
C            0.79803399465543        0.23947395095717       -0.13535706018204
C            1.53855761661814       -0.16024408833986        0.98436946476890
O            0.84622822347056       -0.34759905574371        2.14047415454075
C            2.90289776609109       -0.39525157220616        0.86806561220510
C            3.53214272667263       -0.22893011287172       -0.35383419043822
C            2.82274486180758        0.17784696111490       -1.47056384309572
C            1.46712223737085        0.40391397559086       -1.33965867137198
F            0.76449278507066        0.79023083490163       -2.42328093716367
H           -1.37912581372337       -2.69503914763771        0.12459521219603
H           -1.54138374093658       -2.25024198198918       -1.57263750708451
H           -0.01225796701946       -1.99532307669132       -0.73172591543039
H           -3.61618405478036       -1.17959861284657       -0.20663520099683
H           -4.45232307060419        1.03535779249703        0.47588794130910
H           -2.84798231072062        2.89696884445959        0.86260230489200
H            1.43361239741403       -0.16633173758109        2.90668903389887
H            3.46327442884978       -0.71337179167710        1.73502043660603
H            4.58774987944127       -0.42449258310350       -0.43791334355543
H            3.29840305873353        0.31553034245013       -2.42707535758322
26
 energy: -46.464016854861 gnorm: 0.023650002632 xtb: 6.6.1 (8d0f1dd)
C           -1.11354527035166       -1.97588464026846       -0.63235658667366
C           -1.57441960424946       -0.60746518361671       -0.22622429372438
C           -2.93417518824580       -0.35974815416982       -0.04897855875132
C           -3.39060681785082        0.88561038657311        0.33702654886233
C           -2.50386343519669        1.92586754256959        0.55673738955061
C           -1.15781526719652        1.67294584342138        0.38204767863560
F           -0.27765721991522        2.67637120631008        0.61071590147299
C           -0.67076708330320        0.43210531524705       -0.00823673206850
C            0.79412263485202        0.22584116439710       -0.13600641507450
C            1.54197373974182       -0.14947645267081        0.98865600485721
O            0.85987132296373       -0.33299661869571        2.14853746331886
C            2.91112205514462       -0.36070552994511        0.87694086946236
C            3.53701456449130       -0.20610343346961       -0.34612222135208
C            2.82475671641457        0.18042444884670       -1.46753014849400
C            1.46446665649694        0.39382390539070       -1.33740057322093
F            0.76180923896756        0.76937606760536       -2.42541893315134
H           -1.40414623872649       -2.70652490269432        0.11910360274343
H           -1.56254786954877       -2.26211923642642       -1.57987882226420
H           -0.03055690703079       -2.01113876420396       -0.73822106433219
H           -3.63760146694845       -1.16260305299775       -0.21139409805097
H           -4.45014735747218        1.04582277986122        0.47245350963778
H           -2.83049607997726        2.90587736856865        0.86243302313781
H            1.48158963942371       -0.24012339432764        2.90138533857954
H            3.46941718594534       -0.66117836886627        1.75285287992255
H            4.59635608039126       -0.39354302306143       -0.42495093421023
H            3.29584497118048        0.31554372662305       -2.42616982881274
26
 energy: -46.464933914765 gnorm: 0.010985388016 xtb: 6.6.1 (8d0f1dd)
C           -1.13726890372900       -1.98739074607269       -0.63922124950711
C           -1.58647494149072       -0.61735076144476       -0.22968469550014
C           -2.94245640287792       -0.35220934775405       -0.05471285064517
C           -3.38751280861956        0.89657842850507        0.33375817331330
C           -2.49117536295449        1.92626220269092        0.55699983974547
C           -1.14758464195912        1.65595284957862        0.38405795572549
F           -0.25515627442963        2.65017417490172        0.60957350713549
C           -0.67318644161309        0.40986912523282       -0.00552831941322
C            0.79018680403120        0.20331361526833       -0.13511309992938
C            1.54694150201887       -0.14421351940818        0.99176564053532
O            0.88268638754796       -0.32376555757545        2.16122776154803
C            2.92164021883382       -0.32336353299866        0.88348081210437
C            3.54728322343981       -0.17532495032269       -0.33909937387222
C            2.82598515607909        0.18250522905157       -1.46308227340712
C            1.45953652541090        0.37557243642939       -1.33477476296712
F            0.75258207351627        0.73359846775103       -2.42735280719141
H           -1.44024304484930       -2.71824405065838        0.10982192559729
H           -1.59350088641435       -2.26787099639401       -1.58789991456611
H           -0.05451513717460       -2.02959176236715       -0.74750232302501
H           -3.65899996174166       -1.14290020833517       -0.22163115086803
H           -4.44681623027350        1.06500668952455        0.46576137210881
H           -2.80600678725374        2.91147399555190        0.86215574237695
H            1.50349937232429       -0.30732543177623        2.89735784954595
H            3.48500450503636       -0.59592685174116        1.76687739722804
H            4.61285535205946       -0.34134645265372       -0.41288987767175
H            3.29269570508272        0.31651595501639       -2.42434427840067
26
 energy: -46.464999035990 gnorm: 0.029536020181 xtb: 6.6.1 (8d0f1dd)
C           -1.16417637372301       -1.99720893217821       -0.64462780742718
C           -1.59994499096772       -0.62497156049506       -0.23262061347451
C           -2.95175657213924       -0.34428355291999       -0.06306465313836
C           -3.38702030712271        0.90832294792663        0.32551073932011
C           -2.47807786193643        1.92554679282369        0.55426087908436
C           -1.13727673403160        1.64137177648083        0.38588723579606
F           -0.23303266630383        2.62543263257786        0.60851647366192
C           -0.67529709498517        0.38991984159770       -0.00183315606238
C            0.78667864027570        0.18538914993046       -0.13160425095157
C            1.54996511241641       -0.13172217602467        0.99801774442722
O            0.90158947713032       -0.29270691721103        2.17854433855984
C            2.92819257516919       -0.28646630602807        0.89064422793878
C            3.55706184978088       -0.13814445703682       -0.33057692743810
C            2.82508891055224        0.18403510590209       -1.45804823316262
C            1.45404991891580        0.35123786878286       -1.33298667534268
F            0.74044209958429        0.67962081526979       -2.43240795479734
H           -1.48028092999945       -2.72757345861086        0.10065400579364
H           -1.62846377027462       -2.26946740728676       -1.59300520308344
H           -0.08376145372732       -2.05191883028712       -0.75521529934358
H           -3.67854596064704       -1.12446715273970       -0.23667213439735
H           -4.44493621275936        1.08921089954106        0.45127476275454
H           -2.78216185674175        2.91510680628400        0.85627046390851
H            1.56465010761935       -0.42537245013629        2.90412328165487
H            3.50041124218181       -0.52387509128252        1.77990576245645
H            4.62839380183983       -0.27296919492490       -0.39909389185072
H            3.28820804989350        0.31595185004499       -2.42185211488641
26
 energy: -46.465552285278 gnorm: 0.004678749138 xtb: 6.6.1 (8d0f1dd)
C           -1.16235543602804       -1.99464213705159       -0.64536500511633
C           -1.59759642015139       -0.62285167900741       -0.23040600984981
C           -2.94974819344047       -0.34552484981314       -0.06278812308049
C           -3.38714246531855        0.90645897541051        0.32583852907897
C           -2.47655261799535        1.92242801552574        0.55665858673803
C           -1.13530160187761        1.64273446615188        0.39041809054540
F           -0.23348268614698        2.62689610788041        0.61637137507253
C           -0.67182705828060        0.39173832380884        0.00190784776058
C            0.78968547665299        0.18393626806228       -0.12867934679753
C            1.55219507539081       -0.13895485639403        0.99887898308056
O            0.89977938702093       -0.30154233755272        2.17762415908377
C            2.92908596485798       -0.29511814288586        0.88883992280330
C            3.55745962488926       -0.13973232425625       -0.33294113752303
C            2.82394397357994        0.18337087302500       -1.45914221648195
C            1.45480204298784        0.34811741677423       -1.33280909030982
F            0.73849349669025        0.67560417375766       -2.42988259859124
H           -1.47738558362909       -2.72583984666221        0.09849933728923
H           -1.62600531788983       -2.26345137794316       -1.59414575211091
H           -0.08268950911604       -2.05117863245329       -0.75515970808598
H           -3.67224107093852       -1.12874074643931       -0.23919830429413
H           -4.44385604738367        1.09080303222038        0.45092738964827
H           -2.78347758410626        2.91053995343342        0.85933595941975
H            1.53519391209993       -0.38289539325782        2.89976763917410
H            3.50396839789640       -0.53831398076643        1.77247344999773
H            4.62712300574340       -0.27190729182271       -0.40473670643890
H            3.28793023449270        0.31806499025554       -2.42228627101204
26
 energy: -46.465667748474 gnorm: 0.002671271479 xtb: 6.6.1 (8d0f1dd)
C           -1.17134478691932       -1.99694175458756       -0.64821085185524
C           -1.60075457957597       -0.62385128141486       -0.23079031232965
C           -2.95235718815735       -0.34279230030058       -0.06686639767258
C           -3.38689568891840        0.91014862791573        0.32219306522920
C           -2.47148761827321        1.92123744972661        0.55732402310797
C           -1.13080688091052        1.63863936185462        0.39493272060840
F           -0.22680194637979        2.61910480055487        0.62394686513206
C           -0.67060273211030        0.38629467419360        0.00541760090805
C            0.79067740961990        0.17706174326737       -0.12506994238016
C            1.55622770651389       -0.13540734896062        1.00330852686728
O            0.90511043694650       -0.29297415396178        2.18313826370508
C            2.93346615461444       -0.28430400150588        0.89165639152870
C            3.56024919674128       -0.12717514511853       -0.33148329851228
C            2.82245804503037        0.18328527096522       -1.45881558570530
C            1.45294134669532        0.33612153970716       -1.33217723621662
F            0.73149873034928        0.64872787385646       -2.43029062672137
H           -1.48991956222691       -2.72838236961190        0.09365777907558
H           -1.63542660363722       -2.26086458161977       -1.59787237902127
H           -0.09226449085464       -2.05906623897534       -0.75717437182103
H           -3.67548232488096       -1.12450131100199       -0.24754789691788
H           -4.44243161492783        1.10103925311837        0.44423709129974
H           -2.77650430330848        2.90980374373508        0.86028832878350
H            1.54182071318638       -0.40534606016082        2.89904812571403
H            3.51286325766369       -0.52061061720840        1.77360390484749
H            4.63053284373643       -0.24696356642024       -0.40371454322367
H            3.28523347998343        0.31771539195314       -2.42273824442991
26
 energy: -46.465737505388 gnorm: 0.003163745306 xtb: 6.6.1 (8d0f1dd)
C           -1.18187664506814       -1.99926644715236       -0.65207883067640
C           -1.60404393300342       -0.62414990795375       -0.23229233066985
C           -2.95567872180696       -0.33839821479111       -0.07428895553742
C           -3.38649136776740        0.91524831194298        0.31592357252252
C           -2.46588273706994        1.92022456703804        0.55889521261129
C           -1.12562058345102        1.63350236476991        0.40333623390967
F           -0.21963307437665        2.60924631132998        0.63900485854034
C           -0.66915348353061        0.38011624356507        0.01074301495952
C            0.79204451715892        0.16923132639483       -0.11944565984170
C            1.56245496081456       -0.12841269200525        1.00994096698797
O            0.91331207801244       -0.27985731424248        2.19121579763951
C            2.93990471241968       -0.26891030083618        0.89536283627393
C            3.56216600196867       -0.11163477584946       -0.33054087107756
C            2.81932331993081        0.18210341819141       -1.45933895502702
C            1.44936578658248        0.31950667229848       -1.33112849627817
F            0.72003515286656        0.60889839792693       -2.43016741162815
H           -1.50641633160647       -2.73084726055339        0.08680263059103
H           -1.64415860372125       -2.25733059514843       -1.60383656971013
H           -0.10290386287891       -2.06851532965050       -0.75807648599704
H           -3.67886095483970       -1.11864954138362       -0.26152964076508
H           -4.44072618445589        1.11458425242472        0.43273467317582
H           -2.76906193558103        2.90919984166900        0.86290810457785
H            1.55271690121514       -0.43769514300922        2.89900036529841
H            3.52593656899665       -0.49545042751319        1.77560984068021
H            4.63310469978577       -0.21625071700403       -0.40403006941529
H            3.28014271940573        0.31350595954160       -2.42472283114421
26
 energy: -46.465749880193 gnorm: 0.001401288713 xtb: 6.6.1 (8d0f1dd)
C           -1.18165132134957       -1.99854919040370       -0.65291597709002
C           -1.60364682012938       -0.62340267408514       -0.23292033243028
C           -2.95574460969829       -0.33749228335496       -0.07691195202309
C           -3.38649006755245        0.91577024235914        0.31389379471730
C           -2.46589850048041        1.91999132402948        0.56015557002744
C           -1.12543570177874        1.63299122825032        0.40689788949846
F           -0.21984041531922        2.60810098042952        0.64599615718816
C           -0.66889650142409        0.38004907930000        0.01270932843678
C            0.79228395403391        0.16888460771941       -0.11764223994908
C            1.56382998740761       -0.12688632397416        1.01137024190899
O            0.91553835107755       -0.27726643599781        2.19335770461616
C            2.94118941210722       -0.26689641138929        0.89551004997076
C            3.56138829954183       -0.11064667440573       -0.33142717305639
C            2.81764359228579        0.18018143661665       -1.46026057943382
C            1.44781763772620        0.31621021452778       -1.33067504796903
F            0.71665399624780        0.60096163897802       -2.42907028550681
H           -1.50826165947886       -2.73025014055605        0.08487472360211
H           -1.64178512767796       -2.25565068046313       -1.60590636364717
H           -0.10239357370410       -2.06847420463076       -0.75655734696790
H           -3.67819528494225       -1.11786784062620       -0.26653499593459
H           -4.44072399181864        1.11616031069396        0.42876846016538
H           -2.76950816591439        2.90863751937681        0.86503346582506
H            1.55344228965948       -0.43744412443874        2.89928522409904
H            3.52855847111535       -0.49250499136317        1.77513073130648
H            4.63225259798891       -0.21422572356857       -0.40602008292992
H            3.27787215207670        0.30961811697627       -2.42613996442392
26
 energy: -46.465765128699 gnorm: 0.001775650735 xtb: 6.6.1 (8d0f1dd)
C           -1.17803747887419       -1.99562477370985       -0.65472799962359
C           -1.60193623868919       -0.62114176989019       -0.23475801345922
C           -2.95519694849822       -0.33588547639110       -0.08309427612026
C           -3.38693983668819        0.91601940448773        0.30941729863238
C           -2.46789192158324        1.91968997679686        0.56362103166369
C           -1.12681278181144        1.63296819185035        0.41496773420180
F           -0.22260638097911        2.60746042444272        0.66186383907131
C           -0.66897572258759        0.38166638931347        0.01704049515564
C            0.79225671676257        0.17092121709112       -0.11373745847406
C            1.56601325332903       -0.12195916990853        1.01416861714604
O            0.92034511350041       -0.26968402077840        2.19818378212558
C            2.94304758762691       -0.26354853016366        0.89525614539840
C            3.55891891803770       -0.11199891034956       -0.33398912842255
C            2.81339075277396        0.17378341513261       -1.46264781947466
C            1.44393818660882        0.31098840400774       -1.32961084663281
F            0.70950365654234        0.58744811342182       -2.42665444140945
H           -1.50965675351368       -2.72794823314832        0.08026347497696
H           -1.63204159632610       -2.25145231830981       -1.61100291573176
H           -0.09797460505467       -2.06562036500579       -0.75165047263813
H           -3.67600143978109       -1.11647706610593       -0.27797936433713
H           -4.44170763726829        1.11657483288346        0.41998663036385
H           -2.77303522199287        2.90716975232696        0.87093396811197
H            1.55767223748529       -0.43524070061317        2.90145828076428
H            3.53221668117074       -0.48802924636500        1.77396162588173
H            4.62958868309167       -0.21720431394094       -0.41127356188010
H            3.27192177671839        0.29712377292532       -2.42999562528984
26
 energy: -46.465779356607 gnorm: 0.001770930694 xtb: 6.6.1 (8d0f1dd)
C           -1.17367314448135       -1.99241882703367       -0.65731728628708
C           -1.60047280405123       -0.61911978163656       -0.23661031466939
C           -2.95454725975373       -0.33494341515841       -0.08881737867910
C           -3.38805036913126        0.91552145670885        0.30600770775691
C           -2.47075472497619        1.91897039329345        0.56776221683112
C           -1.12903649560113        1.63325644306692        0.42249567103412
F           -0.22607823461336        2.60751892108144        0.67564231597192
C           -0.66940404916858        0.38375858243535        0.02116121964100
C            0.79183988164932        0.17378687358544       -0.11020073167483
C            1.56761765715374       -0.11662182220928        1.01678380964275
O            0.92501317864256       -0.25982501148978        2.20310411409291
C            2.94431964770899       -0.26137806558537        0.89497411326055
C            3.55714290479440       -0.11613916479565       -0.33640392585666
C            2.80942887134762        0.16612907148992       -1.46451244845108
C            1.44036205565706        0.30704089613886       -1.32854585975932
F            0.70348850709801        0.57849924317855       -2.42481658548959
H           -1.51033269849811       -2.72636449016593        0.07388723969156
H           -1.62123957815724       -2.24629262682440       -1.61722179290698
H           -0.09291585306225       -2.06214261290227       -0.74701494105281
H           -3.67437967194234       -1.11513647066543       -0.28891515519704
H           -4.44355868732014        1.11492151426771        0.41278296907003
H           -2.77746114957630        2.90510930576459        0.87769131591563
H            1.56435718624511       -0.42916384935326        2.90423757669362
H            3.53483624614383       -0.48379484550491        1.77346511326183
H            4.62767755256428       -0.22459568281404       -0.41604430158027
H            3.26582003132825        0.28342296512779       -2.43357366125970
26
 energy: -46.465799559738 gnorm: 0.001464275429 xtb: 6.6.1 (8d0f1dd)
C           -1.16806538720817       -1.98785333171534       -0.66304120463204
C           -1.59873650007216       -0.61657232478603       -0.23942642877461
C           -2.95352723928552       -0.33424664601818       -0.09654340555021
C           -3.39009034032886        0.91395426758183        0.30274128741437
C           -2.47511363278554        1.91680769347792        0.57468900424197
C           -1.13247442124152        1.63330055130729        0.43307168571610
F           -0.23132790283573        2.60735987324731        0.69400251795882
C           -0.66991729049364        0.38659658426458        0.02682145790748
C            0.79129636241910        0.17769635597724       -0.10527518910187
C            1.57017911343198       -0.10762417629222        1.02090176176312
O            0.93220265953613       -0.24246584270136        2.21066627580455
C            2.94616278813713       -0.25803905451318        0.89496915197352
C            3.55545107433346       -0.12401711804076       -0.33948358010147
C            2.80421811617218        0.15374590814244       -1.46649979722147
C            1.43598338258186        0.30090490269601       -1.32686507599532
F            0.69627945651311        0.56798064756847       -2.42246628093295
H           -1.51299735500337       -2.72539484257422        0.06085355357409
H           -1.60571798659758       -2.23662817241918       -1.62892055212709
H           -0.08647305233651       -2.05794390215796       -0.74163820864319
H           -3.67238578234038       -1.11340236650082       -0.30409626845239
H           -4.44648807979157        1.11122126187022        0.40498438853875
H           -2.78411395530091        2.90083285004981        0.88894798355737
H            1.57460251104584       -0.41344014302002        2.90916103497047
H            3.53856713308048       -0.47699684320450        1.77305172488800
H            4.62532313057836       -0.23823332762214       -0.42239391464232
H            3.25716219779175        0.26245619538266       -2.43821092213358
26
 energy: -46.465830177805 gnorm: 0.001582539321 xtb: 6.6.1 (8d0f1dd)
C           -1.15568825972097       -1.97694629320322       -0.67785126219277
C           -1.59450554392143       -0.61072596605686       -0.24566539152803
C           -2.95083725445368       -0.33371537059805       -0.11225614198625
C           -3.39481504297252        0.90893856953755        0.29760169246417
C           -2.48520014754696        1.91066000447523        0.59081106367332
C           -1.14029005313864        1.63317541324110        0.45657281288784
F           -0.24423224227418        2.60748387182939        0.73412832351214
C           -0.67063557855422        0.39316710628978        0.03870856792829
C            0.79054594284407        0.18648273645602       -0.09457433808274
C            1.57589801761933       -0.08731864086905        1.02992546962769
O            0.94742372223310       -0.20049742645124        2.22713684978211
C            2.94967886451687       -0.25206844270936        0.89500240523356
C            3.55112342967434       -0.14451697566476       -0.34630846596291
C            2.79318985834602        0.12505476762516       -1.47081068753318
C            1.42766010447640        0.28769452810877       -1.32262007702883
F            0.68227537294067        0.54671689488498       -2.41687002219878
H           -1.52032437863596       -2.72385989639544        0.02717677791753
H           -1.56950845220850       -2.21139337373748       -1.65833684872313
H           -0.07231958917762       -2.04836821656573       -0.73031845901425
H           -3.66665270038099       -1.11136190676176       -0.33573183266401
H           -4.45291206645283        1.10127576397583        0.39124126901295
H           -2.79990917433456        2.88986252039539        0.91450491228767
H            1.59586157945786       -0.36831014566635        2.92114577642663
H            3.54667774231529       -0.46291452194029        1.77213357567360
H            4.61888596128375       -0.27276541438399       -0.43640199442373
H            3.23860888806520        0.21424941418426       -2.44834297508879
26
 energy: -46.465848873788 gnorm: 0.001501171515 xtb: 6.6.1 (8d0f1dd)
C           -1.14881101948752       -1.96907197145551       -0.69096485733561
C           -1.59188248596089       -0.60679434217421       -0.25027097385778
C           -2.94913468763959       -0.33346662054223       -0.12195376807756
C           -3.39777428083369        0.90507646671169        0.29581378495183
C           -2.49127843386201        1.90527197670906        0.60269937280628
C           -1.14496122500594        1.63194038211783        0.47275548899411
F           -0.25266351570340        2.60604155738248        0.76215687590562
C           -0.67081874785055        0.39667963639036        0.04622557842997
C            0.79019618318345        0.19092200791784       -0.08759874730790
C            1.58057015676334       -0.07172644593652        1.03635740598163
O            0.95864830977618       -0.16771899422955        2.23834886495062
C            2.95266481642365       -0.24581419805084        0.89587354636737
C            3.54842507365572       -0.15725085758101       -0.34960668332681
C            2.78571461656412        0.10401867006907       -1.47333853739335
C            1.42194138394277        0.27520545726336       -1.31995391879146
F            0.67224765198166        0.52745498936346       -2.41343856988272
H           -1.52915517063624       -2.72373912100591       -0.00268039050598
H           -1.54451781195356       -2.18991367506428       -1.68195621904788
H           -0.06492774663871       -2.04375845753154       -0.72409711904062
H           -3.66233129666067       -1.11034634853389       -0.35610873117244
H           -4.45661412494619        1.09503939220492        0.38464939579296
H           -2.80968337729426        2.88101403815991        0.93333202768682
H            1.61032134894753       -0.33289213179720        2.93028381336315
H            3.55329515919996       -0.45095635466327        1.77167472365389
H            4.61448240482818       -0.29500486196378       -0.44401130543374
H            3.22604581920640        0.17978880623958       -2.45419005771030
26
 energy: -46.465873731210 gnorm: 0.001263211108 xtb: 6.6.1 (8d0f1dd)
C           -1.14707980314608       -1.96460240669010       -0.70208415106247
C           -1.59085839397890       -0.60508779597334       -0.25357036462458
C           -2.94845639641716       -0.33367182833988       -0.12644318128257
C           -3.39907068274260        0.90217450847235        0.29701475049905
C           -2.49357363640355        1.90058248614553        0.61113940600437
C           -1.14662986604945        1.62925940363871        0.48289494493095
F           -0.25654411538607        2.60283567090963        0.77867997704620
C           -0.67055665954751        0.39701185315308        0.05008950809885
C            0.79025223554631        0.19159748531320       -0.08399061760352
C            1.58370110246754       -0.06190088886134        1.03984108969837
O            0.96561843958022       -0.14402786099333        2.24427841401465
C            2.95473060899534       -0.24081711178055        0.89676585553802
C            3.54691126124565       -0.16486244383718       -0.35075215642895
C            2.78180325345125        0.09057656033586       -1.47411815948066
C            1.41921906903593        0.26548537718391       -1.31806576429757
F            0.66671751825651        0.51190341977284       -2.41156930026252
H           -1.54124069710495       -2.72517587982925       -0.02893201272703
H           -1.52818303338200       -2.17161186930006       -1.70145458674205
H           -0.06344520808389       -2.04445162556098       -0.71970190935209
H           -3.65998304377219       -1.11015144606253       -0.36604973141087
H           -4.45795284513102        1.09157870592226        0.38469805661521
H           -2.81355556042546        2.87433965841503        0.94588671387936
H            1.61842666762003       -0.30380928980793        2.93625435521959
H            3.55836222793402       -0.43946037986960        1.77224414243118
H            4.61221639223914       -0.30582695435789       -0.44659295804271
H            3.21917016519863        0.15811165200134       -2.45646132065810
26
 energy: -46.465933927990 gnorm: 0.002786844562 xtb: 6.6.1 (8d0f1dd)
C           -1.14870277642227       -1.95861528588060       -0.72459807329337
C           -1.59061954458470       -0.60398613549587       -0.25932430548644
C           -2.94853686018943       -0.33426781752177       -0.13170924978220
C           -3.40002735607530        0.89742263066600        0.30238786328001
C           -2.49427513123578        1.89186391157611        0.62702532118402
C           -1.14688579117097        1.62214371208276        0.49953104069077
F           -0.25888751592494        2.59330882953788        0.80620719952378
C           -0.66986645174891        0.39417189490030        0.05559078932921
C            0.79055137427859        0.18887990581468       -0.07907579507929
C            1.58935254361703       -0.04386496042805        1.04600157442541
O            0.97654067663816       -0.10187391753550        2.25353019184585
C            2.95939123926761       -0.22648086127409        0.89999927198875
C            3.54592449626544       -0.17162956747256       -0.35088079592816
C            2.77667273544018        0.06772134229572       -1.47566961852156
C            1.41519090044390        0.24355539313879       -1.31625623168274
F            0.65806309187129        0.47663332118851       -2.41043340643987
H           -1.57502482528216       -2.73090452010041       -0.08431137725190
H           -1.49832788479286       -2.13488646297042       -1.74243971522301
H           -0.06544811435321       -2.05178193219647       -0.70847995378523
H           -3.65828855527174       -1.10955849111809       -0.38001242778161
H           -4.45860197505775        1.08752899365308        0.39020898921973
H           -2.81493226814040        2.86274845235949        0.96952369432862
H            1.62943323139649       -0.25025399639173        2.94747307287135
H            3.56750122890389       -0.41316578137128        1.77477738541087
H            4.61012460169090       -0.31604123846171       -0.44860428564059
H            3.20967793043662        0.12133158100496       -2.46046015820227
26
 energy: -46.466019178039 gnorm: 0.006521541086 xtb: 6.6.1 (8d0f1dd)
C           -1.15374334648158       -1.95078872980778       -0.76054610873540
C           -1.59158141037605       -0.60380119623560       -0.26885251865569
C           -2.94954069218549       -0.33540995597679       -0.13705136012342
C           -3.40023547801762        0.89047839970713        0.31371084133282
C           -2.49282277668310        1.87872630813934        0.65218872736147
C           -1.14539740937943        1.60974893450866        0.52330276826247
F           -0.25858495258694        2.57627057873588        0.84498061620582
C           -0.66900862529058        0.38768392579374        0.06151840907544
C            0.79087576917403        0.18233979510116       -0.07390087314602
C            1.59631369732934       -0.01825602865917        1.05374893275396
O            0.98960973219452       -0.04015808264162        2.26501807107193
C            2.96554619561057       -0.20361383450343        0.90513298328973
C            3.54523800118090       -0.17910781687535       -0.34993242400634
C            2.77111743260784        0.03464817688478       -1.47736989559324
C            1.41050841144433        0.20933643250458       -1.31473372863484
F            0.64756787735651        0.41981538300815       -2.41095641182732
H           -1.63111061848717       -2.73972569033071       -0.17329585237175
H           -1.45322063510182       -2.07966092578433       -1.80480195539471
H           -0.07257756272790       -2.06715451612935       -0.69203584356710
H           -3.65810807496300       -1.10814461294409       -0.39667765032284
H           -4.45822260070733        1.08205573812385        0.40395351526348
H           -2.81269784533204        2.84568650181368        1.00687861897773
H            1.64259151547021       -0.16599126591768        2.96307994571521
H            3.57949522934934       -0.36869457636270        1.78061509719706
H            4.60883666812004       -0.32461621611930       -0.44886002463187
H            3.19915049848202        0.06833227396665       -2.46511287949644
26
 energy: -46.466105225222 gnorm: 0.008136279920 xtb: 6.6.1 (8d0f1dd)
C           -1.16127901852693       -1.94558713288974       -0.79238838801511
C           -1.59390383921068       -0.60535760462725       -0.27754534998382
C           -2.95133278413154       -0.33715400593532       -0.13648496530032
C           -3.39871737056130        0.88458852040400        0.32807750931198
C           -2.48836382027440        1.86792943812080        0.67281555084704
C           -1.14179371283327        1.59804454560019        0.53814770611446
F           -0.25381440975464        2.55969824104802        0.86968298507676
C           -0.66840104092257        0.38003022414554        0.06161808684859
C            0.79114671930693        0.17404595445195       -0.07353165550938
C            1.59966273435935        0.00044230991199        1.05767449255373
O            0.99426430685017        0.00480378974297        2.26896248408522
C            2.96912146234780       -0.18303840391213        0.91072922986600
C            3.54617642410986       -0.17984116829422       -0.34567570169875
C            2.77038753624637        0.01081644002000       -1.47723199516563
C            1.40945558472223        0.18066168049138       -1.31539009550433
F            0.64449813354092        0.37291298278161       -2.41426222776571
H           -1.67300696145252       -2.74381216249831       -0.24652350892506
H           -1.42439049088350       -2.03866897572154       -1.85061378372708
H           -0.08510579625087       -2.08216124344749       -0.68900329669584
H           -3.66047116371212       -1.10735974677123       -0.40225703782861
H           -4.45587241149937        1.07790581593464        0.42434673004435
H           -2.80542080927610        2.83212458749632        1.03793231911634
H            1.64576191396387       -0.09421551794356        2.97324262535418
H            3.58492634125263       -0.33212225056104        1.78714091239053
H            4.60955037658799       -0.32490535443801       -0.44345320250226
H            3.19692109600124        0.03021803689013       -2.46600842298714
26
 energy: -46.466224527781 gnorm: 0.007152398963 xtb: 6.6.1 (8d0f1dd)
C           -1.17255320235409       -1.94252116501754       -0.82323811333573
C           -1.59841955760780       -0.60877098875046       -0.28788063990049
C           -2.95454018809238       -0.33918530487003       -0.13096923407736
C           -3.39489288753478        0.87924123992503        0.34782884080072
C           -2.47943536265636        1.85828783244759        0.69234603030550
C           -1.13491068723348        1.58530102354066        0.54608561305776
F           -0.24229389856036        2.54108569351159        0.88181255166069
C           -0.66804172004271        0.37006699222034        0.05516720675455
C            0.79128847319516        0.16285913206528       -0.07894324217757
C            1.59816310122748        0.01263789915875        1.05678377467880
O            0.98799259520175        0.03530372695700        2.26377857337308
C            2.96916306545049       -0.16374403548238        0.91666506594115
C            3.54884515289578       -0.17439397056089       -0.33784733898346
C            2.77557392781686       -0.00584511284400       -1.47463771540206
C            1.41271458305063        0.15469579389284       -1.31878470124424
F            0.64993674955777        0.32817281028985       -2.42196510294792
H           -1.70287908817118       -2.74091428656136       -0.30923460039553
H           -1.41066022779357       -2.00929934551290       -1.88265391663104
H           -0.10522758029462       -2.09837759085693       -0.70127028990186
H           -3.66690482371702       -1.10635732743129       -0.39666739226523
H           -4.45082686814266        1.07424595338667        0.45610453925244
H           -2.79078149573350        2.82042241563139        1.06775143966760
H            1.63674659902486       -0.02783528380668        2.97613063024462
H            3.58310679655463       -0.29608493871202        1.79630109431654
H            4.61350716256714       -0.31293051166739       -0.43071346175117
H            3.20532838139150        0.00393834904652       -2.46194861103956
26
 energy: -46.466325377593 gnorm: 0.003319768342 xtb: 6.6.1 (8d0f1dd)
C           -1.17074246664283       -1.94184011269673       -0.82194342778634
C           -1.59869853947810       -0.60817602569559       -0.28861166839764
C           -2.95443345289991       -0.33673863258564       -0.13494713302390
C           -3.39442526876809        0.88022957251138        0.34805221066606
C           -2.47931689209453        1.85877546179085        0.69645144395759
C           -1.13506791655720        1.58523243091553        0.55005066163638
F           -0.24056035706650        2.54165038374441        0.88194597250675
C           -0.66874529117957        0.37079388079623        0.05723471456885
C            0.79045727697666        0.16555657670963       -0.07970402829317
C            1.59613549593525        0.01527197944247        1.05545735244378
O            0.98533505382291        0.02774078266727        2.26383510953415
C            2.96777661806409       -0.15988641360553        0.91524075861749
C            3.54928621960574       -0.17205909367946       -0.33926137087604
C            2.77525155029683       -0.00985998695940       -1.47445955355509
C            1.41179414594245        0.15477011978185       -1.31986198740810
F            0.64872228478619        0.31327983432356       -2.42379978165269
H           -1.70837936092343       -2.74024803309854       -0.31384289486474
H           -1.40093416125662       -2.00462573520314       -1.88481822179963
H           -0.10355182960200       -2.09951576557671       -0.69193607919246
H           -3.66897509949090       -1.10186827562044       -0.40081927954775
H           -4.45077375112850        1.07306430256874        0.45698445311772
H           -2.79035666584485        2.81999970959351        1.07361600075175
H            1.63752887691123       -0.03540588846355        2.97215759949388
H            3.58108199127454       -0.28541642263782        1.79689004752451
H            4.61553629797343       -0.30614770528514       -0.43213452107954
H            3.20605424134323       -0.00457794373806       -2.46177537734162
26
 energy: -46.466398396898 gnorm: 0.002081262657 xtb: 6.6.1 (8d0f1dd)
C           -1.16877766333176       -1.94035026524680       -0.82147689786760
C           -1.59978094007014       -0.60745753550559       -0.28985843866768
C           -2.95466885076896       -0.33331431084177       -0.13865878705481
C           -3.39343309262708        0.88208169973971        0.35006648286024
C           -2.47856112492323        1.85934999501889        0.70368325045994
C           -1.13491738323311        1.58507918206463        0.55393143008531
F           -0.23695458352890        2.54024930738730        0.88442801577330
C           -0.67000456733923        0.37142654075493        0.05847039193153
C            0.78879809149785        0.16587352214592       -0.08158228370333
C            1.59368921761383        0.01814521476528        1.05322137687293
O            0.98243350192572        0.01688975796942        2.26358392380660
C            2.96656756631728       -0.15009359057467        0.91416643612105
C            3.55001710941217       -0.16439504116808       -0.34018411492166
C            2.77385064220205       -0.01660358234729       -1.47420679899690
C            1.40899678302739        0.14704959567469       -1.32242194725059
F            0.64665296632842        0.28990077777835       -2.42717900384605
H           -1.72005395683577       -2.73886189162779       -0.32684448131584
H           -1.38031930635063       -1.99637850050524       -1.89015607403882
H           -0.10370608530752       -2.10304789987556       -0.67360759284043
H           -3.67317872997196       -1.09322167064104       -0.40913553130628
H           -4.45029715706031        1.07305263793517        0.45804177382675
H           -2.78882930849139        2.81852299858792        1.08593334797127
H            1.64067315392245       -0.04424713612736        2.96565550553823
H            3.57861551082225       -0.26639274521846        1.79861089746912
H            4.61769022203721       -0.29359790818700       -0.43271036790252
H            3.20549698473291       -0.01966015195590       -2.46176951300356
26
 energy: -46.466436077783 gnorm: 0.002901984805 xtb: 6.6.1 (8d0f1dd)
C           -1.16895289851813       -1.93937326784840       -0.82320070467583
C           -1.60118764616268       -0.60717768965064       -0.29165742727458
C           -2.95546667850024       -0.33100228057156       -0.14112142252611
C           -3.39267911648957        0.88369158475900        0.35138542783313
C           -2.47731152155549        1.85889384774183        0.70912064958583
C           -1.13413711984939        1.58349220406760        0.55705777925410
F           -0.23397845280096        2.53684358246840        0.88867894113663
C           -0.67075567141438        0.37065239238292        0.05853556656511
C            0.78773349589508        0.16367830855201       -0.08276860255982
C            1.59301278641465        0.01923722938356        1.05201177608056
O            0.98211798800560        0.01379070611719        2.26327450219909
C            2.96673244887907       -0.14222514041002        0.91419866574860
C            3.55028738538472       -0.15908973906025       -0.34013614739842
C            2.77241314930538       -0.02194838216897       -1.47423463666752
C            1.40685381294986        0.13880108804996       -1.32409858610084
F            0.64492774311396        0.27303797343337       -2.42933829251606
H           -1.73302506129488       -2.73773852365356       -0.34262344952822
H           -1.36154996198978       -1.98881723477774       -1.89623533807664
H           -0.10718574658237       -2.10840571308846       -0.65762473338740
H           -3.67652523724045       -1.08758903224164       -0.41422968051672
H           -4.44959494877135        1.07436297514145        0.45954919151086
H           -2.78665731991449        2.81655532817075        1.09580262977883
H            1.64397170881628       -0.04499670829941        2.96206180572191
H            3.57848208951554       -0.25128152911648        1.79989087659557
H            4.61864456164662       -0.28249546691049       -0.43223206687697
H            3.20382921115691       -0.03089751247078       -2.46206572390489
26
 energy: -46.466506892926 gnorm: 0.004353178495 xtb: 6.6.1 (8d0f1dd)
C           -1.17133423521203       -1.93778938404284       -0.82940345124803
C           -1.60458336656650       -0.60732707514189       -0.29563820079211
C           -2.95772534105205       -0.32733937759915       -0.14501853715437
C           -3.39125089388243        0.88625780979787        0.35468755951751
C           -2.47399032612791        1.85650686141451        0.71985370109300
C           -1.13170135092231        1.57832219629531        0.56406980963878
F           -0.22798482272099        2.52732909027418        0.90025635556756
C           -0.67186914966736        0.36723824251792        0.05856184039748
C            0.78598976927800        0.15719956657804       -0.08432760818500
C            1.59313971727945        0.02253817471653        1.05055226320179
O            0.98355083609876        0.01576036681108        2.26290634799696
C            2.96827543039321       -0.12609415691709        0.91466335349959
C            3.55070189618946       -0.14931493921666       -0.33987720205605
C            2.76956218676627       -0.03293672508481       -1.47467655757802
C            1.40300475243400        0.12044451093287       -1.32656900014248
F            0.64114265810980        0.23974006446359       -2.43262197196350
H           -1.76593052940797       -2.73547617474764       -0.38357617649265
H           -1.31918182456097       -1.96989171474642       -1.91145310100554
H           -0.11848503372990       -2.12368014890290       -0.62241058902932
H           -3.68296004746483       -1.07816432389385       -0.42296277932863
H           -4.44790793357308        1.07810095716659        0.46340521921015
H           -2.78101747780361        2.81153361512132        1.11499540627636
H            1.65046971245812       -0.03788783974373        2.95749831096468
H            3.58040386573387       -0.22125186224628        1.80163217464864
H            4.61997066885522       -0.26115911291956       -0.43150399699790
H            3.19970983909529       -0.05265962088732       -2.46304217003869
26
 energy: -46.466584972694 gnorm: 0.006469422640 xtb: 6.6.1 (8d0f1dd)
C           -1.17627905811931       -1.93638507422101       -0.83966415427729
C           -1.60884900521909       -0.60842244258348       -0.30013674350835
C           -2.96078416036561       -0.32443896599633       -0.14798497910584
C           -3.38971504504646        0.88816232803598        0.35920541516694
C           -2.46934109821827        1.85211215070105        0.73182229718049
C           -1.12798681039588        1.57025274331745        0.57325400672872
F           -0.22117835233550        2.51394766442624        0.91625098737629
C           -0.67259875410873        0.36127521614043        0.05902440425886
C            0.78452862635104        0.14815171264572       -0.08492500435434
C            1.59467595712979        0.02838121066497        1.05015453737327
O            0.98702711308314        0.02729351491002        2.26319013336170
C            2.97099527311173       -0.10792748906799        0.91525425904154
C            3.55116399715538       -0.13981901490967       -0.33975232549342
C            2.76680208995282       -0.04553726287993       -1.47537180952574
C            1.39949450563269        0.09865659881029       -1.32792541696833
F            0.63656478426198        0.20202998532829       -2.43473562116139
H           -1.80860037923584       -2.73255746907735       -0.44034891007498
H           -1.26823712495819       -1.94445609156247       -1.93051961326664
H           -0.13687912769737       -2.14616624036080       -0.58260828249442
H           -3.68961799239205       -1.06983793612514       -0.43091570271854
H           -4.44572492384790        1.08305902312898        0.46880362309918
H           -2.77316660325070        2.80480785859665        1.13529675435526
H            1.65685743313347       -0.01958166467728        2.95585753853239
H            3.58467921505694       -0.18759859394986        1.80247891845396
H            4.62111079117354       -0.23966738543492       -0.43149584729410
H            3.19505764914791       -0.07573537586018       -2.46420746468506
26
 energy: -46.466701947630 gnorm: 0.005957529249 xtb: 6.6.1 (8d0f1dd)
C           -1.18274790291261       -1.93544564051983       -0.85209956031456
C           -1.61252562300514       -0.61024478024728       -0.30385489101180
C           -2.96364184202661       -0.32384976355488       -0.14835768843349
C           -3.38869566831908        0.88827886430085        0.36351107778872
C           -2.46483694465475        1.84656518472240        0.74077629921318
C           -1.12409924605361        1.56133769983678        0.58186743548120
F           -0.21614895565759        2.50034518415500        0.93254758097850
C           -0.67249028313456        0.35427625208423        0.05968974070263
C            0.78408117678735        0.13908208392778       -0.08380207934109
C            1.59753717693792        0.03529605755658        1.05156501209674
O            0.99199541127378        0.04799559606601        2.26444739815845
C            2.97415876002335       -0.09450986227242        0.91595263440252
C            3.55146956782535       -0.13506732268877       -0.33962792370045
C            2.76534259288955       -0.05553014609582       -1.47586141081743
C            1.39796883655009        0.08064268162936       -1.32689982371650
F            0.63296498965159        0.17385592155780       -2.43400736375069
H           -1.84282758714786       -2.72876298280165       -0.49447630263026
H           -1.22989300174638       -1.92215299763348       -1.94512336317883
H           -0.15842786126770       -2.16809598083596       -0.55817813172118
H           -3.69375089447589       -1.06641009851497       -0.43487840266883
H           -4.44378753010945        1.08768850361742        0.47372138286586
H           -2.76556393809379        2.79827207483572        1.14907454162872
H            1.66053823896770        0.00827186130297        2.95924147253702
H            3.59034732397214       -0.16277430419179        1.80186065408254
H            4.62140048343908       -0.22753805375807       -0.43221281433916
H            3.19163172028664       -0.09152703247832       -2.46487447431162
26
 energy: -46.466839684768 gnorm: 0.003154452443 xtb: 6.6.1 (8d0f1dd)
C           -1.19026875745504       -1.93463538987928       -0.86809697154226
C           -1.61535893405449       -0.61297065396983       -0.30690448351237
C           -2.96606721900985       -0.32541187990215       -0.14782347866702
C           -3.38829953079580        0.88556663255140        0.36839602138610
C           -2.46076720927347        1.83899111637115        0.74851936173771
C           -1.12034652950428        1.55088312413649        0.59202070068968
F           -0.21310095113388        2.48630937419928        0.94999287497122
C           -0.67156997452890        0.34562375434569        0.06270996669281
C            0.78461224297393        0.13087201261442       -0.08022767289547
C            1.60161850745431        0.04600736576287        1.05500291166552
O            0.99836508534943        0.07998440663630        2.26735830249399
C            2.97760543983120       -0.08510708590353        0.91591151558838
C            3.55198977364900       -0.13598974027764       -0.34050684529566
C            2.76508741032848       -0.06506068433379       -1.47625090980111
C            1.39812936698255        0.06600424631502       -1.32292029394842
F            0.62932714472962        0.15124739256196       -2.42981593519755
H           -1.87301367935215       -2.72167585058531       -0.55269129175595
H           -1.19792031402352       -1.89770644761633       -1.95719132059239
H           -0.18445016792948       -2.19216850549388       -0.54547123523978
H           -3.69519301695749       -1.06785179457648       -0.43642830500508
H           -4.44228747562349        1.09010788118058        0.47951674957201
H           -2.75842253981925        2.79103474637731        1.15810373071737
H            1.66164168197799        0.05077483680802        2.96799834365022
H            3.59757130447720       -0.14423230330499        1.79930208547068
H            4.62162589269847       -0.22753207842026       -0.43507657719996
H            3.18949144900843       -0.10306547559737       -2.46542624398253
26
 energy: -46.466697015863 gnorm: 0.014711396720 xtb: 6.6.1 (8d0f1dd)
C           -1.20040962527026       -1.93179709184993       -0.89454404144705
C           -1.62103566937308       -0.61702260849442       -0.31285337228610
C           -2.97038501444051       -0.32453034244756       -0.15197181856785
C           -3.38698330992288        0.88233315092372        0.37861858016100
C           -2.45386715464008        1.82622331645734        0.76983526786723
C           -1.11451514564725        1.53280433127691        0.61405812049859
F           -0.20523774484214        2.46143379491462        0.98230488568329
C           -0.67142523413449        0.33121214157895        0.07072506231256
C            0.78373197649275        0.11717689081493       -0.07548939278005
C            1.60706040555733        0.06713080214579        1.05853453546135
O            1.00833489849613        0.12562772112599        2.27208655138589
C            2.98322498759790       -0.05889329281219        0.91442293202835
C            3.55335102658761       -0.13096054650608       -0.34367307290726
C            2.76163066836368       -0.08969610118746       -1.47751104902180
C            1.39416701917226        0.03245719714593       -1.31885951451657
F            0.61911543733194        0.08935404310815       -2.42573674228348
H           -1.95029903121680       -2.70785533076677       -0.67664087858558
H           -1.10502619327068       -1.83922478983134       -1.98881864657549
H           -0.22943552395891       -2.24316185315060       -0.48756622100419
H           -3.70170017555147       -1.06194702873508       -0.44824563687147
H           -4.43962150473586        1.09280527908778        0.49150735705453
H           -2.74590693840093        2.77659752235497        1.18734220928185
H            1.66967336152905        0.11875223689902        2.97566729052048
H            3.60903337991982       -0.09280107420795        1.79602418561337
H            4.62394281342925       -0.21578349896876       -0.44139133043776
H            3.18258129092713       -0.14023586887631       -2.46782426058369
26
 energy: -46.466937194683 gnorm: 0.002050534592 xtb: 6.6.1 (8d0f1dd)
C           -1.19386893756620       -1.93183600201449       -0.88375293446583
C           -1.61700900842157       -0.61460998404457       -0.30994190324011
C           -2.96727250234276       -0.32590740569433       -0.14994940870373
C           -3.38823265184046        0.88163046939788        0.37485718237988
C           -2.45895980711846        1.83163412693233        0.76054400031487
C           -1.11890814743678        1.54240223524152        0.60411805436105
F           -0.21129751422811        2.47567857361062        0.96591301571258
C           -0.67147797584208        0.33926349926682        0.06818057703581
C            0.78441900681360        0.12652315354926       -0.07674435943163
C            1.60423760039664        0.05945153369243        1.05729694649094
O            1.00344348755020        0.10704017999639        2.27038860447693
C            2.98003517095570       -0.07369808559644        0.91484217022782
C            3.55291845187366       -0.13778343517832       -0.34234830525389
C            2.76341814060386       -0.08015165477557       -1.47628605969474
C            1.39634443682461        0.05098507851009       -1.31965733642182
F            0.62430150199316        0.12217330308089       -2.42630873028487
H           -1.90500982416242       -2.71041609071924       -0.61573668640539
H           -1.15503233766567       -1.86726532124942       -1.97122172165864
H           -0.20701972673437       -2.21640406156213       -0.52625801251965
H           -3.69684308915383       -1.06621889187121       -0.44373002626000
H           -4.44178135549472        1.08749268187297        0.48710277756384
H           -2.75450052804805        2.78277894056573        1.17373164986922
H            1.66560711592658        0.09393328868237        2.97228457589302
H            3.60303679516040       -0.12067772462045        1.79752479120554
H            4.62319129571535       -0.23130292218629       -0.43852793859197
H            3.18625940224123       -0.12471648488718       -2.46631992259906
26
 energy: -46.466967864580 gnorm: 0.001646357197 xtb: 6.6.1 (8d0f1dd)
C           -1.19332622285005       -1.92998732286209       -0.88816732991440
C           -1.61682267947202       -0.61436296108362       -0.31090805906553
C           -2.96706273697266       -0.32609309523409       -0.15058134730980
C           -3.38849973868823        0.87986468536752        0.37731982791178
C           -2.45963911329527        1.82952912359282        0.76502130489503
C           -1.11958222710097        1.54108918899277        0.60754358917439
F           -0.21203703390120        2.47445089183709        0.96974064931521
C           -0.67164877085495        0.33896426917025        0.06954546811649
C            0.78420831483567        0.12668593885676       -0.07603858367338
C            1.60478831680492        0.06374544576152        1.05751452759393
O            1.00508666104063        0.11443423032042        2.27112043658533
C            2.98047041229146       -0.07045898070155        0.91447855627559
C            3.55279773067938       -0.13982888054727       -0.34279249770267
C            2.76232616358340       -0.08620037318912       -1.47602904058025
C            1.39534663450594        0.04667722017492       -1.31906511883198
F            0.62311111200699        0.11457000879456       -2.42554316661306
H           -1.91334838518063       -2.70596175686902       -0.63637345942793
H           -1.13887522940416       -1.85695351595080       -1.97480785284474
H           -0.21276474550992       -2.22298761251097       -0.51945109497411
H           -3.69677414708744       -1.06550495304699       -0.44643220716178
H           -4.44216973607510        1.08467947688164        0.49020781758281
H           -2.75532810723418        2.77980249760992        1.18009744614542
H            1.66823855915007        0.10785703344162        2.97200338842838
H            3.60390825530303       -0.11428334808684        1.79709564495576
H            4.62305782174918       -0.23523737711183       -0.43917103736783
H            3.18453789167560       -0.13449083360796       -2.46632686151250
26
 energy: -46.466873247510 gnorm: 0.011679389418 xtb: 6.6.1 (8d0f1dd)
C           -1.18763565371863       -1.91444370656143       -0.92077816554192
C           -1.61536015451007       -0.61093107666066       -0.31947798416247
C           -2.96575321175098       -0.32782130052024       -0.15463797518228
C           -3.39119607201717        0.86661521933100        0.39612109051837
C           -2.46597071105351        1.81428937715352        0.79790302394322
C           -1.12555633748142        1.53325444323891        0.63114242037064
F           -0.21942913953190        2.46737229030622        0.99838752185507
C           -0.67316751617387        0.33972418191934        0.07663600868337
C            0.78237146175499        0.12922900444488       -0.07250668390953
C            1.60851290845302        0.09317810307553        1.05814813692333
O            1.01727853376177        0.16978882982984        2.27561096597307
C            2.98327725508472       -0.04921988422606        0.91233270066271
C            3.55077010795568       -0.15826076195167       -0.34519985116071
C            2.75387998903964       -0.13173482801605       -1.47427874264221
C            1.38801256319262        0.01578103639064       -1.31622989006922
F            0.61570700444959        0.06305150161845       -2.42209388224092
H           -1.96970645867626       -2.67181288453566       -0.78879222601494
H           -1.01515067202026       -1.78281407560546       -1.99987568395196
H           -0.25491148876249       -2.26811265887335       -0.46613169099918
H           -3.69586264103920       -1.06156599587316       -0.46385533633257
H           -4.44593709136874        1.06281213472983        0.51466912920261
H           -2.76393893026428        2.75693325490252        1.22878041419889
H            1.68873697554031        0.21024835705131        2.96809966780266
H            3.60961510482179       -0.06971764869744        1.79447932654530
H            4.62041684347786       -0.26598038281016       -0.44251992798357
H            3.17099633083628       -0.20986352966104       -2.46593136648763
26
 energy: -46.467050828473 gnorm: 0.002585866028 xtb: 6.6.1 (8d0f1dd)
C           -1.18760110023101       -1.91863098104128       -0.90912802318931
C           -1.61481323608780       -0.61098659599939       -0.31695371727632
C           -2.96541106647475       -0.32763333957837       -0.15321023801382
C           -3.39077212895363        0.87005490424267        0.39017221900242
C           -2.46549384564590        1.81974684236795        0.78666626031638
C           -1.12496493497787        1.53795880211142        0.62190380543991
F           -0.21897867945211        2.47299795891733        0.98653099751940
C           -0.67274232236404        0.34195549395484        0.07328454765555
C            0.78306553343430        0.13105742706254       -0.07436476971523
C            1.60672728365036        0.08308072145557        1.05737189506420
O            1.01253553368377        0.15027748264458        2.27359337280664
C            2.98166847036806       -0.05883020963611        0.91320535946835
C            3.55117345508110       -0.15510633818922       -0.34382875557047
C            2.75685504393915       -0.11689234245344       -1.47438720717522
C            1.39081643527009        0.02903137308108       -1.31765179007684
F            0.61966576180521        0.08615403178046       -2.42394842289137
H           -1.94264042826525       -2.68213468914307       -0.73060545763357
H           -1.06252054265537       -1.81096518085722       -1.98874764142055
H           -0.23725188172125       -2.24816007341540       -0.49041722502053
H           -3.69492988042441       -1.06383720778742       -0.45755891955822
H           -4.44544500133125        1.06727872955302        0.50752340223307
H           -2.76383339318104        2.76438750353754        1.21262708284075
H            1.68187258016409        0.17542787319569        2.96775152976512
H            3.60633657570253       -0.08904807622175        1.79582308565177
H            4.62079718496282       -0.26136154761394       -0.44029120369758
H            3.17588358370365       -0.18582356196848       -2.46535918652441
26
 energy: -46.467061012259 gnorm: 0.001461567656 xtb: 6.6.1 (8d0f1dd)
C           -1.18652992854617       -1.91747821794679       -0.90971142676515
C           -1.61457952417975       -0.61017103099647       -0.31758475809488
C           -2.96532182107262       -0.32813528605633       -0.15269300989214
C           -3.39116515067686        0.86917944574117        0.39121056650397
C           -2.46627734408048        1.81928777907720        0.78720004490559
C           -1.12554694516950        1.53863030875712        0.62168874580997
F           -0.22038633723417        2.47412191549717        0.98687098644119
C           -0.67277473515821        0.34338455836566        0.07221171528803
C            0.78302329882305        0.13231339627013       -0.07514506448628
C            1.60654417818070        0.08374190270171        1.05685714031449
O            1.01229907558637        0.15317897271414        2.27286933144079
C            2.98132379689387       -0.05991486254129        0.91323303587634
C            3.55074696277071       -0.15760413697653       -0.34350240271118
C            2.75693107024310       -0.11817666578011       -1.47444314943549
C            1.39114107297382        0.02953662517438       -1.31816363856284
F            0.62059148574552        0.08852455782582       -2.42491859177298
H           -1.94092605627162       -2.68074315832259       -0.73333477743002
H           -1.05889146008196       -1.81016950026832       -1.98795968654872
H           -0.23796311634210       -2.24740910104334       -0.48951340430904
H           -3.69427574168861       -1.06506507612178       -0.45637410965411
H           -4.44587563454386        1.06566201008925        0.50948729172849
H           -2.76525451420638        2.76333447697313        1.21390744319293
H            1.68146016008681        0.17811699122817        2.96688668113955
H            3.60574407011476       -0.09072917794965        1.79579758362724
H            4.62004534248960       -0.26513053056783       -0.43979167200084
H            3.17591679534346       -0.18828719584441       -2.46508387460478
26
 energy: -46.467075044385 gnorm: 0.001320700807 xtb: 6.6.1 (8d0f1dd)
C           -1.18274460968484       -1.91360607335194       -0.91162347773075
C           -1.61400988890736       -0.60746088975874       -0.31983688601380
C           -2.96507195180919       -0.32964048053218       -0.15100698550166
C           -3.39234714000582        0.86626237816646        0.39539590009370
C           -2.46867158887133        1.81760337057067        0.79013223240069
C           -1.12731374935939        1.54074521687396        0.62139928008166
F           -0.22469121825444        2.47775293547022        0.98792696502268
C           -0.67301060991899        0.34808064746503        0.06861104996410
C            0.78266046928848        0.13636992093316       -0.07828661238666
C            1.60552277077681        0.08649656142421        1.05460085901792
O            1.01080756417980        0.16250559221064        2.26978372203531
C            2.97992713230422       -0.06230939722668        0.91302109085255
C            3.54943701193919       -0.16527260003355       -0.34271807891879
C            2.75716191110001       -0.12319216867754       -1.47499656108846
C            1.39206276398369        0.03031811568521       -1.32035743272624
F            0.62351173539129        0.09420261447219       -2.42881388031110
H           -1.93963792672338       -2.67523126279148       -0.74772223453505
H           -1.03970000345108       -1.80499780542062       -1.98590886780766
H           -0.24219266668141       -2.24809581087651       -0.47992694499395
H           -3.69247757488340       -1.06868074713621       -0.45283405768759
H           -4.44717281198336        1.06015994391220        0.51704727619174
H           -2.76952852017850        2.75958912724323        1.21984062842775
H            1.67980487219657        0.18682905541719        2.96346359243696
H            3.60348428185434       -0.09389512073888        1.79580995009200
H            4.61793638619989       -0.27676291740992       -0.43834044863927
H            3.17625236149770       -0.19777120589049       -2.46465907827597
26
 energy: -46.467085206451 gnorm: 0.000920194208 xtb: 6.6.1 (8d0f1dd)
C           -1.17960887823475       -1.91122100186665       -0.91237644169484
C           -1.61341481070822       -0.60592585826304       -0.32057006421387
C           -2.96458042270567       -0.33068515812950       -0.14965644451277
C           -3.39305285618118        0.86406579677312        0.39860086975101
C           -2.47042522958707        1.81657658307945        0.79262486969625
C           -1.12869624054251        1.54245084676495        0.62133386681992
F           -0.22749558746763        2.48084709222006        0.98744030655504
C           -0.67330490546009        0.35115726140426        0.06693086769949
C            0.78227395895978        0.13948897129041       -0.08040929807564
C            1.60453536042892        0.08922275763246        1.05291258955422
O            1.00939934786318        0.16821691458748        2.26765833899686
C            2.97865308275100       -0.06335518706738        0.91235871949511
C            3.54854724848450       -0.17015702231920       -0.34286185802435
C            2.75703998421915       -0.12684444620268       -1.47568159203288
C            1.39232413141775        0.03089923575442       -1.32193126508427
F            0.62487970782369        0.09668880290636       -2.43130610262315
H           -1.94189881774210       -2.67108503656792       -0.76174670257560
H           -1.02066073722157       -1.79881622648876       -1.98456911509455
H           -0.24618874356707       -2.25082977658879       -0.46861971964379
H           -3.69116571430514       -1.07086209563472       -0.45074639660304
H           -4.44801079195660        1.05579719464312        0.52254814023318
H           -2.77237309509290        2.75736990000563        1.22415052339045
H            1.67850072634475        0.19217808965009        2.96136599968823
H            3.60155405749778       -0.09541803897495        1.79555377224026
H            4.61671511894671       -0.28549106953321       -0.43802766182130
H            3.17645310603477       -0.20426952907538       -2.46497520211987
26
 energy: -46.467096585275 gnorm: 0.001513401891 xtb: 6.6.1 (8d0f1dd)
C           -1.17219304773026       -1.90745592387261       -0.91091317727833
C           -1.61167939455407       -0.60300477528294       -0.32111886055104
C           -2.96306126678408       -0.33308437725339       -0.14599162864441
C           -3.39430875670385        0.85979451889288        0.40458578766684
C           -2.47413991858178        1.81590042511414        0.79545024551413
C           -1.13170533220909        1.54754567501850        0.61882904823147
F           -0.23307740930137        2.48953846490102        0.98170242585685
C           -0.67393556370047        0.35802574755647        0.06313467418045
C            0.78155523151361        0.14675787664031       -0.08522872712979
C            1.60201668061528        0.09308863529091        1.04915163699039
O            1.00546775551101        0.17550530609392        2.26301383418512
C            2.97545139445648       -0.06780265139480        0.91056380498597
C            3.54662845645095       -0.17945434143185       -0.34374512740688
C            2.75687554054614       -0.13089760565373       -1.47762167915996
C            1.39289529611080        0.03557052035983       -1.32570654248059
F            0.62748120804185        0.10601782324750       -2.43657021331909
H           -1.94527965555835       -2.66288125204896       -0.78535024146623
H           -0.98294242014148       -1.78882452124489       -1.97836186957430
H           -0.25294439312104       -2.25741338405215       -0.44225640825891
H           -3.68798489052933       -1.07607708738185       -0.44448152047592
H           -4.44957742340840        1.04679552000611        0.53301728060702
H           -2.77819155272410        2.75510137582814        1.22897904690459
H            1.67407259882919        0.19480149332286        2.95781036537325
H            3.59683350202172       -0.10308743617348        1.79494956264727
H            4.61426124993273       -0.30335691438330       -0.43751347566849
H            3.17748111101740       -0.21110411209902       -2.46632724172929
26
 energy: -46.467103003782 gnorm: 0.001133774379 xtb: 6.6.1 (8d0f1dd)
C           -1.16976066715646       -1.90757831666959       -0.90741736129035
C           -1.61091765203723       -0.60285520279549       -0.31908736061840
C           -2.96237606371033       -0.33418371558694       -0.14336317524953
C           -3.39447546911564        0.85920454987602        0.40532290126977
C           -2.47516587760839        1.81737192914534        0.79327762036060
C           -1.13260869033512        1.55045791724060        0.61554875761522
F           -0.23442947099398        2.49405051278891        0.97546745894364
C           -0.67415212466589        0.36024384629031        0.06207030218111
C            0.78140926246632        0.14923779266729       -0.08666693075024
C            1.60093165382624        0.09218124062916        1.04815398151507
O            1.00345377233606        0.17298988815055        2.26169616723490
C            2.97409241946012       -0.07115601031293        0.91008508927680
C            3.54591934193193       -0.18119671170610       -0.34418882486510
C            2.75697735201139       -0.12862412007208       -1.47847010722789
C            1.39314359290429        0.03969591763532       -1.32707458670015
F            0.62817803191184        0.11261088439504       -2.43806479249534
H           -1.94272324788106       -2.66342673453355       -0.78498568004558
H           -0.97595419762499       -1.78852985586258       -1.97416899923221
H           -0.25283695820232       -2.25624358112308       -0.43652572675813
H           -3.68684655679876       -1.07845860722393       -0.43990587167981
H           -4.44982481390766        1.04487230245863        0.53483379784327
H           -2.77977887771209        2.75699308971924        1.22549976897108
H            1.67137051771217        0.18727457287176        2.95755670310644
H            3.59473603138075       -0.11006479563157        1.79492210012326
H            4.61337683628904       -0.30757092157597       -0.43732597477622
H            3.17826085551926       -0.20729687077474       -2.46718825675210
26
 energy: -46.467112663916 gnorm: 0.000654655323 xtb: 6.6.1 (8d0f1dd)
C           -1.16448013325078       -1.90763766019464       -0.90058703702648
C           -1.60931875682470       -0.60215231949434       -0.31643557369410
C           -2.96100769279963       -0.33647610323605       -0.13815496146811
C           -3.39480205527511        0.85795455929160        0.40701894602666
C           -2.47725402892796        1.82072132655130        0.78801001198322
C           -1.13448294644068        1.55662849019746        0.60795884114544
F           -0.23708649024011        2.50345657589996        0.96170929065388
C           -0.67454171267484        0.36487475522401        0.05905892968237
C            0.78125752898017        0.15414064634298       -0.08955915439623
C            1.59883692175491        0.08918131767160        1.04616800064036
O            0.99953710547015        0.16699009319831        2.25914129434008
C            2.97141688598595       -0.07897710614760        0.90905465148162
C            3.54443788510470       -0.18438428995052       -0.34521897964742
C            2.75729746372639       -0.12264332176597       -1.48023539025306
C            1.39378460684506        0.04899316830777       -1.32983971561706
F            0.62972150546540        0.12756953962876       -2.44080995219229
H           -1.93857443115257       -2.66184808661939       -0.78419474741141
H           -0.96194368558009       -1.78955891915334       -1.96472085920770
H           -0.25253787032694       -2.25749528797781       -0.42103933891918
H           -3.68443933022237       -1.08390272059257       -0.42923473941033
H           -4.45029825616103        1.04091519078856        0.53910426481613
H           -2.78309269435719        2.76151028509529        1.21692396496056
H            1.66562830539518        0.17024323349217        2.95723812796869
H            3.59064804370464       -0.12584593411507        1.79462985804148
H            4.61145689655815       -0.31501236159785       -0.43705322666986
H            3.17983593524280       -0.19724607084502       -2.46893150582714
26
 energy: -46.467117765823 gnorm: 0.000507613561 xtb: 6.6.1 (8d0f1dd)
C           -1.16188159635818       -1.90791890488048       -0.89597956894743
C           -1.60870012171643       -0.60223294166133       -0.31401969493326
C           -2.96051660665995       -0.33810906906658       -0.13413554309512
C           -3.39500212933951        0.85753689909013        0.40778979520853
C           -2.47830545596328        1.82303025542826        0.78387519795760
C           -1.13543793478067        1.55991393627415        0.60331301389930
F           -0.23838961889800        2.50852318222010        0.95328237377654
C           -0.67479784280330        0.36697889821184        0.05772281412131
C            0.78110899997451        0.15611857005817       -0.09064425914111
C            1.59798170335146        0.08638158394165        1.04529488302124
O            0.99802802621072        0.16265495993191        2.25808229140865
C            2.97027106121703       -0.08391078505691        0.90836249939023
C            3.54357593277896       -0.18566160141608       -0.34603005207597
C            2.75722557093978       -0.11860158983594       -1.48123894248800
C            1.39383492022789        0.05408766478662       -1.33100010313142
F            0.63009950740498        0.13650195984638       -2.44165792634683
H           -1.93880207390075       -2.66095407834620       -0.78792029110310
H           -0.94947089820912       -1.78864408284783       -1.95844060016393
H           -0.25449850389591       -2.26012357196191       -0.40921967396226
H           -3.68340820819433       -1.08740802653877       -0.42158805318495
H           -4.45053126047509        1.03943358152854        0.54098479716719
H           -2.78493180852653        2.76499377337022        1.20958785267396
H            1.66302347768352        0.15999692857818        2.95697620088883
H            3.58906896796940       -0.13513390193599        1.79397269225599
H            4.61037020874988       -0.31733989862726       -0.43750358920853
H            3.18008468321243       -0.19011474109124       -2.46986511398736
26
 energy: -46.467122110851 gnorm: 0.000406902988 xtb: 6.6.1 (8d0f1dd)
C           -1.16220105654967       -1.90902910267186       -0.89336076846847
C           -1.60891751325969       -0.60320281675239       -0.31206045645227
C           -2.96068490880829       -0.33866655572666       -0.13229777547774
C           -3.39488250490425        0.85843052279173        0.40674724636346
C           -2.47807214846834        1.82475109056685        0.78039485434347
C           -1.13526355813170        1.56055854107242        0.60111936338877
F           -0.23784696481432        2.50935035086169        0.94961665655877
C           -0.67486024175826        0.36635729452184        0.05818707497618
C            0.78106770865630        0.15519566439205       -0.08992699559951
C            1.59804513493882        0.08338307544459        1.04570602091114
O            0.99817440468336        0.15695770436415        2.25867068958290
C            2.97045544166669       -0.08558072893599        0.90823289385705
C            3.54364015758396       -0.18374164239093       -0.34657026184427
C            2.75716019481919       -0.11495171140937       -1.48156113419352
C            1.39359311066993        0.05612887641041       -1.33066313958376
F            0.62945474113895        0.13980016085966       -2.44084768588689
H           -1.94026882098725       -2.66106465133880       -0.78858710919156
H           -0.94632361530604       -1.78912945361193       -1.95509342930983
H           -0.25640287986416       -2.26293178020274       -0.40435878184515
H           -3.68365872379064       -1.08857458654950       -0.41782497439875
H           -4.45036423074877        1.04094132146502        0.53949993022374
H           -2.78481209724376        2.76802597814526        1.20320833754278
H            1.66317568459085        0.15357522017852        2.95733367072757
H            3.58946499792129       -0.13854522865661        1.79348937809460
H            4.61053711213853       -0.31397584478176       -0.43860813611712
H            3.17978957582676       -0.18406269804602       -2.47044446820146
