26
 energy: -46.455173991570 gnorm: 0.079381274520 xtb: 6.6.1 (8d0f1dd)
C           -1.13621700000000        1.90524900000000       -0.49002700000000
C           -1.54638100000000        0.52987400000000       -0.12171600000000
C           -2.88666300000000        0.20209300000000       -0.09392400000000
C           -3.30894600000000       -1.06664100000000        0.24369200000000
C           -2.34038900000000       -1.99829300000000        0.55333400000000
C           -1.00626300000000       -1.67110700000000        0.52541500000000
F           -0.11807700000000       -2.63701500000000        0.84084200000000
C           -0.58340000000000       -0.40704500000000        0.18914500000000
C            0.84677200000000       -0.08239100000000        0.16659500000000
C            1.58142800000000       -0.25088600000000       -0.98765200000000
O            0.96059300000000       -0.72595600000000       -2.11660700000000
C            2.94214700000000        0.04615800000000       -1.04956500000000
C            3.58427200000000        0.52498400000000        0.07537200000000
C            2.87407000000000        0.70394800000000        1.24598700000000
C            1.51701300000000        0.39764600000000        1.27345500000000
F            0.81097500000000        0.57065500000000        2.42047900000000
H           -1.49423800000000        2.19006200000000       -1.50366000000000
H           -1.66036000000000        2.61860100000000        0.21112300000000
H           -0.06566100000000        2.06556000000000       -0.33651000000000
H           -3.63359900000000        0.96168600000000       -0.34431900000000
H           -4.35383200000000       -1.34496100000000        0.27178500000000
H           -2.66923000000000       -3.00999000000000        0.82293000000000
H            0.13967500000000       -1.28377200000000       -2.03177800000000
H            3.52288500000000       -0.08522500000000       -1.95579800000000
H            4.65386200000000        0.77068300000000        0.06832000000000
H            3.36956300000000        1.07608200000000        2.12307900000000
26
 energy: -46.463970401347 gnorm: 0.031014714079 xtb: 6.6.1 (8d0f1dd)
C           -1.15402831496890        1.93628814431769       -0.47314539052904
C           -1.55297710688856        0.54234051704374       -0.12183025423346
C           -2.89704913213131        0.20258517104356       -0.09668301689616
C           -3.30954902009424       -1.07278782203102        0.24282740950642
C           -2.35308409009875       -2.02188891600195        0.56026223174841
C           -1.01650353920626       -1.68598100884040        0.53624352318419
F           -0.11323538174801       -2.64490305656934        0.83669012480111
C           -0.58816804130087       -0.41129810198050        0.19580138377961
C            0.85564414142269       -0.09467947666974        0.16524176883993
C            1.59265654047244       -0.27625395201453       -1.00401790825133
O            0.99726925996099       -0.73955388744758       -2.14073094029142
C            2.94510868333618        0.03753500172320       -1.05443572169349
C            3.57526970867087        0.52758527231679        0.07492950076148
C            2.87116036852186        0.70372202786920        1.25409995727662
C            1.52452997688972        0.39116763447745        1.27909006513696
F            0.82170307427755        0.57684283679310        2.42163961053110
H           -1.46978599446871        2.18790606224594       -1.48951802150554
H           -1.65919815357988        2.64551266048007        0.20386037732145
H           -0.08249920172826        2.08680799370956       -0.37425613651640
H           -3.63496639699848        0.95806235931658       -0.34205822147352
H           -4.35403250957920       -1.33909605652559        0.26957036405204
H           -2.65946890066753       -3.02613487304501        0.82941063987524
H            0.16381923879634       -1.23240102251083       -2.00342285894115
H            3.50694021819410       -0.09579125623953       -1.96573392361149
H            4.63195791810878        0.76697448625734        0.05754999709431
H            3.35848565480745        1.07743826228180        2.13861244003413
26
 energy: -46.466006319972 gnorm: 0.012103570337 xtb: 6.6.1 (8d0f1dd)
C           -1.16193471034457        1.95387648717172       -0.46965426540083
C           -1.55545868181427        0.55228734081794       -0.11627167483443
C           -2.90117488928565        0.20354576614876       -0.08946893003659
C           -3.30556503664946       -1.07546363459962        0.24690984547275
C           -2.36078734270097       -2.03750036922567        0.56470956143729
C           -1.02397021348791       -1.69307308162005        0.53313040205557
F           -0.10491158567797       -2.64090883398152        0.82512743593062
C           -0.59281567436018       -0.41286533479821        0.19474527721529
C            0.85906699892001       -0.10098961053409        0.15857697142903
C            1.59819979557303       -0.28914565878610       -1.01619458628485
O            1.02770518743841       -0.76029158967665       -2.15345650672653
C            2.94895664817415        0.03276755767610       -1.05129615979540
C            3.57322432815391        0.52412456481072        0.07973266988943
C            2.86826019405889        0.70114962925946        1.25897506837950
C            1.52492213680606        0.38704276468861        1.27633873912338
F            0.82221851579401        0.57566092136720        2.41440993972944
H           -1.46725230460779        2.18576703655316       -1.48726772805274
H           -1.65500592770288        2.65365938238336        0.19721708220564
H           -0.08734653024792        2.09717570169212       -0.39705652483227
H           -3.63551554962531        0.95402610466523       -0.33647530983439
H           -4.35225716003018       -1.33189591243466        0.26691878179997
H           -2.64876761810479       -3.03893630643317        0.83660630385955
H            0.16808188734983       -1.17734374893748       -1.96780483536006
H            3.49541069647335       -0.10858215898568       -1.96819972790717
H            4.62167692317584        0.76876667458995        0.04993202331149
H            3.34503891272233        1.07714530818855        2.14981314722630
26
 energy: -46.466330107426 gnorm: 0.010954079849 xtb: 6.6.1 (8d0f1dd)
C           -1.16313989457867        1.95598448563091       -0.47449746718895
C           -1.55463914246053        0.55412942492935       -0.11488221935104
C           -2.90029840881887        0.20279138180886       -0.08424795375238
C           -3.30208770408986       -1.07651510369258        0.25141760329922
C           -2.36070226168730       -2.04189565333574        0.56656312593789
C           -1.02474596534138       -1.69385606102318        0.52914269469670
F           -0.09877336106805       -2.63732448011984        0.81425720003005
C           -0.59359603633436       -0.41357927942237        0.19110778628122
C            0.86004988314679       -0.10480307454998        0.15476585441042
C            1.60152146635769       -0.29625134910702       -1.01746213346266
O            1.03604414506619       -0.77025205699849       -2.15397884183570
C            2.95312552470433        0.02912564442964       -1.04598705127772
C            3.57501609610032        0.52340333333530        0.08388216218626
C            2.86641947364808        0.70051349628953        1.26061222037210
C            1.52268425497739        0.38467749286020        1.27318368169627
F            0.81679666300365        0.57420031122382        2.40816061619134
H           -1.47332712504367        2.18110289106929       -1.49316859579762
H           -1.65362985908343        2.65976147778870        0.19104587979475
H           -0.08796154607458        2.09902337563975       -0.40616308536652
H           -3.63679980289761        0.95289310758534       -0.32666300313628
H           -4.35071241540706       -1.32830292177592        0.27158097120828
H           -2.64243001987271       -3.04511096098622        0.83875514352398
H            0.15572748524998       -1.13848219392270       -1.95773532843687
H            3.49489694207277       -0.11648777321582       -1.96553198407186
H            4.62376480812517        0.76834307023139        0.05127111834742
H            3.33679580030568        1.07691041532779        2.15456860570170
26
 energy: -46.466563582807 gnorm: 0.007431080180 xtb: 6.6.1 (8d0f1dd)
C           -1.16346458855687        1.95441405596582       -0.48403382010471
C           -1.55348929677199        0.55481755625260       -0.11431246743825
C           -2.89876954617672        0.20209687900726       -0.07533749109647
C           -3.29836114191012       -1.07716789948351        0.26051937202253
C           -2.35835774142230       -2.04524284081480        0.56821174257373
C           -1.02364342930314       -1.69419955414884        0.52255327876794
F           -0.09114959004953       -2.63352348783456        0.79973639299268
C           -0.59372761288531       -0.41416219980207        0.18521027629115
C            0.86061347904324       -0.10834739614066        0.15048395240050
C            1.60503134359682       -0.30105381526847       -1.01738614319468
O            1.04117094638854       -0.77697237725861       -2.15288329493372
C            2.95839369407711        0.02454236982415       -1.03907767730020
C            3.57782721056622        0.51953036745341        0.09051818906327
C            2.86347667146486        0.69906931040708        1.26305200759625
C            1.51874926653355        0.38288802097987        1.26964891030000
F            0.80770018179778        0.57406782957362        2.40085009419489
H           -1.48373496358380        2.17473152905986       -1.50207981276441
H           -1.65154251004626        2.66458611951098        0.18104638211680
H           -0.08811276120208        2.09883472227287       -0.41935086637993
H           -3.63916997534316        0.95185395103354       -0.31123660754062
H           -4.34894418489293       -1.32422913779726        0.28434740383074
H           -2.63508313236972       -3.05072380699698        0.84052671949398
H            0.14310396012104       -1.09147086927208       -1.95829339332919
H            3.49781861929506       -0.12666905505198       -1.96005419078183
H            4.62765843851734        0.76520683401513        0.05732629690218
H            3.32600566311232        1.07712189451367        2.16001174631737
26
 energy: -46.466680198256 gnorm: 0.006093014252 xtb: 6.6.1 (8d0f1dd)
C           -1.16488002360686        1.95171312146855       -0.49182305033755
C           -1.55367361941161        0.55428830097438       -0.11596095713705
C           -2.89847544263916        0.20136056746240       -0.06848373485789
C           -3.29643550439010       -1.07793275766790        0.26915440150264
C           -2.35459088950738       -2.04647568642717        0.56904992751853
C           -1.02068797797286       -1.69429236304289        0.51749720808106
F           -0.08554786722478       -2.63214323151657        0.78946876624159
C           -0.59310520842561       -0.41388488005381        0.17989556370999
C            0.86076832575049       -0.10789148725471        0.14690716096143
C            1.60848077119136       -0.30248092641984       -1.01736485978191
O            1.04373193653626       -0.77909861873101       -2.15254339207084
C            2.96339833055567        0.01840776333126       -1.03455831769377
C            3.57981290121014        0.51426743670327        0.09610272920988
C            2.86074500605119        0.69835036550520        1.26509598882536
C            1.51538209593465        0.38441594496526        1.26733668259407
F            0.80020008467829        0.57752043129324        2.39599925283180
H           -1.49189128435870        2.17039570650063       -1.50850284505502
H           -1.65047493082176        2.66483253699660        0.17387415668216
H           -0.08942989532510        2.09678914538202       -0.43129378653440
H           -3.64177276390691        0.95071501614302       -0.29860542209366
H           -4.34736837263915       -1.32342639111155        0.29960973489023
H           -2.62973335067076       -3.05293842850191        0.84064520724770
H            0.13140921628909       -1.05269576764217       -1.96743335835036
H            3.50481467968225       -0.13576467096607       -1.95409787040015
H            4.63058060348015        0.75814638449583        0.06646546158143
H            3.31874217954112        1.07782148811396        2.16356235243472
26
 energy: -46.466779764037 gnorm: 0.002910580300 xtb: 6.6.1 (8d0f1dd)
C           -1.16900220030189        1.94895960444066       -0.50044147194806
C           -1.55572108752786        0.55340217739477       -0.11871673695409
C           -2.89982990533692        0.20040516692341       -0.06025322495371
C           -3.29514258639612       -1.07917615771259        0.28058828613931
C           -2.34913804473599       -2.04711391148331        0.57036872128374
C           -1.01596402255274       -1.69451932214785        0.51169639431296
F           -0.07958003512224       -2.63175622792842        0.77876037883266
C           -0.59237601586572       -0.41287044504987        0.17332614769480
C            0.86051615908947       -0.10468516711505        0.14232372254413
C            1.61266632532111       -0.30150628401928       -1.01836314145596
O            1.04736308835200       -0.77772486183851       -2.15413979998413
C            2.96937751316813        0.01057598671093       -1.03049904347668
C            3.58179161423036        0.50550275938069        0.10304091578073
C            2.85738673663202        0.69716918425599        1.26775127777554
C            1.51125452411127        0.38814434195504        1.26496655590225
F            0.79120731806241        0.58525628695002        2.39048000683052
H           -1.50258347419986        2.16632992093943       -1.51527638425232
H           -1.64997745686632        2.66396372878851        0.16670040247163
H           -0.09317411832647        2.09397171101247       -0.44725701249401
H           -3.64587329725490        0.94909997895195       -0.28380727574901
H           -4.34537741493741       -1.32508587010291        0.32140198636101
H           -2.62365642531391       -3.05399405541972        0.84112831803985
H            0.12303237238834       -1.00833065223799       -1.98596218834942
H            3.51679722705937       -0.14819728010513       -1.94556654837140
H            4.63396857841908        0.74397814455730        0.08059110656592
H            3.31203362790464        1.07820024289947        2.16715560745374
26
 energy: -46.466807222467 gnorm: 0.003798263142 xtb: 6.6.1 (8d0f1dd)
C           -1.17462232013713        1.94849846515444       -0.50556544456297
C           -1.55867288640195        0.55294556360898       -0.12100056591568
C           -2.90212783000973        0.19908302758275       -0.05518948956808
C           -3.29425555373363       -1.08102441424682        0.28832493958282
C           -2.34447290300287       -2.04745230436185        0.57196068898461
C           -1.01174893343175       -1.69421674341777        0.50822553036930
F           -0.07484465945994       -2.63114800070356        0.77240254449898
C           -0.59192695577695       -0.41124761454853        0.16843029754866
C            0.86035720632310       -0.10014658289339        0.13804732832034
C            1.61652386189280       -0.30115056827817       -1.02005984688571
O            1.05284925929977       -0.77708614006456       -2.15704620821893
C            2.97462828644937        0.00252968228937       -1.02755427739239
C            3.58375488088941        0.49669176147238        0.10854891668112
C            2.85550478622606        0.69584810012227        1.26976404633019
C            1.50847974118035        0.39252469851835        1.26269697880675
F            0.78498697358445        0.59365710618167        2.38552207612777
H           -1.51260335084721        2.16486972953347       -1.51879732141432
H           -1.65139265954898        2.66349136150809        0.16316014304475
H           -0.09841714064817        2.09331631753574       -0.45935105102093
H           -3.64962899407131        0.94706838870755       -0.27470472225672
H           -4.34327014137739       -1.32922362534721        0.33687782247382
H           -2.61812643400305       -3.05437904972073        0.84272956863356
H            0.11508134705983       -0.97126023507183       -2.00075166743805
H            3.52779266395165       -0.15949802586809       -1.93827786949236
H            4.63695205714343        0.72983487513612        0.09210957297979
H            3.30919869844968        1.07747322717136        2.16949500978370
26
 energy: -46.466818642734 gnorm: 0.003519955646 xtb: 6.6.1 (8d0f1dd)
C           -1.17968396306900        1.94939945675370       -0.50742328054854
C           -1.56161595174169        0.55304216381517       -0.12209579753067
C           -2.90458742687576        0.19839186730447       -0.05324681984021
C           -3.29432575628282       -1.08206387183109        0.29210260386661
C           -2.34185570041783       -2.04664842481550        0.57363860277427
C           -1.00929186306518       -1.69319035693562        0.50728749433981
F           -0.07289473686522       -2.63030270205909        0.77097687089975
C           -0.59210100640495       -0.40937307802235        0.16622658565702
C            0.85981104402544       -0.09608015219748        0.13573163213906
C            1.61755868780353       -0.29840629198980       -1.02179660041209
O            1.05528387349062       -0.77198192377558       -2.16043838018577
C            2.97642269432575       -0.00045166692897       -1.02689593244158
C            3.58471901558685        0.49048180842983        0.11141589089825
C            2.85508934895686        0.69397267935448        1.27096817070325
C            1.50723351238626        0.39538561091830        1.26160714751790
F            0.78229131376802        0.59941533751734        2.38292456635374
H           -1.52044486501173        2.16561788738844       -1.51949191388721
H           -1.65342066740033        2.66359402817000        0.16304553359806
H           -0.10320585560204        2.09405119852320       -0.46603210154453
H           -3.65235423051196        0.94602664645382       -0.27143031934592
H           -4.34212062006659       -1.33323169348198        0.34492400272961
H           -2.61513313223649       -3.05334611230282        0.84522691958100
H            0.12136928281871       -0.96168559400547       -2.01261680643610
H            3.53399615112849       -0.16492569439466       -1.93425760158656
H            4.63904065931719        0.71781179150308        0.09911013228912
H            3.31021919194367        1.07449608660863        2.17053640041173
26
 energy: -46.466827613011 gnorm: 0.000878663794 xtb: 6.6.1 (8d0f1dd)
C           -1.18029101243617        1.95016105541541       -0.50685692830251
C           -1.56163931773378        0.55337141822063       -0.12193659985548
C           -2.90456244647066        0.19804309289348       -0.05426117605853
C           -3.29393325120696       -1.08245101450341        0.29087666644942
C           -2.34173553161352       -2.04670911031219        0.57383721071205
C           -1.00929080125510       -1.69248281210548        0.50781909500895
F           -0.07226282462167       -2.62897365409283        0.77200879346698
C           -0.59212306762751       -0.40885266229599        0.16646599464558
C            0.86001573442364       -0.09597933688966        0.13561771638362
C            1.61757266245388       -0.29920715680626       -1.02175182985657
O            1.05560542054574       -0.77238323646828       -2.16050437481879
C            2.97653847039404       -0.00102978544029       -1.02651039098051
C            3.58525650216355        0.49006641121412        0.11137283963588
C            2.85572274557386        0.69349094840840        1.27091856735423
C            1.50766629164787        0.39521948903641        1.26133636748196
F            0.78274429805697        0.59969613969673        2.38243662044028
H           -1.52195045069466        2.16662682527884       -1.51865383680737
H           -1.65431978609776        2.66394351274534        0.16424548067170
H           -0.10392243993713        2.09530430849214       -0.46535368530240
H           -3.65244625061053        0.94546555786277       -0.27323812412982
H           -4.34183155395930       -1.33394806788358        0.34225252808224
H           -2.61413012127950       -3.05354157666190        0.84610237216394
H            0.11959655091189       -0.96135997666505       -2.01049583966767
H            3.53319055879084       -0.16553766439620       -1.93448789849626
H            4.63961274067691        0.71734632170173        0.09816879436011
H            3.31091587990490        1.07371997355517        2.17058863741898
26
 energy: -46.466832575280 gnorm: 0.000735523852 xtb: 6.6.1 (8d0f1dd)
C           -1.18291753160539        1.95179541299797       -0.50624172093957
C           -1.56257695008906        0.55404987441657       -0.12225128172944
C           -2.90525531337638        0.19719128531053       -0.05605571793576
C           -3.29336303812006       -1.08342424514044        0.28947060849329
C           -2.34064807891422       -2.04634923546482        0.57471881727345
C           -1.00851364138627       -1.69059823408733        0.50879722479268
F           -0.07054825932258       -2.62595594932283        0.77421369933740
C           -0.59222044077778       -0.40708433163797        0.16636983669375
C            0.86014067851660       -0.09435984241733        0.13489669437208
C            1.61755559398214       -0.29910476159073       -1.02219941649891
O            1.05602839835389       -0.77043370031214       -2.16169067829764
C            2.97701011862249       -0.00254216786953       -1.02588857501166
C            3.58650853212129        0.48734808799448        0.11201032987111
C            2.85685198809432        0.69180943825444        1.27121370666406
C            1.50819519674481        0.39572116712980        1.26072942875363
F            0.78303268450368        0.60161390523021        2.38119344131667
H           -1.52749757801497        2.16946396892227       -1.51681040133836
H           -1.65613246301849        2.66425916066388        0.16725668307824
H           -0.10659234303363        2.09763105079276       -0.46654205776317
H           -3.65347005354015        0.94399265733450       -0.27640999245905
H           -4.34110940697985       -1.33647794332575        0.33936521728658
H           -2.61139529768532       -3.05324761785449        0.84860331919791
H            0.11972990913232       -0.96132136799286       -2.01011031002796
H            3.53320724189763       -0.16766373179239       -1.93410190228739
H            4.64129569346627        0.71275653123937        0.09840929875711
H            3.31268336042854        1.07092958852189        2.17105074840097
