26
 energy: -46.452357669864 gnorm: 0.080654023950 xtb: 6.6.1 (8d0f1dd)
C            0.70613200000000        2.04598800000000        0.71320500000000
C            1.41232700000000        0.90693800000000        0.07695300000000
C            2.77966800000000        0.95487400000000       -0.08612200000000
C            3.43487600000000       -0.09751600000000       -0.67433300000000
C            2.72275100000000       -1.19463400000000       -1.09795100000000
C            1.34950600000000       -1.24772300000000       -0.93651500000000
F            0.64941700000000       -2.32901300000000       -1.35425200000000
C            0.69379700000000       -0.18896500000000       -0.34521600000000
C           -0.75031800000000       -0.27767800000000       -0.19104200000000
C           -1.30319600000000       -0.83333300000000        0.96447900000000
O           -0.43425000000000       -1.28910100000000        1.94189200000000
C           -2.67017700000000       -0.92584000000000        1.12830300000000
C           -3.53413100000000       -0.47859600000000        0.16892000000000
C           -3.00519100000000        0.07193200000000       -0.97635600000000
C           -1.63864900000000        0.16970500000000       -1.15126000000000
F           -1.12401100000000        0.71320800000000       -2.28209700000000
H            0.35858400000000        2.78160100000000       -0.05252300000000
H           -0.16597800000000        1.74395500000000        1.29992700000000
H            1.42998900000000        2.58892500000000        1.35159900000000
H            3.29789000000000        1.84296800000000        0.26470300000000
H            4.51873200000000       -0.01296500000000       -0.78151800000000
H            3.26071100000000       -2.02692900000000       -1.56583700000000
H           -0.69736200000000       -1.39280700000000        2.90621800000000
H           -3.02732300000000       -1.37454900000000        2.06341300000000
H           -4.59101600000000       -0.57946400000000        0.35725100000000
H           -3.67277800000000        0.42902100000000       -1.74184100000000
26
 energy: -46.462280982971 gnorm: 0.033560841158 xtb: 6.6.1 (8d0f1dd)
C            0.70896797978442        2.07157078603141        0.71960680120583
C            1.41337376502985        0.92044168585295        0.08356565660030
C            2.78839121380552        0.95809544048418       -0.08752162693474
C            3.44972747197753       -0.10000754346687       -0.68081481419070
C            2.74363077231893       -1.20638693421999       -1.10741238763375
C            1.37291223406176       -1.24649295707559       -0.93896097363722
F            0.67779583821271       -2.32705294164889       -1.35495248733364
C            0.69753721863204       -0.18923261302122       -0.34581207608315
C           -0.76004180942887       -0.28080909443519       -0.17417095086899
C           -1.29806338506047       -0.83374519277774        0.99022500408773
O           -0.41022479422150       -1.27223478100445        1.93473948635557
C           -2.67079056230026       -0.93367200534218        1.15534609949461
C           -3.53523022463329       -0.48333895728167        0.17658954067638
C           -3.01929544145418        0.06968252811203       -0.97996040972051
C           -1.65145739985370        0.15935489289209       -1.14131156447334
F           -1.14560559390134        0.71102624264404       -2.26767002577498
H            0.35334634786218        2.77387630148723       -0.04704733299846
H           -0.15460958645259        1.75400491106925        1.29883331375864
H            1.39961245340887        2.61680175257376        1.36814745597807
H            3.31955924749805        1.83472170732070        0.25722405407524
H            4.52437502733023       -0.03780297916883       -0.79578710234326
H            3.26123207951852       -2.03831083596547       -1.57064213265052
H           -0.75214682606076       -1.40301206985482        2.84392877118886
H           -3.03878792085533       -1.37485142671565        2.07632572936909
H           -4.59639012336704       -0.57422692835573        0.34174470297639
H           -3.67781798185126        0.43160301186664       -1.75421273112346
26
 energy: -46.465130282250 gnorm: 0.015151078692 xtb: 6.6.1 (8d0f1dd)
C            0.70896518575551        2.08915730389708        0.72204852103895
C            1.41499030062598        0.92941864963896        0.08925794657599
C            2.79352630914080        0.95863070702854       -0.08855648576968
C            3.45986331669115       -0.09878076551793       -0.68332389732004
C            2.75911415314686       -1.21079488385110       -1.11448953900534
C            1.39001183496304       -1.23796021545757       -0.94005810388680
F            0.69818127200725       -2.31944188673775       -1.35373453057168
C            0.70056349606397       -0.18627113676438       -0.34664856728223
C           -0.76609583884416       -0.28163642544787       -0.16397173582652
C           -1.29112962144298       -0.83531755321719        1.00788371838721
O           -0.39307914371256       -1.24784191936486        1.93622577146750
C           -2.66683704577109       -0.93652671608975        1.17678882886772
C           -3.52756150631118       -0.48790764348422        0.18706872388469
C           -3.02756797726309        0.06642048669518       -0.97807753937987
C           -1.65799263268915        0.15546293389699       -1.13231854233224
F           -1.16285203244982        0.70737620039630       -2.25986921987943
H            0.34960860918956        2.76847094341956       -0.04867718206534
H           -0.14878115442118        1.75675509316693        1.30079905616764
H            1.38454069770676        2.63611829766179        1.37184227990265
H            3.34076780975263        1.82509960944205        0.24951736652975
H            4.52978399166015       -0.05509629536363       -0.80701638881554
H            3.25900616678059       -2.04578151388346       -1.57587958215617
H           -0.82222553056367       -1.43224221266924        2.79031700176249
H           -3.05212409883578       -1.36899228144515        2.08773700009204
H           -4.59285699799201       -0.57344382663302        0.33188398650358
H           -3.67981956318756        0.42512705068370       -1.75874888688933
26
 energy: -46.465531861233 gnorm: 0.013952875223 xtb: 6.6.1 (8d0f1dd)
C            0.70988546534494        2.09415290922106        0.72038992200598
C            1.41802066880121        0.93256519341345        0.09070814220457
C            2.79620633894489        0.95915765054691       -0.08965146686918
C            3.46294248004227       -0.09698103908649       -0.68439935782126
C            2.76220745263955       -1.20958244323557       -1.11573468668245
C            1.39343430826019       -1.23308317818697       -0.93697842245361
F            0.70125003336405       -2.31550717234494       -1.35061282565504
C            0.70234171194518       -0.18325531196194       -0.34436727523439
C           -0.76615916475720       -0.27905978351802       -0.16168850254360
C           -1.28883972020878       -0.83082141353066        1.01338789464780
O           -0.39501568771392       -1.24198533606404        1.94475986783421
C           -2.66431536960250       -0.93227763814958        1.18269472010149
C           -3.52332312315099       -0.48900491219960        0.19070749437362
C           -3.02802307059776        0.06341453438758       -0.97667105923453
C           -1.65720809006823        0.15536577947459       -1.13043043499555
F           -1.16562154871107        0.70608054726443       -2.25955750062202
H            0.34346496958239        2.76554819038381       -0.05485124234857
H           -0.14460576038641        1.75842299200895        1.30309366943304
H            1.38325569154132        2.64950167337453        1.36623321553620
H            3.35072402492082        1.82239510200219        0.24626869963760
H            4.53328959310901       -0.05848726095223       -0.81151928600801
H            3.25606459383346       -2.04744868555369       -1.57907910568872
H           -0.85356402575630       -1.47102072650829        2.77305055986568
H           -3.05757854959013       -1.36182991185329        2.09252258583736
H           -4.58964292224411       -0.57435862793622        0.33070491385685
H           -3.67919029954187        0.41810086900399       -1.75898051917747
26
 energy: -46.465875233204 gnorm: 0.008041693737 xtb: 6.6.1 (8d0f1dd)
C            0.71137178428418        2.09869443308357        0.71719861140741
C            1.42223699068983        0.93571484879690        0.09293057479913
C            2.79913028249046        0.96012393324924       -0.08987491133941
C            3.46560846501164       -0.09452395430931       -0.68507557140765
C            2.76380176222238       -1.20680006443551       -1.11597245990500
C            1.39528190622528       -1.22744681014999       -0.93193744091455
F            0.70224029894268       -2.31194117786200       -1.34511486502593
C            0.70431459632099       -0.17990300845596       -0.33905375339252
C           -0.76522543126193       -0.27645445029636       -0.15871825843740
C           -1.28814882013706       -0.82702048987272        1.01786209285641
O           -0.40341219727514       -1.24139944633904        1.95764428442799
C           -2.66298758587473       -0.92478146767919        1.18761896402956
C           -3.52012010278519       -0.48802753539109        0.19383941474721
C           -3.02694332989855        0.05989494119521       -0.97523383453969
C           -1.65443220511769        0.15595321295833       -1.12791778977932
F           -1.16500917953223        0.70396940730957       -2.25897305797177
H            0.33206537811172        2.75986773386459       -0.06333044484269
H           -0.13582808409087        1.76202020694606        1.31092990034033
H            1.38580997459280        2.66904945018182        1.35104383538510
H            3.36089027418875        1.82088232380633        0.24301054069331
H            4.53667402253535       -0.05912596289215       -0.81666691140816
H            3.25140947077113       -2.04758938408680       -1.58287056440333
H           -0.88042690294974       -1.52461614300522        2.75189745944070
H           -3.06439809039535       -1.35065854841251        2.09744434880430
H           -4.58727166374952       -0.57406532657300        0.32982144354390
H           -3.67663161331916        0.40818527836923       -1.76050160710790
26
 energy: -46.466036227812 gnorm: 0.008473721697 xtb: 6.6.1 (8d0f1dd)
C            0.71408026540967        2.10251283677743        0.71361781909633
C            1.42538627371729        0.93886178870096        0.09328037352583
C            2.80115582669344        0.96229859209011       -0.09127366772831
C            3.46619444322062       -0.09319242063847       -0.68679954631741
C            2.76268269236769       -1.20515147514543       -1.11480845120385
C            1.39444435569126       -1.22531828191106       -0.92678554598260
F            0.70014041487480       -2.31141472474803       -1.33761172179960
C            0.70567785831803       -0.17735637726002       -0.33357100412164
C           -0.76321739487778       -0.27277571050542       -0.15376249347452
C           -1.28871275240841       -0.82386660097692        1.02105158435043
O           -0.41141321622299       -1.23993788109721        1.96944999895415
C           -2.66360333273565       -0.92184116256920        1.18799637894995
C           -3.52029024772439       -0.48732187443400        0.19342895670381
C           -3.02441097006705        0.05823138642493       -0.97497643321646
C           -1.65122924670921        0.15700116944843       -1.12492757611494
F           -1.16062959621565        0.70267497200767       -2.25660222018826
H            0.32133211431097        2.75441797465647       -0.06921360659274
H           -0.12402174416987        1.76757127212692        1.32122141690879
H            1.39297902436705        2.68491383705991        1.33248885648219
H            3.36464718529597        1.82315486792838        0.23900423041539
H            4.53713332024788       -0.05706484082371       -0.82097134455674
H            3.24769846545209       -2.04668230283564       -1.58360397916600
H           -0.89930646924384       -1.57432130043692        2.73845856473845
H           -3.06659251841149       -1.34499798627587        2.09879036861579
H           -4.58748846881340       -0.57309193496325        0.32921379019448
H           -3.67263628236700        0.40269817739993       -1.76309474847251
26
 energy: -46.466159847924 gnorm: 0.006433514682 xtb: 6.6.1 (8d0f1dd)
C            0.71761901629023        2.10674376902831        0.71021400977705
C            1.42788791548029        0.94189153263677        0.09366473656769
C            2.80264528902610        0.96520701569438       -0.09350504137261
C            3.46564889782245       -0.09217694564603       -0.68935113133806
C            2.76030855608966       -1.20411779140865       -1.11249663108854
C            1.39255184332244       -1.22529561041181       -0.92001300116861
F            0.69705357538670       -2.31314351527917       -1.32659867922473
C            0.70660338930503       -0.17602602469560       -0.32628074518340
C           -0.76115733615401       -0.27078280100395       -0.14653031428044
C           -1.29213231182897       -0.82432939102131        1.02377141958901
O           -0.42217208274160       -1.24284877614438        1.97998712753017
C           -2.66767622205679       -0.92027894728509        1.18665012869572
C           -3.52309588052559       -0.48521096735078        0.19094459286911
C           -3.02068492615309        0.05866269081468       -0.97530201585335
C           -1.64732364718980        0.15832136057828       -1.12030904950666
F           -1.15259921385186        0.70286682756352       -2.25087445470766
H            0.30443804819249        2.74511004221207       -0.07408545016652
H           -0.10599740149919        1.77422051848945        1.33911165063279
H            1.40404130418864        2.70426544976469        1.30703652849795
H            3.36547345578980        1.82759201400104        0.23354482344470
H            4.53604621143524       -0.05336837185084       -0.82584684467406
H            3.24445344711559       -2.04540975855910       -1.58246605385445
H           -0.90550413518255       -1.61759923847268        2.72218344713059
H           -3.07017156342313       -1.34422122938784        2.09715351773201
H           -4.59013718259691       -0.57122581857397        0.32634424494607
H           -3.66611904624109        0.40115596630797       -1.76694681499374
26
 energy: -46.466203411230 gnorm: 0.005858893257 xtb: 6.6.1 (8d0f1dd)
C            0.72172210495194        2.11278344109573        0.70677625478025
C            1.43010540773889        0.94589024817367        0.09278779232404
C            2.80450652219891        0.96849895929460       -0.09813137749740
C            3.46501654870293       -0.09205572765036       -0.69276839445618
C            2.75798041446441       -1.20500003714831       -1.10935501402718
C            1.39080625066545       -1.22626997491825       -0.91271019359158
F            0.69384755959410       -2.31532352762614       -1.31263012992710
C            0.70752437286259       -0.17398210195699       -0.32022507993154
C           -0.75953244039712       -0.26644291385662       -0.13819208482466
C           -1.29466043895685       -0.82255083468380        1.02814928243991
O           -0.42834898356513       -1.23786001942149        1.98931821330128
C           -2.67121936347743       -0.92282130036851        1.18469968055758
C           -3.52509054815911       -0.48552128162818        0.18773801004117
C           -3.01732836724713        0.06098076415833       -0.97543635908869
C           -1.64433881616870        0.16152187782372       -1.11494921440015
F           -1.14548942962927        0.70545606328004       -2.24415427368843
H            0.28909005421225        2.73741089327305       -0.07784042460433
H           -0.08772545958024        1.78163282695901        1.35502075029814
H            1.41415434416814        2.72257637521501        1.28377177584222
H            3.36626532564299        1.83296021949522        0.22433696846571
H            4.53461502637738       -0.05183634708845       -0.83211072976158
H            3.24186261793012       -2.04674873861139       -1.57809870713574
H           -0.91882763656355       -1.66397083276517        2.70839554233461
H           -3.07271541838829       -1.35000017507447        2.09359737542680
H           -4.59201305082317       -0.57295633493148        0.32155706381066
H           -3.66020659655404        0.40363047896119       -1.76954672668776
26
 energy: -46.466249484935 gnorm: 0.001734889859 xtb: 6.6.1 (8d0f1dd)
C            0.72179335885996        2.11314489678295        0.70723216407681
C            1.42938376971121        0.94580327941565        0.09216326948455
C            2.80413468977974        0.96878137723441       -0.10012606786464
C            3.46432104358844       -0.09261593827908       -0.69360250649922
C            2.75754446826955       -1.20661071259624       -1.10801772822963
C            1.39054767129461       -1.22815641777780       -0.91122886982862
F            0.69355990436413       -2.31699293850488       -1.30886633828577
C            0.70726194618248       -0.17460841567233       -0.32005328260816
C           -0.75997900652679       -0.26675442453025       -0.13723682691450
C           -1.29570493555398       -0.82451517092553        1.02804452774120
O           -0.42753824382117       -1.23863961090271        1.98684289365750
C           -2.67262791063340       -0.92670219754871        1.18285137213733
C           -3.52543229845153       -0.48669863548291        0.18597093235583
C           -3.01698613965083        0.06387071379281       -0.97543018619118
C           -1.64441489451541        0.16354463830626       -1.11380627535086
F           -1.14415862793255        0.70955799844900       -2.24153811191741
H            0.28594671752317        2.73576695454491       -0.07573462457565
H           -0.08482115678776        1.78167171300178        1.35789888463018
H            1.41447993531903        2.72327802179555        1.28170755756974
H            3.36480830636697        1.83429090751801        0.22100285384794
H            4.53374050643823       -0.05238497733396       -0.83356819367596
H            3.24269117551029       -2.04857564551115       -1.57497172940647
H           -0.91291851022856       -1.65397692743743        2.71009653203990
H           -3.07373308065522       -1.35731255450546        2.09017834492639
H           -4.59238083110126       -0.57491941264047        0.31863826536840
H           -3.65951785734928        0.40975547880753       -1.76844685648766
26
 energy: -46.466295160978 gnorm: 0.003916442621 xtb: 6.6.1 (8d0f1dd)
C            0.72432991791781        2.11806908797181        0.70517422342427
C            1.43013595372408        0.94880334424716        0.09020390835365
C            2.80486113689657        0.97207370119635       -0.10876192045369
C            3.46266074444386       -0.09306624873282       -0.69792323986089
C            2.75522747424102       -1.21082766186254       -1.10156470922783
C            1.38908994683258       -1.23239394560554       -0.90061568347907
F            0.69073458677579       -2.32240824582888       -1.28781928092691
C            0.70775685161055       -0.17401938428059       -0.31420506839331
C           -0.75979066945017       -0.26395290727796       -0.13007843550858
C           -1.29931426019797       -0.82811670893439        1.03022808324163
O           -0.43173952803369       -1.24147376026123        1.98808836193984
C           -2.67726625418599       -0.93646392604550        1.17724401350819
C           -3.52605896602326       -0.48959575334614        0.18009539363622
C           -3.01380004520581        0.07311819600139       -0.97469881819732
C           -1.64172127860402        0.17282679272915       -1.10710283290266
F           -1.13613977772398        0.72482508290966       -2.23004890730397
H            0.26295372683744        2.72382066272817       -0.07645832814162
H           -0.06365063023970        1.78493086104984        1.37828701885663
H            1.42284667353979        2.74286972487207        1.25639115193413
H            3.36434342475793        1.84091672851602        0.20499225028784
H            4.53144581669812       -0.05305246771909       -0.84254449819214
H            3.24174932771030       -2.05494471969851       -1.56346078744980
H           -0.91184783091333       -1.66778877202220        2.70474317928790
H           -3.07937705695007       -1.37821951741325        2.07886434151581
H           -4.59325310927649       -0.58222053365639        0.30733202998978
H           -3.65417617518128        0.42629237046339       -1.76636144593807
26
 energy: -46.466335501869 gnorm: 0.003963281283 xtb: 6.6.1 (8d0f1dd)
C            0.72582373743494        2.12216585703591        0.70176127788252
C            1.43133235689701        0.95197284771456        0.08791059547527
C            2.80557821894649        0.97488705340201       -0.11584528696106
C            3.46165044513121       -0.09310836558442       -0.70100902299910
C            2.75364372482964       -1.21425952292130       -1.09508460166353
C            1.38819149902771       -1.23511287121108       -0.89040347262691
F            0.68861869175218       -2.32719960059697       -1.26841980653761
C            0.70839661093422       -0.17278103474817       -0.30900153359448
C           -0.75945886618863       -0.26110025332165       -0.12499763291614
C           -1.30124338742668       -0.83202849006723        1.03100048862572
O           -0.43567967816787       -1.24724397969198        1.98937958246004
C           -2.67959763252467       -0.94440217161798        1.17251809898697
C           -3.52548375631722       -0.49226093631834        0.17583145108486
C           -3.01133168157869        0.08082406898874       -0.97328199185809
C           -1.63909844258744        0.18223308331553       -1.10122634324418
F           -1.13023340414918        0.74110175548022       -2.21964323067320
H            0.24308301318034        2.71401065215300       -0.07770972183535
H           -0.04575368958615        1.78855953093963        1.39407289599062
H            1.42854138893754        2.76053624411098        1.23235416119956
H            3.36554704331330        1.84611181557628        0.19065581647913
H            4.52992432518127       -0.05385951475076       -0.85045121057384
H            3.23993990856753       -2.06105805617353       -1.55263244482365
H           -0.91506403474611       -1.68459356342916        2.70021821680678
H           -3.08399325571662       -1.39419642003428        2.06934871592893
H           -4.59299580409574       -0.58866833952290        0.29815558528079
H           -3.65033733104828        0.43947221127286       -1.76350058589402
26
 energy: -46.466410636320 gnorm: 0.004118643608 xtb: 6.6.1 (8d0f1dd)
C            0.72766092179074        2.13053535268863        0.69250715604095
C            1.43350772960835        0.95894893203279        0.08184871160376
C            2.80659972748599        0.98024826468448       -0.12942509385483
C            3.45995416665903       -0.09377879282030       -0.70512567399957
C            2.75113818372381       -1.22172190557416       -1.08017490517690
C            1.38687750599762       -1.24015531021870       -0.86921018176316
F            0.68510039565672       -2.33701979751002       -1.22947416022862
C            0.70945219491528       -0.16973405964538       -0.29972703325228
C           -0.75904581846977       -0.25535111186047       -0.11694826284861
C           -1.30349001010850       -0.84237605246413        1.02998538107747
O           -0.44137676385717       -1.26425190743939        1.98822240535226
C           -2.68209636385108       -0.96183558545819        1.16257260399476
C           -3.52345963494852       -0.49812054471790        0.16837671541621
C           -3.00748448807039        0.09707410555738       -0.96896386022358
C           -1.63465865184140        0.20339899312771       -1.08933492323843
F           -1.12126113774713        0.78004912295951       -2.19732114904176
H            0.20307050564905        2.69423993767421       -0.08176324594405
H           -0.01070900245541        1.79671701233056        1.42154716441707
H            1.43683638547499        2.79561418575658        1.18227201542522
H            3.36870708221349        1.85517907960528        0.16308326633358
H            4.52730392995618       -0.05722904045957       -0.86290338389120
H            3.23603353449916       -2.07472480548401       -1.52811303885438
H           -0.92107310533029       -1.71444600534473        2.69208896775821
H           -3.09142009816490       -1.42692363610700        2.04967834028118
H           -4.59151643480002       -0.60170087548147        0.28138410057295
H           -3.64465075398573        0.46736644416825       -1.75508191595620
26
 energy: -46.466475492309 gnorm: 0.004492779352 xtb: 6.6.1 (8d0f1dd)
C            0.72897677717719        2.14013456928286        0.67995677996104
C            1.43543114294416        0.96664434837793        0.07428856482990
C            2.80722953022245        0.98583488559816       -0.14330932962034
C            3.45850386397726       -0.09496635450385       -0.70794811290782
C            2.74925914617701       -1.22985639938294       -1.06270897122397
C            1.38608735338124       -1.24560712731381       -0.84564285747466
F            0.68265922259157       -2.34819309399299       -1.18742032242521
C            0.71035494009447       -0.16668447382409       -0.29038664930833
C           -0.75858149437404       -0.24991897022090       -0.10931770708137
C           -1.30505979072639       -0.85603844894020        1.02700271140320
O           -0.44613769646748       -1.28889087028237        1.98328880549239
C           -2.68366301035357       -0.98152530900037        1.15172194345011
C           -3.52149325779591       -0.50383022162417        0.16157923887326
C           -3.00405655560472        0.11484603909745       -0.96268126499480
C           -1.63060233551059        0.22672452000083       -1.07588051040299
F           -1.11382997458796        0.82503062094027       -2.17150499142983
H            0.16566663107629        2.67555992096225       -0.08674908483474
H            0.02410241967519        1.80922359009415        1.44322342645798
H            1.44179154483759        2.83011631307425        1.12916847851033
H            3.37158851277101        1.86467890237326        0.13370756913296
H            4.52473486631611       -0.06063570971833       -0.87415186307662
H            3.23225016059827       -2.08945595189731       -1.50016573059141
H           -0.92803389903640       -1.74489001690509        2.68363898986871
H           -3.09771381112381       -1.46238915254449        2.02839204686967
H           -4.58993134488699       -0.61398867207158        0.26579816431755
H           -3.63953294137179        0.49807906242102       -1.74389932379499
26
 energy: -46.466530796437 gnorm: 0.003434075872 xtb: 6.6.1 (8d0f1dd)
C            0.72915533435202        2.14726792291664        0.66860835292151
C            1.43612520563433        0.97153377319750        0.06858061178588
C            2.80703121805043        0.98926989076409       -0.15127017183531
C            3.45819345534281       -0.09610518061256       -0.70761150836539
C            2.74933532087155       -1.23466863566102       -1.05005970278512
C            1.38659609547807       -1.24881377785584       -0.83007691774327
F            0.68323495698028       -2.35524724338332       -1.16178359333781
C            0.71076014778002       -0.16529113557934       -0.28490732568904
C           -0.75814950589360       -0.24775006162689       -0.10541158587227
C           -1.30529574987678       -0.86798436544525        1.02284230753916
O           -0.44788912378752       -1.31293514634025        1.97545381704066
C           -2.68363723070508       -0.99458722639843        1.14482338282496
C           -3.52080106574392       -0.50589799581874        0.15922271074956
C           -3.00273481024550        0.12664710151014       -0.95623062714867
C           -1.62895063992913        0.24168189690871       -1.06613343624366
F           -1.11185866876463        0.85539309325348       -2.15294926867683
H            0.14758883735449        2.66565034367057       -0.09272809964591
H            0.04299711567931        1.82184018212794        1.44797739590757
H            1.44093678178011        2.84953978346668        1.09505032183861
H            3.37250354434508        1.87009935481705        0.11645900983134
H            4.52372210129259       -0.06245921858432       -0.87731929008058
H            3.23090635204611       -2.09821760672535       -1.48069892050732
H           -0.93353183632433       -1.76449212565975        2.67721415844176
H           -3.09970531196301       -1.48459286744028        2.01498718371709
H           -4.58919210677360       -0.61838048810306        0.25975793019311
H           -3.63734041697992        0.51850173260154       -1.73379673486002
26
 energy: -46.466587507713 gnorm: 0.004846173498 xtb: 6.6.1 (8d0f1dd)
C            0.73057930046096        2.16007076073074        0.64984448169261
C            1.43771798611351        0.97947591989850        0.06042528134586
C            2.80711625022581        0.99578842559453       -0.16430085691361
C            3.45830719507693       -0.09768194902056       -0.70702494989916
C            2.74996045591720       -1.24157048431065       -1.02960429734890
C            1.38782817733582       -1.25403555653976       -0.80429808392244
F            0.68502375942358       -2.36611724145862       -1.12133954085429
C            0.71191466957553       -0.16396215530591       -0.27368308639502
C           -0.75663186431332       -0.24485522420520       -0.09658449436332
C           -1.30732384924809       -0.88791635253773        1.01693229189865
O           -0.45369733591349       -1.35400171869307        1.96404320933926
C           -2.68582547545877       -1.01435880078205        1.13383041518321
C           -3.52176569238869       -0.50668639856354        0.15536046060864
C           -2.99951881494130        0.14606245337063       -0.94564638370525
C           -1.62536145338772        0.26440655238096       -1.04892859246243
F           -1.10658295690296        0.90086410165285       -2.12160980010978
H            0.10636640494989        2.64175827092297       -0.10705635208160
H            0.08204225955898        1.84261303318791        1.46794816405341
H            1.44580405678171        2.89142831558592        1.02702774565326
H            3.37324999323483        1.87998831394519        0.08937330839447
H            4.52275075834125       -0.06362701511363       -0.88078190391510
H            3.22951837407941       -2.11055506819224       -1.45036684006241
H           -0.94612334368222       -1.80913282013914        2.65993264074414
H           -3.10411427903250       -1.51866538850404        1.99405478866429
H           -4.59005167655670       -0.62072278547136        0.25140487273283
H           -3.63118289924942        0.55143481156723       -1.71895247827726
26
 energy: -46.466649469687 gnorm: 0.003355038924 xtb: 6.6.1 (8d0f1dd)
C            0.72920957435879        2.16581733494466        0.63774171011314
C            1.43702312471383        0.98119511406824        0.05685654006333
C            2.80646863921711        0.99718240698561       -0.16514113403008
C            3.46002634398660       -0.09868779052634       -0.70202909649785
C            2.75300638081525       -1.24293462518840       -1.02109092763304
C            1.39023817829563       -1.25542176949417       -0.79763175457015
F            0.68992398594998       -2.36900824123572       -1.11383194284244
C            0.71215477596963       -0.16494521388874       -0.27204208393940
C           -0.75580872689751       -0.24652946760258       -0.09491702241315
C           -1.30758459385889       -0.89795879990862        1.01260943213621
O           -0.45404972736400       -1.37909839485702        1.95283311974532
C           -2.68620760897911       -1.01959751972365        1.13190751758168
C           -3.52387974508722       -0.50276649950501        0.15883188756804
C           -2.99986807793085        0.15381515643769       -0.93803316893879
C           -1.62586269542566        0.26997415208025       -1.04207144430741
F           -1.10880104413634        0.91293701069948       -2.11032914390100
H            0.10109577504850        2.63694564504357       -0.11873906187792
H            0.08772002179574        1.85698334541542        1.46174772817594
H            1.44237199727168        2.90206133246586        1.00228810692326
H            3.37094162802167        1.88294770796503        0.08505759634497
H            4.52468390097065       -0.06258512173612       -0.87267245198802
H            3.23292818493481       -2.11309001653071       -1.43833558898296
H           -0.95033464732540       -1.82970432368839        2.64874833039177
H           -3.10290425222806       -1.52850717653161        1.98968121415666
H           -4.59191625362043       -0.61348207565193        0.25793127117580
H           -3.63057513849617        0.56445982996310       -1.70936963245384
26
 energy: -46.466697156222 gnorm: 0.003050923374 xtb: 6.6.1 (8d0f1dd)
C            0.72710135113820        2.17241827322942        0.62321554802686
C            1.43617499610810        0.98354634571186        0.05178313522682
C            2.80597198814173        0.99946522690425       -0.16800312461503
C            3.46188591851124       -0.09924166009043       -0.69717991622832
C            2.75647340326275       -1.24608484815096       -1.00948365881050
C            1.39303305055643       -1.25876120367466       -0.78804853793912
F            0.69529550010645       -2.37496515628799       -1.09947837621480
C            0.71272356095682       -0.16598329480722       -0.27008300728110
C           -0.75499671711370       -0.24772003935341       -0.09211596585373
C           -1.30850078613305       -0.90987520423460        1.00835632561854
O           -0.45538954619301       -1.40661901360275        1.94061895024308
C           -2.68756531006546       -1.02776988298973        1.12885375438570
C           -3.52546976542527       -0.49908334357148        0.16214211240486
C           -2.99959089623465        0.16624542726862       -0.92916762705957
C           -1.62562845910608        0.27953875121618       -1.03344532510295
F           -1.10883934146950        0.93153652997140       -2.09612067280579
H            0.08660131006516        2.62754840900535       -0.13142228702831
H            0.09831456908200        1.87309979751266        1.46012783713051
H            1.43955471921020        2.91841196414579        0.96665466715185
H            3.36833697155690        1.88841516232107        0.07618595667648
H            4.52706371827936       -0.06150677005725       -0.86541346156354
H            3.23771917395313       -2.11872963706282       -1.42064912029222
H           -0.95395152710781       -1.85740921175696        2.63385700103439
H           -3.10355205537737       -1.54495180483640        1.98260900826576
H           -4.59367920742001       -0.60726334781690        0.26324554093833
H           -3.62908661928233        0.58574053100684       -1.69703875630812
26
 energy: -46.466743530370 gnorm: 0.002294211128 xtb: 6.6.1 (8d0f1dd)
C            0.72366516383253        2.17746521944224        0.60895480379906
C            1.43445069364689        0.98500094643282        0.04669277969964
C            2.80503057808995        1.00158985580551       -0.17005239739257
C            3.46381223864552       -0.09910179824537       -0.69112811888412
C            2.76051414703573       -1.24870916705219       -0.99864590016159
C            1.39641433297565       -1.26250727198802       -0.78036062957770
F            0.70153209636853       -2.38112138483996       -1.08742020405678
C            0.71332736327463       -0.16765754584165       -0.26965811070017
C           -0.75437691284438       -0.24966254731989       -0.09051073812532
C           -1.30878164886574       -0.92039291696013        1.00435890696608
O           -0.45596709373125       -1.43020839357061        1.92886577897326
C           -2.68842104200431       -1.03393038824815        1.12677524942395
C           -3.52611824015662       -0.49353535258414        0.16705921501590
C           -2.99960563468103        0.17871461362893       -0.92034059722948
C           -1.62570480448380        0.28767131209259       -1.02617584717856
F           -1.10881542254490        0.94598964991128       -2.08512297250400
H            0.07153687307941        2.61739516153632       -0.14460138021480
H            0.10548383042639        1.88711338078608        1.45676949928545
H            1.43497251438961        2.93248928199371        0.93310075830862
H            3.36484771037224        1.89321775932069        0.07051715168713
H            4.52978051534811       -0.06043950658018       -0.85597066542141
H            3.24428697874013       -2.12298376122804       -1.40397665290280
H           -0.95500051922395       -1.88782640646521        2.61660015622815
H           -3.10358789340928       -1.55751270943762        1.97739214277864
H           -4.59468631632213       -0.59818938523203        0.27062459046011
H           -3.62858950795770        0.60713335464290       -1.68374681827659
26
 energy: -46.466787435795 gnorm: 0.001556739871 xtb: 6.6.1 (8d0f1dd)
C            0.71868544838441        2.18123673696153        0.59449795242571
C            1.43190364807949        0.98606228667102        0.04118157621719
C            2.80346458546631        1.00370110311746       -0.17163380429256
C            3.46548317358595       -0.09869324744587       -0.68383457271618
C            2.76470580410261       -1.25118115026653       -0.98769467217764
C            1.40007971777973       -1.26658357966520       -0.77316088502942
F            0.70806825700364       -2.38777134944627       -1.07553361648913
C            0.71384610944693       -0.16972499136333       -0.27010424063986
C           -0.75393360032153       -0.25199537149251       -0.09037318886286
C           -1.30804275992002       -0.93035810224460        0.99991866073013
O           -0.45527846757753       -1.45175966627550        1.91706492693040
C           -2.68821249732516       -1.03922609328666        1.12490734882588
C           -3.52574668241600       -0.48667798193827        0.17284723534059
C           -2.99981321421213        0.19182219431768       -0.91137224221313
C           -1.62590334264298        0.29567335043025       -1.01990062295735
F           -1.10882230029650        0.95906327712066       -2.07610980213779
H            0.05597660822005        2.60660935041769       -0.15810728854381
H            0.11061041285503        1.89871033659518        1.45277045098188
H            1.42833022473202        2.94528370167852        0.90037064060470
H            3.36070695243743        1.89785706560500        0.06610841101935
H            4.53217556188388       -0.05985040822843       -0.84520749812231
H            3.25174523409635       -2.12658894355035       -1.38699994391240
H           -0.95336778977460       -1.91959724340399        2.59809072603711
H           -3.10281083081526       -1.56825852240982        1.97258631495288
H           -4.59469659699801       -0.58693749949901        0.27894597093200
H           -3.62915365577384        0.62918674760123       -1.66925783690327
26
 energy: -46.466838149023 gnorm: 0.001691107584 xtb: 6.6.1 (8d0f1dd)
C            0.70989240437162        2.18493650644534        0.57419887663908
C            1.42776965217500        0.98720979007580        0.03297064858239
C            2.80076583079375        1.00640009714676       -0.17289443690265
C            3.46761616762411       -0.09819964523119       -0.67221481537919
C            2.77068951478559       -1.25471529528686       -0.97200374123057
C            1.40537699761584       -1.27230924619513       -0.76370139149155
F            0.71708619576480       -2.39699975124365       -1.06009768112480
C            0.71444860581365       -0.17278029600691       -0.27205385690995
C           -0.75345169437501       -0.25546813406132       -0.09274225189036
C           -1.30542742625347       -0.94368779258320        0.99243988490853
O           -0.45167029509717       -1.47919799886825        1.89968719487104
C           -2.68598083973412       -1.04585440426516        1.12254835838025
C           -3.52409056015074       -0.47595642959003        0.18207780262609
C           -3.00042652632929        0.21068866343846       -0.89836444453118
C           -1.62643590484588        0.30670711818703       -1.01269147856540
F           -1.10971361693870        0.97617642734175       -2.06602581542101
H            0.03452023016345        2.59177324407468       -0.17777100828019
H            0.11340081817777        1.91105837391916        1.44284270188082
H            1.41523487207550        2.96004310478436        0.85944045164028
H            3.35467344161442        1.90352367034345        0.06193901905010
H            4.53517778979705       -0.06002334767600       -0.82828875895854
H            3.26271597202719       -2.13137019306077       -1.36257663536698
H           -0.94718290535423       -1.96206962850287        2.57176471391562
H           -3.09997863961707       -1.58148505991045        1.96633257550480
H           -4.59342965053332       -0.56897390091022        0.29235028846798
H           -3.63158043357046        0.66057612763508       -1.64716620041442
26
 energy: -46.466864723694 gnorm: 0.001529153792 xtb: 6.6.1 (8d0f1dd)
C            0.70369247361599        2.18758307559344        0.56013788414442
C            1.42519734697670        0.98891011396627        0.02619896984046
C            2.79880501047197        1.00859558827795       -0.17491305044192
C            3.46861100198149       -0.09857610211394       -0.66450664478732
C            2.77413882006588       -1.25801992771657       -0.95949767525645
C            1.40837260882270       -1.27620088396530       -0.75527043126598
F            0.72210003226425       -2.40361513728632       -1.04683757137845
C            0.71456350660822       -0.17424378764621       -0.27315864313864
C           -0.75323007404458       -0.25700644783508       -0.09512668117226
C           -1.30357936468111       -0.95320408653946        0.98599803859504
O           -0.44849683706838       -1.49756263796246        1.88696474015070
C           -2.68388648118962       -1.05217288887521        1.11957424825169
C           -3.52300900147356       -0.47007113382018        0.18728172764930
C           -3.00072662157289        0.22392862681140       -0.88913457614402
C           -1.62675768599181        0.31573066633953       -1.00762628515700
F           -1.11093442324155        0.99144823343499       -2.05779045855841
H            0.02016956321670        2.58233406365007       -0.18997390959067
H            0.11727246541248        1.91885383001067        1.43913780743042
H            1.40705273520654        2.97136340777440        0.83013012037737
H            3.35103826587648        1.90773297573948        0.05638228147441
H            4.53644661804088       -0.06073483074699       -0.81769558708008
H            3.26894013381923       -2.13622777897675       -1.34288961838919
H           -0.94248984018362       -1.98912959284810        2.55382521279054
H           -3.09767839221345       -1.59360103839798        1.95972016460284
H           -4.59228567014666       -0.55904008087370        0.30025312297432
H           -3.63332619057197        0.68292777400590       -1.63118318592095
26
 energy: -46.466877845152 gnorm: 0.000606546889 xtb: 6.6.1 (8d0f1dd)
C            0.70374807864020        2.18931280179042        0.55637317066615
C            1.42541486950855        0.98972859572072        0.02466739628223
C            2.79903129254617        1.00826808121317       -0.17477786750251
C            3.46867309345624       -0.09981020931704       -0.66256425477188
C            2.77401875775377       -1.25909706221129       -0.95613846950691
C            1.40792939525678       -1.27592814256613       -0.75377777234362
F            0.72129515825140       -2.40336953870515       -1.04501966009723
C            0.71417840266704       -0.17328997356063       -0.27424472628642
C           -0.75343093817581       -0.25632726845058       -0.09631095022238
C           -1.30281808535082       -0.95447009532540        0.98393399635296
O           -0.44660454673337       -1.49937068272393        1.88370244281104
C           -2.68269831387989       -1.05451950173486        1.11852457513232
C           -3.52302257927450       -0.47107644812887        0.18814206276176
C           -3.00165475780774        0.22569390711350       -0.88639205283667
C           -1.62777756148533        0.31795652337278       -1.00648019269584
F           -1.11351739009728        0.99663540014006       -2.05504454343287
H            0.02261608002049        2.58554977256471       -0.19544584287606
H            0.11401451583131        1.92062976349889        1.43158962657363
H            1.40634068489948        2.97123613768941        0.83153247206407
H            3.35168580549752        1.90726980415545        0.05516475474465
H            4.53667380094660       -0.06262622487997       -0.81422598086318
H            3.26857054792002       -2.13830279480290       -1.33690977201857
H           -0.93977862937691       -1.99214854567933        2.55053322704300
H           -3.09579351636460       -1.59791291333566        1.95744635014628
H           -4.59206704523210       -0.56045087706385        0.30217265051337
H           -3.63502711941695        0.68642149122630       -1.62645063963714
26
 energy: -46.466895701691 gnorm: 0.000984258339 xtb: 6.6.1 (8d0f1dd)
C            0.70399724876980        2.19225479595080        0.55103801750719
C            1.42567168400951        0.99174219257182        0.02136938360644
C            2.79928539020480        1.00841120390256       -0.17618765962741
C            3.46882134193184       -0.10212516626213       -0.65924114505257
C            2.77368155677061       -1.26145945228178       -0.95007530899182
C            1.40703438086674       -1.27584321542367       -0.75035545175474
F            0.71976093436405       -2.40351137532336       -1.04024237076924
C            0.71344309526701       -0.17139083979122       -0.27573224709425
C           -0.75397329114007       -0.25416655361043       -0.09801123274615
C           -1.30153374324777       -0.95660876735193        0.98055131801059
O           -0.44316266323631       -1.50210926354627        1.87817971192479
C           -2.68072749555136       -1.05925612664380        1.11664040155382
C           -3.52321299663511       -0.47313816381124        0.18949659223576
C           -3.00369290709381        0.22882543198857       -0.88213870251371
C           -1.62991792530112        0.32321662772979       -1.00424324477869
F           -1.11854882228722        1.00644997319033       -2.05073957676288
H            0.03027780224958        2.59301269885120       -0.20539197110194
H            0.10593107357090        1.92253191226817        1.41961999596403
H            1.40671733779196        2.97048754761377        0.83504564561481
H            3.35289861294053        1.90711965339247        0.05203284190107
H            4.53710308426961       -0.06602857311131       -0.80891424662067
H            3.26763454926962       -2.14266608299707       -1.32662090169681
H           -0.93466800504645       -1.99689233308840        2.54492977118753
H           -3.09243269317134       -1.60641017209140        1.95360987312249
H           -4.59187943154829       -0.56458566406418        0.30465522704207
H           -3.63850811801740        0.69214171193854       -1.61927472015954
26
 energy: -46.466921772605 gnorm: 0.001506417869 xtb: 6.6.1 (8d0f1dd)
C            0.70481903619330        2.19756785674760        0.54237990377790
C            1.42599357390292        0.99471672342391        0.01713984131040
C            2.79968181725850        1.00868176129526       -0.17850398011046
C            3.46874758092152       -0.10528172346720       -0.65507119766223
C            2.77276398246961       -1.26508936479736       -0.94121221952670
C            1.40549735865909       -1.27613352881964       -0.74460782169999
F            0.71747836838596       -2.40454217116876       -1.03073733788742
C            0.71233896548206       -0.16860221620470       -0.27692709445926
C           -0.75492704142041       -0.25052169271083       -0.09940645462201
C           -1.29982166737338       -0.96009997100368        0.97625899568168
O           -0.43829051654056       -1.50763955585958        1.86977299990196
C           -2.67820641917960       -1.06705758113268        1.11390858211672
C           -3.52345252765801       -0.47685341637592        0.19142486877963
C           -3.00680733864440        0.23356549836259       -0.87582349391952
C           -1.63321903092690        0.33164524636571       -1.00011060449777
F           -1.12587417019281        1.02261629539735       -2.04321850777493
H            0.04586501686697        2.60771876980257       -0.22242948685301
H            0.09108463745093        1.92669409660821        1.39987810557196
H            1.40871000372212        2.96915279612945        0.84174000521156
H            3.35453603795836        1.90756638987499        0.04604581212925
H            4.53749155365783       -0.07110840565179       -0.80193612074747
H            3.26595098091457       -2.14962214313630       -1.31097780769580
H           -0.92726229829660       -2.00581795144017        2.53583043373344
H           -3.08775563051514       -1.62056543654651        1.94775331952417
H           -4.59166246279781       -0.57195732880771        0.30755500343429
H           -3.64367981029781        0.70096905311502       -1.60872574371623
26
 energy: -46.466953947120 gnorm: 0.001688517294 xtb: 6.6.1 (8d0f1dd)
C            0.70645150660955        2.20543641038559        0.53022333500363
C            1.42606902675417        0.99880292988243        0.01160782907717
C            2.80003119898284        1.00952506881110       -0.18236005725163
C            3.46845810400920       -0.10882297912928       -0.64981224210086
C            2.77127109320918       -1.26949011256776       -0.92962304657821
C            1.40356451027717       -1.27691509561934       -0.73589946130119
F            0.71456958070656       -2.40608335353065       -1.01686420678169
C            0.71102503196142       -0.16515730339917       -0.27692412367119
C           -0.75613472624697       -0.24621743599625       -0.09928767717471
C           -1.29806284975895       -0.96590574303007        0.97164928899981
O           -0.43324018723568       -1.51754993130863        1.85937050593964
C           -2.67578200226143       -1.07767417638903        1.11053707775808
C           -3.52368669841443       -0.48158419869768        0.19406761101959
C           -3.01028854246340        0.23985512740958       -0.86737747486156
C           -1.63701144483915        0.34250450856242       -0.99317855132294
F           -1.13370823557171        1.04326755261748       -2.03182082064328
H            0.06985787678139        2.62888353677748       -0.24676711912602
H            0.06997338865045        1.93510602277308        1.37209465317806
H            1.41241543594570        2.96727426482747        0.85051332357079
H            3.35620682668637        1.90866293990913        0.03819114352337
H            4.53754841786124       -0.07702116749013       -0.79481904326740
H            3.26349015323566       -2.15756290404936       -1.29232635343957
H           -0.91941331734668       -2.02093852891502        2.52344540424371
H           -3.08277703911367       -1.63939176895214        1.94023495972657
H           -4.59148344588695       -0.58125907565882        0.31043024612720
H           -3.64934366253156        0.71225741277740       -1.59530520064724
26
 energy: -46.466987300529 gnorm: 0.001780687973 xtb: 6.6.1 (8d0f1dd)
C            0.70852295704638        2.21484313389185        0.51598055734774
C            1.42595721651864        1.00293171904511        0.00678351792283
C            2.80029457288530        1.01069133785684       -0.18633240518970
C            3.46786828162609       -0.11144442999570       -0.64554001039748
C            2.76948842124369       -1.27333746944312       -0.91832620849735
C            1.40173349918185       -1.27792015125710       -0.72585461808043
F            0.71190149757388       -2.40817949023628       -0.99992646966899
C            0.70988584641128       -0.16198932146085       -0.27489200140500
C           -0.75717123327938       -0.24262215066954       -0.09697380016753
C           -1.29682163303911       -0.97359926036932        0.96787849136524
O           -0.42977338790853       -1.53172287397213        1.84910755147058
C           -2.67419842926968       -1.08932372777474        1.10711274592036
C           -3.52392017949420       -0.48614266704632        0.19695166629511
C           -3.01304849398439        0.24680714710393       -0.85807042391752
C           -1.64007661095402        0.35356343086214       -0.98410904700621
F           -1.13953687462912        1.06472874558508       -2.01736438568995
H            0.09779303451774        2.65211027548374       -0.27452522464444
H            0.04711959492511        1.94742829428219        1.34041128106246
H            1.41649706103720        2.96586836297752        0.85804460287363
H            3.35719749476761        1.91084324196117        0.02876706793859
H            4.53731405931407       -0.08236337276019       -0.78880293139433
H            3.26111108914881       -2.16484970647854       -1.27373245103607
H           -0.91383073154199       -2.04173659002338        2.50953668523068
H           -3.07906161065195       -1.65991704285684        1.93195365423935
H           -4.59146112239617       -0.58957392128967        0.31285926066704
H           -3.65378431904882        0.72490848658398       -1.58093710523853
26
 energy: -46.467021362472 gnorm: 0.001574876253 xtb: 6.6.1 (8d0f1dd)
C            0.71060784547107        2.22452257945001        0.50113247714292
C            1.42551520592450        1.00695093834264        0.00206408165355
C            2.80022686691354        1.01252600434320       -0.19112135580404
C            3.46732450706036       -0.11304381015611       -0.64178828006812
C            2.76813327872134       -1.27651161173218       -0.90727569751349
C            1.40062526963101       -1.27928021286374       -0.71476011896713
F            0.71018422828132       -2.41059967696215       -0.98199254439608
C            0.70912811394751       -0.15959916341825       -0.27107073267055
C           -0.75781357691275       -0.24045380855540       -0.09261037747914
C           -1.29641542443394       -0.98257697185594        0.96528066954604
O           -0.42872163866540       -1.54909889912458        1.84012980167380
C           -2.67381930249639       -1.10060718363363        1.10386985372427
C           -3.52416296868617       -0.48937791548568        0.19989026032683
C           -3.01450550321263        0.25418188105632       -0.84856585704769
C           -1.64177340757421        0.36346720739247       -0.97374885831498
F           -1.14222981550203        1.08414071794880       -2.00127668572488
H            0.12468895570829        2.67283784381164       -0.30160859953725
H            0.02693311922261        1.96231811887898        1.30915751909810
H            1.41962770813333        2.96583536534190        0.86191623853225
H            3.35729409577430        1.91389623375060        0.01883045857429
H            4.53678074510158       -0.08588600820244       -0.78538253164837
H            3.25941566821244       -2.17026304084786       -1.25759916193693
H           -0.91183288959912       -2.06676353816763        2.49518795533590
H           -3.07751619529762       -1.67964062781436        1.92351917056067
H           -4.59164595212633       -0.59514627788277        0.31466557465556
H           -3.65604893359627        0.73817385638600       -1.56684325971547
26
 energy: -46.467059609086 gnorm: 0.001350370302 xtb: 6.6.1 (8d0f1dd)
C            0.71245726303746        2.23553079936423        0.48315539104774
C            1.42483190014643        1.01107973641952       -0.00262703945529
C            2.79985759461806        1.01505794824405       -0.19665390508898
C            3.46668640122525       -0.11330050575970       -0.63927076699513
C            2.76725833103867       -1.27905552569018       -0.89554464466256
C            1.40033920451217       -1.28100112965616       -0.70112194204480
F            0.70981366899750       -2.41414034871762       -0.95939932218252
C            0.70870482552734       -0.15780448920458       -0.26502873338412
C           -0.75800524051892       -0.23964596124542       -0.08584104076886
C           -1.29675993665524       -0.99462268532984        0.96292724042279
O           -0.42997189475235       -1.57247199687258        1.83084356470199
C           -2.67449313736124       -1.11326211159269        1.10010593712133
C           -3.52451342815702       -0.49140758252578        0.20341679877173
C           -3.01474811465058        0.26371130592492       -0.83696495965887
C           -1.64215203171498        0.37415260387101       -0.96033364746119
F           -1.14211910509197        1.10464002619173       -1.98094156644133
H            0.15318823661854        2.69320703797444       -0.33285490362976
H            0.00616937591337        1.98077424023758        1.27352902578948
H            1.42192579440450        2.96702134488631        0.86247109975985
H            3.35628343397098        1.91867617045196        0.00554994245300
H            4.53612458192685       -0.08783897602550       -0.78343474503542
H            3.25885306837766       -2.17510715503826       -1.23974996535478
H           -0.91332691397697       -2.09999845413397        2.47785217288012
H           -3.07801073495812       -1.70156103935340        1.91326814537619
H           -4.59211152915764       -0.59786447308825        0.31674213387963
H           -3.65628161331941        0.75523322066803       -1.55009427004020
26
 energy: -46.467095665796 gnorm: 0.001327634174 xtb: 6.6.1 (8d0f1dd)
C            0.71369263610114        2.24728321061418        0.46194856422836
C            1.42373371329399        1.01563413371431       -0.00902387192315
C            2.79887392431117        1.01883449139357       -0.20473206282031
C            3.46645690641706       -0.11301558349965       -0.63640445366180
C            2.76766937529159       -1.28205047771036       -0.88067200451593
C            1.40136937093118       -1.28371407586389       -0.68388376474290
F            0.71155302578164       -2.41951189553020       -0.93162159408631
C            0.70862897636060       -0.15681051282705       -0.25755886239151
C           -0.75771423308719       -0.24015153881937       -0.07758683790599
C           -1.29765038208940       -1.00922408446304        0.96027268788876
O           -0.43294564247613       -1.60158723151519        1.82017565158367
C           -2.67585766595540       -1.12726115229636        1.09557478458425
C           -3.52494615962163       -0.49171723754489        0.20790546281012
C           -3.01398664112769        0.27619461078618       -0.82266327184125
C           -1.64139667050220        0.38569955025633       -0.94439313152455
F           -1.14008016126775        1.12761485975932       -1.95628686086812
H            0.18235589622637        2.71285729741598       -0.36789777154542
H           -0.01597870941996        2.00120976623587        1.23295877812686
H            1.42207868656392        2.96952484841734        0.86031537887407
H            3.35409499065082        1.92515181176148       -0.01160557421937
H            4.53547556881494       -0.08790362350235       -0.78343201870690
H            3.25985678989727       -2.17994282840433       -1.21888012433356
H           -0.91756287931555       -2.14105988908429        2.45647118048534
H           -3.08010792202986       -1.72647881024527        1.90044070169782
H           -4.59276527037006       -0.59748609028755        0.31985586034070
H           -3.65484752337850        0.77791245123909       -1.52927684553290
26
 energy: -46.467118025221 gnorm: 0.001170162849 xtb: 6.6.1 (8d0f1dd)
C            0.71355987660744        2.25571683557572        0.44380420649120
C            1.42262069754855        1.01878554583972       -0.01453589245260
C            2.79769576309218        1.02198599241926       -0.21161889470024
C            3.46644598200901       -0.11202194168754       -0.63488089100456
C            2.76903728762348       -1.28415157208028       -0.86811903269372
C            1.40317556956851       -1.28622070590158       -0.66919255492216
F            0.71495158915102       -2.42504425214143       -0.90730571478999
C            0.70875884387287       -0.15676893829430       -0.25172046646272
C           -0.75723982486598       -0.24114293690590       -0.07136633740433
C           -1.29843159754858       -1.02239505989660        0.95678614163799
O           -0.43556864044126       -1.62650912553525        1.81005272614830
C           -2.67695945076251       -1.13890082586607        1.09121336813227
C           -3.52534161153872       -0.49056801261248        0.21226582477121
C           -3.01319083022838        0.28832486970474       -0.80947386930652
C           -1.64053299568089        0.39636373808668       -0.93049664380200
F           -1.13851641461091        1.14624818958742       -1.93593187855615
H            0.20411082342878        2.72668556750111       -0.39657670670712
H           -0.03384353839244        2.01621776739952        1.19905907075184
H            1.42004938827505        2.97134637841743        0.85689148225091
H            3.35150413881468        1.93107211358364       -0.02762525632266
H            4.53539374416552       -0.08691826146531       -0.78258922047698
H            3.26243250387964       -2.18439046057642       -1.19865187744065
H           -0.92144311247289       -2.17551362614440        2.43706742745086
H           -3.08205023819632       -1.74662572852784        1.88909613149471
H           -4.59332980269407       -0.59484393224075        0.32389864403688
H           -3.65328815060337        0.79927038176077       -1.51004978612380
26
 energy: -46.467130239728 gnorm: 0.000887334825 xtb: 6.6.1 (8d0f1dd)
C            0.71247040179671        2.26081458900364        0.43016201130011
C            1.42136177192952        1.02096475092380       -0.02009412587519
C            2.79633561202855        1.02470743309167       -0.21782997046570
C            3.46694677880035       -0.11148967706063       -0.63250814711205
C            2.77124150866645       -1.28634346613860       -0.85653881183552
C            1.40540690312792       -1.28883258479671       -0.65747273450582
F            0.71921644415108       -2.43031733795420       -0.88857523042105
C            0.70889043329719       -0.15741373433501       -0.24847333741884
C           -0.75683550454239       -0.24243571049135       -0.06818863898716
C           -1.29890452094709       -1.03141503901896        0.95345121818798
O           -0.43707078477747       -1.64517036993392        1.80078866037116
C           -2.67754925227851       -1.14661982929931        1.08785382245978
C           -3.52560412795547       -0.48827019640962        0.21623037046047
C           -3.01267135740474        0.29824334444082       -0.79896568338690
C           -1.63992341678363        0.40343609285519       -0.92121784584246
F           -1.13805102111988        1.16074555324299       -1.92108260806628
H            0.21762738993559        2.73504092452051       -0.41663712983068
H           -0.04645819879626        2.02489815139083        1.17406448856613
H            1.41658795212671        2.97247971053272        0.85380419312717
H            3.34875120914557        1.93594594277848       -0.04088467926812
H            4.53560164910607       -0.08520024776732       -0.78194729395562
H            3.26559872246430       -2.18791391164449       -1.18141207397913
H           -0.92376998353593       -2.20109591035543        2.42090943224925
H           -3.08325414841441       -1.76172096744368        1.87979589348504
H           -4.59367511814393       -0.59081521016722        0.32847066050092
H           -3.65226934187589        0.81777970003563       -1.49370243975752
26
 energy: -46.467135638595 gnorm: 0.000552386574 xtb: 6.6.1 (8d0f1dd)
C            0.71106688914104        2.26345829661351        0.42106466633579
C            1.42053106763830        1.02190197158316       -0.02379731326268
C            2.79536085729979        1.02624093798190       -0.22176531680971
C            3.46738231638783       -0.11100590525700       -0.63104794400232
C            2.77312791236737       -1.28775280836615       -0.84849471391914
C            1.40712516910176       -1.29058814665937       -0.65014228544466
F            0.72270662767791       -2.43412322900304       -0.87640247170707
C            0.70898383607718       -0.15808488407305       -0.24736975310406
C           -0.75658321639877       -0.24324038382653       -0.06738186786790
C           -1.29890753989331       -1.03814951465982        0.94981303672963
O           -0.43727506663824       -1.65693931469408        1.79345688997185
C           -2.67747223201100       -1.15219301474753        1.08517717503128
C           -3.52578966179410       -0.48645835419163        0.21933475584607
C           -3.01271597343728        0.30587298457466       -0.79118113919274
C           -1.63992110090396        0.40941449543885       -0.91506329441909
F           -1.13895486713833        1.17004833054412       -1.91245552389159
H            0.22634061053374        2.74085860521893       -0.43048304587264
H           -0.05650472123401        2.02920002435845        1.15679687781502
H            1.41357826243275        2.97203121974604        0.85290443435274
H            3.34672220957053        1.93899256349512       -0.04990012456504
H            4.53604058446462       -0.08402939985088       -0.78023771547568
H            3.26849923317853       -2.19086697086477       -1.16753425744606
H           -0.92413478320844       -2.21695900921605        2.40967431030653
H           -3.08321603153476       -1.77100135701717        1.87386376297902
H           -4.59384789790144       -0.58739269272876        0.33294019435036
H           -3.65214248377729        0.83076755560092       -1.48176933673797
26
 energy: -46.467137533404 gnorm: 0.000671560508 xtb: 6.6.1 (8d0f1dd)
C            0.70978213764432        2.26371724609327        0.41722113014020
C            1.41982926944151        1.02215012048500       -0.02644962818501
C            2.79464274414135        1.02702905782240       -0.22388130326286
C            3.46783179966283       -0.11085408552149       -0.62969741816931
C            2.77458054928378       -1.28855289511211       -0.84422578834605
C            1.40828281795043       -1.29170409943638       -0.64728806862127
F            0.72515101709766       -2.43633480388025       -0.87173548456455
C            0.70896554098910       -0.15878508078056       -0.24810295383191
C           -0.75655663280663       -0.24380997069466       -0.06854599335674
C           -1.29868124605921       -1.04051970762662        0.94739781918348
O           -0.43662776610319       -1.66181181135518        1.78873701346036
C           -2.67710053175013       -1.15373737702918        1.08405935485033
C           -3.52584302878484       -0.48456768662796        0.22131523827019
C           -3.01306987396688        0.30960935254444       -0.78764271568421
C           -1.64024740967341        0.41170294301780       -0.91347834178427
F           -1.14030707387863        1.17411007297647       -1.90990566644709
H            0.22677545768615        2.74138728721341       -0.43410213892031
H           -0.05862639371176        2.02937702903764        1.15088758171676
H            1.41072825519979        2.97205307347116        0.85052139943891
H            3.34539260070291        1.94042028316621       -0.05383946171139
H            4.53669187095633       -0.08355946347202       -0.77753133861033
H            3.27077042329243       -2.19260603377349       -1.15939709668602
H           -0.92321224864222       -2.22316555395460        2.40383276325819
H           -3.08261518506983       -1.77471578462423        1.87118252791925
H           -4.59384425915262       -0.58454841699129        0.33624403299867
H           -3.65269283444880        0.83771830505207       -1.47557546305509
