26
 energy: -46.443076818270 gnorm: 0.109303860239 xtb: 6.6.1 (8d0f1dd)
C           -1.15990800000000       -1.80389300000000       -0.45278700000000
C           -1.56303400000000       -0.47914600000000        0.05231800000000
C           -2.88383100000000       -0.27617900000000        0.39460000000000
C           -3.26152900000000        0.96117000000000        0.86661600000000
C           -2.30961200000000        1.96766200000000        0.98564000000000
C           -0.98041700000000        1.75715300000000        0.63919700000000
F           -0.03839700000000        2.72106500000000        0.74677200000000
C           -0.60666600000000        0.50538200000000        0.16344000000000
C            0.76188900000000        0.18365800000000       -0.22650200000000
C            1.63900600000000       -0.31906300000000        0.69724200000000
O            1.23358400000000       -0.52545500000000        2.00674500000000
C            2.91731100000000       -0.61196100000000        0.30302000000000
C            3.36374800000000       -0.42669400000000       -0.97274400000000
C            2.46138200000000        0.08243900000000       -1.89118000000000
C            1.18802000000000        0.38324900000000       -1.53428800000000
F            0.27968100000000        0.88260300000000       -2.40669600000000
H           -1.56369600000000       -2.59053300000000        0.21772700000000
H           -0.05122300000000       -1.91526900000000       -0.48033300000000
H           -1.53792300000000       -1.91416300000000       -1.48821600000000
H           -3.60556400000000       -1.07058500000000        0.29443400000000
H           -4.26417900000000        1.20970000000000        1.15640800000000
H           -2.58123400000000        2.94568500000000        1.35306400000000
H            1.80654300000000       -0.26429900000000        2.81697000000000
H            3.64495700000000       -1.01681500000000        1.02114100000000
H            4.36246600000000       -0.64428200000000       -1.32522000000000
H            2.74862500000000        0.25857000000000       -2.93736900000000
26
 energy: -46.457783971067 gnorm: 0.046313571696 xtb: 6.6.1 (8d0f1dd)
C           -1.17183684034745       -1.83617272174422       -0.45896832817443
C           -1.56801740352962       -0.49488217692045        0.05703161699055
C           -2.88966390603068       -0.26172596524414        0.40307691217192
C           -3.26224129205642        0.98231962246043        0.87220297104995
C           -2.31700098283016        1.98971969627131        0.99321352215483
C           -1.00151265681174        1.75663329037309        0.64214375757791
F           -0.06797648733380        2.72517843869873        0.75809327809752
C           -0.61650202651822        0.50825155445494        0.17038747454645
C            0.77428855901335        0.21894029743670       -0.21058048265039
C            1.66757597322953       -0.28308456301662        0.72251153427753
O            1.21909288751356       -0.51178182321850        1.99925602480054
C            2.95480962598683       -0.60468091647091        0.32129138415735
C            3.37333060605936       -0.42237149751768       -0.97922135215167
C            2.47662379813980        0.08790456864497       -1.90948440507185
C            1.19740709989752        0.39511233893645       -1.52616046442021
F            0.29684104334596        0.87762221233464       -2.40983987791038
H           -1.58291799753911       -2.62101276077000        0.17818911521684
H           -0.08582697153631       -1.96033165331913       -0.48670483228610
H           -1.54701965033653       -1.96280161730536       -1.47741450834716
H           -3.61493735595014       -1.05425166974764        0.30319654844961
H           -4.27476074977142        1.21218544872762        1.15785068995182
H           -2.58880957086830        2.96691793184915        1.36074391685531
H            1.83687436898877       -0.29336154127054        2.73723942086322
H            3.65962774193629       -1.01473934076737        1.03990808433248
H            4.37035851620736       -0.65400593672905       -1.31441458707333
H            2.76219267114157        0.25441778385354       -2.94354841340831
26
 energy: -46.462264967511 gnorm: 0.013627089570 xtb: 6.6.1 (8d0f1dd)
C           -1.18975569701725       -1.86411628788533       -0.46484851937544
C           -1.57663860952133       -0.51167896854195        0.05435961777020
C           -2.89505001207241       -0.24811254795688        0.40916131030157
C           -3.26313185124561        0.99893828196635        0.87805454985752
C           -2.32176085494554        2.00624045615210        1.00173590886351
C           -1.01525135360228        1.74364008359584        0.64763040749511
F           -0.08694478089663        2.71678350540787        0.76809126582330
C           -0.62504782194036        0.49890149246127        0.17183691619957
C            0.78037576311320        0.23130805606445       -0.20662737324422
C            1.68474569215612       -0.26949497682044        0.73163189107803
O            1.21214044638436       -0.48388315250867        1.98985273459429
C            2.98133860938384       -0.59055336427827        0.33553158645887
C            3.37786618131460       -0.40627271765121       -0.97761889975715
C            2.49155646164823        0.09744385986490       -1.91897063884670
C            1.20745097510858        0.40349950460661       -1.51846135926280
F            0.32035396115928        0.87259592976150       -2.41865569459761
H           -1.61827074877084       -2.64271526847401        0.15758136628663
H           -0.11273139507093       -1.98345602169678       -0.48361948896675
H           -1.56671680090377       -1.99101649237056       -1.47677799516266
H           -3.62721461218100       -1.03571828446492        0.31311375382549
H           -4.28583429374004        1.20616100387442        1.15672524287629
H           -2.59087766817738        2.98477259067068        1.36710470582556
H            1.89088096358730       -0.32655505830489        2.65960794227722
H            3.67261232848963       -0.99307504455780        1.05938416190913
H            4.37742246768052       -0.66002634458688       -1.29006615962831
H            2.77848165005967        0.24638876567260       -2.94575823260068
26
 energy: -46.463430737723 gnorm: 0.023339304550 xtb: 6.6.1 (8d0f1dd)
C           -1.21385932250643       -1.87916573570286       -0.46618714018756
C           -1.58628705139733       -0.51967693921987        0.05148287119247
C           -2.90097771420388       -0.24101949260520        0.41208552300701
C           -3.26616711342157        1.00693458268410        0.88018812925712
C           -2.32307804372713        2.01216499242158        1.00326864923813
C           -1.01982389967263        1.73398074325638        0.64503801399361
F           -0.08946865948551        2.70641257883479        0.76907460628195
C           -0.63067807442492        0.49029267461293        0.16664827334811
C            0.77961551350605        0.23368586476679       -0.21287917225820
C            1.68976942760122       -0.25454518422471        0.73100341242167
O            1.21942895238376       -0.45344924230066        1.99005524612490
C            2.99038341892560       -0.56819981825738        0.34351468854507
C            3.38253313621102       -0.39057921323157       -0.97179910423134
C            2.50197138475345        0.10332588207712       -1.91971512731896
C            1.21299606529514        0.40384120775727       -1.51993444589891
F            0.33585433285618        0.86620696202909       -2.43331137064318
H           -1.65912448214749       -2.65364711492401        0.15221189734108
H           -0.13793379419117       -2.01298457770135       -0.47803945479871
H           -1.58807401766957       -2.00332430345222       -1.48048598345897
H           -3.63985801872967       -1.02343928620888        0.32048444464410
H           -4.29236024792047        1.20371609269596        1.15518328737628
H           -2.58585335051469        2.99224392563830        1.36843044029839
H            1.95886212915442       -0.38916373475031        2.63077197130826
H            3.68044628904393       -0.95888124111445        1.07504475667577
H            4.38768182880600       -0.64965057040630       -1.26692281495546
H            2.79400031147560        0.24491994732543       -2.94521259730264
26
 energy: -46.464383332804 gnorm: 0.019043746440 xtb: 6.6.1 (8d0f1dd)
C           -1.24827548570664       -1.89416130441922       -0.46773693644608
C           -1.59933131613467       -0.52891313127773        0.04915305826503
C           -2.90856388281037       -0.23441049017817        0.41669105033635
C           -3.26669845057452        1.01527835895392        0.88500073698207
C           -2.31641208880070        2.01389057939898        1.00603780253855
C           -1.01656717514948        1.71821058364370        0.64201866137743
F           -0.07962330286360        2.68646214834413        0.76609146728785
C           -0.63437800118800        0.47382372962303        0.15994033882192
C            0.77715499686222        0.22155903256608       -0.22403654092958
C            1.69701121348263       -0.24240224617342        0.72647235764578
O            1.23441774328275       -0.43389657930076        1.98833506999289
C            3.00415861380150       -0.53203739260520        0.35095545668648
C            3.39502660232252       -0.36475589219232       -0.96539070893346
C            2.51466429186523        0.10922792303472       -1.91932865894941
C            1.21824876999833        0.39500604375668       -1.52492921025050
F            0.34925776293483        0.84896192707334       -2.45141170909949
H           -1.71557807908420       -2.66304861093340        0.14635418692703
H           -0.17256081356984       -2.05003947422794       -0.47046388640246
H           -1.61649859730119       -2.01039015111081       -1.48722874607410
H           -3.65738152568177       -1.00869681341605        0.33059763399053
H           -4.29366067244442        1.20711757048763        1.15843046555894
H           -2.56709256505616        2.99675395944788        1.37170986221713
H            1.98699158184367       -0.44522554994072        2.61012146632711
H            3.69750360733239       -0.90531726719282        1.09107956962737
H            4.40716974031748       -0.62042260186917       -1.24368888828025
H            2.81101603232193        0.24742464850761       -2.94477489921717
26
 energy: -46.465155105292 gnorm: 0.010993469831 xtb: 6.6.1 (8d0f1dd)
C           -1.28249704928436       -1.90352219956679       -0.47020418543518
C           -1.61331964267612       -0.53607663538888        0.04687187546112
C           -2.91720529320490       -0.23080075356928        0.41939563375085
C           -3.26498299729321        1.02163187910867        0.88935495073370
C           -2.30373676369954        2.01017067531938        1.00790479174342
C           -1.00751300491035        1.70211951686695        0.63905679224691
F           -0.06098387274715        2.66299260247721        0.75993770309605
C           -0.63693098466479        0.45547374946971        0.15334213016442
C            0.77229391265504        0.20078952239611       -0.23406239062584
C            1.69971119835618       -0.23662774734334        0.72236988516956
O            1.24980355781231       -0.41773056329371        1.99067540381797
C            3.01333251136894       -0.49914369304865        0.35660148599495
C            3.41092054949738       -0.33742405278323       -0.95837085563182
C            2.52435172030792        0.11153439599638       -1.91656860497586
C            1.22014592635671        0.37750974074802       -1.53105180190331
F            0.35280299533232        0.81722467074989       -2.46753044584221
H           -1.77059017939599       -2.66651815693486        0.13700274314985
H           -0.20834893995614       -2.08094525998687       -0.46168200665769
H           -1.64011471012974       -2.00945329605115       -1.49572542346568
H           -3.67546475601221       -0.99658239718134        0.33696056703016
H           -4.28940045791153        1.21885548381145        1.16417117642269
H           -2.53972304435088        2.99614307991870        1.37473075831422
H            1.99903427232084       -0.49494543237802        2.59964483233394
H            3.71530265851555       -0.84456674347756        1.10510654203533
H            4.43100237103357       -0.57235009047987       -1.22545331844627
H            2.82210902267995        0.25224070462103       -2.94247923848135
26
 energy: -46.465577136291 gnorm: 0.016423913436 xtb: 6.6.1 (8d0f1dd)
C           -1.31471349032853       -1.91109305920243       -0.47453045568476
C           -1.62785854287161       -0.54253286667054        0.04413458442523
C           -2.92697814268685       -0.22763090892273        0.42107797576531
C           -3.26116242625406        1.02840347998915        0.89371213177923
C           -2.28782700825526        2.00524531969829        1.00848398739735
C           -0.99641922200730        1.68728213668564        0.63453135194620
F           -0.03939332472757        2.63880238152102        0.74952575132823
C           -0.63991105568823        0.43716850416943        0.14626430097810
C            0.76699730924001        0.17864709857357       -0.24107979751731
C            1.69998948318415       -0.22857443942224        0.72249412810523
O            1.25933589027751       -0.39269716754679        1.99650974040592
C            3.02002431998792       -0.46572669778532        0.36431589843025
C            3.42825836836358       -0.30454349933175       -0.94846217931932
C            2.53150445393894        0.11152012146535       -1.91280179254459
C            1.21918213855069        0.35190851829286       -1.53751985303945
F            0.34754174796029        0.76624067091824       -2.48299622352925
H           -1.82466492862928       -2.66793776222964        0.12120866339777
H           -0.24420593174641       -2.10756676868391       -0.45220649062833
H           -1.65824939919567       -2.00512297312804       -1.50592752692310
H           -3.69369698792036       -0.98511828249569        0.34130329539499
H           -4.28141952484674        1.23803893344289        1.17306028270287
H           -2.50849858701729        2.99416024514343        1.37698845888692
H            2.01771109820442       -0.56481738102828        2.58969661375219
H            3.72991789266512       -0.78121307983339        1.11955006363092
H            4.45644092774544       -0.50864594126965       -1.20822784180075
H            2.82809394205685        0.25580241765048       -2.93910606733993
26
 energy: -46.465783696425 gnorm: 0.015298731012 xtb: 6.6.1 (8d0f1dd)
C           -1.33583895622815       -1.91515070553201       -0.48222972389222
C           -1.63771866455595       -0.54745355750802        0.04209652486094
C           -2.93409259715553       -0.22583344184166        0.42155717420373
C           -3.25375389816764        1.03285081701069        0.89891359129928
C           -2.26943522970202        1.99865717714014        1.01102310485014
C           -0.98191883888047        1.67495653814578        0.63363758387260
F           -0.01562369111348        2.61662400596575        0.74267829073543
C           -0.63960875992651        0.42059021691502        0.14356251669549
C            0.76464847190975        0.15407452738673       -0.24222311847255
C            1.70082674781944       -0.23019423089521        0.72507280486493
O            1.26435374406411       -0.38626955735274        2.00130235545150
C            3.02619658711857       -0.44242187446558        0.36953343502459
C            3.44265974915426       -0.27590576705857       -0.94070624693536
C            2.53377003125745        0.10992051171691       -1.90916798343198
C            1.21620576933752        0.32426980728932       -1.54115515408195
F            0.33407079574658        0.71224699060299       -2.48860490779750
H           -1.86284406749608       -2.66904817636728        0.10001456564106
H           -0.26914583935725       -2.12457831760227       -0.44815201485759
H           -1.66614636284233       -1.99594169528867       -1.51859784659432
H           -3.70669409714911       -0.97656855305721        0.34105368246119
H           -4.26876163853582        1.26016345984047        1.18517842072415
H           -2.47855199476451        2.98935920975362        1.38209003540211
H            1.99433085082927       -0.57696887969691        2.58568568974704
H            3.74143500739346       -0.73848186374682        1.12602713893927
H            4.47558594630707       -0.44794639229301       -1.20221688435319
H            2.82604993493709        0.25904875093848       -2.93637403435690
26
 energy: -46.465959170133 gnorm: 0.004500097788 xtb: 6.6.1 (8d0f1dd)
C           -1.33724476742169       -1.91699075714556       -0.48466867676777
C           -1.63844025560469       -0.54820632416097        0.04128313793416
C           -2.93474288685014       -0.22371718656151        0.42154827498215
C           -3.25199415770463        1.03481826402447        0.89953251786519
C           -2.26754983653460        2.00025058019932        1.01127685318236
C           -0.98085541806672        1.67436143106434        0.63325150816944
F           -0.01420139465837        2.61488400845109        0.74113642231809
C           -0.64002817294961        0.41950243845632        0.14356030172767
C            0.76580158984492        0.15503326078775       -0.24065308881130
C            1.70275837885536       -0.22339193745731        0.72825194575119
O            1.26283013784671       -0.37912820909101        2.00243896892323
C            3.02795438171303       -0.43592401962999        0.37207876937270
C            3.44099720607124       -0.27094664501430       -0.93919375450936
C            2.53268331823671        0.10955445153589       -1.90965568484126
C            1.21510211503351        0.31920329557584       -1.54130924876329
F            0.32986853301179        0.69592887181359       -2.48998723133563
H           -1.87069996753063       -2.67067927182951        0.09226307697483
H           -0.27150624142436       -2.12964171877812       -0.44507407311397
H           -1.66259229627941       -1.99435631680952       -1.52270444676504
H           -3.70776762512524       -0.97391684490345        0.34101758363676
H           -4.26655178275297        1.26361128602892        1.18730821930882
H           -2.47681477393933        2.99079717989084        1.38230267654726
H            2.00138955489308       -0.59980343879985        2.58382060278344
H            3.74264989714633       -0.72864790181773        1.12955092379902
H            4.47438848582212       -0.43771161235918       -1.20027534365372
H            2.82456497836729        0.25511611652963       -2.93710123471505
26
 energy: -46.466005609824 gnorm: 0.002728893243 xtb: 6.6.1 (8d0f1dd)
C           -1.33603058038396       -1.91693941637645       -0.48834784922068
C           -1.63825695523871       -0.54825359159183        0.04040621606002
C           -2.93476375112462       -0.22211892467114        0.42087965074516
C           -3.24990333279108        1.03584146736609        0.90004729010288
C           -2.26552569288641        2.00138803821306        1.01261801096907
C           -0.97911485463683        1.67425295823751        0.63482075546712
F           -0.01204910167273        2.61340338112446        0.74256452493474
C           -0.63990792765793        0.41893066992079        0.14506355056629
C            0.76684794748290        0.15470831119017       -0.23802821521079
C            1.70401943553584       -0.22067629134254        0.73125619143549
O            1.26209583518871       -0.37687436951630        2.00422423069950
C            3.02929705904657       -0.43243047637005        0.37366456705790
C            3.43811423326093       -0.26772379048824       -0.93837174514077
C            2.52972253289221        0.10769355978498       -1.91042299458998
C            1.21262994531015        0.31318764429123       -1.54087194280845
F            0.32350562646006        0.68015166985526       -2.48865383006294
H           -1.87507976441979       -2.67150606591826        0.08202980277689
H           -0.27114815548951       -2.13146902420440       -0.44205924353765
H           -1.65453400172488       -1.98982532288509       -1.52873936957574
H           -3.70774350046256       -0.97208730238781        0.33896286259234
H           -4.26392912215733        1.26647052380949        1.18902604878604
H           -2.47611045971751        2.99145551926847        1.38393959253518
H            2.00100107677600       -0.60419845274479        2.58340714955951
H            3.74422847096977       -0.72244093671078        1.13159777338443
H            4.47135610125479       -0.43056064506921       -1.20080514681292
H            2.82127793618563        0.24961986721533       -2.93820888071277
26
 energy: -46.466044851889 gnorm: 0.001821121418 xtb: 6.6.1 (8d0f1dd)
C           -1.33538280333031       -1.91537015452335       -0.49489238311078
C           -1.63889163049904       -0.54797820363372        0.03875900645507
C           -2.93552215055972       -0.21992282342814        0.41909878017045
C           -3.24722115658790        1.03721629883714        0.90068639280695
C           -2.26193800443612        2.00222344843102        1.01572115864235
C           -0.97578487675766        1.67335846774042        0.63882223584247
F           -0.00696995629301        2.60962494821865        0.74739928192034
C           -0.63989902333526        0.41737848454748        0.14792335163010
C            0.76734158297006        0.15212919455792       -0.23432543316538
C            1.70566024513170       -0.21695708423332        0.73546974072470
O            1.26402332533769       -0.37308487003265        2.00832041359230
C            3.03181636622718       -0.42488629351033        0.37607143568450
C            3.43515974849684       -0.26122932599753       -0.93683964556053
C            2.52436841239018        0.10263650876959       -1.91165261696405
C            1.20735863211689        0.30124478904024       -1.54067998398935
F            0.31141647045392        0.65186186155127       -2.48710272315812
H           -1.88604321032630       -2.67160927147653        0.06236981167237
H           -0.27194146517431       -2.13433510343585       -0.43448233943002
H           -1.63883151126934       -1.97903161678018       -1.54063473729221
H           -3.70903495150117       -0.96895278248871        0.33426602745516
H           -4.26041404874259        1.27115327760900        1.19073260747057
H           -2.47391980165736        2.99159006002249        1.38808881580205
H            2.00198000539596       -0.60770607463918        2.58411335979067
H            3.74836594167949       -0.70964106758473        1.13441450635859
H            4.46891050900635       -0.41787103172008       -1.20136662375297
H            2.81539235126356        0.23815736415904       -2.94028143959534
26
 energy: -46.466075438620 gnorm: 0.003072893723 xtb: 6.6.1 (8d0f1dd)
C           -1.33414410699661       -1.91150204589343       -0.50248105628733
C           -1.63963253259035       -0.54685768742785        0.03677210865034
C           -2.93650255224433       -0.21828817144186        0.41624308417061
C           -3.24612945654712        1.03774884247204        0.90087084115951
C           -2.25983908541212        2.00189748652359        1.02051485034157
C           -0.97340597271714        1.67223866285225        0.64560549618691
F           -0.00269276222176        2.60584190946032        0.75745438035077
C           -0.63995126900196        0.41657151257149        0.15190039835532
C            0.76711702504352        0.14982797286589       -0.23045445199053
C            1.70740205873884       -0.21241057393127        0.73926669613296
O            1.26929735514576       -0.36661946433041        2.01381204998741
C            3.03403236872312       -0.41724979274557        0.37768377824756
C            3.43209058470364       -0.25797706400574       -0.93664768680463
C            2.51808653730995        0.09418175654895       -1.91303613624014
C            1.20154151216242        0.28889847071998       -1.54005582900137
F            0.29940049823495        0.62438981366990       -2.48511222727156
H           -1.89894223202274       -2.66983480813933        0.03748730827951
H           -0.27282103079653       -2.13625751373757       -0.42364204798924
H           -1.61691000472154       -1.96417467061911       -1.55489802324427
H           -3.71082318953695       -0.96608922281729        0.32746607204931
H           -4.25911024431136        1.27359857972622        1.19016888341220
H           -2.47331394619800        2.99025789672123        1.39478130845400
H            2.00732236538549       -0.60302291326980        2.58643205285486
H            3.75320782665441       -0.69614956994633        1.13594586015443
H            4.46632105652832       -0.41056497827871       -1.20323352749729
H            2.80839819668784        0.22154457245240       -2.94284518246099
26
 energy: -46.466114666473 gnorm: 0.003664131080 xtb: 6.6.1 (8d0f1dd)
C           -1.33267818793157       -1.90711233214089       -0.50919004707223
C           -1.64012529383578       -0.54541414921975        0.03487371319191
C           -2.93738710892649       -0.21748330566890        0.41291751009265
C           -3.24687262309705        1.03737389786089        0.90075500332728
C           -2.25992823450582        2.00043631693653        1.02599227861522
C           -0.97282980916108        1.67101140406686        0.65333407734972
F           -0.00101767394536        2.60313530402313        0.77010767363364
C           -0.63993197130658        0.41672012695529        0.15579570482541
C            0.76664504015725        0.14904047675957       -0.22733318870832
C            1.70940768699456       -0.20710005022415        0.74192514716345
O            1.27594542816467       -0.35750794710152        2.01888666699106
C            3.03571923158760       -0.41130758507997        0.37824856939468
C            3.43009844348290       -0.25880752462194       -0.93782794136034
C            2.51292874302733        0.08462159538774       -1.91433543933685
C            1.19711363964777        0.27950617008966       -1.53918145499018
F            0.29135401763092        0.60553264788783       -2.48349983219959
H           -1.91187617412858       -2.66693408720001        0.01335398202714
H           -0.27387322662712       -2.13837903179198       -0.41182278275934
H           -1.59445082911425       -1.94944264430399       -1.56774067916801
H           -3.71245628244347       -0.96411696768894        0.32026631126663
H           -4.26036789347214        1.27310087157761        1.18798807880114
H           -2.47434009625495        2.98770813051492        1.40271566203082
H            2.01570302087303       -0.59185427705509        2.58931702441237
H            3.75731033671511       -0.68561791786018        1.13595164932698
H            4.46409681841493       -0.41145733695587       -1.20602686402481
H            2.80181199805388        0.20434721485312       -2.94547182283050
26
 energy: -46.466227472522 gnorm: 0.008154465682 xtb: 6.6.1 (8d0f1dd)
C           -1.32710008940307       -1.89085145416356       -0.53500793707548
C           -1.64156390131372       -0.53985602604741        0.02730837228619
C           -2.94046527979087       -0.21504310309688        0.39983673011537
C           -3.25086117367027        1.03498668115604        0.90079071709065
C           -2.26194445014155        1.99356605206363        1.04840262127423
C           -0.97206799254990        1.66587858755852        0.68377868532286
F            0.00253748235896        2.59360576185854        0.82094465016585
C           -0.63959596344394        0.41809202211487        0.17013130517049
C            0.76519222345857        0.14794133122699       -0.21596509708873
C            1.71781231339642       -0.18530534809221        0.75140235830599
O            1.30122528904385       -0.31801375104874        2.03733521485189
C            3.04185390995128       -0.39089639637152        0.37963136246549
C            3.42334458641269       -0.26706260102129       -0.94351916550117
C            2.49465984230443        0.04690258296275       -1.91923767200184
C            1.18198431444630        0.24631947274349       -1.53564553117378
F            0.26468814815445        0.54124780742028       -2.47830279741930
H           -1.96117985484632       -2.65485896157120       -0.07956958532985
H           -0.27942152385718       -2.14833514232374       -0.36702666811785
H           -1.50862916918209       -1.89415787030645       -1.61565127201679
H           -3.71813122414955       -0.95727149082299        0.29170583825255
H           -4.26683826001077        1.26874876546549        1.17971584428413
H           -2.47894855902014        2.97642346132102        1.43567910876513
H            2.04869067476940       -0.54036761742637        2.60081342247105
H            3.77244068034952       -0.64747251372161        1.13555584576875
H            4.45596651902462       -0.42277674353163       -1.21740076563009
H            2.77635045770873        0.13855549365399       -2.95570658523571
26
 energy: -46.466338780271 gnorm: 0.007964236500 xtb: 6.6.1 (8d0f1dd)
C           -1.32199908580529       -1.87949599973397       -0.55166922249576
C           -1.64176737850986       -0.53542491833938        0.02135921118858
C           -2.94176783129254       -0.21436187215158        0.39098769866545
C           -3.25494687497273        1.03221140981697        0.90041557261099
C           -2.26569231158405        1.98804076852761        1.06356603299901
C           -0.97353923853815        1.66283654023433        0.70398268132147
F            0.00153383329996        2.58885725409875        0.85690583139215
C           -0.63939043624081        0.42083860693316        0.17796206687624
C            0.76427568843107        0.14948439571225       -0.20951248315697
C            1.72275777303924       -0.17176187812411        0.75626020723894
O            1.31639145935371       -0.29098783541034        2.04774223731441
C            3.04446269377721       -0.38232690134598        0.37961052369925
C            3.41925897577189       -0.27863098187756       -0.94773082397395
C            2.48454500994244        0.02203700118146       -1.92142272809033
C            1.17439384212981        0.22940680493742       -1.53255467976105
F            0.25291583599763        0.51249170411032       -2.47429223678193
H           -1.97488405429644       -2.64353710973597       -0.13135685694994
H           -0.28413027321809       -2.14931648157736       -0.35385406417971
H           -1.46502391015060       -1.86661458384508       -1.63691482752213
H           -3.72055590586279       -0.95399228162857        0.27154522587047
H           -4.27325632378321        1.26294976723189        1.17253637632377
H           -2.48409895405618        2.96762781211575        1.45871410255692
H            2.06967040410039       -0.49588155519136        2.60953656177533
H            3.77982196049829       -0.63004825002173        1.13401740229599
H            4.45011261976283       -0.44154213982678       -1.22487954626132
H            2.76091148220614        0.09713972390991       -2.96095526295585
26
 energy: -46.466513133405 gnorm: 0.006503381444 xtb: 6.6.1 (8d0f1dd)
C           -1.31947742138045       -1.86733092221686       -0.57642365465398
C           -1.64251663279890       -0.53047305312873        0.01100122145526
C           -2.94393317651786       -0.21248492053558        0.37609498053510
C           -3.25881030284817        1.02798024130947        0.90176077399198
C           -2.26850442355407        1.97788421658507        1.08637554318227
C           -0.97423419010679        1.65536737120853        0.73112695342711
F            0.00027797587911        2.57903095908872        0.90364962997234
C           -0.63834535458056        0.42192031338119        0.18717032143368
C            0.76421516199193        0.15078589286820       -0.20176028214806
C            1.73143032410608       -0.14944239847300        0.76293936262854
O            1.33579525556540       -0.24459909727252        2.05983699115007
C            3.04993579107788       -0.36751486082594        0.38060581614906
C            3.41696551833184       -0.29295199208682       -0.95155921625152
C            2.47354475229474       -0.01213416641926       -1.92302665649680
C            1.16608475815307        0.20441242982113       -1.52867320859212
F            0.23900815348541        0.47049835515678       -2.47114535813937
H           -2.00494170418932       -2.62814100132077       -0.20564940918033
H           -0.29729753873179       -2.16132763082378       -0.33880348698150
H           -1.41359929901180       -1.82808869636848       -1.66373052550013
H           -3.72387734267513       -0.94832235858005        0.24240008032927
H           -4.27904750114422        1.25584440175517        1.16886735228227
H           -2.48593543368822        2.95257267310681        1.49428597613848
H            2.09669461427070       -0.43260436429541        2.61933403159570
H            3.79137911849429       -0.59971187124970        1.13405816660490
H            4.44548156407209       -0.46352671049254       -1.23236566322982
H            2.73970633350465        0.04235618980846       -2.96637073970231
26
 energy: -46.466744203276 gnorm: 0.005594327174 xtb: 6.6.1 (8d0f1dd)
C           -1.32121494331762       -1.85345244388436       -0.61515117774397
C           -1.64422687344329       -0.52525365943637       -0.00450669006640
C           -2.94716256542781       -0.20956749659296        0.35561744896858
C           -3.26209085378461        1.02083891664874        0.90713678454417
C           -2.26980081371829        1.96063435728309        1.12142732606104
C           -0.97372203159930        1.64133695935857        0.76791658112141
F           -0.00099809310638        2.56097125680766        0.96604603464718
C           -0.63658596306573        0.42026203637622        0.19838824055447
C            0.76511723028772        0.15122294510401       -0.19215634311041
C            1.74466453639071       -0.11467872313240        0.77213059537944
O            1.35982640182489       -0.16923145679169        2.07377140132253
C            3.05856204456472       -0.34524707359726        0.38278032194540
C            3.41448085052648       -0.31446785429688       -0.95525584418255
C            2.46055732942101       -0.06091457493876       -1.92391339890311
C            1.15668798995233        0.16693634274281       -1.52344005770286
F            0.22335871275770        0.41179139588574       -2.46755601818615
H           -2.04922642246103       -2.60499778786859       -0.31246038719115
H           -0.32456857581170       -2.18406073790219       -0.32231009950609
H           -1.34412341487769       -1.77390712122086       -1.70483087735718
H           -3.72881658489036       -0.93903627649928        0.19940120534035
H           -4.28370455265718        1.24666220279599        1.17115447201794
H           -2.48321572253817        2.92749739372081        1.55000029292368
H            2.12893766430784       -0.33374937441518        2.63257447359795
H            3.80767466996781       -0.55167574501358        1.13638187935321
H            4.43934194338418       -0.49398520195691       -1.24084341855725
H            2.71024703731378       -0.03392927917622       -2.97230374527003
26
 energy: -46.465972133964 gnorm: 0.028199416431 xtb: 6.6.1 (8d0f1dd)
C           -1.33501759631143       -1.85388753395711       -0.64440927727656
C           -1.64597972203005       -0.52510116143135       -0.02020809666740
C           -2.94820373778963       -0.20806411086163        0.34240331672174
C           -3.26009307731641        1.01162055195202        0.91875548047082
C           -2.26611587730727        1.94006410325527        1.14946995397327
C           -0.97179760784767        1.62326075989309        0.78446367415310
F           -0.00467225497197        2.54068594484289        0.99461207861833
C           -0.63437776782189        0.41327614839994        0.19476895425620
C            0.76825703979003        0.15077460565383       -0.19463705051024
C            1.75326164165730       -0.08831457366333        0.77197235099951
O            1.36202162530148       -0.09740628745884        2.06784301532278
C            3.06404873476394       -0.33464347844742        0.38474765101917
C            3.42024174751895       -0.33545718026202       -0.95129869075427
C            2.46636065961290       -0.08786137708054       -1.91794153177098
C            1.16345464621610        0.15009280425865       -1.52091384106288
F            0.23650238059295        0.40234372051344       -2.47081060427915
H           -2.06121590528128       -2.58193416333156       -0.36121174196011
H           -0.36538987461844       -2.21078141702693       -0.35671678931041
H           -1.34973811711973       -1.76310806129254       -1.70805748320082
H           -3.72946245656673       -0.93231408710051        0.17051071354481
H           -4.27961520260890        1.23811340496080        1.19171176859847
H           -2.46843710919140        2.89954515162031        1.59809336157234
H            2.13061430598257       -0.23927450209976        2.63743004298810
H            3.81273827734655       -0.52097412710471        1.14174313836913
H            4.44179482679874       -0.52340143838722       -1.23565805375626
H            2.70081942120131       -0.06725469584458       -2.96666334005845
26
 energy: -46.466914137327 gnorm: 0.004478480637 xtb: 6.6.1 (8d0f1dd)
C           -1.33049436819507       -1.84632115781517       -0.64981847495869
C           -1.64707830383768       -0.52308093636610       -0.02010368101710
C           -2.94957126364971       -0.20708526600783        0.34149861237908
C           -3.26073394991550        1.01267311686854        0.91787306413412
C           -2.26512958025390        1.94173557398419        1.15401873076919
C           -0.96972962979973        1.62457404306079        0.79375734536638
F            0.00189002105033        2.53884622960052        1.00923385674171
C           -0.63514679071315        0.41414182955136        0.20120146448086
C            0.76640031011421        0.14818023307012       -0.19002722246646
C            1.75376983515356       -0.08497813009374        0.77574853118569
O            1.37243323401858       -0.09511272938289        2.07751766526310
C            3.06562889546068       -0.32439866135720        0.38571893571825
C            3.41511272892393       -0.32974284641412       -0.95348642165792
C            2.45637625745179       -0.09811226106711       -1.92242038346267
C            1.15423296036013        0.13636753780756       -1.52140329151777
F            0.21938250149611        0.36808650664537       -2.46923557995428
H           -2.09335502612387       -2.58267060408713       -0.40022983978606
H           -0.35952748756639       -2.21371292704043       -0.32011838685310
H           -1.30153921886815       -1.73824268865950       -1.73377323357919
H           -3.73264155617235       -0.93008524370214        0.16650906960431
H           -4.28129820353262        1.23925445865669        1.18635243526980
H           -2.47156451167098        2.90062872312401        1.60279007416638
H            2.14284887112249       -0.23956735895321        2.64071814948716
H            3.81836790876116       -0.50606012100865        1.14148118948379
H            4.43758773911198       -0.51510151432046       -1.24041594569938
H            2.69377762727420       -0.09021680609326       -2.97338766309694
26
 energy: -46.466945923081 gnorm: 0.006696972085 xtb: 6.6.1 (8d0f1dd)
C           -1.33466281756043       -1.83665615025982       -0.67842544427893
C           -1.64992805540174       -0.51991457871670       -0.03265970944976
C           -2.95226422608840       -0.20470311628871        0.32999031843351
C           -3.26055873933605        1.00727549917429        0.92495376694076
C           -2.26203849033321        1.92889870778837        1.17948731678369
C           -0.96658594887643        1.61338535275665        0.81687782879356
F            0.00638320517100        2.52219226502399        1.04886044940467
C           -0.63487567173002        0.41101073287427        0.20535177639474
C            0.76611351034467        0.14544015710557       -0.18664652777481
C            1.75978765662278       -0.06229273966361        0.78015010964040
O            1.38438673793717       -0.04287108073532        2.08363876426393
C            3.07052251313258       -0.30633097663273        0.38869842306659
C            3.41317533422922       -0.34034999003997       -0.95282782527052
C            2.44929134792260       -0.13044318740446       -1.92304265458403
C            1.14852776144154        0.10850153380004       -1.52036946624047
F            0.20964780283992        0.32260438255230       -2.47066919286109
H           -2.12105279566326       -2.56385816710407       -0.47183227138595
H           -0.38238320004049       -2.22672587794078       -0.31579173148910
H           -1.25934284161512       -1.70721505135197       -1.76170271708203
H           -3.73703772093187       -0.92265948156308        0.14076192594968
H           -4.28097714995958        1.23387495120221        1.19446881951376
H           -2.46527212603334        2.88144382858394        1.64373987408444
H            2.15728683975830       -0.17142702361098        2.64884635742177
H            3.82729957710017       -0.46859889829546        1.14563400144400
H            4.43464165799533       -0.52909624056490       -1.24114442533651
H            2.67991483907477       -0.14148585068883       -2.97634876638200
26
 energy: -46.467012455701 gnorm: 0.003296714681 xtb: 6.6.1 (8d0f1dd)
C           -1.33749705481422       -1.83639154073344       -0.67867610163860
C           -1.65163179625764       -0.52030716685100       -0.03405030269481
C           -2.95273547041275       -0.20448111791626        0.33343173773127
C           -3.25806058234286        1.00681128443630        0.92839102525791
C           -2.25810487638899        1.92863013616086        1.17934103116846
C           -0.96394716632584        1.61261983261770        0.81357688329841
F            0.01224863159746        2.51868228349274        1.04355447643424
C           -0.63607407824476        0.40945461866523        0.20153248492348
C            0.76489731183030        0.14260270337167       -0.19034942592158
C            1.75558324697333       -0.06480794881105        0.77760673540414
O            1.37892899882540       -0.04637035659504        2.07941153943199
C            3.06859700449083       -0.30436445000585        0.38984850624240
C            3.41245322808074       -0.33567247877079       -0.94985525329328
C            2.45150391181026       -0.12770201820737       -1.92330205507587
C            1.14939217391232        0.10760740776263       -1.52343708716566
F            0.21153172583407        0.31977028785113       -2.47452149798019
H           -2.11774317197656       -2.56166666844643       -0.46662410787269
H           -0.38500402547976       -2.22265228430374       -0.32084789136749
H           -1.26511168308546       -1.71435852418808       -1.76143958769522
H           -3.73821745892123       -0.92201442761527        0.14751662847541
H           -4.27746981977696        1.23417762958492        1.20106518909316
H           -2.46186742740309        2.88016983420481        1.64412304461063
H            2.14914771779172       -0.17420772515383        2.64658652637175
H            3.82391188252489       -0.46601369387902        1.14757586066108
H            4.43596064387412       -0.52115924950146       -1.23571464967755
H            2.68930713388475       -0.13835736716913       -2.97474470872108
26
 energy: -46.467042762661 gnorm: 0.001432514931 xtb: 6.6.1 (8d0f1dd)
C           -1.34002784356604       -1.83626956506424       -0.67957891209864
C           -1.65230237508505       -0.52031898789649       -0.03530601991687
C           -2.95275040583434       -0.20401883312327        0.33409205596444
C           -3.25623023135882        1.00631349428087        0.93125179934005
C           -2.25558407526710        1.92802294865974        1.18020526248231
C           -0.96241990986500        1.61142244132991        0.81250876679685
F            0.01496212458153        2.51661609918881        1.04046681230179
C           -0.63610141835889        0.40824315350307        0.19990087116675
C            0.76470047190653        0.14063232833128       -0.19222416792805
C            1.75409392622067       -0.06492348976327        0.77656709933274
O            1.37560980104663       -0.04932906598026        2.07794524913112
C            3.06816095335727       -0.30132676644671        0.39014647265257
C            3.41329766868899       -0.33189174776829       -0.94880435988299
C            2.45342927572090       -0.12681812358299       -1.92278454879729
C            1.15061690296349        0.10623661685688       -1.52437488555429
F            0.21333847584733        0.31385056648921       -2.47558199323944
H           -2.12297792094933       -2.56034800255738       -0.47110172248799
H           -0.38891178479873       -2.22631744979813       -0.32193057882519
H           -1.26743922135804       -1.71360442104140       -1.76056790791339
H           -3.73917458691756       -0.92094948813028        0.14943214293826
H           -4.27503879281931        1.23354191807581        1.20604134233683
H           -2.45903418024752        2.87900648139078        1.64603810152599
H            2.14597049621532       -0.16897687127662        2.64638240525867
H            3.82278449144840       -0.46208042727642        1.14827109640481
H            4.43713241729217       -0.51701152574536       -1.23375034584978
H            2.69389474113653       -0.13970228265501       -2.97324503513895
26
 energy: -46.467078398458 gnorm: 0.002445234796 xtb: 6.6.1 (8d0f1dd)
C           -1.34903800182730       -1.83659356150855       -0.68491109625622
C           -1.65496498411894       -0.52195673704802       -0.03781719325397
C           -2.95318512970251       -0.20368353602874        0.33852253799030
C           -3.25084192070151        1.00527125439245        0.94028105325540
C           -2.24751346562691        1.92607724299887        1.18370251195805
C           -0.95764391702626        1.60778734278480        0.80833576282053
F            0.02373629484187        2.51013857453972        1.03036929954894
C           -0.63661978978886        0.40394064856174        0.19404446787777
C            0.76392818170187        0.13454881524416       -0.19859189648272
C            1.74980830748356       -0.06520735524849        0.77379340300993
O            1.36537292509984       -0.05577755306485        2.07369703658627
C            3.06702054739611       -0.29364204812227        0.39252908162414
C            3.41636671189976       -0.32300195413028       -0.94483840156022
C            2.45917435538732       -0.12667297874957       -1.92207564544433
C            1.15360700603131        0.09967589480336       -1.52892463001019
F            0.21874852259860        0.29815182033190       -2.48146949025491
H           -2.13943844004164       -2.55650886241823       -0.48480174316826
H           -0.40308319734684       -2.23711155744261       -0.32471245490604
H           -1.27227740513815       -1.71101237384632       -1.76300154094025
H           -3.74262116785816       -0.91829227094811        0.15712617837469
H           -4.26747996278301        1.23236014588671        1.22289965216153
H           -2.44920216376058        2.87563092107499        1.65288001452895
H            2.13598469790104       -0.15124081347410        2.64637021636941
H            3.81980948350294       -0.44880285163869        1.15292049772628
H            4.44242858086558       -0.50179824592760       -1.22621508454886
H            2.70792293101077       -0.14228096102205       -2.97011353700587
26
 energy: -46.467092956905 gnorm: 0.001934607043 xtb: 6.6.1 (8d0f1dd)
C           -1.35298070627391       -1.83740048450660       -0.68786029222292
C           -1.65655735242865       -0.52293371235561       -0.03897889077424
C           -2.95371302666804       -0.20379011666445        0.34071086658090
C           -3.24904018812006        1.00500834829625        0.94401535593078
C           -2.24452458883602        1.92510902941737        1.18563370854963
C           -0.95586394835884        1.60605112745953        0.80703274943738
F            0.02691004921627        2.50749154482200        1.02713487175771
C           -0.63705157341494        0.40205075100082        0.19149763079877
C            0.76355300752957        0.13231692078929       -0.20098016411308
C            1.74855116930957       -0.06529886887667        0.77303565349961
O            1.36210770977259       -0.05548972555947        2.07234755997866
C            3.06681331798401       -0.29111365898976        0.39402939189304
C            3.41790390862232       -0.32033491888962       -0.94300915715327
C            2.46131937828760       -0.12738031173406       -1.92199685869645
C            1.15459482128803        0.09663147712368       -1.53109136018888
F            0.22065368562815        0.29318578795056       -2.48503555671090
H           -2.14562455019454       -2.55537799134715       -0.49019406668994
H           -0.40907503861119       -2.24089624458931       -0.32563997669275
H           -1.27267606722739       -1.71018144054970       -1.76605440489566
H           -3.74408423759390       -0.91770558678353        0.16084814946952
H           -4.26479686177743        1.23266481387897        1.22937342319869
H           -2.44478221344729        2.87460993249019        1.65558405694824
H            2.13234887597408       -0.14463527027790        2.64641105475409
H            3.81902825371657       -0.44335543553211        1.15571265971896
H            4.44491305464780       -0.49614466529139       -1.22286885720991
H            2.71207212097549       -0.14308230128111       -2.96965854716764
26
 energy: -46.467119628161 gnorm: 0.001173917989 xtb: 6.6.1 (8d0f1dd)
C           -1.36535487759077       -1.84013175145528       -0.69743662475190
C           -1.66192680265770       -0.52603681986411       -0.04275971086069
C           -2.95547461830205       -0.20439061606480        0.34790883939142
C           -3.24366332338850        1.00406588880920        0.95583794856319
C           -2.23549771280113        1.92177147330421        1.19172852233838
C           -0.95047247401274        1.60014093101047        0.80317468257109
F            0.03632269503351        2.49878733837323        1.01838302800264
C           -0.63852044153891        0.39601583750302        0.18331281227637
C            0.76221366559623        0.12580150105479       -0.20854211904088
C            1.74494470553465       -0.06363290577661        0.77055230016702
O            1.35221923917785       -0.05034312256011        2.06793951390432
C            3.06610844629088       -0.28258442508254        0.39867753887906
C            3.42281865406146       -0.31330441030719       -0.93724792018921
C            2.46830235579236       -0.13042962195472       -1.92154758515757
C            1.15813322342868        0.08677613443684       -1.53774225304228
F            0.22720213528846        0.27780098970448       -2.49720564993393
H           -2.16571984058961       -2.55120948170592       -0.50972649040378
H           -0.42847953757168       -2.25306242923812       -0.32748903606036
H           -1.27126429549628       -1.70711992948304       -1.77584751401768
H           -3.74853871463019       -0.91638742586398        0.17292099998317
H           -4.25646524278850        1.23343535669350        1.25050600714139
H           -2.42998055158654        2.87113648012702        1.66463753723831
H            2.12055572220151       -0.12501182816989        2.64614244770795
H            3.81629562791578       -0.42595326656325        1.16462467110088
H            4.45263907173173       -0.48005981898979       -1.21229487726128
H            2.72360189090117       -0.14607507793716       -2.96850806854529
26
 energy: -46.467127042273 gnorm: 0.000838697276 xtb: 6.6.1 (8d0f1dd)
C           -1.37022686392845       -1.84053684854878       -0.70125719526643
C           -1.66388530282863       -0.52687790328374       -0.04440925598411
C           -2.95601106601040       -0.20448836110840        0.35001081355726
C           -3.24162332047241        1.00336466767037        0.96035236026600
C           -2.23217350902513        1.92001447365861        1.19426613426278
C           -0.94844197776611        1.59743562965867        0.80230922611667
F            0.03952259676700        2.49507579710424        1.01633228894132
C           -0.63888340491627        0.39366389392190        0.18064148466597
C            0.76170302240612        0.12312573087966       -0.21105798979818
C            1.74384643430477       -0.06187738638951        0.76957051736038
O            1.34922269489438       -0.04603854059066        2.06635080371969
C            3.06601991775772       -0.27798346449277        0.40001505445952
C            3.42480324698972       -0.31032791824920       -0.93528726770482
C            2.47114142072716       -0.13193959552602       -1.92096245791260
C            1.15990361550330        0.08257918420977       -1.53934532419781
F            0.23003171924984        0.26967767802345       -2.50100722350087
H           -2.17468825682852       -2.54843072042687       -0.51957658984343
H           -0.43681510446290       -2.25862312491052       -0.32831994806290
H           -1.27074656845477       -1.70511583273947       -1.77863251528294
H           -3.75014128591561       -0.91565850671057        0.17644636147089
H           -4.25334273997747        1.23324357357106        1.25818186967337
H           -2.42394005929146        2.86920401902014        1.66858213913664
H            2.11676550525268       -0.11832158037433        2.64583512355255
H            3.81546597445807       -0.41755408128950        1.16732815661068
H            4.45535384367920       -0.47487603533475       -1.20864979314934
H            2.72713846788777       -0.14873574774254       -2.96771777308997
26
 energy: -46.467133803629 gnorm: 0.000341914706 xtb: 6.6.1 (8d0f1dd)
C           -1.37573814253184       -1.84022863108320       -0.70617022567879
C           -1.66592958701627       -0.52752679936120       -0.04633238351839
C           -2.95668922120458       -0.20431732500956        0.35132794575648
C           -3.23980475590105        1.00258499275133        0.96470667989155
C           -2.22892834067469        1.91765836068691        1.19761332158752
C           -0.94633933104005        1.59407003854353        0.80268002522566
F            0.04248149845170        2.49077824854879        1.01609853114121
C           -0.63908188222054        0.39105540315912        0.17865828745203
C            0.76125212689802        0.12021459400728       -0.21308191687797
C            1.74347952020996       -0.05805947765275        0.76884271106182
O            1.34776012056090       -0.03884492916975        2.06522614493677
C            3.06648248575321       -0.27134480410067        0.40119038510913
C            3.42696015320244       -0.30727113275668       -0.93352501640941
C            2.47378310303186       -0.13524156674063       -1.92023724680093
C            1.16159711507842        0.07656335736634       -1.54025482006877
F            0.23274998388845        0.25790602485637       -2.50414057895490
H           -2.18580894015736       -2.54400920004063       -0.53294835934646
H           -0.44740111262195       -2.26566914007678       -0.32895151461194
H           -1.26880480959145       -1.70147921456427       -1.78179680537890
H           -3.75207273490124       -0.91424793925639        0.17828151673853
H           -4.25048624456755        1.23264831330124        1.26569977460459
H           -2.41748937259548        2.86638960706522        1.67402532296902
H            2.11458699414476       -0.11220122466268        2.64547257314238
H            3.81544609915001       -0.40595823426472        1.16970042419867
H            4.45833475592562       -0.46931066634007       -1.20519979442086
H            2.72965951872822       -0.15415965520592       -2.96688598174770
26
 energy: -46.467136146427 gnorm: 0.000318231590 xtb: 6.6.1 (8d0f1dd)
C           -1.37844013168442       -1.83962139256624       -0.70937465135418
C           -1.66693346133949       -0.52750650510574       -0.04778328322142
C           -2.95719374983058       -0.20389862155124        0.35110404527591
C           -3.23918412524911        1.00214145668684        0.96677761687296
C           -2.22754278117185        1.91613877649039        1.20023053240710
C           -0.94537706139637        1.59221994287338        0.80402342684495
F            0.04382315724183        2.48831793690713        1.01796677163581
C           -0.63912199681774        0.38984519772198        0.17824984296911
C            0.76112470781179        0.11879005575118       -0.21344248662202
C            1.74378334808984       -0.05577445003788        0.76885435788894
O            1.34837959722021       -0.03396424351780        2.06525925713004
C            3.06719137616827       -0.26725253191233        0.40170029926852
C            3.42794998951697       -0.30566010555432       -0.93288298585766
C            2.47444993761455       -0.13806520568203       -1.91988472575099
C            1.16187804760254        0.07261900383797       -1.54031358523308
F            0.23318596177332        0.25001165692866       -2.50502406547018
H           -2.19175047244283       -2.54096525035619       -0.54137062853464
H           -0.45331557799272       -2.26941109857507       -0.32919878610222
H           -1.26647619713517       -1.69889920631833       -1.78404364494458
H           -3.75327571806881       -0.91287612792065        0.17730323507714
H           -4.24960451769083        1.23241651410285        1.26839890554080
H           -2.41482107193628        2.86446538877695        1.67793090189556
H            2.11533539546040       -0.10841992448611        2.64547895352341
H            3.81641419001887       -0.39830557074593        1.17057281062868
H            4.45960629328598       -0.46681334773752       -1.20396556147428
H            2.72991386095110       -0.15953334800973       -2.96656755239332
