26
 energy: -46.446899064618 gnorm: 0.094516157078 xtb: 6.6.1 (8d0f1dd)
C           -1.24895100000000        1.89097300000000       -0.13832600000000
C           -1.58684400000000        0.43869500000000       -0.17255500000000
C           -2.90666800000000        0.09575000000000       -0.37786800000000
C           -3.26202500000000       -1.23560200000000       -0.41649300000000
C           -2.26397700000000       -2.17267200000000       -0.24515100000000
C           -0.93079800000000       -1.83689600000000       -0.03761800000000
F            0.01972900000000       -2.81161000000000        0.12664700000000
C           -0.59242000000000       -0.50282200000000       -0.00173100000000
C            0.78597900000000       -0.08635600000000        0.21191900000000
C            1.65927900000000        0.10693700000000       -0.82850800000000
O            1.24263000000000       -0.09332400000000       -2.13298900000000
C            2.93875300000000        0.49880500000000       -0.54147100000000
C            3.38175900000000        0.70596500000000        0.74926100000000
C            2.52031900000000        0.51692100000000        1.80254600000000
C            1.23448500000000        0.12219600000000        1.49896900000000
F            0.37042700000000       -0.06769400000000        2.55058000000000
H           -1.89216100000000        2.37643300000000       -0.90038500000000
H           -0.16415800000000        2.04842000000000       -0.38336400000000
H           -1.48617500000000        2.24229300000000        0.89282700000000
H           -3.68944100000000        0.82687400000000       -0.51219700000000
H           -4.30324400000000       -1.52999000000000       -0.57815200000000
H           -2.56276700000000       -3.21690200000000       -0.27863000000000
H            1.85044200000000       -0.66236800000000       -2.72234400000000
H            3.64313100000000        0.65655100000000       -1.34977400000000
H            4.40716000000000        1.01764300000000        0.93982600000000
H            2.83553700000000        0.67177700000000        2.84498100000000
26
 energy: -46.459621101492 gnorm: 0.037619006151 xtb: 6.6.1 (8d0f1dd)
C           -1.25662228675874        1.90526980529129       -0.14276656122464
C           -1.59821327855244        0.44812260021371       -0.18513676729270
C           -2.91697418081712        0.08101984973958       -0.38245227484671
C           -3.26445174097210       -1.25869741402900       -0.41412199835842
C           -2.28086752152839       -2.21431648424723       -0.24606834302161
C           -0.96353348920427       -1.84848423523983       -0.04150837912978
F           -0.01369477245725       -2.80785033486998        0.11726343701689
C           -0.60905275965524       -0.51034187703657       -0.00680094183385
C            0.78726509356982       -0.10340044999330        0.22141518801663
C            1.67874564763250        0.07757196388274       -0.82986120189174
O            1.23247957435451       -0.10892585630595       -2.11540082752691
C            2.97062375925616        0.48986155520638       -0.55318523948807
C            3.39701218721094        0.70761131362138        0.74551161586766
C            2.52765960742167        0.51832189796213        1.80354504243394
C            1.23825854160580        0.12197767752418        1.51062192478955
F            0.37175966814578       -0.06012780190521        2.54617081090345
H           -1.87208158616470        2.43952427951127       -0.86798308181019
H           -0.20277843525766        2.08489355184002       -0.37231613997108
H           -1.46588459025454        2.29215484857013        0.85897339280652
H           -3.68766812850465        0.82531272758798       -0.51436627472341
H           -4.29286146175675       -1.55225462991943       -0.57453282109159
H           -2.55460867899417       -3.25996997163398       -0.27635079005461
H            1.86469521602607       -0.60875107653768       -2.68064884966907
H            3.66520007689388        0.64915149326588       -1.36678170930405
H            4.41340055027623        1.02164367174070        0.93477256547705
H            2.83219398848467        0.67067989576079        2.83200822392674
26
 energy: -46.462743061397 gnorm: 0.012814672511 xtb: 6.6.1 (8d0f1dd)
C           -1.26548422792340        1.92213411790940       -0.14380215242074
C           -1.60845572035161        0.46411510556908       -0.18985283979176
C           -2.92446145819746        0.06959897245178       -0.38709852763611
C           -3.26505299074405       -1.27269265363652       -0.41670459309729
C           -2.29112669021024       -2.24052341944693       -0.25101444792693
C           -0.98446620449941       -1.84459882018845       -0.05067221446427
F           -0.03187524880019       -2.78983638046312        0.10813104743562
C           -0.62139640078908       -0.50440738403831       -0.01124321679178
C            0.78566870577197       -0.10823551529319        0.23158544730821
C            1.68638715640111        0.06178172105212       -0.82465917692546
O            1.22048160794737       -0.13447293694234       -2.09264083890918
C            2.98915177824864        0.47332958370507       -0.56060496137335
C            3.40713023159872        0.69742071209211        0.73987283435583
C            2.53510622274642        0.51707377724919        1.80072375219512
C            1.24118545454266        0.12306067715957        1.52113846799618
F            0.37641725508538       -0.04674493776143        2.54626590626378
H           -1.87819865768734        2.47443620329076       -0.84968556996396
H           -0.22148695394515        2.08994932394782       -0.37555207119548
H           -1.46011822111842        2.31462940541734        0.85173844556032
H           -3.68818530724004        0.82077316489134       -0.51877465135964
H           -4.28911612746578       -1.56763995540998       -0.57098930934792
H           -2.54059968409594       -3.28988766441307       -0.27445201608419
H            1.89741600611788       -0.54605799711872       -2.64793815231637
H            3.67667153451982        0.62141689705686       -1.38085573556008
H            4.41846799252949        1.01864634744598        0.92656203568210
H            2.83594094755866        0.67672865547363        2.82052253836734
26
 energy: -46.463720022219 gnorm: 0.023981141760 xtb: 6.6.1 (8d0f1dd)
C           -1.27661147516862        1.93180948778808       -0.14341971238266
C           -1.61708700491554        0.47276776475867       -0.18985647139849
C           -2.93006938936120        0.06131151697393       -0.39037895594138
C           -3.26639161126521       -1.28034754914151       -0.41860280464828
C           -2.29386792481006       -2.25083667497333       -0.25304623873664
C           -0.99203580461537       -1.83791739631614       -0.05265764840211
F           -0.03277160787578       -2.77453666500169        0.10511230898081
C           -0.62933134750706       -0.49728466456283       -0.00948130979724
C            0.78155849691467       -0.10985610370205        0.24132114096666
C            1.68506441942520        0.04547057845854       -0.81707408649360
O            1.21221032258232       -0.16525728781790       -2.07649888253853
C            2.99369166940032        0.45002866194090       -0.56349079024381
C            3.41074535479899        0.68429503233589        0.73460015336261
C            2.53894810320705        0.51818059826645        1.79755543068765
C            1.24059833483121        0.12784598815722        1.52939208255828
F            0.37906952870483       -0.02664344134912        2.55372824276706
H           -1.89553062931159        2.49248274784556       -0.83790208637073
H           -0.23387621473274        2.09812379965506       -0.38683374678504
H           -1.45718210452936        2.32448650778316        0.85579959456097
H           -3.69311220287158        0.81315596371497       -0.52417220540572
H           -4.29097292817233       -1.57704903545113       -0.57167855973106
H           -2.52706956530862       -3.30322063074768       -0.27430261123392
H            1.94839120157935       -0.46761805397622       -2.65198689367213
H            3.67860824429437        0.58112616503152       -1.38914539761109
H            4.42367619236625        1.00326289365736        0.91821560327263
H            2.84334894234052        0.68621679667228        2.81480384423573
26
 energy: -46.464554887633 gnorm: 0.020405013124 xtb: 6.6.1 (8d0f1dd)
C           -1.29430659862127        1.94133067614309       -0.14007992457064
C           -1.62700572629062        0.48131313185928       -0.18942975913503
C           -2.93565812231864        0.05318729342677       -0.39455074454588
C           -3.26428853037985       -1.28812639363065       -0.42361743700976
C           -2.28715651944044       -2.25478998809138       -0.25839311411635
C           -0.98946101915639       -1.82557665465696       -0.05663475673410
F           -0.01999337101922       -2.75306688434014        0.10155663262880
C           -0.63409488431411       -0.48352495420027       -0.00893552870219
C            0.77696276787207       -0.09894504680295        0.24810308372977
C            1.68525044422433        0.03465258782198       -0.80986938851947
O            1.21187787946844       -0.18291605412553       -2.06454641892387
C            3.00138070664399        0.41523124660142       -0.56289147253354
C            3.41767794281781        0.66241229379671        0.73208687791967
C            2.54282208810011        0.52046795659572        1.79477626134217
C            1.23860147048008        0.14119549761515        1.53489364921717
F            0.37914472734416        0.00474504673203        2.56078581802653
H           -1.92729147054271        2.50597158581083       -0.82103830211431
H           -0.25265338460225        2.11105341672645       -0.40204549133297
H           -1.45684012182362        2.32690816164013        0.86760108337265
H           -3.70271564515464        0.80119809143084       -0.53034219613069
H           -4.28959297881367       -1.58951305204473       -0.57753176894090
H           -2.50353584016244       -3.31059389837514       -0.27939296648480
H            1.95876101621356       -0.40981271578590       -2.65342337142792
H            3.68633797910477        0.52570855501231       -1.39246369338729
H            4.43438989750303        0.97380072520731        0.91409214785508
H            2.85138829286755        0.69768637563363        2.81129078051789
26
 energy: -46.465444683904 gnorm: 0.011631000463 xtb: 6.6.1 (8d0f1dd)
C           -1.31891750414362        1.94933077744216       -0.13251770610661
C           -1.63830560097009        0.48795463620731       -0.18652298145111
C           -2.94129200665366        0.04727684110801       -0.39858418175250
C           -3.25855521331865       -1.29534903068348       -0.43197147124419
C           -2.27103025104361       -2.25151454028440       -0.26618798962246
C           -0.97778597689675       -1.81045802395142       -0.05953224850655
F            0.00314267901595       -2.72989145978688        0.09946394496279
C           -0.63640608734000       -0.46587776388043       -0.00579984870423
C            0.77193053913493       -0.08056919688606        0.25289272619424
C            1.68412295774129        0.02354967935112       -0.80367180224993
O            1.21575373071727       -0.20320225891982       -2.05700344984822
C            3.00716099935157        0.37399476225331       -0.55999513757451
C            3.42694257614544        0.63320109703741        0.73123402159733
C            2.54667544839552        0.52571149458998        1.79207373079857
C            1.23551608801579        0.16487810056621        1.53714017511401
F            0.37546447635934        0.05663507118907        2.56766019188397
H           -1.97561798484204        2.51313837419861       -0.79365453000154
H           -0.28286755604697        2.13085178903684       -0.42114097930277
H           -1.45749795341306        2.32184526085986        0.88556997018448
H           -3.71713826691326        0.78685216322389       -0.53653805003007
H           -4.28274112818547       -1.60443048752288       -0.59028018749397
H           -2.47275798152250       -3.30991326726473       -0.29030461449189
H            1.95598439031537       -0.35134165946870       -2.66188585579498
H            3.69676091082991        0.45242527009653       -1.39078962931636
H            4.45176626358319        0.92242951919674        0.91244776099636
H            2.85969345168410        0.71246985229173        2.80789814176017
26
 energy: -46.465674012197 gnorm: 0.026536182983 xtb: 6.6.1 (8d0f1dd)
C           -1.34551459594905        1.95582757623440       -0.12170510404578
C           -1.65019378772640        0.49237013998361       -0.18133681997083
C           -2.94732015701505        0.04321943247090       -0.40202410067686
C           -3.25164275897834       -1.30281803689494       -0.44229425896573
C           -2.25328408068038       -2.24700631065697       -0.27405352188505
C           -0.96544453938455       -1.79773587218139       -0.05917120096349
F            0.02372600761746       -2.71023991718941        0.10262101321988
C           -0.63895443716164       -0.44993345705325        0.00143243643197
C            0.76725296421657       -0.06361932901124        0.25784640040118
C            1.68202529183889        0.00400556401597       -0.79864168212898
O            1.21580530329455       -0.24273168313481       -2.04853637287907
C            3.01071315782837        0.32992725197288       -0.55766057440435
C            3.43778236450535        0.59885031554853        0.72987208701706
C            2.55132884740752        0.53406293113455        1.78935972780307
C            1.23279315936476        0.19695410690166        1.53748319814651
F            0.36947841891395        0.12670574016058        2.57232259246122
H           -2.02977344514833        2.51733783521258       -0.75694501947499
H           -0.32065774966784        2.15281835981847       -0.43949303665660
H           -1.45676387603991        2.31489118197073        0.90429535544852
H           -3.73246834526934        0.77324016949810       -0.54262023731787
H           -4.27167845731333       -1.62084559360196       -0.60811075968642
H           -2.44439953627689       -3.30680376909984       -0.30372239132640
H            1.97268478739846       -0.26161026902569       -2.68336429220039
H            3.70592877839965        0.37238455861534       -1.38744211056219
H            4.47134821082788        0.85926945487047        0.90926609860456
H            2.86722947499762        0.73147661944068        2.80262257361109
26
 energy: -46.466167018152 gnorm: 0.008185629330 xtb: 6.6.1 (8d0f1dd)
C           -1.35536636780844        1.95692976375636       -0.11286441358973
C           -1.65308566209951        0.49175835022952       -0.17863129972455
C           -2.94865585891828        0.04458838860688       -0.40187422803512
C           -3.24643402120366       -1.30468997193490       -0.44849684503807
C           -2.24224979721158       -2.24165703109139       -0.27999371047378
C           -0.95551632423764       -1.79408356708900       -0.06117349532754
F            0.03325630039718       -2.70605261071620        0.10197868756625
C           -0.63651647421595       -0.44415388082809        0.00212678647793
C            0.76784825742461       -0.05105272921401        0.25311202120181
C            1.68341348923191        0.00535526123641       -0.80207432229700
O            1.22094595245283       -0.24780876079438       -2.05334863633476
C            3.01307020159962        0.32054689950429       -0.55565393156877
C            3.44363069926502        0.58637535044011        0.73183122812458
C            2.55322677414804        0.53858299629172        1.78903466384144
C            1.23307208574055        0.21502427579335        1.53105097674857
F            0.36525276166009        0.15729509588974        2.56545301824720
H           -2.05038773530985        2.51612637421816       -0.73689389404869
H           -0.33729094899911        2.16328619356286       -0.43930283667440
H           -1.45885786109129        2.30869117098683        0.91452547631330
H           -3.73856103573033        0.76919366840383       -0.54090929112105
H           -4.26268354848450       -1.62814924463989       -0.61870763548649
H           -2.43607120199708       -3.30104848767806       -0.31462162123973
H            1.94915378079997       -0.27773395308332       -2.67768072487649
H            3.71205857041164        0.35424395325621       -1.38084151842450
H            4.47973763793436        0.83256817194762        0.91217656318118
H            2.86701132624135        0.73586132294530        2.80177898255848
26
 energy: -46.466274021716 gnorm: 0.003144795795 xtb: 6.6.1 (8d0f1dd)
C           -1.36119823362250        1.95918350025235       -0.10701269768698
C           -1.65579899765109        0.49282723472602       -0.17662109415680
C           -2.95048920327299        0.04312745662749       -0.40177349423448
C           -3.24470982202837       -1.30721890379346       -0.45229155762070
C           -2.23943824795315       -2.24270495556562       -0.28372691991379
C           -0.95392446644375       -1.79246015052185       -0.06224707978342
F            0.03494813397552       -2.70224196889975        0.10224110628667
C           -0.63729629587002       -0.44170917792449        0.00264451595146
C            0.76803866866433       -0.04816047794836        0.25277585865080
C            1.68557252472957       -0.00254620213596       -0.80217963784398
O            1.22186218582636       -0.26143587031634       -2.05119397512373
C            3.01613489129683        0.31002694687574       -0.55549480921447
C            3.44600797269739        0.57966130997849        0.73162747727874
C            2.55445134342913        0.54283847874170        1.78828636496628
C            1.23324095187434        0.22573618819025        1.52925833616763
F            0.36233545395939        0.18082384039476        2.56133618095581
H           -2.06436488935705        2.52006115262722       -0.72030398719733
H           -0.34777012327102        2.16962341932844       -0.44367253352317
H           -1.45422186014324        2.30633163030215        0.92316038871338
H           -3.74134062530879        0.76622471925389       -0.54016973204770
H           -4.25908015301031       -1.63328545412105       -0.62546976708654
H           -2.43244989729983       -3.30250527259819       -0.32062062953187
H            1.95289306069910       -0.26070541129187       -2.68096066263774
H            3.71660138012991        0.33633046288051       -1.37944268963290
H            4.48317329224941        0.81814039145741        0.91165752121103
H            2.86682395570076        0.74403411348045        2.80019351705389
26
 energy: -46.466327442338 gnorm: 0.003078223868 xtb: 6.6.1 (8d0f1dd)
C           -1.36567711729929        1.96057539676625       -0.09801106093066
C           -1.65785193127087        0.49319191105310       -0.17343062993626
C           -2.95195488210322        0.04194376226352       -0.40067515824533
C           -3.24290752451070       -1.30916730983379       -0.45687465117137
C           -2.23714011140807       -2.24403904800596       -0.28935672304045
C           -0.95237004666289       -1.79220742139475       -0.06522060173933
F            0.03588770422191       -2.70001312937695        0.10003912555011
C           -0.63775281963708       -0.44081204710952        0.00198852625136
C            0.76882810317731       -0.04663026991766        0.25075833347533
C            1.68878386637511       -0.01202365112954       -0.80319424211770
O            1.22535740192639       -0.27803347065581       -2.05027769618026
C            3.01956738989772        0.29998411742173       -0.55517843304264
C            3.44744492107321        0.57433556936585        0.73165911844833
C            2.55439425996272        0.54979335713237        1.78708703401187
C            1.23275175736510        0.23865887013936        1.52550871548725
F            0.35691903964930        0.21011334156851        2.55330973615757
H           -2.07951884049832        2.52445836679167       -0.69579330474550
H           -0.35861487527089        2.17602817597007       -0.44884424919003
H           -1.44358608894711        2.30065900404233        0.93599192619424
H           -3.74325545300458        0.76422881158752       -0.53674770709257
H           -4.25544199390732       -1.63762845843676       -0.63357607685366
H           -2.43107598384564       -3.30391755135766       -0.32929057172110
H            1.95566876701840       -0.25137873709068       -2.68270595264305
H            3.72230739312290        0.31898453655559       -1.37702278221226
H            4.48520462716481        0.80594804302933        0.91165358628896
H            2.86403343741099        0.75694483062180        2.79820373899722
26
 energy: -46.466361967880 gnorm: 0.002482310194 xtb: 6.6.1 (8d0f1dd)
C           -1.36500041502025        1.95969028173643       -0.09036125387450
C           -1.65770340066954        0.49240497329005       -0.17074970855335
C           -2.95208622122831        0.04183200380032       -0.39882705781778
C           -3.24260723844439       -1.30905700543476       -0.45932340268003
C           -2.23757975672911       -2.24513852098552       -0.29400630850522
C           -0.95243677373896       -1.79411110826290       -0.06907025739010
F            0.03497641289517       -2.70163319926477        0.09514754098577
C           -0.63775336754293       -0.44278517350086        0.00029093643702
C            0.76951675311776       -0.04842655776582        0.24827517743286
C            1.69119259602980       -0.01875130962298       -0.80433252529363
O            1.22982952037658       -0.28969551133850       -2.05098775027226
C            3.02131573604983        0.29604648965332       -0.55493566248116
C            3.44650600598422        0.57481359622025        0.73174650258324
C            2.55206514329106        0.55685050673457        1.78582863649101
C            1.23099564440035        0.24644155287788        1.52197091760028
F            0.35132264824204        0.22825782803522        2.54586214624168
H           -2.08618230708414        2.52692966139551       -0.67555438496239
H           -0.36264417931895        2.17764155791142       -0.45222120072622
H           -1.43015508758847        2.29376493695971        0.94653227912097
H           -3.74280502740586        0.76498032221154       -0.53192152977596
H           -4.25476129965031       -1.63766402044275       -0.63762144670401
H           -2.43362381714096       -3.30469922683203       -0.33621612227341
H            1.95879906438493       -0.25522334642719       -2.68294122585269
H            3.72568853364131        0.31263169165948       -1.37518662153399
H            4.48399266962306        0.80560040532850        0.91208236464580
H            2.85913916352596        0.76929617206379        2.79651995715818
26
 energy: -46.466420011500 gnorm: 0.003101575281 xtb: 6.6.1 (8d0f1dd)
C           -1.36083003305682        1.95629227133710       -0.07627939840870
C           -1.65647961772844        0.49023540487505       -0.16573639658616
C           -2.95185065371364        0.04234483355759       -0.39436087813572
C           -3.24323295909295       -1.30759526627650       -0.46235489489726
C           -2.23957280065937       -2.24652875448090       -0.30312569751117
C           -0.95304539562487       -1.79856212645430       -0.07845549720887
F            0.03348310509074       -2.70684611828694        0.08147597812336
C           -0.63751694982865       -0.44774238873610       -0.00375550803789
C            0.77002628464802       -0.05301439008964        0.24348899605603
C            1.69498526493994       -0.03047158055698       -0.80597822374167
O            1.23971094276628       -0.31133064205854       -2.05279374515205
C            3.02368208287246        0.29020580685890       -0.55403588797378
C            3.44347316628253        0.57875842371871        0.73205812860101
C            2.54533634980449        0.57157492687042        1.78301049431515
C            1.22554676141907        0.25935266156936        1.51548394892488
F            0.33932935887312        0.25800164449636        2.53282490056309
H           -2.09658821531867        2.53064588047827       -0.63610672060602
H           -0.36740081435086        2.17781318482938       -0.46104812860980
H           -1.39892502743209        2.27818733995187        0.96632350474857
H           -3.74149121859544        0.76778920976684       -0.52120165855201
H           -4.25587698627919       -1.63490466699680       -0.64155741074399
H           -2.43935914074387       -3.30533401939450       -0.34955894843754
H            1.96716189102392       -0.26855816037192       -2.68313896572613
H            3.73129217455847        0.30321979340620       -1.37164459608128
H            4.48037573304791        0.81172585385450        0.91358771878515
H            2.84776769709775        0.79473787813250        2.79287888629290
26
 energy: -46.466492687742 gnorm: 0.004821406667 xtb: 6.6.1 (8d0f1dd)
C           -1.35276235039286        1.95060227044284       -0.05705169177678
C           -1.65423107249060        0.48702549902857       -0.15893746989409
C           -2.95131884997357        0.04377931993803       -0.38753902370131
C           -3.24540198947558       -1.30458846171395       -0.46518137153043
C           -2.24355896822351       -2.24768454776511       -0.31638272974019
C           -0.95477298799513       -1.80478555229901       -0.09339273855635
F            0.03093946781319       -2.71555706601591        0.05745288865399
C           -0.63707481629992       -0.45510237531439       -0.00956311639440
C            0.77007839023445       -0.06000913460883        0.23748408427382
C            1.69970935234626       -0.04636653136706       -0.80743360741768
O            1.25354615836872       -0.34237838520840       -2.05448452038826
C            3.02610166666459        0.28346734903610       -0.55262034113181
C            3.43809383934706        0.58845151734723        0.73214310241727
C            2.53457091926120        0.59313603352315        1.77842816980970
C            1.21699433072987        0.27467277297849        1.50726936559155
F            0.32362404960306        0.29145324250219        2.51713311600007
H           -2.10575959079065        2.53486290926875       -0.58262733937559
H           -0.37176651012038        2.17584968592221       -0.47195458358603
H           -1.35387208131749        2.25626727347585        0.99159252455943
H           -3.73954724048980        0.77265782580139       -0.50521611584023
H           -4.25967502351600       -1.62860376261936       -0.64326904188039
H           -2.44744772924083       -3.30547479449969       -0.36921099440384
H            1.98118643839904       -0.29357791926634       -2.68206306589532
H            3.73770485151242        0.29207992269145       -1.36716582590499
H            4.47361015679203        0.82809017047718        0.91574288811371
H            2.83103058925418        0.83172973824451        2.78684743799826
26
 energy: -46.466582634550 gnorm: 0.006087564392 xtb: 6.6.1 (8d0f1dd)
C           -1.34185504810500        1.94340955728696       -0.03335117197958
C           -1.65138403662646        0.48320366689625       -0.15022776297361
C           -2.95073438617531        0.04632786665537       -0.37808812729548
C           -3.24911269049743       -1.30014928580509       -0.46791010024871
C           -2.24917218197512       -2.24798922356349       -0.33420607415518
C           -0.95756411301449       -1.81168109215443       -0.11395035330136
F            0.02711752297224       -2.72693639433978        0.02269394223008
C           -0.63635905252585       -0.46385457074023       -0.01642066355810
C            0.76976902803316       -0.06855434444629        0.23132842653463
C            1.70535221123325       -0.06618234325860       -0.80795585639448
O            1.27016702872510       -0.38286355676314       -2.05450700941539
C            3.02853644231600        0.27580884564045       -0.55072831417926
C            3.43105353387676        0.60436259881920        0.73140777819390
C            2.52084672400274        0.62104526139787        1.77187829544645
C            1.20645507582883        0.29110778927041        1.49820009078398
F            0.30643629405736        0.32464288248109        2.50103852880975
H           -2.11249910205847        2.53950470112277       -0.51824733334621
H           -0.37634054501093        2.17305306418969       -0.48222161437778
H           -1.29989621819045        2.22963376140636        1.01998963366655
H           -3.73745017792308        0.77910851991588       -0.48445698894000
H           -4.26587518797610       -1.61902698480632       -0.64315266153785
H           -2.45657629591094       -3.30462298600579       -0.39614290317330
H            2.00011166085959       -0.33234363071345       -2.67825073676635
H            3.74447405573503        0.27817683191979       -1.36206603761235
H            4.46409490980917        0.85548002873758        0.91746720972084
H            2.81040554854008        0.87933603685685        2.77787980386897
26
 energy: -46.466690047934 gnorm: 0.006603717199 xtb: 6.6.1 (8d0f1dd)
C           -1.32729067752554        1.93460043125831       -0.00522474075179
C           -1.64753131202719        0.47860311962812       -0.13915570309763
C           -2.94988307276610        0.05055979627116       -0.36501641145487
C           -3.25489277405388       -1.29354935766548       -0.47032675213830
C           -2.25739815580337       -2.24693046475579       -0.35765512358324
C           -0.96223820688023       -1.81922864698251       -0.14113782940306
F            0.02014344056534       -2.74169908688310       -0.02460329822071
C           -0.63516076802343       -0.47449208941434       -0.02435628403369
C            0.76952557356385       -0.07961992000888        0.22551967120589
C            1.71238127084968       -0.09030222725186       -0.80693257718265
O            1.28954025730838       -0.43343126420303       -2.05139299304071
C            3.03077281597042        0.26904288440949       -0.54826288417199
C            3.42183982871434        0.62969809537725        0.72920868756044
C            2.50423207484417        0.65604943421252        1.76287773568476
C            1.19469337077713        0.30678567185793        1.48849992885375
F            0.28948506582463        0.35159787827259        2.48556144699557
H           -2.11337365901437        2.54351540348498       -0.44479079931468
H           -0.38031810827740        2.16928120489828       -0.48930802195667
H           -1.23864280795021        2.19895996989395        1.04976177380296
H           -3.73467746331775        0.78785464479364       -0.45700505723376
H           -4.27507088079570       -1.60484570922149       -0.64066212095593
H           -2.46789097215587       -3.30209732256656       -0.43233514780506
H            2.02463109440407       -0.39195504019480       -2.66975999340582
H            3.75100226205675        0.26387734460398       -1.35614316890627
H            4.45047595094101        0.89931890856604        0.91755084373071
H            2.78564685277087        0.93840334161948        2.76508881882293
26
 energy: -46.466768439906 gnorm: 0.005696559869 xtb: 6.6.1 (8d0f1dd)
C           -1.31824138722166        1.92877181529704        0.01816763916437
C           -1.64542057059136        0.47548662254589       -0.12930657323536
C           -2.94988236436131        0.05443250535550       -0.35236545315589
C           -3.25948865858733       -1.28812980061233       -0.47320765912136
C           -2.26304155630066       -2.24426609914831       -0.38049323078570
C           -0.96553435019469       -1.82282744589838       -0.16592308895289
F            0.01398563773063       -2.75141214870031       -0.06676376581828
C           -0.63388952341746       -0.48113169272514       -0.03079570506564
C            0.76962560919163       -0.08688829002955        0.22223610689428
C            1.71929104048634       -0.11173788810817       -0.80432798692549
O            1.30575000709673       -0.47980928084696       -2.04462623170315
C            3.03347323344253        0.26134513837895       -0.54555918273166
C            3.41533384328092        0.65145107416049        0.72618994770698
C            2.49145450622065        0.68672790365262        1.75453612479901
C            1.18625852358088        0.32013188353175        1.48130543170610
F            0.27788925217038        0.37062450299782        2.47635122101757
H           -2.12039123497218        2.54796261206864       -0.38048780440563
H           -0.38857294133407        2.17003665013413       -0.49869512546386
H           -1.18784684571486        2.17343233803406        1.07454886549429
H           -3.73398723516049        0.79395389142515       -0.43126560502488
H           -4.28177403334730       -1.59371700826298       -0.63991933728319
H           -2.47449474856787       -3.29820351477683       -0.46836471879248
H            2.04669362984587       -0.44822465535559       -2.65876439052743
H            3.75754980174095        0.24592160027250       -1.35011339080208
H            4.43973359740992        0.93637216000428        0.91501309885327
H            2.76552776757326        0.98969412660563        2.75263081415932
26
 energy: -46.466713290330 gnorm: 0.009951851782 xtb: 6.6.1 (8d0f1dd)
C           -1.31113841663934        1.92519991630831        0.03385983964270
C           -1.64362875389196        0.47376020585043       -0.11994778219144
C           -2.94955592454310        0.05937085192153       -0.34036054809908
C           -3.26471178606036       -1.28168344843867       -0.47464113894592
C           -2.26898358857016       -2.23841150652131       -0.40197165869143
C           -0.96980516402120       -1.82218244632920       -0.18753033481681
F            0.00550004782206       -2.75782055819677       -0.10650002248612
C           -0.63239863363429       -0.48469069736990       -0.03295517890831
C            0.77001640280845       -0.09220343631774        0.22438446090341
C            1.72391912444959       -0.12528522189673       -0.79837276397139
O            1.31426780384341       -0.51406390367114       -2.03141103267746
C            3.03377948155140        0.26152912147505       -0.54357182947703
C            3.41001997674253        0.67868394093257        0.71988758377673
C            2.48404915750041        0.71022880733349        1.74601370804655
C            1.18379991447412        0.32090702187017        1.47966004880961
F            0.28019439768058        0.35362274377431        2.48109214509874
H           -2.10769618654500        2.54453485700863       -0.34909271898583
H           -0.39307239316380        2.17123607810989       -0.48798463495230
H           -1.16889904582647        2.16271029309765        1.07938418443779
H           -3.73345717168234        0.79954350268705       -0.40680453460949
H           -4.28899478087331       -1.58110878012273       -0.63657652258253
H           -2.47851848207688       -3.29110179389305       -0.50446491818560
H            2.06413431000782       -0.52076135209470       -2.64054895140208
H            3.75877031415101        0.23788210452154       -1.34646251807085
H            4.42886602352029        0.98294590080326        0.90575975366484
H            2.75354437297594        1.02715479915791        2.73915536467356
26
 energy: -46.466859551053 gnorm: 0.002987897391 xtb: 6.6.1 (8d0f1dd)
C           -1.31635173134771        1.92687865476584        0.03990630006100
C           -1.64578756492481        0.47453126118097       -0.11815799755919
C           -2.95102290047190        0.05836912493234       -0.33947427595549
C           -3.26283049518701       -1.28316685091014       -0.47846616695238
C           -2.26563154564265       -2.23855760973150       -0.40745475447320
C           -0.96711309833380       -1.82080901449176       -0.19055698249823
F            0.00888859251396       -2.75405059391434       -0.10894895586131
C           -0.63266676223076       -0.48271205365746       -0.03434618887461
C            0.77016131401147       -0.08949161102381        0.22260341597437
C            1.72594209982231       -0.13122153156773       -0.79902633896530
O            1.31774075181008       -0.52589756342437       -2.03098299296777
C            3.03664571583617        0.25243042068881       -0.54261885700803
C            3.41129306098748        0.67335000874341        0.72060470370857
C            2.48370310284321        0.71578980057303        1.74579153416684
C            1.18279782731843        0.33236939107306        1.47713664136272
F            0.27589527184845        0.37612779298974        2.47660436404345
H           -2.12931004512877        2.54973983401696       -0.32499559779484
H           -0.40476095828625        2.17703201181646       -0.50234490498030
H           -1.15227705632416        2.15712306087154        1.09276439427489
H           -3.73617630416331        0.79746299648212       -0.40309344299073
H           -4.28578606710782       -1.58501241947699       -0.64324287516558
H           -2.47520964100789       -3.29120941098196       -0.51291650397948
H            2.06531189785825       -0.51937411310690       -2.64066491968780
H            3.76409183649601        0.22195052828178       -1.34341587022099
H            4.43134223369869        0.97122637293939        0.90645677728334
H            2.75111146511166        1.03711851293139        2.73883949506029
26
 energy: -46.466885166293 gnorm: 0.002406550601 xtb: 6.6.1 (8d0f1dd)
C           -1.32177817362873        1.92949980020373        0.04037466155845
C           -1.64768793713327        0.47605744326010       -0.11701839965308
C           -2.95189191170606        0.05746837604491       -0.34035494324805
C           -3.26084163221564       -1.28439550407172       -0.48088081063446
C           -2.26230425264405       -2.23817180999960       -0.40882062487669
C           -0.96471003794644       -1.81837023694799       -0.18907003172982
F            0.01248565372577       -2.74912525570893       -0.10623002862497
C           -0.63309502174731       -0.47964669322086       -0.03262277436216
C            0.77019150407667       -0.08625179533904        0.22336796609074
C            1.72521100461239       -0.13068030201161       -0.79881454253880
O            1.31543761707936       -0.52587119956173       -2.02976349068656
C            3.03738334623548        0.24870622500318       -0.54256525552129
C            3.41345974836571        0.66806452558980        0.72041681110778
C            2.48695440073925        0.71419018101626        1.74651164522676
C            1.18504346782569        0.33554094619489        1.47766733573043
F            0.27811898801868        0.38178262524990        2.47805051426932
H           -2.13692057705330        2.54971732175368       -0.32490257087949
H           -0.41113535973988        2.18163576697342       -0.50234623689802
H           -1.15877847241474        2.16172292891339        1.09292752214377
H           -3.73803550026931        0.79530055674858       -0.40398949750620
H           -4.28270965551241       -1.58851626512369       -0.64844205929411
H           -2.47100347860245       -3.29082417121476       -0.51562036979932
H            2.06159203528254       -0.51892599962852       -2.64010421859124
H            3.76511122049698        0.21519664455009       -1.34273758488121
H            4.43482196089986        0.96127732275761        0.90521068229633
H            2.75508206325456        1.03461556856880        2.73975630130213
26
 energy: -46.466941678637 gnorm: 0.003378536155 xtb: 6.6.1 (8d0f1dd)
C           -1.33298901070004        1.93455490297836        0.05396998523314
C           -1.65220098025360        0.47950242802866       -0.10764607506371
C           -2.95455718752545        0.05716679440611       -0.33546475498852
C           -3.25749062068112       -1.28445125376160       -0.48945342559126
C           -2.25566590333669       -2.23540500987557       -0.42557983156964
C           -0.95959727468236       -1.81274730590472       -0.19839849415854
F            0.02023408986250       -2.73911784032562       -0.12257879755392
C           -0.63401885210493       -0.47378208198678       -0.03047860202663
C            0.77000586546686       -0.08020635818213        0.22441065980241
C            1.72600384160631       -0.13975078586799       -0.79619361454134
O            1.31608187619810       -0.54907689936963       -2.02183144820135
C            3.04024481605722        0.23568740049498       -0.54074315227752
C            3.41583016809009        0.66673489372021        0.71833183634749
C            2.49014286567708        0.72597096377291        1.74425243286046
C            1.18764690845573        0.35109765625726        1.47557136702433
F            0.28071281133089        0.40226270125940        2.47725812277902
H           -2.15972740265593        2.55021428794454       -0.29357107163152
H           -0.43470131959752        2.19529724431750       -0.50486785494614
H           -1.15235501851639        2.16435071863097        1.10501793216101
H           -3.74301198867953        0.79287536232539       -0.39193269204744
H           -4.27747980645398       -1.59194042809285       -0.66326924115754
H           -2.46196880841469       -3.28734375089172       -0.54429197737332
H            2.06207319211418       -0.55838063963889       -2.63116663230998
H            3.77027527626947        0.18845894051222       -1.33741528225513
H            4.43886988449909        0.95563406550513        0.90031218705352
H            2.75764357797398        1.05239099374373        2.73575842443240
26
 energy: -46.466985521901 gnorm: 0.004359033439 xtb: 6.6.1 (8d0f1dd)
C           -1.34455953510532        1.93922220320383        0.06885007679874
C           -1.65656924352882        0.48306684732984       -0.09854625408288
C           -2.95693722143757        0.05655268868579       -0.33097460874663
C           -3.25358394415016       -1.28452766299907       -0.49826665618839
C           -2.24801972074553       -2.23206529673273       -0.44207599008793
C           -0.95401908384902       -1.80620998355218       -0.20851089314086
F            0.02965983279714       -2.72809434041618       -0.14025904907878
C           -0.63487360617534       -0.46697457052300       -0.02830640782102
C            0.76925801227070       -0.07295279438766        0.22570003384514
C            1.72634572613649       -0.14854020667415       -0.79301878983751
O            1.31633071878544       -0.57100944385790       -2.01357475910797
C            3.04260590269697        0.22201049499329       -0.53916144147609
C            3.41884090259206        0.66301474213949        0.71573833320479
C            2.49294141807543        0.73704815541143        1.74094756394539
C            1.18913457415524        0.36660381274209        1.47328602134252
F            0.28140879272113        0.42750307692767        2.47553400866557
H           -2.18116330998082        2.55105926459163       -0.26151295316796
H           -0.45841487857078        2.20988703256103       -0.50314192785051
H           -1.14986570046959        2.16506642926474        1.11718510818121
H           -3.74813535735866        0.78970568974763       -0.38129788624069
H           -4.27182729158562       -1.59519139406707       -0.67748671972852
H           -2.45070866096967       -3.28329829985682       -0.57247469379043
H            2.06351466023055       -0.60074386367775       -2.62125841520445
H            3.77435363379958        0.16082935689778       -1.33304146946314
H            4.44351674311415        0.94832222659653        0.89529009468567
H            2.76076763655120        1.06971283565160        2.73037767434502
26
 energy: -46.467022081813 gnorm: 0.002222633880 xtb: 6.6.1 (8d0f1dd)
C           -1.34661231027161        1.93901944767742        0.07118722017710
C           -1.65734014701414        0.48361016970337       -0.09923141164351
C           -2.95725818963138        0.05585287630332       -0.33195562285523
C           -3.25261973479555       -1.28532682015329       -0.49950055391490
C           -2.24587936508826       -2.23172277285964       -0.44218538089413
C           -0.95288495919941       -1.80439731776798       -0.20924069845162
F            0.03211766293130       -2.72585550473857       -0.13942821811580
C           -0.63478879420716       -0.46485624739954       -0.02897354187868
C            0.76868025306639       -0.07039173227682        0.22546041998807
C            1.72576507488569       -0.14854491090638       -0.79255645076052
O            1.31398760163622       -0.56579521914865       -2.01460309194666
C            3.04255075403439        0.21857548251947       -0.53890307267612
C            3.42018183316569        0.65851147403651        0.71632413665371
C            2.49322179375985        0.73668073062656        1.73970714301267
C            1.18829837736829        0.36880586383357        1.47251972477455
F            0.28014785556037        0.43829748445204        2.47193986698093
H           -2.18282908848070        2.55069587962496       -0.25797120642830
H           -0.46035793541876        2.21194562423831       -0.49931289797501
H           -1.15214641477475        2.16188672686399        1.11987970670476
H           -3.74944319984811        0.78808096133658       -0.38382956070236
H           -4.27059954353003       -1.59659084031142       -0.67851653535571
H           -2.44646577752201       -3.28323798505368       -0.57196552439359
H            2.06347170605812       -0.60470429209760       -2.62026134580366
H            3.77313717434460        0.15777031763996       -1.33399421063563
H            4.44537178790504        0.94189066618520        0.89690846286808
H            2.76229458506510        1.06979693767214        2.72850264327184
26
 energy: -46.467052968376 gnorm: 0.001298108192 xtb: 6.6.1 (8d0f1dd)
C           -1.35197303812272        1.93984831781558        0.07611260054425
C           -1.65957530133508        0.48508556922042       -0.10001731288669
C           -2.95828909718286        0.05436358423734       -0.33465445620152
C           -3.25068614509415       -1.28727883147252       -0.50251462154571
C           -2.24150948219597       -2.23133526928346       -0.44310436035304
C           -0.95042378704546       -1.80061658212249       -0.21024364557438
F            0.03757409027910       -2.72053812049893       -0.13896901302950
C           -0.63488796147946       -0.46030115999504       -0.02974799067234
C            0.76764063039453       -0.06448151479935        0.22496760412258
C            1.72473237345416       -0.14709524610641       -0.79246249082958
O            1.30991541208851       -0.55784915965158       -2.01619233739689
C            3.04287640295450        0.21311462109581       -0.53927930483204
C            3.42302661827110        0.65050986956970        0.71662254503581
C            2.49454140204666        0.73659990238202        1.73741719883729
C            1.18686886095529        0.37599841905851        1.47102132534733
F            0.27921931874708        0.45666224364309        2.46740125655692
H           -2.18805046562068        2.55159966196725       -0.25097247360333
H           -0.46512941830684        2.21692271357950       -0.49149671433593
H           -1.15855243007978        2.15730605356462        1.12593752633086
H           -3.75255259035997        0.78446671442651       -0.38814357063525
H           -4.26794408743835       -1.60023482261375       -0.68188807244948
H           -2.43809126852548       -3.28360690793592       -0.57178555659781
H            2.06309126189572       -0.61507911549452       -2.61749228482807
H            3.77230218280615        0.14876931492632       -1.33529809685413
H            4.44972621959322        0.92723271983724        0.89936450067171
H            2.76615129929994        1.06993402464991        2.72541774517925
26
 energy: -46.467068053032 gnorm: 0.001797889810 xtb: 6.6.1 (8d0f1dd)
C           -1.35818105427217        1.94191725227370        0.08072838357346
C           -1.66215190118649        0.48687470551963       -0.09952099710407
C           -2.95954918177108        0.05311990346067       -0.33649779533065
C           -3.24878863044545       -1.28905894500258       -0.50548512747856
C           -2.23748529256488       -2.23091805306916       -0.44509245087959
C           -0.94784331949063       -1.79690740583054       -0.21144571099080
F            0.04274214542112       -2.71478386642040       -0.14008164386702
C           -0.63512228327176       -0.45594391697403       -0.02991691693935
C            0.76713967952678       -0.05923770218879        0.22473218042809
C            1.72417684880267       -0.14595536753273       -0.79266714055131
O            1.30725255958253       -0.55509341071382       -2.01641872375501
C            3.04388509433920        0.20804562603112       -0.53984214716775
C            3.42567339897280        0.64430729850121        0.71607178347529
C            2.49666674513435        0.73727598281664        1.73568452779599
C            1.18689080500041        0.38289558640343        1.47009915732697
F            0.28014246779088        0.46984496258800        2.46589033017619
H           -2.19510976199352        2.55316464036629       -0.24521180575473
H           -0.47104431170785        2.22255568479816       -0.48481148840600
H           -1.16646783120380        2.15617713548722        1.13160775840870
H           -3.75552291936611        0.78128070651502       -0.39086183477848
H           -4.26511558168375       -1.60405128708009       -0.68649217165557
H           -2.43099800561123       -3.28383039514557       -0.57350211163320
H            2.06179809282735       -0.62561254205172       -2.61451809345964
H            3.77314116577774        0.13840924754332       -1.33559417352184
H            4.45384950323576        0.91440078814480        0.89999629569107
H            2.77002256815629        1.07112037156005        2.72314991639813
26
 energy: -46.467082507834 gnorm: 0.000941497085 xtb: 6.6.1 (8d0f1dd)
C           -1.36401552107922        1.94442289053700        0.08460643498003
C           -1.66441652989204        0.48864242386846       -0.09793142723587
C           -2.96061011102170        0.05242385363155       -0.33712145955886
C           -3.24702376444241       -1.29014926881727       -0.50825030647107
C           -2.23417347533216       -2.23024773530892       -0.44803853557041
C           -0.94545028252034       -1.79371874106173       -0.21282867641949
F            0.04688085484291       -2.70951721862782       -0.14255507950218
C           -0.63538086442406       -0.45236600766386       -0.02941147463469
C            0.76711130320540       -0.05553277872331        0.22493838966703
C            1.72405400872860       -0.14659818497342       -0.79250079645153
O            1.30597229964282       -0.55778040759014       -2.01507492649991
C            3.04510027476738        0.20325203501508       -0.54011409959260
C            3.42768983111099        0.64052923244762        0.71499277087193
C            2.49905832105098        0.73871076763240        1.73459323982546
C            1.18824635415754        0.38815453262773        1.46967105835555
F            0.28227229086812        0.47739981745639        2.46657146456571
H           -2.20235791411710        2.55430428455396       -0.24145459520371
H           -0.47694766853327        2.22779870004117       -0.47965996681006
H           -1.17442193956841        2.15791169677676        1.13616038917364
H           -3.75783118116545        0.77910413958030       -0.39114992242254
H           -4.26245625257405       -1.60708688919645       -0.69126302779328
H           -2.42579274333523       -3.28344052213982       -0.57755242955864
H            2.05974143780577       -0.63470465269101       -2.61194089904155
H            3.77469697690306        0.12864725799354       -1.33502550713541
H            4.45689348086164        0.90633946550711        0.89870500060042
H            2.77316181405941        1.07349830912454        2.72163438186233
26
 energy: -46.467097084401 gnorm: 0.000623932192 xtb: 6.6.1 (8d0f1dd)
C           -1.37187765998119        1.94754490459065        0.09020348460949
C           -1.66722995299803        0.49100300775211       -0.09526823182620
C           -2.96193602637897        0.05165517366752       -0.33677426650060
C           -3.24452040945624       -1.29124852556813       -0.51185463520309
C           -2.22940458277089       -2.22885930505685       -0.45302982498873
C           -0.94198152806590       -1.78930315877452       -0.21552960361045
F            0.05250569352458       -2.70239295348729       -0.14680770644139
C           -0.63567576280893       -0.44751010957643       -0.02856443871186
C            0.76694097839422       -0.05064583473269        0.22535751396263
C            1.72380036124962       -0.14906711278162       -0.79161456799928
O            1.30430417001420       -0.56338101582674       -2.01251859410028
C            3.04646542444881        0.19581035653164       -0.53996643119369
C            3.43036241051469        0.63579689581625        0.71363149375593
C            2.50213794366240        0.74127078463693        1.73304836130076
C            1.19021123050317        0.39493361405482        1.46879374107455
F            0.28459405956704        0.48855845047546        2.46652684963880
H           -2.21201313503585        2.55487659171088       -0.23659515155378
H           -0.48496751204065        2.23487296282474       -0.47217168593309
H           -1.18526146877997        2.16040958691642        1.14243605452910
H           -3.76098221659978        0.77637275641666       -0.38968019254319
H           -4.25879401927293       -1.61065774771901       -0.69725708854549
H           -2.41837571519996       -3.28216366114829       -0.58551238257476
H            2.05748092569187       -0.64774634883013       -2.60869071300084
H            3.77634467958592        0.11477489854074       -1.33392637832394
H            4.46081751593219        0.89742574071512        0.89646637500233
H            2.77705559629971        1.07766704885165        2.71929801917737
26
 energy: -46.467109902170 gnorm: 0.000785447231 xtb: 6.6.1 (8d0f1dd)
C           -1.38077674814635        1.95071408222181        0.09727921646120
C           -1.67026640528996        0.49349281407736       -0.09201708400936
C           -2.96351350520842        0.05068591549685       -0.33546299115146
C           -3.24182494334450       -1.29239005325187       -0.51574528085580
C           -2.22385233236280       -2.22706140953466       -0.45964707151186
C           -0.93804101856959       -1.78435532068628       -0.21956621401418
F            0.05898941657832       -2.69454675935159       -0.15304831636063
C           -0.63592997134242       -0.44210002156636       -0.02792492652188
C            0.76667488465394       -0.04521098514168        0.22559380761265
C            1.72380358117326       -0.15305291788828       -0.79035708197323
O            1.30314364226804       -0.57133257540946       -2.00938171998385
C            3.04794713550013        0.18662016545818       -0.53949006803386
C            3.43336063345850        0.63037186485216        0.71228629515596
C            2.50515770567426        0.74509700746069        1.73082425235997
C            1.19188179230104        0.40365839245299        1.46712076294047
F            0.28625773848013        0.50444402108502        2.46474680689400
H           -2.22261090202397        2.55525860434282       -0.23044404919217
H           -0.49372327046332        2.24278621372074       -0.46239516698989
H           -1.19770746118761        2.16239238949714        1.15034770407271
H           -3.76486260440237        0.77304859268530       -0.38603740114703
H           -4.25490990376709       -1.61437890135482       -0.70314096339219
H           -2.40949355190767       -3.28039501469797       -0.59648953211662
H            2.05593962305606       -0.66252486573679       -2.60499602403662
H            3.77813327019229        0.09760024104189       -1.33233367021569
H            4.46519086014240        0.88730502105088        0.89433912408348
H            2.78103333453680        1.08387049917578        2.71593959192621
26
 energy: -46.467120523211 gnorm: 0.000764139944 xtb: 6.6.1 (8d0f1dd)
C           -1.39063753102287        1.95381068246498        0.10616512980216
C           -1.67364017235162        0.49601988544618       -0.08804173130551
C           -2.96545539317072        0.04938380515819       -0.33287720720539
C           -3.23912542765698       -1.29371071232494       -0.51946337727096
C           -2.21775691917364       -2.22500380259974       -0.46776587717090
C           -0.93373154976753       -1.77881852663854       -0.22557736596673
F            0.06622469685584       -2.68596590472573       -0.16198781463664
C           -0.63607371707178       -0.43613839534478       -0.02809276417538
C            0.76638456809837       -0.03903198594484        0.22509877194162
C            1.72432144698016       -0.15807293547795       -0.78912867889458
O            1.30288798038912       -0.58109066024446       -2.00614541884407
C            3.05007652975342        0.17518594375957       -0.53857254184156
C            3.43674892591488        0.62383846990903        0.71111114394799
C            2.50783016052638        0.75040124869312        1.72761841989011
C            1.19292039737407        0.41481442554932        1.46427213743116
F            0.28703847820099        0.52568523365278        2.46078602858340
H           -2.23403342218261        2.55551200972423       -0.22266954790916
H           -0.50311112144492        2.25131441488487       -0.44988933251008
H           -1.21196702012599        2.16355451857632        1.16034780920834
H           -3.76945071149602        0.76906095612315       -0.38015571597032
H           -4.25100432743186       -1.61840151059116       -0.70857247517268
H           -2.39946824345272       -3.27833657335307       -0.60980772367951
H            2.05578433583428       -0.67911961737895       -2.60077809149480
H            3.78069247295168        0.07692096061513       -1.32996540361695
H            4.47000925644251        0.87525343109505        0.89291609414117
H            2.78453730702665        1.09293163897211        2.71117553271956
26
 energy: -46.467126416980 gnorm: 0.000510538645 xtb: 6.6.1 (8d0f1dd)
C           -1.39792765400512        1.95569917028908        0.11399136589512
C           -1.67606856822225        0.49765707224053       -0.08487140026932
C           -2.96698691954323        0.04832676771424       -0.33011871956149
C           -3.23739592939651       -1.29459957409851       -0.52186861790642
C           -2.21345639339783       -2.22337663382447       -0.47450705759551
C           -0.93067146939208       -1.77474216879624       -0.23132080175398
F            0.07149935221544       -2.67981964153023       -0.17123666049300
C           -0.63598374072271       -0.43189751932526       -0.02918293591964
C            0.76632476997302       -0.03460998110950        0.22378013264426
C            1.72541234870473       -0.16270078742986       -0.78843570706762
O            1.30406782273974       -0.58968451085679       -2.00404216463172
C            3.05214979619437        0.16589228489584       -0.53763104500443
C            3.43908960410311        0.61917618796296        0.71034701891112
C            2.50898546249296        0.75577107635568        1.72435010914957
C            1.19295143694445        0.42446215450255        1.46096968921331
F            0.28666602160899        0.54431556211218        2.45585099975106
H           -2.24206608176281        2.55563817129217       -0.21601000090622
H           -0.50951023725359        2.25739870217051       -0.43834036189436
H           -1.22345498694737        2.16332756348465        1.16927093584394
H           -3.77304246021531        0.76597258492044       -0.37351617011284
H           -4.24859101550807       -1.62116266030514       -0.71122941832731
H           -2.39220918341728       -3.27661969290234       -0.62072783910527
H            2.05748221067178       -0.69210915986171       -2.59744792478689
H            3.78348147111205        0.05962230993569       -1.32735650925925
H            4.47339401709926        0.86581917658982        0.89280133635939
H            2.78586132592333        1.10224054557358        2.70648174682782
26
 energy: -46.467129450963 gnorm: 0.000217892312 xtb: 6.6.1 (8d0f1dd)
C           -1.40090392320919        1.95610063148079        0.11869389841073
C           -1.67702788021835        0.49811058905068       -0.08294121584453
C           -2.96777259651777        0.04783143112905       -0.32760213360118
C           -3.23705242658619       -1.29485847409801       -0.52215628249609
C           -2.21196476816667       -2.22256781176758       -0.47826396904892
C           -0.92948674481366       -1.77305562848879       -0.23556660483656
F            0.07347241174218       -2.67752819034303       -0.17777789323996
C           -0.63577285195403       -0.43033284405757       -0.03059678626868
C            0.76642996936746       -0.03289229297663        0.22225210346781
C            1.72654907901820       -0.16552158660274       -0.78842450947016
O            1.30598942429766       -0.59495177928037       -2.00343147871734
C            3.05364957351525        0.16087453967149       -0.53691507661222
C            3.44001526764310        0.61728822952403        0.71012471099466
C            2.50871661462301        0.75954008450443        1.72212128548735
C            1.19233316232364        0.42974093007974        1.45839726750938
F            0.28560655058226        0.55452973508715        2.45190557847984
H           -2.24481853027273        2.55559552864228       -0.21260037282906
H           -0.51132763646763        2.25968374040827       -0.43068833136138
H           -1.22963250024626        2.16227670961652        1.17476701370205
H           -3.77460457426023        0.76471558876123       -0.36870958743113
H           -4.24808384481779       -1.62199592108373       -0.71136791282470
H           -2.38955247321592       -3.27568297914624       -0.62661341744521
H            2.06011888248825       -0.69910838157712       -2.59576512265474
H            3.78560114212048        0.05060579360588       -1.32542859751237
H            4.47447318246166        0.86244408158302        0.89328029662294
H            2.78504649056234        1.10915527627712        2.70330713751981
