26
 energy: -46.447296367643 gnorm: 0.096515589272 xtb: 6.6.1 (8d0f1dd)
C           -0.94178700000000       -1.50052500000000        1.28098700000000
C           -1.47559300000000       -0.38410400000000        0.46679600000000
C           -2.82785300000000       -0.11857200000000        0.50752200000000
C           -3.33472700000000        0.93456800000000       -0.25988200000000
C           -2.45874400000000        1.67581100000000       -1.03581000000000
C           -1.09644600000000        1.37969500000000       -1.05335500000000
F           -0.22360700000000        2.09388900000000       -1.80649900000000
C           -0.59385500000000        0.34307100000000       -0.29868600000000
C            0.80208900000000       -0.00402100000000       -0.28081800000000
C            1.64488000000000        0.57063200000000        0.63091500000000
O            1.13152000000000        1.48359200000000        1.52651000000000
C            2.98552700000000        0.24736400000000        0.65969000000000
C            3.50504800000000       -0.67967700000000       -0.25026000000000
C            2.66363800000000       -1.25443900000000       -1.16170700000000
C            1.31984200000000       -0.91322900000000       -1.17080800000000
F            0.50325300000000       -1.48472900000000       -2.07110900000000
H           -0.75089400000000       -1.08154600000000        2.30678800000000
H           -0.05147300000000       -1.89501800000000        0.79719400000000
H           -1.72692300000000       -2.28670400000000        1.44560500000000
H           -3.50144000000000       -0.70378300000000        1.11667000000000
H           -4.38903800000000        1.16565400000000       -0.24786600000000
H           -2.80537100000000        2.48604600000000       -1.63450300000000
H            0.40971200000000        2.14777400000000        1.28526700000000
H            3.65371600000000        0.70038900000000        1.37956300000000
H            4.56145300000000       -0.93688500000000       -0.23044700000000
H            2.99707200000000       -1.98525300000000       -1.90175800000000
26
 energy: -46.461350661227 gnorm: 0.040471166405 xtb: 6.6.1 (8d0f1dd)
C           -0.96202799749453       -1.51567126073404        1.31219855318435
C           -1.49701163576654       -0.40284764096428        0.47184655597962
C           -2.84647010637327       -0.10511150686607        0.49660474039753
C           -3.33751492677241        0.94718396234926       -0.26693118567998
C           -2.47302969141698        1.69213004656128       -1.04725910173208
C           -1.12364906756333        1.38458172786570       -1.06059809484936
F           -0.26109147248686        2.11443986920269       -1.80706507004693
C           -0.61620232993047        0.34164060479272       -0.30538620314949
C            0.81100809163788        0.01567587114631       -0.30060073740844
C            1.66551867992219        0.60418013957374        0.62642765331111
O            1.18287848184532        1.49647097744817        1.54541423259982
C            3.00419758731516        0.25796518473411        0.66045947044861
C            3.50497151250977       -0.67724921476270       -0.24057811417760
C            2.67151103937830       -1.25844349310686       -1.17087761036538
C            1.33368627009125       -0.90574111944217       -1.19014304693553
F            0.51198516489811       -1.49268953503167       -2.08099439569032
H           -0.71624394409271       -1.12044628458918        2.30965387635781
H           -0.07247420938442       -1.94275430343885        0.86661740111710
H           -1.71708875529200       -2.29686222905074        1.45189823787236
H           -3.51879000826310       -0.68929609399831        1.10478153325013
H           -4.39007273644649        1.17861481331744       -0.25722734352888
H           -2.82351228405970        2.50860351621925       -1.65159311901617
H            0.43872791302927        2.07429605292913        1.26246500561789
H            3.66179275024176        0.70803854407219        1.38664487961027
H            4.55427542738450       -0.93217274657478       -0.21857073115206
H            3.01462524708930       -1.98453588165236       -1.89718838601439
26
 energy: -46.465023974807 gnorm: 0.015073299389 xtb: 6.6.1 (8d0f1dd)
C           -0.97863363422822       -1.52841210731728        1.33528599583747
C           -1.50729333231431       -0.41468934044146        0.48338281941712
C           -2.85760106185543       -0.09651045037685        0.48639792909037
C           -3.34233361468399        0.95081971348872       -0.27751491412324
C           -2.48444757487034        1.70269314444508       -1.05777057431975
C           -1.14109631775316        1.38654260711916       -1.05747850461574
F           -0.28706805370258        2.12826479664627       -1.79966865770261
C           -0.62943212374222        0.34143917921822       -0.29915414260758
C            0.81859428818584        0.02905275090158       -0.30526717689612
C            1.68107241111033        0.62155094689073        0.62663827232962
O            1.23479866251454        1.51634946905279        1.54821172543828
C            3.02079247414693        0.26159750669630        0.65549619527457
C            3.51122322051519       -0.66933119195687       -0.24313606152143
C            2.68066414788230       -1.25475161261343       -1.18103174479419
C            1.34537403173465       -0.89713245277031       -1.19464024193011
F            0.51827129644507       -1.48723036305400       -2.08241494372590
H           -0.70742234264594       -1.14067162703299        2.31508814472849
H           -0.08724639382228       -1.97198884658108        0.90083142996339
H           -1.72821081584800       -2.29867141238576        1.46389686237204
H           -3.53148226088369       -0.67936059328060        1.09445969062709
H           -4.39471083947944        1.18593477060878       -0.26416301075674
H           -2.83682776200126        2.52357961414695       -1.66341468020475
H            0.44659073691385        1.99505694191988        1.23316736168391
H            3.66820146497139        0.71535231072381        1.38670389431633
H            4.55436379945597       -0.93721592121859       -0.21120714899682
H            3.03385859395480       -1.98226783282907       -1.89269951888368
26
 energy: -46.465693351151 gnorm: 0.016628777302 xtb: 6.6.1 (8d0f1dd)
C           -0.99053467732799       -1.53179327061666        1.34639555435879
C           -1.50848240677833       -0.41497566916228        0.49096021387166
C           -2.85989113355179       -0.09206027264109        0.48337667225238
C           -3.34464764931121        0.95236803317408       -0.28198332130629
C           -2.48641955237661        1.70586075883114       -1.06183927174956
C           -1.14307591805797        1.38678700851940       -1.05264592124257
F           -0.29063543278126        2.13188206687067       -1.79288735774123
C           -0.63020988604529        0.34287686171347       -0.29152652834259
C            0.82407767898421        0.03470830473313       -0.30293959494575
C            1.69138363864153        0.62875645183026        0.62322439715826
O            1.25723629131536        1.53010868187515        1.54029334314143
C            3.03276198812453        0.26477559472295        0.64744911977862
C            3.51932632184910       -0.66854754373559       -0.24666185718290
C            2.68600585208124       -1.25204244782739       -1.18512881070539
C            1.35197540638626       -0.89088336396187       -1.19317990177096
F            0.52124041838897       -1.47810715627857       -2.08094655197613
H           -0.70594746353636       -1.14632606044088        2.32458644825830
H           -0.10647523570018       -1.98908382143431        0.90685106337553
H           -1.74978608764801       -2.29376599573205        1.48055655924133
H           -3.53748942608352       -0.67568492304765        1.08798198806511
H           -4.39857911115230        1.18398392360650       -0.27303946019463
H           -2.83833864444423        2.52482511153082       -1.67034768692026
H            0.42490558090824        1.94152176325728        1.23237482527607
H            3.67579639253941        0.72353610454749        1.38004877772626
H            4.56200565318595       -0.94065556065322       -0.21579913834501
H            3.04379640239025       -1.97806457968080       -1.89517456008045
26
 energy: -46.466210371412 gnorm: 0.012537741461 xtb: 6.6.1 (8d0f1dd)
C           -1.00339129016716       -1.53162381271445        1.35735654064688
C           -1.50874854832768       -0.41287294321344        0.49806236531318
C           -2.86122102986369       -0.08937646526682        0.47987583838364
C           -3.34704405551530        0.95093740112581       -0.28950069360459
C           -2.48608416507065        1.70576416666972       -1.06697386081496
C           -1.14169293410627        1.38643926496855       -1.04675139951591
F           -0.28904360177803        2.13238641616399       -1.78560061947135
C           -0.62871309970198        0.34453882885893       -0.28245348214080
C            0.82888330664502        0.03891027100273       -0.29916460802075
C            1.70039379577111        0.63209664029663        0.61963818381207
O            1.27372095674342        1.53937705727193        1.53159764732046
C            3.04400092271768        0.26674837789384        0.63914638528797
C            3.52890661213317       -0.66534767699020       -0.25408460712685
C            2.69050303772769       -1.24689949302324       -1.19077737606609
C            1.35754206042846       -0.88443116550856       -1.19141171644670
F            0.52294564747054       -1.46788563712091       -2.07950757299442
H           -0.70367554828741       -1.14662915350128        2.33380434893657
H           -0.13273435580648       -2.00919578782642        0.90943145939562
H           -1.77836074990290       -2.27933975626881        1.50738104749570
H           -3.54321879406638       -0.67281848177179        1.08120539144661
H           -4.40265172658586        1.17757198926626       -0.28708497399816
H           -2.83625731310352        2.52096750485460       -1.67975111692145
H            0.40884491411428        1.88871513967271        1.25245894054553
H            3.68341818151951        0.73377739749504        1.37083227086731
H            4.57177774084807       -0.94071815252280       -0.22642832554747
H            3.05189903616438       -1.97109192981203       -1.90130106678200
26
 energy: -46.466578821643 gnorm: 0.011964783597 xtb: 6.6.1 (8d0f1dd)
C           -1.01290955995342       -1.52795817188100        1.36532067493379
C           -1.50948456823802       -0.40968422995546        0.50269532574617
C           -2.86206587199951       -0.08812859400370        0.47677657636773
C           -3.34646572426928        0.94940753173413       -0.29789623858408
C           -2.48050069765845        1.70330983607201       -1.07144702861575
C           -1.13563288000308        1.38462656952367       -1.04253205253326
F           -0.27964668098190        2.12863431680251       -1.77923207348676
C           -0.62538639841373        0.34464083410582       -0.27419972762301
C            0.83119562885317        0.03746178319608       -0.29184694079801
C            1.70669779985524        0.63190986129554        0.61896098135767
O            1.28103240156745        1.54450041016934        1.52589220518692
C            3.05278559113079        0.27185209939271        0.63097620590340
C            3.53607320631196       -0.65882646256994       -0.26412422886247
C            2.69158057088614       -1.24180318000853       -1.19567096256917
C            1.35882809452856       -0.88289324921486       -1.18800159711699
F            0.52099510923827       -1.46390246842945       -2.07564919608375
H           -0.69686373908166       -1.14047578317665        2.33691051476787
H           -0.15792341103525       -2.02532230927432        0.90954544146968
H           -1.80156215211081       -2.25976984781974        1.53456898647561
H           -3.54794855134646       -0.67027220450349        1.07535746032549
H           -4.40269551617672        1.17277868542711       -0.30292067135590
H           -2.82694325149215        2.51586102182853       -1.68824839097096
H            0.38264396820008        1.83613030476469        1.28773545975039
H            3.69170887207206        0.74471468240346        1.35971776842754
H            4.57956579080693       -0.93344918289473       -0.24305947734047
H            3.05292096930983       -1.96334225298376       -1.90963001477165
26
 energy: -46.466887195613 gnorm: 0.007782905275 xtb: 6.6.1 (8d0f1dd)
C           -1.02152005010572       -1.52213601508670        1.37370457203474
C           -1.51256525590958       -0.40676022083918        0.50604902180876
C           -2.86464579858423       -0.08796860791345        0.47238150715435
C           -3.34444581192795        0.94757846908122       -0.30924538373944
C           -2.47169232653401        1.69880662640805       -1.07758956647144
C           -1.12698072868961        1.38125744028464       -1.04023707956067
F           -0.26543993865836        2.12061244759633       -1.77447522684780
C           -0.62228808782801        0.34289633494089       -0.26640299459094
C            0.83080678459079        0.03199482818585       -0.28234449980149
C            1.70931589795625        0.62748813366619        0.62233360145636
O            1.28155088949500        1.54237444016433        1.52621576429826
C            3.05816745181156        0.27747782025880        0.62482763040225
C            3.54076667957543       -0.64754942922920       -0.27704177474650
C            2.69047331158898       -1.23490594231752       -1.20139204384190
C            1.35666677020307       -0.88417938342520       -1.18430326720530
F            0.51580861152420       -1.46586329379707       -2.06919274596858
H           -0.68142230333195       -1.12879708866416        2.33558873203577
H           -0.18658301423534       -2.04201626683812        0.90826281826557
H           -1.82210775138117       -2.23555484453775        1.56827540937730
H           -3.55459248914525       -0.66807263620356        1.06787683120290
H           -4.40055495681254        1.16915717155181       -0.32349927777503
H           -2.81263364581616        2.50936737645345       -1.69924980071170
H            0.36801356411515        1.78599739775726        1.34059467773719
H            3.69974134400375        0.75640303372644        1.34714736831073
H            4.58615576828726       -0.91508618359865       -0.26734531482635
H            3.05000408580848       -1.95252160762473       -1.92093995799697
26
 energy: -46.466733714106 gnorm: 0.023128073235 xtb: 6.6.1 (8d0f1dd)
C           -1.03163305314816       -1.51565062994632        1.38476092048122
C           -1.51837113458036       -0.40346578308310        0.51097394218027
C           -2.86934826391525       -0.08497023885015        0.46604767183262
C           -3.33932884149030        0.94929814591680       -0.32445145371279
C           -2.45745480654680        1.69552461889718       -1.08631623023601
C           -1.11413176482252        1.37674386682653       -1.03874755282358
F           -0.24457043075000        2.10849399695371       -1.76993761266367
C           -0.61881701291900        0.33992133110665       -0.25620684891164
C            0.83060359490353        0.02308294196983       -0.26772970180605
C            1.71507372977668        0.62664586833780        0.62656560481273
O            1.28817870771514        1.54464568071724        1.52818022585323
C            3.06734659691623        0.29165097760385        0.61250478872205
C            3.54608154495669       -0.62963418999482       -0.29605963801010
C            2.68873124719830       -1.22737291142303       -1.20804992904926
C            1.35253728504263       -0.88938540151270       -1.17680943478790
F            0.50677045649431       -1.47579620566070       -2.05424655821840
H           -0.65732111011178       -1.11569635420671        2.33107364104823
H           -0.22152353729802       -2.06264411188692        0.90739182702414
H           -1.84299240040799       -2.20651545776563        1.60945529870478
H           -3.56496345140067       -0.66190316823323        1.05717174527302
H           -4.39442869262145        1.17234667064910       -0.34983813423155
H           -2.79023005124611        2.50544505947189       -1.71385875486398
H            0.31755614875890        1.69316246666349        1.41621934753579
H            3.71463249814224        0.77539715841221        1.32577191113487
H            4.59360432116059       -0.88748019318059       -0.30093883529596
H            3.04399742019326       -1.94184413778245       -1.93292723999198
26
 energy: -46.467091402695 gnorm: 0.003301045061 xtb: 6.6.1 (8d0f1dd)
C           -1.02595731539726       -1.51900719726247        1.37984701915362
C           -1.51817871463108       -0.40610125359115        0.50833550622168
C           -2.86916739699530       -0.08580865430092        0.46828987471636
C           -3.34037072056110        0.94997113982794       -0.31878896245371
C           -2.46200451959512        1.69695886967573       -1.08348086470784
C           -1.11873412905385        1.37743316574016       -1.04126301920751
F           -0.25152379984870        2.11060835245118       -1.77390915942045
C           -0.62167384806555        0.33922519349675       -0.26171644958438
C            0.82895735150620        0.02376617646245       -0.27283323087543
C            1.70956834552850        0.62480290097031        0.62859865327830
O            1.28102352287710        1.53788188424223        1.53447386758390
C            3.06033111581356        0.28675797151085        0.61917425937051
C            3.54130184961327       -0.63373930362761       -0.28931587984285
C            2.68885288223952       -1.22983162709303       -1.20544483160682
C            1.35219715439446       -0.88994566543200       -1.17921523038740
F            0.50908979616581       -1.47731688891331       -2.05757805529602
H           -0.66239040592069       -1.12089816496684        2.32939580765046
H           -0.20578066966942       -2.05335823757084        0.90690865221903
H           -1.82883820696843       -2.21994937142094        1.59320631384790
H           -3.56250958651284       -0.66372756443682        1.06100965234976
H           -4.39524515901067        1.17512310500728       -0.33939494227538
H           -2.79746575332922        2.50841529894353       -1.70828275670566
H            0.34695740488866        1.73816029625765        1.38602082627771
H            3.70773852123928        0.76671409801809        1.33471675602813
H            4.58881224721641       -0.89109214611179       -0.29003939073129
H            3.04500903407655       -1.94504237787648       -1.92871541560255
26
 energy: -46.467140375065 gnorm: 0.002440592153 xtb: 6.6.1 (8d0f1dd)
C           -1.02814901941522       -1.51877238097283        1.38211186364187
C           -1.52067929482115       -0.40624814867555        0.50931307915426
C           -2.87114243580289       -0.08418930746584        0.46695282048219
C           -3.33883312519293        0.95176220656025       -0.32208149925193
C           -2.45850688385614        1.69669833762815       -1.08615263382578
C           -1.11577219892984        1.37548498054297       -1.04223631158363
F           -0.24654714076556        2.10579451402685       -1.77481522608595
C           -0.62194285986880        0.33724841016119       -0.26045673280508
C            0.82853217969197        0.02077408798002       -0.26992921987921
C            1.70909708680409        0.62389673473173        0.63102277816237
O            1.27947930481829        1.53366296382966        1.53949234324659
C            3.06059693290625        0.29062959658811        0.61708696743535
C            3.54175947090817       -0.62748288146680       -0.29410091131957
C            2.68931920128100       -1.22749042040835       -1.20706332964248
C            1.35121892918983       -0.89197690727273       -1.17734542156353
F            0.50740554640066       -1.48283767131953       -2.05222861775107
H           -0.65123102576444       -1.11792911167187        2.32564621604478
H           -0.21565460478854       -2.06120756051284        0.90348150878962
H           -1.83389119110564       -2.21319461028728        1.60645430327311
H           -3.56615726183354       -0.66100020389311        1.05862423812171
H           -4.39326150616851        1.17897586515112       -0.34486490115698
H           -2.79196684366780        2.50845543173155       -1.71209084380933
H            0.34073201338927        1.71928563193322        1.40335411730309
H            3.71032365875095        0.77114544052709        1.33006239699787
H            4.59051174238808       -0.87963579616587       -0.29879833255965
H            3.04475832545250       -1.94184920127936       -1.93143965141855
26
 energy: -46.467204929741 gnorm: 0.002866132800 xtb: 6.6.1 (8d0f1dd)
C           -1.03484900212199       -1.51805854830907        1.38793324918035
C           -1.52723198877237       -0.40647118536973        0.51228280964138
C           -2.87616581352923       -0.07924305500624        0.46353422647674
C           -3.33482542789775        0.95739000697729       -0.33008617688390
C           -2.44915244398112        1.69641431111449       -1.09323739751749
C           -1.10778848517793        1.36963318725255       -1.04461480600019
F           -0.23323317675598        2.09156213026722       -1.77789583517910
C           -0.62272574455997        0.33167599700968       -0.25678878499452
C            0.82783514228775        0.01258498623388       -0.26252659718427
C            1.70760333667255        0.62097280873341        0.63721692881386
O            1.27373873192419        1.52025173128813        1.55357427522277
C            3.06154760357478        0.30166290183642        0.61053737573532
C            3.54420009686256       -0.60990940175410       -0.30746682498410
C            2.69178969085675       -1.22098429175790       -1.21158103366756
C            1.34987095585052       -0.89723723247010       -1.17221931034170
F            0.50454782260157       -1.49736522886379       -2.03820064260185
H           -0.62205408542808       -1.11277171292602        2.31456227292663
H           -0.24535685877144       -2.08245481682893        0.89317087513032
H           -1.84765651895973       -2.19391181100679        1.64357170289187
H           -3.57599023477049       -0.65172140923149        1.05357840349935
H           -4.38797068094034        1.19085625820712       -0.35761372981871
H           -2.77730013820784        2.50838928175685       -1.72234147866026
H            0.32232861703282        1.66620303253656        1.44722523936337
H            3.71646063348635        0.78450278529275        1.31722183385483
H            4.59621921779107       -0.84852042667730       -0.32160693570493
H            3.04615775093341       -1.93345029830498       -1.93823063919813
26
 energy: -46.467222596591 gnorm: 0.001966287295 xtb: 6.6.1 (8d0f1dd)
C           -1.03676802788083       -1.51843862948934        1.38864945753598
C           -1.52849053017476       -0.40653506629645        0.51323826610601
C           -2.87686921761321       -0.07731431755742        0.46395908917643
C           -3.33390572855705        0.95937605570462       -0.33047604906761
C           -2.44725167548534        1.69644445290023       -1.09443556573378
C           -1.10633220643690        1.36753045480597       -1.04540275205686
F           -0.23073059558693        2.08729953848691       -1.77944378833535
C           -0.62309215815806        0.32982158716356       -0.25637675499066
C            0.82772797940071        0.01041465296378       -0.26158557057957
C            1.70654273900449        0.61956776279488        0.63860706195681
O            1.27050225349314        1.51513971903978        1.55759894945117
C            3.06115261895824        0.30410618405190        0.60939036173955
C            3.54502287661979       -0.60575801240181       -0.30981721893421
C            2.69316634632198       -1.21940240645047       -1.21239179087874
C            1.35055928573605       -0.89832634189537       -1.17151005104290
F            0.50565042690517       -1.50046445891098       -2.03627624402861
H           -0.61519636551388       -1.11376444750157        2.31091321658234
H           -0.25405090604703       -2.08805260700974        0.88983301619176
H           -1.85099832202012       -2.18919677765089        1.65118788151788
H           -3.57786873661433       -0.64827639315416        1.05414444771592
H           -4.38668106641425        1.19464208884846       -0.35819380884273
H           -2.77436264248880        2.50823604398302       -1.72415345979500
H            0.32009916395022        1.65712400118434        1.45200046374457
H            3.71621690604786        0.78801555256418        1.31525628136330
H            4.59776694459387       -0.84086048644917       -0.32546600504717
H            3.04818963796005       -1.93132814972433       -1.93925043374845
26
 energy: -46.467256703816 gnorm: 0.004206033090 xtb: 6.6.1 (8d0f1dd)
C           -1.04537004542667       -1.52068773408219        1.39105430671509
C           -1.53220863584662       -0.40657244483142        0.51687573537717
C           -2.87836064724319       -0.06915900738568        0.46731549798066
C           -3.33038130270041        0.96730713230383       -0.33031030613864
C           -2.44025045940473        1.69623855350448       -1.09844380358759
C           -1.10114323547048        1.35913102312222       -1.04847839435306
F           -0.22193483572915        2.07093953503191       -1.78596448305829
C           -0.62377318741693        0.32233306450237       -0.25549411725815
C            0.82769438352452        0.00227989331415       -0.25915951875324
C            1.70290024329612        0.61413813039572        0.64229902660890
O            1.25765162334845        1.49646354262845        1.57035329902132
C            3.06029773080549        0.31312256501821        0.60546362491873
C            3.54960680107171       -0.59044292265943       -0.31735569133051
C            2.69978467531577       -1.21257792095203       -1.21565054811481
C            1.35501224591125       -0.90148474238648       -1.17042693533275
F            0.51259186019596       -1.50970771935957       -2.03312956278287
H           -0.58572910029953       -1.11849343369695        2.29649350545026
H           -0.29267112132758       -2.11562706729962        0.87469198808985
H           -1.86909259816693       -2.16782935381665        1.68321040273694
H           -3.58349636408548       -0.63353102413505        1.05921728819412
H           -4.38175235412423        1.20885425422577       -0.35778533582829
H           -2.76357325872439        2.50681016457073       -1.73089294251090
H            0.30731719943490        1.62226434614125        1.46688279476523
H            3.71354682212446        0.80220655709222        1.30964030779438
H            4.60471063239977       -0.81375605269852       -0.33743387809837
H            3.05862192853801       -1.92221933854779       -1.94297326050509
26
 energy: -46.467275902956 gnorm: 0.003310202915 xtb: 6.6.1 (8d0f1dd)
C           -1.04758700296334       -1.52185626155405        1.39097669812785
C           -1.53251558912304       -0.40667296624755        0.51756210486846
C           -2.87804381193042       -0.06667376869061        0.46954354678046
C           -3.32946123902851        0.97002414054363       -0.32817397213125
C           -2.43894823923588        1.69605159361284       -1.09871968561786
C           -1.10050597660665        1.35650274266259       -1.04982458999503
F           -0.22085387994017        2.06605572982662       -1.78920263965708
C           -0.62371690565258        0.31993100596391       -0.25625310426623
C            0.82752805160920       -0.00024489816493       -0.25974122891420
C            1.70150516422749        0.61200363806709        0.64245043827729
O            1.25340542211549        1.49173724951077        1.57200373867615
C            3.05961687383754        0.31440625689383        0.60579495964475
C            3.55113189817631       -0.58743201647877       -0.31738169270480
C            2.70243813350616       -1.21049897480091       -1.21640320685614
C            1.35733691083470       -0.90195659901963       -1.17172277897911
F            0.51667857867784       -1.51054984072571       -2.03620161994086
H           -0.57998679737524       -1.12313090501576        2.29180889036059
H           -0.30381072025348       -2.12263086828815        0.87173616015866
H           -1.87264712906032       -2.16221846652783        1.68990472063604
H           -3.58349435488822       -0.62816625104242        1.06378884010945
H           -4.38028593140934        1.21372155220448       -0.35361486941193
H           -2.76152262096955        2.50624688195857       -1.73186196968272
H            0.30313836211875        1.61765100666689        1.46403027642561
H            3.71057826503351        0.80534526721489        1.31075767138142
H            4.60657310177072       -0.80857795629357       -0.33753500429326
H            3.06344843652914       -1.91906729227631       -1.94372268299615
26
 energy: -46.467314044680 gnorm: 0.002340487477 xtb: 6.6.1 (8d0f1dd)
C           -1.05430015557408       -1.52559576643243        1.39124661211751
C           -1.53411332031627       -0.40721157170200        0.51945220501619
C           -2.87772644245012       -0.05900869391321        0.47614889621523
C           -3.32663937962442        0.97778092096162       -0.32316050560286
C           -2.43477755589781        1.69500742776663       -1.10049865972467
C           -1.09825112766103        1.34850506910681       -1.05454039721585
F           -0.21696155738779        2.05138485861120       -1.79879759637007
C           -0.62370894747491        0.31218037987426       -0.25899709673579
C            0.82683714494141       -0.00809497951622       -0.26087414283103
C            1.69702307894868        0.60548832480063        0.64400627616843
O            1.24110159674102        1.47835253405530        1.57718604399060
C            3.05733964625995        0.31806877425124        0.60788274879894
C            3.55549112474870       -0.57745246433903       -0.31768090886120
C            2.71052968377579       -1.20319086946351       -1.21905200194336
C            1.36380769052954       -0.90331183565089       -1.17549942148405
F            0.52830236632157       -1.51321780855670       -2.04479694221776
H           -0.55010978172150       -1.13158437220358        2.27567529762923
H           -0.34231085849379       -2.15192507939530        0.85654925372973
H           -1.88857659540516       -2.14078971124244        1.71952657502489
H           -3.58430120996930       -0.61321112549066        1.07584363455514
H           -4.37600109973756        1.22758511112148       -0.34407553148556
H           -2.75475778604322        2.50443891857687       -1.73590194204337
H            0.28952769247768        1.60119592190043        1.46200087794102
H            3.70254281411661        0.81350383157112        1.31490335224122
H            4.61232869510700       -0.79146743888023       -0.33894847344387
H            3.07770328378913       -1.90743035581147       -1.94759915346858
26
 energy: -46.467341166058 gnorm: 0.003019016844 xtb: 6.6.1 (8d0f1dd)
C           -1.05697931592502       -1.52879311168128        1.39005389398602
C           -1.53447971946655       -0.40788495325468        0.51998818195698
C           -2.87671283465819       -0.05322489730526        0.48315869918561
C           -3.32498302822052        0.98367194679178       -0.31652038589268
C           -2.43370775562385        1.69369954836777       -1.10097052779905
C           -1.09859921632408        1.34200557508760       -1.06012460004975
F           -0.21741410758654        2.04003456940081       -1.80934581941417
C           -0.62401032479237        0.30588109455925       -0.26380538033000
C            0.82588523207536       -0.01384799887682       -0.26428432758607
C            1.69201372809245        0.59948891184166        0.64490593812445
O            1.23041548127204        1.46879662878964        1.57917227953587
C            3.05349823691217        0.31703885620436        0.61381049135739
C            3.55783591209146       -0.57289804380654       -0.31356329405666
C            2.71763549091273       -1.19729372054290       -1.22074061385232
C            1.36968723045905       -0.90315529747351       -1.18114478930131
F            0.53982033946366       -1.51200650028297       -2.05713414836589
H           -0.52287330692708       -1.13853853377526        2.25963256894125
H           -0.37188933932847       -2.17487129906353        0.84295334338788
H           -1.89686781174474       -2.12350231383206        1.74279928925910
H           -3.58249199596508       -0.60216091068962        1.08846700880470
H           -4.37319412936866        1.23866222700294       -0.33161698129890
H           -2.75265415454836        2.50289586261483       -1.73746003360109
H            0.28113479897168        1.60226700890261        1.45136084759124
H            3.69291064883895        0.81350716610618        1.32514502065016
H            4.61537351010760       -0.78341709209544       -0.33337000309850
H            3.09064543128249       -1.89635472298963       -1.95136765813416
26
 energy: -46.467365410120 gnorm: 0.002547130154 xtb: 6.6.1 (8d0f1dd)
C           -1.05444052465228       -1.52923525236740        1.38865973886684
C           -1.53389827346146       -0.40815343285026        0.51922912719689
C           -2.87582468780208       -0.05178774445810        0.48675848853473
C           -3.32504867675925        0.98516423250179       -0.31228424053969
C           -2.43568656640144        1.69253404526739       -1.10084755987391
C           -1.10089033429069        1.33949895021833       -1.06439645821946
F           -0.22127964509707        2.03581599692350       -1.81684665117407
C           -0.62461242680328        0.30379839156387       -0.26805629635170
C            0.82504805282668       -0.01533687473765       -0.26773906011296
C            1.68852577173480        0.59601655267614        0.64574776014683
O            1.22608547471287        1.46645070843937        1.57818005608006
C            3.04983754337091        0.31182528341224        0.62085267872360
C            3.55725423730677       -0.57479419552287       -0.30788305348970
C            2.72062894901098       -1.19461313009353       -1.22145870667289
C            1.37217342236968       -0.90136698052261       -1.18593399306274
F            0.54571246950968       -1.50746298108788       -2.06700812435233
H           -0.50651578572469       -1.13997166651506        2.24884139118739
H           -0.38251644832271       -2.18270151063347        0.83627533695074
H           -1.89380604568902       -2.11511598304181        1.75438458734787
H           -3.57953752837736       -0.59933626883795        1.09548180797824
H           -4.37281013349625        1.24245872653594       -0.32331252689391
H           -2.75533611891477        2.50191210656603       -1.73716760853647
H            0.27933167469069        1.61492990785478        1.44131504694044
H            3.68651816807465        0.80525567212585        1.33653933946672
H            4.61472759529457       -0.78622156949533       -0.32483934723794
H            3.09635883689016       -1.88956298392139       -1.95449273290245
26
 energy: -46.467388811353 gnorm: 0.003903942101 xtb: 6.6.1 (8d0f1dd)
C           -1.05134424112129       -1.52787007308869        1.38873173116270
C           -1.53484627789652       -0.40771810239309        0.51949534735267
C           -2.87605804033221       -0.04881437200050        0.48996650968581
C           -3.32448625881135        0.98773606584486       -0.31005624361079
C           -2.43639344007555        1.69026995970617       -1.10392961909113
C           -1.10211622547853        1.33431551688648       -1.07147142602964
F           -0.22352438086497        2.02563562977021       -1.82908970540857
C           -0.62603832398927        0.30034163273774       -0.27250285817528
C            0.82373167530493       -0.01877657044142       -0.27015161618676
C            1.68279525273012        0.58970484136997        0.65014314315962
O            1.21844234121216        1.45828476783323        1.58269864738386
C            3.04443733397509        0.30619200419743        0.62973149384614
C            3.55656141670996       -0.57303194785915       -0.30373834652080
C            2.72498314318485       -1.18832396459332       -1.22443702314013
C            1.37497203727305       -0.89883490123903       -1.19126057170186
F            0.55264318675799       -1.50278810777468       -2.07699853259288
H           -0.46694467886234       -1.13860908600833        2.22642192742160
H           -0.40973256393840       -2.20217126119757        0.82121989831381
H           -1.89192120150621       -2.09255735829987        1.78873085448426
H           -3.57841558811396       -0.59336103217201        1.10283511542063
H           -4.37135927569289        1.24932349282347       -0.31754714724559
H           -2.75594427638616        2.49926144190552       -1.74125718539923
H            0.27257972847539        1.61560882084942        1.44303468670739
H            3.67918948458796        0.79459686279213        1.35046868284199
H            4.61482188528682       -0.78202262724917       -0.31890205748069
H            3.10396628757143       -1.87639163239987       -1.96213670519699
26
 energy: -46.467416954161 gnorm: 0.002995804267 xtb: 6.6.1 (8d0f1dd)
C           -1.04219741771248       -1.52228877313335        1.38883220302147
C           -1.53336892244360       -0.40560920378979        0.51897259294966
C           -2.87577741194391       -0.05242701164064        0.48787476399571
C           -3.32693308721889        0.98248036939258       -0.31258719311375
C           -2.44146758759330        1.68843489592701       -1.10594729078574
C           -1.10578615567681        1.33668415596840       -1.07396344951643
F           -0.23007897572830        2.02961003172353       -1.83256787711090
C           -0.62715794051513        0.30516944243921       -0.27379355615718
C            0.82338257955424       -0.01370660621118       -0.27157687489723
C            1.68180097730592        0.58942786250710        0.65298128177610
O            1.22238352790748        1.46163701051502        1.58316349720358
C            3.04164538684783        0.29667423101112        0.63654386854990
C            3.55218223526675       -0.58131946568193       -0.29892145530172
C            2.72159866280200       -1.18843581611101       -1.22523812661838
C            1.37229633700843       -0.89349276479950       -1.19356094602621
F            0.54930192504047       -1.49245885549910       -2.08096513148894
H           -0.45144507163820       -1.13023283881902        2.21754730702128
H           -0.40494956992718       -2.19651328276621        0.81977911541049
H           -1.87610850640210       -2.08650960633756        1.79732015716369
H           -3.57605882938599       -0.60063610870933        1.09976059607602
H           -4.37453476955098        1.24105155015025       -0.32131756065172
H           -2.76386289171998        2.49666912076632       -1.74288334209460
H            0.27843297764347        1.62899265049152        1.44551896211414
H            3.67865071466412        0.77640284875607        1.36128131049899
H            4.60952681642204       -0.79548945842772       -0.31038532774171
H            3.09852399699422       -1.87411437772188       -1.96586852427641
26
 energy: -46.467442929158 gnorm: 0.002789456211 xtb: 6.6.1 (8d0f1dd)
C           -1.03843564316757       -1.51816658142958        1.39005885267177
C           -1.53271157922648       -0.40307105467877        0.52041609633143
C           -2.87550710210163       -0.05201335486374        0.48801372993697
C           -3.32790162809610        0.98054217663945       -0.31488154448764
C           -2.44320544559649        1.68622012311048       -1.10965066299639
C           -1.10693184295206        1.33584785205710       -1.07687100153306
F           -0.23228790729383        2.02772770382001       -1.83749747015113
C           -0.62771913308670        0.30723046649107       -0.27407464647763
C            0.82328925136048       -0.01169394451785       -0.27161687230634
C            1.68051415309759        0.58727507179682        0.65645643404687
O            1.22116927298105        1.45687101921824        1.58883383294008
C            3.03985995042015        0.29226725148215        0.64049417237539
C            3.55081699867308       -0.58289936210426       -0.29741105437019
C            2.72109920752455       -1.18557953759852       -1.22725674651660
C            1.37218288453388       -0.88911758513542       -1.19556585926203
F            0.54950057847325       -1.48457898850548       -2.08535316449850
H           -0.42498290000828       -1.12644179228828        2.20343279402036
H           -0.41962057579629       -2.20466297017733        0.81274923364132
H           -1.87125229225747       -2.07006850523395        1.81902438710556
H           -3.57581767734349       -0.60022700624170        1.10014290562010
H           -4.37587145252197        1.23757747245061       -0.32482683665872
H           -2.76685046213056        2.49249012879617       -1.74811423224166
H            0.27773443938485        1.62340407732318        1.45247662816890
H            3.67681070395306        0.76786605398034        1.36824741449225
H            4.60792694790295       -0.79783533756589       -0.30729825697900
H            3.09819025327417       -1.86896337682496       -1.96992913287200
26
 energy: -46.467483106503 gnorm: 0.004648884002 xtb: 6.6.1 (8d0f1dd)
C           -1.03059102889831       -1.50755662256234        1.39385120576686
C           -1.52963163240577       -0.39609409008300        0.52394843979207
C           -2.87401762012878       -0.05230329477318        0.48687350892092
C           -3.33074582794799        0.97357885110869       -0.32260672316384
C           -2.44756084760409        1.68088995822971       -1.11855028191350
C           -1.10931802910193        1.33682099702253       -1.08096665510336
F           -0.23688129565279        2.02933922791487       -1.84385653182202
C           -0.62764455669268        0.31509938744012       -0.27266030129671
C            0.82399247654311       -0.00391866332319       -0.27051410161682
C            1.68105409976199        0.58452628018917        0.66324015417002
O            1.22117971066596        1.44609651977484        1.60331209748424
C            3.03919021308540        0.28408469496182        0.64584678568179
C            3.54863910109420       -0.58782812389034       -0.29586444376298
C            2.71770889083271       -1.18087651101170       -1.23115708350967
C            1.37088139767442       -0.87773489096670       -1.19893404892254
F            0.54664168037152       -1.46381144713159       -2.09387807169612
H           -0.37582729998192       -1.11843511551362        2.17690671160749
H           -0.44815176596530       -2.21831952471134        0.80307934821984
H           -1.86092294613545       -2.03460589226233        1.86168775445901
H           -3.57491097241245       -0.60088551705710        1.09873453542807
H           -4.38035721861362        1.22355710063149       -0.33728614002799
H           -2.77494993727086        2.48137491209815       -1.76144209395747
H            0.27772394933327        1.60416410956633        1.47035387290401
H            3.67617495922210        0.75240609454702        1.37877430897600
H            4.60466460043669       -0.80689206029025       -0.30285486243007
H            3.09365889979071       -1.86267637990816       -1.97603838418713
26
 energy: -46.467510133346 gnorm: 0.001583803338 xtb: 6.6.1 (8d0f1dd)
C           -1.03016339014732       -1.50683678489470        1.39405971291538
C           -1.52872328124607       -0.39578848874185        0.52299814889621
C           -2.87341189509000       -0.05293465161810        0.48636913016764
C           -3.33092958604833        0.97227498241627       -0.32347831005240
C           -2.44841050224648        1.68029938175852       -1.11909046825885
C           -1.10988887279644        1.33830280955282       -1.08107097577672
F           -0.23769670103073        2.03269526596524       -1.84271390196758
C           -0.62693618495800        0.31613273528102       -0.27348711095906
C            0.82412026443568       -0.00251108140944       -0.27092265779957
C            1.68215422483757        0.58469280851408        0.66307977909385
O            1.22160070540284        1.44485238162703        1.60451186072413
C            3.04022106390310        0.28413514527768        0.64612473489550
C            3.54891573894976       -0.58847941311521       -0.29538902173679
C            2.71728819166622       -1.18099485264568       -1.23062765668299
C            1.37070379858354       -0.87639318608609       -1.19977542906994
F            0.54613295630100       -1.46107416825074       -2.09569407279126
H           -0.37490702993644       -1.12058957429400        2.17562712745444
H           -0.45268881072046       -2.21934938655225        0.80566468187383
H           -1.85864204121314       -2.03060663536072        1.86371543102011
H           -3.57340175289602       -0.60154417218226        1.09885537008440
H           -4.38081687162459        1.22089079794303       -0.33821736225728
H           -2.77642760117340        2.48050807995742       -1.76234913757095
H            0.27743802294574        1.60312023109241        1.47021601605064
H            3.67703442400167        0.75245318787379        1.37889220123121
H            4.60466579300844       -0.80939536341064       -0.30245817214068
H            3.09276833709202       -1.86386004869773       -1.97484091734316
26
 energy: -46.467519278986 gnorm: 0.001198019667 xtb: 6.6.1 (8d0f1dd)
C           -1.02914457781175       -1.50556304703369        1.39449166166074
C           -1.52715313874980       -0.39453112858526        0.52254382846572
C           -2.87255644514595       -0.05418729751780        0.48566928561037
C           -3.33171925589284        0.96939221651097       -0.32528907851744
C           -2.45006232101172        1.67898122881355       -1.12008324646576
C           -1.11091046130430        1.34061197231557       -1.08078314972220
F           -0.23916393520762        2.03809566619116       -1.84035161947707
C           -0.62581038724945        0.31845482860271       -0.27373774741107
C            0.82448421215729       -0.00005574478450       -0.27116785567809
C            1.68391012759277        0.58460669690366        0.66337026411793
O            1.22268238829303        1.44310737572769        1.60660382495243
C            3.04174027421152        0.28351880403326        0.64683405712187
C            3.54905917092759       -0.59024850721479       -0.29441306397315
C            2.71643081114670       -1.18124639518595       -1.22981804020150
C            1.37045909169492       -0.87393958220437       -1.20082827141375
F            0.54545623378323       -1.45568387214629       -2.09862400884381
H           -0.37000939043686       -1.12078732658750        2.17196984279944
H           -0.45947544876173       -2.22170056170135        0.80627889822479
H           -1.85763974435277       -2.02273733145478        1.86879562984501
H           -3.57118038193553       -0.60364072023807        1.09857726257419
H           -4.38223513874146        1.21523014334908       -0.34071271126219
H           -2.77907312872322        2.47856891022495       -1.76395882504501
H            0.27806342887662        1.60179252097410        1.47019654453742
H            3.67848748627629        0.75162078962268        1.37950894207398
H            4.60426346560431       -0.81414308444038       -0.30181293852076
H            3.09109606476091       -1.86551655417477       -1.97326048545196
26
 energy: -46.467525935875 gnorm: 0.001014658556 xtb: 6.6.1 (8d0f1dd)
C           -1.02803613648897       -1.50427050907166        1.39491887796940
C           -1.52642541401447       -0.39346236780966        0.52257244584665
C           -2.87233562709075       -0.05516438554520        0.48481806292500
C           -3.33262241218674        0.96730363833802       -0.32687137232385
C           -2.45127859334117        1.67821738982328       -1.12085003378258
C           -1.11164091557465        1.34206531568031       -1.08034942617272
F           -0.24027985060617        2.04115455594116       -1.83894233625451
C           -0.62543453725985        0.32035007357781       -0.27331136727662
C            0.82471625728646        0.00170077723007       -0.27103039460075
C            1.68475550695613        0.58440187188833        0.66412324957797
O            1.22376301742176        1.44242662974711        1.60818164212978
C            3.04232138142699        0.28229201205212        0.64772032340684
C            3.54877580008323       -0.59183598973745       -0.29365848815492
C            2.71564327562023       -1.18119784920918       -1.22961439963411
C            1.37015729233514       -0.87200709025219       -1.20129927161750
F            0.54493916680520       -1.45167776179020       -2.10023879503988
H           -0.36301472331821       -1.11978868521174        2.16786273245522
H           -0.46434982339796       -2.22430215661761        0.80502358409430
H           -1.85681904459207       -2.01667117860901        1.87477666328550
H           -3.57031128312495       -0.60561735196982        1.09755054110899
H           -4.38365099244054        1.21090753709889       -0.34351444869651
H           -2.78090739968108        2.47710065918905       -1.76529371164361
H            0.27945145230594        1.60182064769995        1.47081971213941
H            3.67924805793185        0.74964082038446        1.38072980358523
H            4.60358863039880       -0.81752082596540       -0.30111748150154
H            3.08974591454600       -1.86586577686155       -1.97300711182508
26
 energy: -46.467536424659 gnorm: 0.000725726160 xtb: 6.6.1 (8d0f1dd)
C           -1.02551898313416       -1.50140253091460        1.39571555127055
C           -1.52552797462885       -0.39155684409112        0.52294699823954
C           -2.87233532213157       -0.05719434620222        0.48272677478368
C           -3.33433272488732        0.96355540617346       -0.33010970637311
C           -2.45343390861100        1.67674387190240       -1.12271110987783
C           -1.11297096177837        1.34397456359839       -1.08012457498711
F           -0.24249299840627        2.04492453289021       -1.83801510799527
C           -0.62523052807945        0.32386830500360       -0.27215297376690
C            0.82502936216030        0.00496929815456       -0.27036385087352
C            1.68583378529598        0.58419597848664        0.66608210727047
O            1.22613407022181        1.44176661228948        1.61142034513336
C            3.04276506980149        0.27914947272000        0.64992793984024
C            3.54780080525213       -0.59486694384841       -0.29227138322575
C            2.71390360130437       -1.18060297366833       -1.22981389210954
C            1.36920971229885       -0.86829217337602       -1.20181160780258
F            0.54350608469878       -1.44434871758293       -2.10247252770680
H           -0.34830070139214       -1.11778485749301        2.15925578934192
H           -0.47296105354595       -2.22876976834214        0.80241316349173
H           -1.85318331989465       -2.00614997726609        1.88704729519533
H           -3.56956101801897       -0.60943918598111        1.09483336488122
H           -4.38604236272796        1.20405474236474       -0.34861107415005
H           -2.78409190525605        2.47445651396393       -1.76795589235709
H            0.28266637177470        1.60322133485527        1.47323768106430
H            3.68022935077980        0.74397870659325        1.38417820850765
H            4.60196423738077       -0.82339793600931       -0.29944022032274
H            3.08694031152390       -1.86505308422073       -1.97393229747157
26
 energy: -46.467544038692 gnorm: 0.000945488191 xtb: 6.6.1 (8d0f1dd)
C           -1.02270659879766       -1.49854111842962        1.39640936284897
C           -1.52470460958610       -0.38998200705141        0.52334336269246
C           -2.87223425439063       -0.05895631945263        0.48110294870575
C           -3.33565245565358        0.96020350340752       -0.33292941610746
C           -2.45535844667041        1.67525559415344       -1.12458498008222
C           -1.11416649914380        1.34540451623863       -1.08037905327054
F           -0.24458542198173        2.04775895177445       -1.83798000789700
C           -0.62517965616657        0.32692267178385       -0.27131866229821
C            0.82522517283781        0.00809578018405       -0.26964404159955
C            1.68656893041496        0.58396389519067        0.66826374926330
O            1.22840352534832        1.44117843625360        1.61469466905499
C            3.04282422819982        0.27567430268808        0.65245333118433
C            3.54661408864483       -0.59775836390394       -0.29092445594878
C            2.71214227509230       -1.17963406315398       -1.23037975278748
C            1.36813490420977       -0.86448655943754       -1.20244374357346
F            0.54176555029246       -1.43738289968281       -2.10441282552268
H           -0.33391317582834       -1.11596007056067        2.15035545001446
H           -0.48141597718891       -2.23265156250061        0.80010840270414
H           -1.84835209568384       -1.99578884764009        1.89925161017410
H           -3.56903047387214       -0.61308522099119        1.09207004213694
H           -4.38802455559297        1.19765555266448       -0.35362021627397
H           -2.78712971114897        2.47173263004861       -1.77073609971107
H            0.28559060784215        1.60523079772843        1.47616166516676
H            3.68084916337319        0.73748097805545        1.38818638963597
H            4.60020333641137       -0.82886928516770       -0.29747342838130
H            3.08413114903885       -1.86346129219919       -1.97557530012838
26
 energy: -46.467550391024 gnorm: 0.000841100791 xtb: 6.6.1 (8d0f1dd)
C           -1.01980553933900       -1.49575757389666        1.39716557122181
C           -1.52385952262856       -0.38847325069028        0.52382979171671
C           -2.87206842342341       -0.06075281955445        0.47950946965836
C           -3.33675095856186        0.95667347880287       -0.33601687316691
C           -2.45712589858734        1.67349617383584       -1.12678623525937
C           -1.11520129927708        1.34657108876081       -1.08095011356246
F           -0.24642228183568        2.05011456293552       -1.83833378665839
C           -0.62514672525998        0.32971138828271       -0.27070338760741
C            0.82533787502771        0.01097601579884       -0.26902104333118
C            1.68700303261397        0.58366162545287        0.67042769942828
O            1.23024205359805        1.44028485062719        1.61795608206319
C            3.04256149883402        0.27207848867428        0.65514393050266
C            3.54533577265190       -0.60042784474123       -0.28963291660817
C            2.71054670822720       -1.17839877309173       -1.23121373347157
C            1.36711609293493       -0.86082782473639       -1.20319016208423
F            0.54007419109411       -1.43050673526627       -2.10655071423253
H           -0.31972555609032       -1.11455736059983        2.14119295204842
H           -0.49032792362235       -2.23651235225090        0.79838122437603
H           -1.84285824312336       -1.98521687492154        1.91161605313482
H           -3.56843903309057       -0.61583971089168        1.09010607959119
H           -4.38956181639103        1.19197202061204       -0.35805344041749
H           -2.78999860713795        2.46895621315757       -1.77360225394602
H            0.28796090040925        1.60719408242673        1.47931754082276
H            3.68104626373420        0.73053051477714        1.39259557653843
H            4.59842377705716       -0.83379707315206       -0.29537077354364
H            3.08164266218615       -1.86115231035150       -1.97781753721318
26
 energy: -46.467555109715 gnorm: 0.000559852155 xtb: 6.6.1 (8d0f1dd)
C           -1.01741585552921       -1.49339191682513        1.39798160650594
C           -1.52311493104324       -0.38725933747565        0.52424226109466
C           -2.87171642683610       -0.06165826211135        0.47890785570807
C           -3.33734898667333        0.95432334776362       -0.33793906475015
C           -2.45846126988440        1.67194797158695       -1.12870447686021
C           -1.11602007986780        1.34715343653687       -1.08188640533581
F           -0.24782486441854        2.05163642998141       -1.83902106530170
C           -0.62513887982996        0.33162002065400       -0.27061936037969
C            0.82540214898203        0.01315523075537       -0.26870804389921
C            1.68708296569829        0.58303224792917        0.67241062670420
O            1.23121047555181        1.43883736570610        1.62094874678330
C            3.04209634226063        0.26892899999755        0.65770074105797
C            3.54430628758872       -0.60235614394720       -0.28851613263982
C            2.70954558084446       -1.17686988788469       -1.23223363378339
C            1.36653384770408       -0.85751012621478       -1.20428769635570
F            0.53903176061239       -1.42456603144418       -2.10888356133356
H           -0.30639459160728       -1.11396473189421        2.13213050080951
H           -0.50017301006939       -2.24077349189364        0.79703676286783
H           -1.83789824355312       -1.97460202749418        1.92374288403051
H           -3.56789938778265       -0.61778674735954        1.08876020263732
H           -4.39070486390833        1.18709975808546       -0.36197436779663
H           -2.79236049025331        2.46618817408319       -1.77651448677603
H            0.28932575747676        1.60825649118137        1.48221750106602
H            3.68080579053013        0.72441379543702        1.39677206126542
H            4.59703111920963       -0.83739168767263       -0.29341656860688
H            3.08009880479788       -1.85846287748100       -1.98014788671187
