26
 energy: -46.448788741899 gnorm: 0.096527928858 xtb: 6.6.1 (8d0f1dd)
C            1.01943900000000        1.95417900000000        0.38748800000000
C            1.53116700000000        0.62254100000000       -0.03907300000000
C            2.85978300000000        0.44946000000000       -0.36656900000000
C            3.33987900000000       -0.77172400000000       -0.76008900000000
C            2.47900000000000       -1.83285700000000       -0.82654300000000
C            1.13566600000000       -1.65629500000000       -0.49504500000000
F            0.29380600000000       -2.70214700000000       -0.56197000000000
C            0.63292600000000       -0.43618900000000       -0.09690000000000
C           -0.75053800000000       -0.22375300000000        0.25178000000000
C           -1.64454900000000        0.14780600000000       -0.73116300000000
O           -1.18811700000000        0.30770000000000       -2.03226900000000
C           -2.96526500000000        0.36236400000000       -0.45895600000000
C           -3.45559700000000        0.20963800000000        0.84056800000000
C           -2.57663300000000       -0.16148200000000        1.83696000000000
C           -1.24774000000000       -0.37426900000000        1.54708600000000
F           -0.37865600000000       -0.73959300000000        2.52395300000000
H            0.07504600000000        2.23028800000000       -0.09140400000000
H            0.82814500000000        1.91155000000000        1.49824700000000
H            1.77056600000000        2.73428200000000        0.14438900000000
H            3.53006900000000        1.27939700000000       -0.31393900000000
H            4.40156000000000       -0.89080200000000       -1.01723000000000
H            2.87643200000000       -2.79141300000000       -1.13986800000000
H           -1.54358800000000       -0.37124400000000       -2.71993800000000
H           -3.62465400000000        0.65135600000000       -1.26091800000000
H           -4.49297900000000        0.38357400000000        1.02646100000000
H           -2.90516800000000       -0.29236900000000        2.85493900000000
26
 energy: -46.458388491846 gnorm: 0.038701821491 xtb: 6.6.1 (8d0f1dd)
C            1.02987644198717        1.97165960017865        0.39758367121000
C            1.54038895014123        0.63824587925601       -0.04073573391695
C            2.87171689324629        0.46061714647080       -0.36911170394570
C            3.34686869791357       -0.77737272006802       -0.76047113434540
C            2.48484018301231       -1.85199666624815       -0.82909513274600
C            1.15373926912446       -1.67112033015321       -0.49292736238814
F            0.30609768844695       -2.71830761596303       -0.57171556488482
C            0.65641191869973       -0.44232832580035       -0.09319427020775
C           -0.75541963354713       -0.24381760259732        0.24256373929995
C           -1.65647261718421        0.11704295023994       -0.75475534569413
O           -1.17635941095827        0.30197262674476       -2.03617266205467
C           -2.98679593692954        0.34989955381022       -0.46600562802014
C           -3.45611678543108        0.20938470152142        0.83471095825957
C           -2.58040927356414       -0.16116620086649        1.83714858893469
C           -1.25096074578534       -0.37559174008875        1.53606900804884
F           -0.39038446444732       -0.72932463499892        2.51810610337224
H            0.09114653646711        2.22626628423863       -0.09228617826903
H            0.84146034109636        1.95412823199822        1.48121851304702
H            1.76068162061087        2.75336824650595        0.18446458023653
H            3.54486804767653        1.29900425807651       -0.31632091440970
H            4.39314599321007       -0.90013658046155       -1.01673816369750
H            2.85400422512962       -2.81745240675966       -1.14147341562245
H           -1.56298251717085       -0.33349125197050       -2.68397461407584
H           -3.65211028971665        0.64517000980973       -1.26215319516962
H           -4.49659399997512        0.38539786114687        1.03856998869642
H           -2.91064113205263       -0.29005327402178        2.85669286834258
26
 energy: -46.460459507669 gnorm: 0.010002532561 xtb: 6.6.1 (8d0f1dd)
C            1.04086536425045        1.98725670614627        0.40900703553374
C            1.55002996707240        0.65027597884129       -0.02970428422782
C            2.88228383232232        0.46255380114685       -0.36414971673717
C            3.35033905739522       -0.78103295995781       -0.75911484393857
C            2.48729940393074       -1.86015529553628       -0.82903502859465
C            1.16161627949019       -1.66919475876940       -0.49542171608556
F            0.30789868351706       -2.71620544120926       -0.57823216560446
C            0.67223504925293       -0.43623878197233       -0.08944784153085
C           -0.75872642664301       -0.24904237309603        0.23617764394389
C           -1.66088057285345        0.10422179617916       -0.77100338840240
O           -1.16634752519747        0.28984009206181       -2.04018845329884
C           -2.99865318598438        0.33137558166916       -0.47337425570334
C           -3.45472313912839        0.19477686761825        0.82619922228095
C           -2.58234831904944       -0.16689987057335        1.83645738763976
C           -1.25238711724524       -0.37787176650774        1.52686245973445
F           -0.39738292103985       -0.71543111942467        2.51514448523874
H            0.10946219353265        2.22710145190455       -0.10034563459131
H            0.84318478873679        1.97513118769502        1.47813607369794
H            1.76882517201751        2.76368403355226        0.20248149520813
H            3.55934236149212        1.30299237283632       -0.31889161479572
H            4.38837542536432       -0.90881847163437       -1.01722154552838
H            2.83247754724003       -2.83379645563912       -1.13893717719840
H           -1.60482263284633       -0.29468578650793       -2.66372225823892
H           -3.67067388493493        0.62306349610463       -1.26635915752087
H           -4.49457018767641        0.38001570256406        1.04740248668214
H           -2.91271921301583       -0.28291798749135        2.85727779203755
26
 energy: -46.461430839265 gnorm: 0.016256493841 xtb: 6.6.1 (8d0f1dd)
C            1.05193165970910        1.99670578931593        0.41472212488008
C            1.55847828553405        0.65594367301507       -0.02065141557402
C            2.89066259979705        0.45990770378730       -0.35841755057817
C            3.35362018226681       -0.78464948553175       -0.75518822848237
C            2.48863977369481       -1.86335347228019       -0.82583668052502
C            1.16438460417023       -1.66413392807080       -0.49334053244975
F            0.30499316811610       -2.70830156305848       -0.58007083372245
C            0.68101948279104       -0.42923787182105       -0.08507222846461
C           -0.75766171685202       -0.24823632897258        0.23518339041635
C           -1.65852676653190        0.09468121105195       -0.77850816528603
O           -1.15770097233367        0.27109842312900       -2.04311016132832
C           -3.00032011265446        0.31295640092493       -0.47977577468671
C           -3.45205788715389        0.18211916336980        0.81946911433943
C           -2.58146557319916       -0.16868729541245        1.83608459707323
C           -1.25004528976790       -0.37363561950977        1.52493422601944
F           -0.39739317090822       -0.70099987151768        2.51736334956169
H            0.12812138949398        2.23520328617981       -0.10920297103606
H            0.84044173435977        1.98913110214489        1.48013215551082
H            1.78435068548738        2.77031500401073        0.21444100643578
H            3.57189765120397        1.29831737189802       -0.31565317594260
H            4.39011688523438       -0.91624396318349       -1.01522732818548
H            2.81950626098811       -2.84179688621791       -1.13568962490549
H           -1.68863931643213       -0.24240110480746       -2.67542602403664
H           -3.67782057200854        0.59195474220566       -1.27353645827781
H           -4.49268883110214        0.36282057099996        1.04641681121061
H           -2.91384415390277       -0.27947905164948        2.85595737803411
26
 energy: -46.460885878141 gnorm: 0.063752476989 xtb: 6.6.1 (8d0f1dd)
C            1.07902697359490        2.01481444584459        0.42433644564146
C            1.57669805929670        0.66667685457392       -0.00435295502708
C            2.90784333735197        0.45129836322959       -0.34692348246433
C            3.35821014779007       -0.79421926558074       -0.74707990468242
C            2.48605435779779       -1.86775419952506       -0.82010201101938
C            1.16343197462118       -1.64894659813901       -0.48923460841470
F            0.29109428300896       -2.68481175774859       -0.58004454014230
C            0.69449191095246       -0.40957406976225       -0.07771181769914
C           -0.75429557783122       -0.23573091042322        0.23536122023294
C           -1.65518654738937        0.07208401097333       -0.79175794122969
O           -1.14479444525286        0.22705477767054       -2.04732969384690
C           -3.00545417286438        0.25975703963962       -0.49447836138792
C           -3.44919563230054        0.14790428120620        0.80608874748883
C           -2.57852033927918       -0.16967462096953        1.83621664542581
C           -1.24260830820230       -0.35447566607986        1.52446956290648
F           -0.39098211627717       -0.66039181630160        2.52341280557730
H            0.17339383394940        2.26135779192723       -0.12838210158202
H            0.83478161661387        2.01170675534816        1.48468485002335
H            1.82737967091208        2.78034718949864        0.24175536212187
H            3.60013879078436        1.28173192494064       -0.30512671692616
H            4.39406007927859       -0.93534693296201       -1.01018414339568
H            2.78937336147224       -2.85521184118710       -1.12996723116366
H           -1.85323904996408       -0.10952002116538       -2.70773066588247
H           -3.69514143618176        0.50832552964665       -1.29041819913094
H           -4.49196637303866        0.31316554612514        1.04062578844385
H           -2.91459439884305       -0.27056881077992        2.85386994613294
26
 energy: -46.462842236678 gnorm: 0.019315562686 xtb: 6.6.1 (8d0f1dd)
C            1.07939153212510        2.01239991385670        0.42306158075488
C            1.57394378471733        0.66547002990418       -0.00965456198701
C            2.90488752851893        0.45024391646606       -0.34881253583880
C            3.35442469348608       -0.79494861704101       -0.74934193627389
C            2.47970812534080       -1.86494801602767       -0.82354675577466
C            1.15587011292220       -1.64613920731726       -0.49370122057959
F            0.28396927141192       -2.68093731839248       -0.58313306200421
C            0.68634687755580       -0.40648292322128       -0.08454680569315
C           -0.75671381241749       -0.22595780787038        0.23272384826557
C           -1.66265899789406        0.08352965337918       -0.78842517127741
O           -1.16609390508939        0.25130461799057       -2.04910073929798
C           -3.01127793434454        0.26227275934710       -0.49040509161100
C           -3.45446788053987        0.14791159345862        0.81163388111257
C           -2.57861083240624       -0.16885333962133        1.83645175576259
C           -1.24324270470024       -0.35112552405931        1.52329309880328
F           -0.38697667930743       -0.66039825964401        2.51820368395985
H            0.17231942752834        2.26576641953502       -0.12354748968415
H            0.83835461991249        2.00468488816904        1.48629792798782
H            1.82982617411026        2.77785787661799        0.24127351675715
H            3.59801923816458        1.27857015503197       -0.30334002826808
H            4.39190236051032       -0.93712700781308       -1.01102925923883
H            2.78867101348769       -2.85073337694142       -1.13384172526785
H           -1.76858910054636       -0.16032769384598       -2.69395494697361
H           -3.70076400109189        0.51164758872523       -1.28551043060934
H           -4.49706709878416        0.30975988630992        1.04383117797644
H           -2.91117181267017       -0.27344220699637        2.85511828899943
26
 energy: -46.463530893282 gnorm: 0.015921174507 xtb: 6.6.1 (8d0f1dd)
C            1.09503077181507        2.01883013170591        0.42651975767714
C            1.58074045871130        0.66982909195900       -0.00778074259449
C            2.91078687149731        0.44603491559552       -0.34447685438152
C            3.35260696742046       -0.80060650724721       -0.74688799722088
C            2.47067774762613       -1.86393178671786       -0.82514494877830
C            1.14748851999688       -1.63647364036848       -0.49666085450187
F            0.26947185601208       -2.66549525818406       -0.58705228673949
C            0.68507348942988       -0.39455868348655       -0.08672783907819
C           -0.75630265692851       -0.21194836732444        0.23145568869366
C           -1.66589139399858        0.07955420527004       -0.79108414217764
O           -1.17251409108509        0.24121905150353       -2.05149679235948
C           -3.01668389900777        0.23944455457360       -0.49395551599492
C           -3.45858278687942        0.12826489882230        0.80916375290284
C           -2.57735367257525       -0.16745415460991        1.83608777220664
C           -1.23991631977881       -0.33553228855849        1.52329031706302
F           -0.37787365538746       -0.63057990370933        2.51844915522439
H            0.19609321630933        2.28621252314041       -0.12682574700280
H            0.84354317202322        2.00661442509252        1.48770644492521
H            1.85562909215321        2.77825208799800        0.25789522554832
H            3.61039762623720        1.26827257405059       -0.29402296054347
H            4.39053813796222       -0.94911994582842       -1.00624264578748
H            2.77308425187201       -2.85143458739159       -1.13558963129870
H           -1.79171264408784       -0.12806596919511       -2.70073514168428
H           -3.71213540693681        0.46811658316742       -1.29085628893357
H           -4.50374721003069        0.27368206078220        1.03960745531286
H           -2.90844844237004       -0.26912801103962        2.85536181952302
26
 energy: -46.465055814302 gnorm: 0.027460450542 xtb: 6.6.1 (8d0f1dd)
C            1.14083884891905        2.03446876653251        0.43871414914319
C            1.60075524756768        0.68070681832234       -0.00285863732422
C            2.92750304080857        0.43565991075985       -0.33165307203419
C            3.34746812521686       -0.81667991920906       -0.73971287030553
C            2.44388889449386       -1.85997634109940       -0.83112390476838
C            1.12380103257716       -1.61095363095341       -0.50604349106080
F            0.22960059393876       -2.62311952660148       -0.59941853975485
C            0.68113296344157       -0.36338116755218       -0.09120383700558
C           -0.75350290351838       -0.17513328815008        0.22918646455319
C           -1.67302664254306        0.05888060391205       -0.79796793164284
O           -1.18330068586978        0.19117251267229       -2.05726103429761
C           -3.02769264608910        0.17291307262149       -0.50471160156735
C           -3.47029061316499        0.07029208538049        0.80096627177267
C           -2.57461942720400       -0.16027159155006        1.83331651802016
C           -1.23164146309564       -0.28542983108344        1.52506023914499
F           -0.35192035556819       -0.53082721250696        2.52212241707829
H            0.26582257166814        2.34431973156305       -0.13241521627469
H            0.86074328673959        2.00844829784434        1.49232590375346
H            1.92846871258263        2.77456976528656        0.30853411509305
H            3.64395021391766        1.24166229387249       -0.26736692726208
H            4.38507779644648       -0.98269061483448       -0.99185770495988
H            2.73285881790489       -2.84928418786348       -1.14450154105883
H           -1.88437023331409       -0.01371103717623       -2.72228665951387
H           -3.73620764776371        0.34395257630757       -1.30639790032834
H           -4.52344348528829        0.16672703529807        1.02121926797543
H           -2.90189404280363       -0.25231712179292        2.85533252262465
26
 energy: -46.465815014487 gnorm: 0.014046184507 xtb: 6.6.1 (8d0f1dd)
C            1.16424874019276        2.04167689857762        0.45053448060475
C            1.61006909441505        0.68649673240834       -0.00074855156365
C            2.93524200342453        0.43168386412924       -0.32474790469034
C            3.34418946757975       -0.82403812410738       -0.73797842712253
C            2.42910161821810       -1.85641026069251       -0.83864696422044
C            1.11094631920887       -1.59772693143136       -0.51648441230950
F            0.20842425808542       -2.60092054952118       -0.61510156632157
C            0.67820380643894       -0.34775080119534       -0.09624403123223
C           -0.75336526543954       -0.15516487553809        0.22523985175034
C           -1.67966957496266        0.05163756263468       -0.80240019955920
O           -1.19496312692790        0.16302316803375       -2.06496780169114
C           -3.03508729675963        0.14399634322140       -0.50922875004736
C           -3.47678486109954        0.04407578186539        0.79808906416012
C           -2.57447115092017       -0.15416766506480        1.83044449418714
C           -1.22991729489045       -0.25629646062277        1.52323853675135
F           -0.34240193757506       -0.47431372167586        2.52104376011482
H            0.30022262033929        2.37151000065734       -0.12656281125112
H            0.87187672179654        2.00760488243365        1.50007060556450
H            1.96309652125946        2.77127320188519        0.33755023400170
H            3.65922628203672        1.23012688195027       -0.25220996693956
H            4.38056045929570       -0.99933702846016       -0.98568557512586
H            2.71417527861194       -2.84541016192841       -1.15715450537345
H           -1.90472364036825        0.00502137067696       -2.71422232892601
H           -3.74717085836106        0.29042674608004       -1.31176117364970
H           -4.53287041686054        0.11613910380488        1.01331732829157
H           -2.89815776673824       -0.24315795812097        2.85461361459738
26
 energy: -46.466321526429 gnorm: 0.011002663483 xtb: 6.6.1 (8d0f1dd)
C            1.19073892324890        2.04979872646376        0.46796251791506
C            1.62059345902014        0.69222305849240        0.00580631066759
C            2.94415924997098        0.42579224318432       -0.31437070807718
C            3.34141426484325       -0.83182725468427       -0.73578698096996
C            2.41480445332254       -1.85226146270878       -0.84890637206241
C            1.09859382033477       -1.58242794461247       -0.53156067152970
F            0.18631489400776       -2.57528447546785       -0.63933912393652
C            0.67729024471959       -0.33121097379868       -0.10162030037889
C           -0.75415112361096       -0.13840948319228        0.21938175249452
C           -1.68883217768368        0.02907129984374       -0.81020981450755
O           -1.21065167330449        0.12035834115444       -2.07627996020702
C           -3.04367124941238        0.10225625535796       -0.51522534418205
C           -3.48115929960074        0.01522133907013        0.79518556856903
C           -2.57398127553598       -0.14308339998275        1.82803687929232
C           -1.22881317722171       -0.22032255086358        1.51999057830776
F           -0.33552348626882       -0.39819454259824        2.52123952740504
H            0.34138213102008        2.40115998327112       -0.11773515169174
H            0.88126676716250        2.00857684255028        1.51214060339499
H            2.00346876874543        2.76601595186067        0.37584327094858
H            3.67607946524196        1.21585099496251       -0.23222614145875
H            4.37643931458194       -1.01767908414461       -0.97830665062449
H            2.69421077890169       -2.84116629439264       -1.17474923623584
H           -1.94080712101534        0.04371059964483       -2.71355799209874
H           -3.75859414959259        0.22093571034222       -1.31835988281402
H           -4.53789997983517        0.06404210269796        1.00760011783189
H           -2.89267182203963       -0.22314798245030        2.85504420394806
26
 energy: -46.466480869654 gnorm: 0.011779403791 xtb: 6.6.1 (8d0f1dd)
C            1.19916465897495        2.04948771586867        0.48251657468669
C            1.62270403669954        0.69196990031316        0.01259453323966
C            2.94620576838461        0.42252196576263       -0.30589026554996
C            3.34082055201504       -0.83303174965534       -0.73519049752896
C            2.41120743038352       -1.84884632507735       -0.85989874351326
C            1.09516585284798       -1.57651288540080       -0.54725098077357
F            0.17980175600365       -2.56519586537665       -0.66504467070450
C            0.67738165903807       -0.32754551690126       -0.10704962588274
C           -0.75606607762138       -0.13792387772853        0.21282224350929
C           -1.69443959912218        0.01035310372628       -0.81514927717881
O           -1.22430962325755        0.08935799728452       -2.08648321263761
C           -3.04718246763750        0.08284717576059       -0.51651265915138
C           -3.48109336597986        0.00727735868201        0.79558718548550
C           -2.57305617532483       -0.12929975493547        1.82694290936589
C           -1.22950769528301       -0.19937042300176        1.51498529668715
F           -0.33688816393075       -0.34903426266439        2.51916235831923
H            0.35748078039776        2.40971246358950       -0.10572084658565
H            0.88312666164008        2.00533761793311        1.52358987898810
H            2.01736660184084        2.75834842240049        0.40040500552673
H            3.67972296400825        1.20982016102523       -0.21625355155384
H            4.37542576180217       -1.02217318488883       -0.97413236786982
H            2.69045201452360       -2.83614662634901       -1.19199674448553
H           -1.94934961217640        0.04791494181140       -2.70845924644968
H           -3.76171746827944        0.18772917099441       -1.31985856695557
H           -4.53570358216552        0.05054291290557        1.00981463689199
H           -2.88671266778159       -0.19814243607830        2.85646763412061
26
 energy: -46.466600226365 gnorm: 0.008943901002 xtb: 6.6.1 (8d0f1dd)
C            1.21394466476575        2.05079233699308        0.49926887356855
C            1.62846302274209        0.69281834400239        0.02170317668647
C            2.95182756751809        0.41672880824170       -0.29415633905422
C            3.34056825868938       -0.83697953010702       -0.73292502425891
C            2.40499756671044       -1.84601257923288       -0.87204216985892
C            1.08931196902851       -1.56735778234975       -0.56366933302031
F            0.16838856670286       -2.54956537225876       -0.69213041818997
C            0.67805227707326       -0.31961132015900       -0.11252367471451
C           -0.75660962019521       -0.13211269318141        0.20651326070139
C           -1.69937641732652       -0.01224656014585       -0.82158504285899
O           -1.23604325002889        0.04742524221253       -2.09598235654017
C           -3.05293689174809        0.04935617437078       -0.52089880253577
C           -3.48336584687414       -0.01133219032817        0.79303882887014
C           -2.57035886001187       -0.11184640698460        1.82614682716082
C           -1.22637869070079       -0.16958440138813        1.51093071338593
F           -0.33090432795561       -0.28180394373306        2.51842598860075
H            0.38497385528422        2.42693202193093       -0.09833871837285
H            0.88338145829692        2.00055116772998        1.53593619319714
H            2.04322917950952        2.75020770277884        0.43550521027965
H            3.69011350362956        1.19868949428560       -0.19429295158277
H            4.37519131653338       -1.03130413848970       -0.96813934347042
H            2.67934398611786       -2.83257968292537       -1.21078896812059
H           -1.98674396780440        0.08685902997534       -2.71110282154425
H           -3.77170522948760        0.12781349137519       -1.32597274562090
H           -4.53860350930345        0.01856745576978        1.00871691867052
H           -2.87876058116519       -0.16440666838257        2.85835971862216
26
 energy: -46.466685284720 gnorm: 0.002428157038 xtb: 6.6.1 (8d0f1dd)
C            1.20343373171282        2.04565309887423        0.49577381438989
C            1.62415986446827        0.68955031255304        0.01999755707408
C            2.94860057230461        0.41855461246451       -0.29605992656681
C            3.34214502400210       -0.83363761210596       -0.73381028201868
C            2.41092574736894       -1.84690699023431       -0.87113148339960
C            1.09426630574462       -1.57330195338233       -0.56097495269169
F            0.17740304403060       -2.55925682309621       -0.68850367955805
C            0.67800549167934       -0.32673604890446       -0.11198513163848
C           -0.75612632839503       -0.13880988261281        0.20760689609120
C           -1.69706326375135       -0.00824843418400       -0.81964903166849
O           -1.23283086173370        0.05765096681332       -2.09330927998546
C           -3.05094725238745        0.06133416667838       -0.51896593516499
C           -3.48194604577634        0.00086027243962        0.79449134027841
C           -2.56954821942757       -0.11129964172313        1.82676094534766
C           -1.22568177565668       -0.17882863136814        1.51159176483312
F           -0.33146084004024       -0.30203243765958        2.51717549635445
H            0.36968415133903        2.41536298949795       -0.09877782931098
H            0.87771656593393        1.99603928703400        1.53411134591071
H            2.02759991731780        2.75030513798357        0.42637311817784
H            3.68390770518190        1.20340806222066       -0.19692933795557
H            4.37765212244649       -1.02347923483348       -0.97012654792888
H            2.68780337938558       -2.83265850219644       -1.20926736602476
H           -1.97314710883388        0.06971610565631       -2.71154710992440
H           -3.76833853079661        0.15080871852063       -1.32282105613032
H           -4.53716487468665        0.03945447757007        1.01176895451236
H           -2.87904852143044       -0.16350401600557        2.85820471699744
26
 energy: -46.466741028052 gnorm: 0.002501046778 xtb: 6.6.1 (8d0f1dd)
C            1.19663512260993        2.03890488226549        0.50106306576894
C            1.62134765030560        0.68534167529870        0.02270148121607
C            2.94711107563503        0.41850045254305       -0.29216526803183
C            3.34420260824062       -0.83069482177575       -0.73418671330168
C            2.41574188510441       -1.84596711637643       -0.87704507917357
C            1.09792662984422       -1.57663236440966       -0.56699487471202
F            0.18393277440896       -2.56445056430241       -0.69921194020313
C            0.67803088923748       -0.33267537708530       -0.11428441358195
C           -0.75592947612138       -0.14536089609597        0.20554388271925
C           -1.69704042395596       -0.01575767750191       -0.82089467829927
O           -1.23486158732744        0.04571189996087       -2.09549625563137
C           -3.05078864685156        0.06117512709298       -0.51879852896909
C           -3.48044405064261        0.00988589966880        0.79530121485972
C           -2.56705674054814       -0.10094154435209        1.82677863724357
C           -1.22361401620853       -0.17623979446392        1.51034837895594
F           -0.32897778472161       -0.29373973362766        2.51536210677496
H            0.36237544078325        2.40788235603482       -0.09290854640725
H            0.87076457879339        1.98653940680077        1.53918123877377
H            2.01861239050303        2.74621984672469        0.43344969326663
H            3.68051798973598        1.20462347710335       -0.18844049308051
H            4.38076323467335       -1.01689159947842       -0.96993868450754
H            2.69430756664205       -2.82980476427679       -1.21865742920691
H           -1.97434283538173        0.06228795527646       -2.71245419920339
H           -3.76854721863946        0.15091840274210       -1.32214756743770
H           -4.53522928694658        0.05486495230836        1.01510640665576
H           -2.87543776917222       -0.14370208007428        2.85878556551257
26
 energy: -46.466853189107 gnorm: 0.003813765136 xtb: 6.6.1 (8d0f1dd)
C            1.17953242070467        2.02098227984621        0.51786906963899
C            1.61490603513271        0.67419747225835        0.03116176748970
C            2.94401849212660        0.41859318429566       -0.28059957071380
C            3.35005322725352       -0.82272371529273       -0.73562319883156
C            2.42835692703668       -1.84235739492022       -0.89433365170520
C            1.10739368381628       -1.58456031592843       -0.58508238327606
F            0.20087491948779       -2.57719917639545       -0.73042965214111
C            0.67822709616482       -0.34807868783272       -0.12034871517676
C           -0.75524728741677       -0.16211722596523        0.20003170067752
C           -1.69796985859461       -0.03833898108390       -0.82493740865324
O           -1.24077818048342        0.00540432558039       -2.10200422803507
C           -3.05086743873475        0.05888483661094       -0.51909863361511
C           -3.47642951682011        0.03467844615124        0.79689356427795
C           -2.55993210628242       -0.07014230860715        1.82668904258065
C           -1.21780190200016       -0.16648031614462        1.50731354267145
F           -0.32154720737247       -0.27015026622627        2.51016091847944
H            0.34363991884348        2.38843610543402       -0.07468691745974
H            0.85275496422855        1.95998475412512        1.55514662971190
H            1.99610200602811        2.73529599313295        0.45615388586440
H            3.67238986236965        1.20782069221336       -0.16414688157499
H            4.38915070557949       -0.99943715966733       -0.96987857458847
H            2.71177993520051       -2.82083835290800       -1.24660403161251
H           -1.98253069775339        0.04104749953071       -2.71479344452435
H           -3.77050950850995        0.14669695554407       -1.32131131819921
H           -4.52976803708614        0.09809932990242        1.02250127276266
H           -2.86579845291860       -0.08769997365355        2.85995421595248
26
 energy: -46.466906884952 gnorm: 0.003189327997 xtb: 6.6.1 (8d0f1dd)
C            1.16966640925320        2.00944861903481        0.53162281347005
C            1.61144012685434        0.66719974575370        0.03735127627099
C            2.94210093720661        0.41931262243308       -0.27345172422749
C            3.35351548145686       -0.81701214708364       -0.73778192271198
C            2.43583035152782       -1.83852659639383       -0.90647016341625
C            1.11310384325377       -1.58865914218708       -0.59742705625803
F            0.21133737870762       -2.58426425250519       -0.75156591094038
C            0.67833940403538       -0.35762071706798       -0.12346766777371
C           -0.75493953039712       -0.17274416892845        0.19683057742278
C           -1.69930619335302       -0.05446331581480       -0.82771555958022
O           -1.24506314813903       -0.02760513975165       -2.10643341843156
C           -3.05079567243051        0.05713820191981       -0.52004486657487
C           -3.47356265727895        0.05237124071045        0.79702414462792
C           -2.55546037349996       -0.04873626483898        1.82589491946079
C           -1.21472691348760       -0.15964628999546        1.50536714671361
F           -0.31662490077433       -0.25486562060107        2.50742858250344
H            0.33129315329692        2.37571201875553       -0.05823471228733
H            0.84440387592556        1.94188352859261        1.56866785286651
H            1.98234448814376        2.72834289080064        0.47297870063209
H            3.66711617443584        1.21037176024724       -0.14904583965913
H            4.39375860101698       -0.98783073614776       -0.97146205506910
H            2.72339318692593       -2.81303862919773       -1.26667902138153
H           -1.98987229611056        0.02167613231177       -2.71596621012923
H           -3.77177421931678        0.14239931868924       -1.32176145266353
H           -4.52568077805389        0.12911751441414        1.02449119048509
H           -2.85983672919877       -0.04996257314955        2.85984737665104
26
 energy: -46.466946203390 gnorm: 0.002566665007 xtb: 6.6.1 (8d0f1dd)
C            1.16086658120666        1.99992320377526        0.54335276523075
C            1.60852145277790        0.66168729902584        0.04216001203636
C            2.94006107287778        0.42111461727681       -0.26889575336453
C            3.35633663068710       -0.81122044007753       -0.74047756898843
C            2.44226603666677       -1.83433371892504       -0.91592425159820
C            1.11816719432103       -1.59189978607172       -0.60646443404139
F            0.22088332345226       -2.59051955838545       -0.76674025540983
C            0.67856325166860       -0.36576393195799       -0.12489271926812
C           -0.75466473487185       -0.18191261931589        0.19514460072738
C           -1.70040505484063       -0.06692471986182       -0.82936042490892
O           -1.24798452753010       -0.05659657737008       -2.10887961774512
C           -3.05016775929525        0.05870510827458       -0.52086402450954
C           -3.47076255221482        0.07068944808967        0.79672176548967
C           -2.55199748985949       -0.03088876907876        1.82502753969178
C           -1.21288097703979       -0.15602531768624        1.50403785852684
F           -0.31396905501481       -0.25271403208489        2.50497249250457
H            0.31767223345429        2.36319355086481       -0.04197003551429
H            0.84014207502148        1.92658563308354        1.58131653452062
H            1.96926746150083        2.72355989315706        0.48432292856398
H            3.66175129278897        1.21417935802298       -0.13947780455500
H            4.39717185712770       -0.97674428248827       -0.97454193814976
H            2.73454307785902       -2.80530087758188       -1.28237252999887
H           -1.99418132949654       -0.00302696762312       -2.71714448833510
H           -3.77199626743293        0.14366706551374       -1.32209643961775
H           -4.52165783859080        0.16151596996550        1.02409624911615
H           -2.85554595522331       -0.02095154854130        2.85894653959671
26
 energy: -46.466973526256 gnorm: 0.001690278816 xtb: 6.6.1 (8d0f1dd)
C            1.15308666376562        1.99173458384266        0.55406712965294
C            1.60568376987873        0.65726118124015        0.04605895355722
C            2.93774982105616        0.42355709619284       -0.26599825036735
C            3.35850710489545       -0.80533726952157       -0.74348662350440
C            2.44770914304924       -1.83003184345173       -0.92400125684346
C            1.12250503797937       -1.59449694092393       -0.61376555242006
F            0.22932480760514       -2.59591699255330       -0.77885545401744
C            0.67871896143145       -0.37283712543095       -0.12566441378492
C           -0.75470717559000       -0.19061073031318        0.19392856057002
C           -1.70126063374908       -0.07727591318275       -0.83062105949003
O           -1.25002213611233       -0.08283632926600       -2.11020517201288
C           -3.04917936090873        0.06204131518417       -0.52181285332292
C           -3.46811398205401        0.08887853099672        0.79601493737057
C           -2.54954329219612       -0.01622852128392        1.82408265697671
C           -1.21214432370565       -0.15528555367109        1.50273675183670
F           -0.31240032248566       -0.25629562334105        2.50401911554862
H            0.30300734132952        2.35090360024011       -0.02411222798064
H            0.84047780649863        1.91350325079612        1.59408244956896
H            1.95650692819646        2.72036567376081        0.49129338161119
H            3.65643850711592        1.21865005722954       -0.13285301161391
H            4.39975823829948       -0.96605187806730       -0.97814649334164
H            2.74488437280695       -2.79776905884301       -1.29545808854673
H           -1.99590884383342       -0.03149788496826       -2.71925649389576
H           -3.77135320852935        0.14810243217485       -1.32261520870689
H           -4.51773941239368        0.19441087164798        1.02228651613011
H           -2.85198581235001        0.00306107151188        2.85827870702592
26
 energy: -46.466988914013 gnorm: 0.001566281498 xtb: 6.6.1 (8d0f1dd)
C            1.14958056765086        1.98687780183938        0.56382671145139
C            1.60401735426528        0.65536376792341        0.04938217160378
C            2.93617553425754        0.42577064412565       -0.26419127119615
C            3.35932465770600       -0.80059710167475       -0.74633525081937
C            2.45027632725913       -1.82609694434746       -0.93047451404923
C            1.12459775124218       -1.59464781997839       -0.61927618102215
F            0.23353708208666       -2.59720199139261       -0.78818465086343
C            0.67896103091160       -0.37602284911770       -0.12599389907662
C           -0.75485648375677       -0.19508067662123        0.19317003438052
C           -1.70185491374296       -0.08517380883122       -0.83194116301055
O           -1.25153875041765       -0.10640174867457       -2.11121944659207
C           -3.04845298087021        0.06388754683483       -0.52326047638127
C           -3.46622540301353        0.10285955343529        0.79469897048490
C           -2.54828640816850       -0.00432666438464        1.82344561738960
C           -1.21226234370853       -0.15248413525285        1.50166061905068
F           -0.31365252606999       -0.26270447542025        2.50381782326875
H            0.29198694618427        2.34275496968247       -0.00532504560296
H            0.84765860108166        1.90497789768162        1.60688442092598
H            1.94903327161573        2.71925116639222        0.49484727572672
H            3.65322065902476        1.22202990484185       -0.12881435882817
H            4.40065362598214       -0.95839458219766       -0.98192562682791
H            2.75050775462443       -2.79152805663424       -1.30577052805162
H           -1.99696638784580       -0.05920347334367       -2.72146384474522
H           -3.77082480402797        0.14867080398915       -1.32428950579840
H           -4.51510570563478        0.21819807514915        1.01912474015214
H           -2.84950445663546        0.01922019597601        2.85760437843059
26
 energy: -46.466998331104 gnorm: 0.001611980982 xtb: 6.6.1 (8d0f1dd)
C            1.15203503477729        1.98719095240243        0.56799109728657
C            1.60423275655078        0.65619165291743        0.05078289554969
C            2.93618394132769        0.42598439075270       -0.26384752815296
C            3.35839303627965       -0.79984099511260       -0.74773231372517
C            2.44878416875864       -1.82490041396491       -0.93271899976299
C            1.12341380221288       -1.59280323992073       -0.62109848391992
F            0.23161099707526       -2.59433915860628       -0.79080130985732
C            0.67878533866905       -0.37438389819516       -0.12615329874030
C           -0.75518928402554       -0.19399317780896        0.19277043500184
C           -1.70197223837849       -0.08749580242277       -0.83264331034792
O           -1.25180724238725       -0.11388581221615       -2.11144157160546
C           -3.04858426672708        0.06203125071082       -0.52430415593739
C           -3.46676149893430        0.10309119577881        0.79321702583514
C           -2.54938453757168       -0.00299263584329        1.82246278023423
C           -1.21325811406232       -0.15037937087928        1.50080879199548
F           -0.31466717020800       -0.25877974176781        2.50525112377832
H            0.29074912504355        2.34306926725456        0.00477555121830
H            0.85723683569804        1.90501509116242        1.61310307947173
H            1.95066378433338        2.72000000142266        0.49422380911525
H            3.65378504385182        1.22175809370215       -0.12797896863072
H            4.39957690258872       -0.95801396830014       -0.98383398545271
H            2.74847145102734       -2.79004131014887       -1.30897554544594
H           -1.99651590004238       -0.06820138291623       -2.72269932153787
H           -3.77051770005763        0.14469367408953       -1.32553923123296
H           -4.51554921072816        0.21874837281828        1.01705680288521
H           -2.84971505507118        0.02227496509119        2.85732163197779
26
 energy: -46.467013869678 gnorm: 0.001914862644 xtb: 6.6.1 (8d0f1dd)
C            1.15825701195985        1.98874928838031        0.57547281041078
C            1.60539467557778        0.65840888132304        0.05334892167049
C            2.93703408208891        0.42575315671945       -0.26303140837227
C            3.35648608585229       -0.79927774706785       -0.75012303097379
C            2.44515207966331       -1.82306071615461       -0.93660094165483
C            1.12052394157302       -1.58850358942766       -0.62398834515958
F            0.22629590779775       -2.58734235295170       -0.79539015268275
C            0.67852534756203       -0.36979678829017       -0.12635690331961
C           -0.75543769587228       -0.18918762880227        0.19235991829361
C           -1.70190741173171       -0.09092686107682       -0.83388165850689
O           -1.25168013965363       -0.12545639042100       -2.11192886351680
C           -3.04934178686759        0.05702645290653       -0.52633264928315
C           -3.46844496496285        0.10209988623836        0.79086280342543
C           -2.55147613843212        0.00093049019777        1.82112041134004
C           -1.21466744575633       -0.14277783160897        1.49978877078882
F           -0.31780226637975       -0.25119579878469        2.50606073683397
H            0.28930116773739        2.34436394259808        0.02422496983220
H            0.87787706911403        1.90656200856846        1.62491312037755
H            1.95541764359753        2.72231877763180        0.49096931572734
H            3.65634340610017        1.21994597624066       -0.12587333678452
H            4.39735397280528       -0.95885294123971       -0.98744609678938
H            2.74225092061557       -2.78811121616593       -1.31479953718300
H           -1.99496054074338       -0.08324518117061       -2.72482956075388
H           -3.77101836382476        0.13294526325168       -1.32856150850291
H           -4.51797201118649        0.21374161283742        1.01423205390911
H           -2.85150454663394        0.02488730626822        2.85578716087394
26
 energy: -46.467029520042 gnorm: 0.000761361330 xtb: 6.6.1 (8d0f1dd)
C            1.15995670376368        1.98815674455071        0.57804237881093
C            1.60631409369042        0.65795441486991        0.05448392378880
C            2.93765004532524        0.42490653650227       -0.26252308674390
C            3.35616039362521       -0.79988719476413       -0.75112925719456
C            2.44399955837469       -1.82245485311834       -0.93857796680029
C            1.11971957921357       -1.58760854080354       -0.62496807915583
F            0.22492218794921       -2.58592949721017       -0.79699860154884
C            0.67836562550010       -0.36934580702473       -0.12571657320782
C           -0.75556782359518       -0.18830709301198        0.19270284302332
C           -1.70191456241422       -0.09133460303941       -0.83369402538742
O           -1.25035835571872       -0.12125958840168       -2.11174546231710
C           -3.04973625775802        0.05321263318864       -0.52677305232551
C           -3.46932495132361        0.09817740620833        0.79022189352465
C           -2.55216695639930        0.00176201162365        1.82030234912769
C           -1.21507756789985       -0.14135146944085        1.49998644321903
F           -0.31753036050627       -0.23922222448571        2.50524030170915
H            0.28875602622365        2.34282757235106        0.02912395265739
H            0.88246440479554        1.90551709071175        1.62817743504286
H            1.95640592324112        2.72250504158505        0.49126202475000
H            3.65745255716145        1.21821126245878       -0.12434144280052
H            4.39671734818767       -0.95981083192144       -0.98923968288552
H            2.74015264193955       -2.78724712297415       -1.31810743106235
H           -1.99424449987302       -0.08770771608480       -2.72511860197237
H           -3.77113608098975        0.12895205069626       -1.32897648447142
H           -4.51880275394959        0.20984986787564        1.01375596891633
H           -2.85317691856349        0.02943190965867        2.85460723330323
26
 energy: -46.467043157365 gnorm: 0.000938394560 xtb: 6.6.1 (8d0f1dd)
C            1.16345229568200        1.98770416543903        0.58263226757328
C            1.60808799500589        0.65788487364074        0.05650435358694
C            2.93894082784520        0.42347125153578       -0.26103711943600
C            3.35534845314424       -0.80092528053272       -0.75276667481147
C            2.44135713705153       -1.82140305591031       -0.94189027990349
C            1.11762222723752       -1.58526989367622       -0.62694918349349
F            0.22137890847685       -2.58225052995642       -0.80059865875615
C            0.67803562978041       -0.36735971330310       -0.12517914472099
C           -0.75566368504502       -0.18500880945258        0.19316468949397
C           -1.70191297611164       -0.09184043059266       -0.83370708184859
O           -1.24868599116971       -0.11774786370701       -2.11163162753555
C           -3.05031046466869        0.04836160661870       -0.52805299402801
C           -3.47056196423723        0.09394475458345        0.78879167926467
C           -2.55308774882870        0.00514608180581        1.81919736596208
C           -1.21509649546139       -0.13369879542941        1.50055414760681
F           -0.31763446392893       -0.22482806812203        2.50503286142144
H            0.28834372624546        2.34097023487168        0.03877752800453
H            0.89235874004352        1.90464384766026        1.63438195569788
H            1.95838045934124        2.72311471011459        0.49096411667151
H            3.65991815424389        1.21531663510999       -0.12135939122997
H            4.39545937016436       -0.96184125388899       -0.99203710437651
H            2.73549073163555       -2.78582077398792       -1.32404532306313
H           -1.99310254997368       -0.09748272277824       -2.72545130084389
H           -3.77170502562962        0.11966272108969       -1.33055705768712
H           -4.52061163612809        0.20024011055989        1.01223392197228
H           -2.85580165471493        0.03501419830776        2.85302505447888
26
 energy: -46.467055188828 gnorm: 0.001230863474 xtb: 6.6.1 (8d0f1dd)
C            1.16796834223089        1.98799700711778        0.58820346950178
C            1.60997446284525        0.65844244024950        0.05924021247294
C            2.94030675043692        0.42210351011201       -0.25893422648775
C            3.35415835585556       -0.80180166143189       -0.75419332168364
C            2.43793681755971       -1.81977765353735       -0.94606783575433
C            1.11474674694661       -1.58166456022613       -0.63042330721800
F            0.21665392926693       -2.57677478186436       -0.80641389786002
C            0.67759949854991       -0.36427147573262       -0.12514609778440
C           -0.75583584541910       -0.18112226109043        0.19333799944760
C           -1.70195233434332       -0.09249848327300       -0.83408661417717
O           -1.24779111058091       -0.11909876652833       -2.11175563883773
C           -3.05105372372590        0.04286699608708       -0.52962593632804
C           -3.47177040529852        0.08998974332713        0.78703816866038
C           -2.55407983344266        0.00885530600302        1.81801341055112
C           -1.21537514366279       -0.12637363535988        1.50076519188344
F           -0.31811845659945       -0.21140935942060        2.50558969778044
H            0.28807667171414        2.33982688532928        0.05125504099379
H            0.90564525048004        1.90498933690690        1.64223800348183
H            1.96120467196644        2.72434688599777        0.48991607569998
H            3.66293591828548        1.21211740458049       -0.11715742594699
H            4.39389445964952       -0.96418848199391       -0.99413896120791
H            2.72979245626658       -2.78384373931943       -1.33093014017912
H           -1.99215180666326       -0.11028156762430       -2.72578167795284
H           -3.77258075949579        0.10828597381248       -1.33257264009143
H           -4.52235757995695        0.19152601742024        1.01012490704479
H           -2.85782733286533        0.04175692045830        2.85150254399116
26
 energy: -46.467074150310 gnorm: 0.001123008402 xtb: 6.6.1 (8d0f1dd)
C            1.17584140035512        1.98927884850688        0.59728746526851
C            1.61273925339137        0.66007038557840        0.06328259701768
C            2.94244939889765        0.42010698186745       -0.25509736073571
C            3.35226220657537       -0.80300944711463       -0.75558589140767
C            2.43244963566577       -1.81681080232587       -0.95278052082860
C            1.11011335047966       -1.57529993010569       -0.63646705725798
F            0.20871194534739       -2.56670334773652       -0.81750763129657
C            0.67691041584465       -0.35866011324824       -0.12568181282491
C           -0.75627701179288       -0.17504442757787        0.19299614423265
C           -1.70263275612757       -0.09639382603318       -0.83513559529214
O           -1.24776816420850       -0.12632190714670       -2.11242004813467
C           -3.05259948546946        0.03320921644641       -0.53194186349133
C           -3.47365316582202        0.08494537172113        0.78440780559583
C           -2.55566402149859        0.01503118227655        1.81608547409229
C           -1.21613213139763       -0.11480675707067        1.50018085718714
F           -0.31924743169831       -0.19230196770049        2.50617181593983
H            0.28761188146142        2.33906553894510        0.07291177320149
H            0.92926236203018        1.90673122250285        1.65537874681015
H            1.96645410678075        2.72688306224628        0.48706698851653
H            3.66792069949971        1.20687567445833       -0.10930406184090
H            4.39154734881503       -0.96807203658643       -0.99571091949195
H            2.72074633628830       -2.78015055873318       -1.34215819331825
H           -1.99162370015099       -0.13038546193460       -2.72666352768740
H           -3.77430512605241        0.08997011401076       -1.33545272433619
H           -4.52495544633957        0.18022141403991        1.00689626592206
H           -2.86016190087446        0.05156957071374        2.84923827415995
26
 energy: -46.467099851054 gnorm: 0.000965326520 xtb: 6.6.1 (8d0f1dd)
C            1.19015656291852        1.99172164355886        0.61355129884487
C            1.61731559560728        0.66296132133402        0.07069145471641
C            2.94614867314644        0.41668899799511       -0.24755862871225
C            3.34925136222782       -0.80477882728995       -0.75718626248864
C            2.42334876226429       -1.81123534371720       -0.96461207406196
C            1.10229741661982       -1.56373845441640       -0.64828675275742
F            0.19529688993658       -2.54861519278040       -0.83762086291757
C            0.67569977697799       -0.34867046814894       -0.12732905646632
C           -0.75728490252601       -0.16491092676035        0.19134059901201
C           -1.70457220744478       -0.10413986231622       -0.83761029312563
O           -1.24971117508491       -0.14404923182219       -2.11439828076653
C           -3.05573392176169        0.01642294719236       -0.53568803660025
C           -3.47716707446215        0.07694658842084        0.78017168361485
C           -2.55849797918806        0.02544565714307        1.81258964108168
C           -1.21786729272293       -0.09588606878309        1.49784367701511
F           -0.32110767837896       -0.15927205071571        2.50577232741785
H            0.28735331570256        2.33871937415246        0.11236923968018
H            0.97214468603501        1.90999176581576        1.67848863865127
H            1.97614402025845        2.73113002040352        0.48192128306331
H            3.67634179294904        1.19789006196940       -0.09479636074544
H            4.38794703514993       -0.97455531965456       -0.99668385953771
H            2.70593436372262       -2.77321917212797       -1.36150057519307
H           -1.99291316887225       -0.16439785145129       -2.72879815252469
H           -3.77803099851507        0.05698893308204       -1.33986981284874
H           -4.52941889974705        0.16386364110512        1.00172635708242
H           -2.86307495481265        0.06869581781140        2.84546980856604
26
 energy: -46.467113997467 gnorm: 0.000840469018 xtb: 6.6.1 (8d0f1dd)
C            1.20090490922350        1.99278026174775        0.62692040415202
C            1.62017042538234        0.66485742384639        0.07602979880451
C            2.94855511998850        0.41429453697074       -0.24171995018313
C            3.34729319926862       -0.80550330956377       -0.75817303946318
C            2.41732310104074       -1.80659045780566       -0.97365523628144
C            1.09716813594205       -1.55528243665965       -0.65746319638868
F            0.18630191388890       -2.53500112780241       -0.85451315662319
C            0.67467720074560       -0.34155879969411       -0.12926296944044
C           -0.75830323815852       -0.15822695416869        0.18900152568250
C           -1.70682074814044       -0.11278030189231       -0.83997173393836
O           -1.25280220548708       -0.16164071706300       -2.11649119925485
C           -3.05840376153398        0.00261679809660       -0.53822311954659
C           -3.47973760492849        0.07235669319475        0.77721668936275
C           -2.56039080460508        0.03497426522205        1.80955033401041
C           -1.21929433659173       -0.08114961571673        1.49486947146283
F           -0.32241654983828       -0.13350291177932        2.50385541205337
H            0.28755406328520        2.33824938551366        0.14461537804646
H            1.00525325342574        1.91104235831701        1.69616683661246
H            1.98269673768768        2.73356453319420        0.47936203978553
H            3.68204205949422        1.19114062306226       -0.08244701263174
H            4.38565962993622       -0.97844615183926       -0.99680775469703
H            2.69620419171031       -2.76707906877947       -1.37664820013517
H           -1.99586058884253       -0.18965885645324       -2.73039902440298
H           -3.78107604519620        0.03216362403430       -1.34243737169241
H           -4.53244845715100        0.15453298826943        0.99827093244073
H           -2.86424960054645        0.08384521774814        2.84235114226536
26
 energy: -46.467121070410 gnorm: 0.000548705753 xtb: 6.6.1 (8d0f1dd)
C            1.20457657765639        1.99200790947892        0.63367531652841
C            1.62080986248943        0.66490756302137        0.07872520046201
C            2.94922626463014        0.41343156661354       -0.23869609685797
C            3.34695840319857       -0.80502247214989       -0.75869856981862
C            2.41587892771261       -1.80419645799168       -0.97813205193643
C            1.09587668376821       -1.55216111386008       -0.66234143476557
F            0.18446387990083       -2.53066198918447       -0.86114060243940
C            0.67420198855904       -0.33947852373885       -0.13068302069338
C           -0.75889038493943       -0.15662901198204        0.18701416325267
C           -1.70819779105225       -0.11757072405904       -0.84149947746130
O           -1.25540862298067       -0.17247101965944       -2.11804302091017
C           -3.05966359987634       -0.00276909466608       -0.53914573509673
C           -3.48063651236565        0.07233141195878        0.77610446141627
C           -2.56079121736665        0.04047672624863        1.80786486876632
C           -1.21980113616503       -0.07510902725978        1.49257122512641
F           -0.32264175273295       -0.12243775714416        2.50156652232396
H            0.28692237374805        2.33701513976824        0.16024025656223
H            1.01906594514954        1.90910914802315        1.70415979394946
H            1.98409314189553        2.73358919462408        0.47976986889200
H            3.68336897847765        1.18894119322406       -0.07671161127116
H            4.38529244769387       -0.97856701973773       -0.99695189864492
H            2.69407317793900       -2.76384967929721       -1.38336326602553
H           -1.99904316039205       -0.20014232407301       -2.73124823036993
H           -3.78281296322548        0.02161855500160       -1.34299541839533
H           -4.53330461378295        0.15443280642108        0.99719944027920
H           -2.86361689793960        0.09320300041965        2.84075631712725
26
 energy: -46.467127100089 gnorm: 0.000342512852 xtb: 6.6.1 (8d0f1dd)
C            1.20553543845265        1.99000465868679        0.63927074136605
C            1.62049453814089        0.66416072157969        0.08023217250988
C            2.94916088846313        0.41332152800804       -0.23699090077869
C            3.34732237072597       -0.80385022499275       -0.75937643653964
C            2.41636341588871       -1.80258568873705       -0.98124118342675
C            1.09623377635761       -1.55141272606733       -0.66548357178468
F            0.18516934513596       -2.52954327642817       -0.86668791119517
C            0.67393663468480       -0.33962304097077       -0.13194472394308
C           -0.75929484772110       -0.15719478892840        0.18507856751915
C           -1.70944992235682       -0.12237470139099       -0.84288633431690
O           -1.25811057624011       -0.18221612791640       -2.11961538549509
C           -3.06063354301896       -0.00617335967256       -0.53978940020346
C           -3.48096884471163        0.07447957129201        0.77535454906121
C           -2.56042433414166        0.04629552959355        1.80650547076212
C           -1.21971713881511       -0.07103685870556        1.49053856095410
F           -0.32216298264457       -0.11485601276385        2.49915001060490
H            0.28388833731192        2.33402840820775        0.17308099964913
H            1.02850372247376        1.90540537289197        1.71098688005496
H            1.98282321594601        2.73295191523208        0.48040754545331
H            3.68322401790818        1.18821930600727       -0.07180693975095
H            4.38582061730117       -0.97690268658532       -0.99722007049634
H            2.69493889656134       -2.76126492952290       -1.38852608587922
H           -2.00282323612041       -0.20690333940253       -2.73199742452556
H           -3.78425411409438        0.01566171615854       -1.34316406832533
H           -4.53346359111063        0.15843947101831        0.99661875290683
H           -2.86211208437693        0.10296756340821        2.83950318581897
26
 energy: -46.467131944001 gnorm: 0.000348412487 xtb: 6.6.1 (8d0f1dd)
C            1.20521986364892        1.98722448116890        0.64460558535362
C            1.61997738060980        0.66267341867454        0.08223792670542
C            2.94902568516240        0.41313091710853       -0.23457580788743
C            3.34805625925233       -0.80251059829769       -0.75983008742372
C            2.41753975615423       -1.80110093637240       -0.98466523313917
C            1.09703537535506       -1.55131314973701       -0.66938120773754
F            0.18694547770075       -2.52989405803831       -0.87235045462466
C            0.67373563195131       -0.34086766046082       -0.13322588548252
C           -0.75956971466900       -0.15881420145469        0.18345568860818
C           -1.71046179805753       -0.12703677089240       -0.84400139320818
O           -1.26050685462560       -0.19162580389302       -2.12095647083019
C           -3.06134811432537       -0.00837189479652       -0.54033624230181
C           -3.48088614024655        0.07805558416016        0.77467279887616
C           -2.55968288567530        0.05254607827646        1.80526622398380
C           -1.21931440190254       -0.06770201975839        1.48889813881677
F           -0.32137192421029       -0.10854626355033        2.49709481765350
H            0.27931844008461        2.32927777839507        0.18539392779448
H            1.03622558270981        1.90133939866066        1.71754060050456
H            1.97951618008041        2.73236550802004        0.48093546097989
H            3.68233453135277        1.18831607712541       -0.06780276027417
H            4.38669163216088       -0.97433934926083       -0.99795480081285
H            2.69696627086582       -2.75886252688194       -1.39354882625364
H           -2.00627825571859       -0.21345057996029       -2.73256560701152
H           -3.78554569240273        0.01117091359960       -1.34334022478871
H           -4.53317074038589        0.16442471586456        0.99616272181738
H           -2.86045154486993        0.11390894230032        2.83826811068208
