26
 energy: -46.448635162479 gnorm: 0.089067502786 xtb: 6.6.1 (8d0f1dd)
C            0.91444200000000        1.94643400000000       -0.76940400000000
C            1.47349400000000        0.66581100000000       -0.27378500000000
C            2.84938500000000        0.51261200000000       -0.11676300000000
C            3.39777000000000       -0.66733400000000        0.34237000000000
C            2.56704700000000       -1.73769100000000        0.65969600000000
C            1.20656600000000       -1.59964500000000        0.50919700000000
F            0.41687900000000       -2.65522600000000        0.82434500000000
C            0.68959200000000       -0.40864800000000        0.04849300000000
C           -0.77482900000000       -0.30961400000000       -0.09592700000000
C           -1.48535200000000        0.14192100000000        0.99754700000000
O           -0.85042500000000        0.49136100000000        2.19167700000000
C           -2.85325500000000        0.22858100000000        0.84580000000000
C           -3.50463600000000       -0.11044600000000       -0.32312800000000
C           -2.78626700000000       -0.56165100000000       -1.41336300000000
C           -1.41591000000000       -0.65237900000000       -1.27261700000000
F           -0.69248700000000       -1.08975300000000       -2.32147500000000
H            1.75536000000000        2.55140000000000       -1.21728900000000
H            0.49734300000000        2.57084300000000        0.03118100000000
H            0.12626200000000        1.79697700000000       -1.54065800000000
H            3.47830600000000        1.37440700000000       -0.37523900000000
H            4.48088300000000       -0.73601100000000        0.44756500000000
H            2.97489600000000       -2.66761600000000        1.01972300000000
H           -1.22588900000000        1.19045000000000        2.82131600000000
H           -3.40505900000000        0.59014200000000        1.72641800000000
H           -4.59599000000000       -0.02354000000000       -0.39296100000000
H           -3.23812700000000       -0.84138500000000       -2.35272000000000
26
 energy: -46.460881013370 gnorm: 0.038617922867 xtb: 6.6.1 (8d0f1dd)
C            0.93270702951690        1.95390231880063       -0.77677818809832
C            1.49974082870936        0.66824668088557       -0.28051285075249
C            2.87402401241427        0.51606960093638       -0.11589699027517
C            3.41659564921796       -0.66626762342976        0.34557139098402
C            2.59468595542083       -1.73732057027233        0.66283873667415
C            1.23226392540870       -1.59640792324829        0.50651310007561
F            0.43109271994540       -2.63975458598346        0.81707973660961
C            0.69358536290786       -0.40989625638340        0.03867990059276
C           -0.77592255694915       -0.30195407557794       -0.08929087457938
C           -1.50770367808896        0.16151436737441        0.99721021590910
O           -0.84187359959956        0.48749867663852        2.15265362991362
C           -2.88681251101419        0.24777236077079        0.86607311917510
C           -3.52472689568162       -0.10271774711172       -0.30822163663075
C           -2.79846897946282       -0.55731736625506       -1.39558804551680
C           -1.42663753556179       -0.65432030556190       -1.25800331962545
F           -0.69647587778375       -1.08307992959374       -2.30752950390109
H            1.72887240994046        2.56044905211389       -1.23168928176224
H            0.49588662879145        2.54318628043662        0.03297637362764
H            0.15199185923893        1.79452702663087       -1.52622318875529
H            3.50924940307320        1.35884696121523       -0.36759099709628
H            4.48903630474023       -0.74789757118308        0.45327355413561
H            2.99919595920592       -2.66944372763271        1.02323384012116
H           -1.28553751436812        1.12944436213669        2.74997993249422
H           -3.44921423662874        0.60168572774013        1.72593292113461
H           -4.60191213452641       -0.02103150363732       -0.38186805670457
H           -3.25364352886633       -0.83573422980900       -2.33282451774937
26
 energy: -46.464650306617 gnorm: 0.015929377700 xtb: 6.6.1 (8d0f1dd)
C            0.94650074563130        1.95626589496576       -0.78312318487740
C            1.52379407427131        0.66797359439821       -0.28512020604733
C            2.89610391381564        0.51837928218458       -0.12136859184231
C            3.43707726566970       -0.66522378749956        0.34394926567180
C            2.61982987703301       -1.73557907027352        0.65983717755215
C            1.25605571188175       -1.58866263449901        0.50139425119576
F            0.44408875718738       -2.62128046259468        0.80932820882343
C            0.69658540760028       -0.40738737914598        0.03353112258749
C           -0.77498010093626       -0.29596366165490       -0.08669757307728
C           -1.52449134977279        0.17199831882435        0.99491325589543
O           -0.83539463386120        0.50333006249304        2.11379533313460
C           -2.90817001117872        0.26513807756901        0.88155717935987
C           -3.53872727550279       -0.09521325307259       -0.29564167996644
C           -2.81005253384787       -0.55442193591429       -1.37927163649806
C           -1.43725498777670       -0.65180524133276       -1.24973681991245
F           -0.70736091029378       -1.08280728111857       -2.29976567760274
H            1.72061452660724        2.56703039448154       -1.23015187666755
H            0.49976277017490        2.51444944981815        0.04146208403620
H            0.16657125826314        1.77825191984975       -1.51855564273474
H            3.54021503155687        1.34858176188444       -0.36299885914336
H            4.50428974797598       -0.75609286888039        0.46220605574738
H            3.01913502210257       -2.66858249037355        1.02449708837111
H           -1.36814798710408        1.06478249675252        2.70217481052223
H           -3.48111631229921        0.62099920173588        1.72380295949977
H           -4.60967192739468       -0.01789007046790       -0.37028837326706
H           -3.27525707980299       -0.83627031812954       -2.30972967076048
26
 energy: -46.465297506575 gnorm: 0.019876401791 xtb: 6.6.1 (8d0f1dd)
C            0.95300182576506        1.95512789681717       -0.78376418992475
C            1.53594813735264        0.66610728081512       -0.28918308793670
C            2.90717975561781        0.51794325894899       -0.12544375749899
C            3.44833964046777       -0.66541596703112        0.34311062853399
C            2.62925913240854       -1.73396617395104        0.65801251023686
C            1.26530099695635       -1.58364764146256        0.49847021112086
F            0.45059666656343       -2.61411487956518        0.80779248077077
C            0.69983116952673       -0.40473683860194        0.03086517020880
C           -0.77252636226977       -0.29223018597495       -0.09015748840182
C           -1.52719899454696        0.18188784498046        0.98868095566885
O           -0.84131878549795        0.52315860662107        2.10506717361099
C           -2.91035430417863        0.27651361790907        0.88187613554665
C           -3.54290272396117       -0.09233169642260       -0.29203237660453
C           -2.81550569153042       -0.55665321750407       -1.37287585789289
C           -1.44167363563348       -0.65251075309605       -1.24901671876825
F           -0.71698203423971       -1.08883180174146       -2.30059866783229
H            1.72025032271664        2.57815986480888       -1.22957789021481
H            0.50116078604417        2.50044542547947        0.04639816693049
H            0.17417018607373        1.76914861653329       -1.51882748881491
H            3.55720138770991        1.34423426670751       -0.36707098752367
H            4.51594910227875       -0.75981677396956        0.46410562789722
H            3.02569721048909       -2.66775751525570        1.02355031496388
H           -1.42437568548261        1.02036616226471        2.71364037907339
H           -3.48754958756875        0.63776401863848        1.71981157742348
H           -4.61520144439571       -0.01576183288443       -0.36490847322422
H           -3.28829807066549       -0.84308158306359       -2.29792534734840
26
 energy: -46.465799313277 gnorm: 0.010730102977 xtb: 6.6.1 (8d0f1dd)
C            0.95695155190929        1.95326678866950       -0.78067354935351
C            1.54610515352638        0.66411143530141       -0.29115228139684
C            2.91634199715398        0.51783575610717       -0.12940876016285
C            3.45957381409462       -0.66516485626338        0.34069635177642
C            2.63790246732053       -1.73165514619191        0.65524637907390
C            1.27386152393241       -1.57882763015455        0.49547546143543
F            0.45944364102974       -2.61040880297375        0.80699782489376
C            0.70231909418934       -0.40216237299958        0.03029670441190
C           -0.77092865343199       -0.29160107116812       -0.09271923776219
C           -1.53101744866600        0.19015900633749        0.98180821644242
O           -0.85569069923610        0.54065124372521        2.10329794685687
C           -2.91146453863003        0.29304533392676        0.87674667400960
C           -3.54769373522362       -0.08689978806306       -0.29222522102682
C           -2.82100045081648       -0.56119580771518       -1.36755726992966
C           -1.44616129794342       -0.65546566850884       -1.24773600250218
F           -0.72827269024301       -1.09994540568137       -2.30058808119085
H            1.72036104564772        2.59079719471755       -1.22000866660424
H            0.49817463636588        2.48565420119105        0.05323987239273
H            0.18367703967558        1.76286127556258       -1.52188492185542
H            3.57136446802964        1.34160890007677       -0.37253780048015
H            4.52824763446300       -0.76125874606884        0.46364578980224
H            3.03191759884359       -2.66623670884291        1.02089523051610
H           -1.45889055716216        0.97688478637691        2.72588255154445
H           -3.49179926464479        0.66149281217681        1.71164525126275
H           -4.62225033260488       -0.01167186391935       -0.36313834974442
H           -3.30107299757923       -0.85587486561840       -2.28624511240948
26
 energy: -46.466047128838 gnorm: 0.011555028001 xtb: 6.6.1 (8d0f1dd)
C            0.95884144354128        1.95385965170149       -0.77836281985749
C            1.54921600992411        0.66480710757772       -0.29172560777091
C            2.91889676734604        0.51714526897083       -0.13308932613787
C            3.46291926726385       -0.66639481161759        0.33599118134837
C            2.63891443402971       -1.73060911599734        0.65286914940689
C            1.27508801833856       -1.57611787631367        0.49436396991671
F            0.46281312375914       -2.61029408788579        0.80849983066052
C            0.70370468297902       -0.39936627899280        0.03062356957031
C           -0.76879253585652       -0.28761596802525       -0.09372227181731
C           -1.52921928451313        0.19856238403248        0.97771720524014
O           -0.86201732240111        0.56191946553732        2.10349423027122
C           -2.90892707583948        0.30019395062767        0.87231196309138
C           -3.54882201667349       -0.08563479502140       -0.29312177010751
C           -2.82170403270801       -0.56692758520168       -1.36460801248079
C           -1.44633644085807       -0.65819896469186       -1.24514899032521
F           -0.73280167560079       -1.11093406057758       -2.29736823819487
H            1.72486055230680        2.59612771560034       -1.20655702259109
H            0.49201262974314        2.48039981709464        0.05373704210433
H            0.19415781313834        1.76683056129346       -1.52959465655486
H            3.57428463202351        1.34032869881552       -0.37910159897278
H            4.53190143952773       -0.76283262830971        0.45667988320614
H            3.03130545160506       -2.66598228161297        1.01816446351839
H           -1.48670905652657        0.93965896987883        2.74688058595598
H           -3.48698712027389        0.67826486677578        1.70525374429897
H           -4.62352541267488       -0.00764630188322       -0.36408651065112
H           -3.30307529160034       -0.86954370177526       -2.28010099312757
26
 energy: -46.466242707632 gnorm: 0.007331154444 xtb: 6.6.1 (8d0f1dd)
C            0.95943191142471        1.95665651668240       -0.77384000644300
C            1.54768688507376        0.66688328293626       -0.28990170602210
C            2.91754225108019        0.51630952886292       -0.13659621905078
C            3.46233674949993       -0.66830119975669        0.32900612502473
C            2.63688217536460       -1.73069006590655        0.64897976635767
C            1.27303997097814       -1.57521153547112        0.49418435098174
F            0.46429888617980       -2.61289092847206        0.81120714114192
C            0.70376775987950       -0.39714643335738        0.03329459733261
C           -0.76783107184230       -0.28464835487306       -0.09087811201479
C           -1.52775810484018        0.20597559136432        0.97645461332338
O           -0.86833525313780        0.58233003399049        2.10562724476310
C           -2.90713104092497        0.30734491578909        0.86625624213380
C           -3.54904235978480       -0.08368695615175       -0.29626741430679
C           -2.81983769661675       -0.57403935868104       -1.36261342541140
C           -1.44463881136199       -0.66337641800736       -1.23953793579922
F           -0.73291625360754       -1.12495531181990       -2.28905114926447
H            1.73185373928863        2.60350678355184       -1.18373647136833
H            0.47749913080993        2.47603770275294        0.05416116782497
H            0.20748394275322        1.77578754595892       -1.54007809655912
H            3.57076810380620        1.34031847289710       -0.38582959002935
H            4.53154165071975       -0.76446181278430        0.44387512506136
H            3.02850846899679       -2.66699545902585        1.01276333907067
H           -1.49272151979737        0.91173984942600        2.75939831317747
H           -3.48143594406164        0.69290016101527        1.69844346322808
H           -4.62306055669109       -0.00361351497754       -0.36858783626525
H           -3.29793401318872       -0.88577303594297       -2.27673452688696
26
 energy: -46.466315712141 gnorm: 0.006727932744 xtb: 6.6.1 (8d0f1dd)
C            0.96217772838405        1.96053837686831       -0.77302897591575
C            1.54740331838960        0.66966999964517       -0.28968239909225
C            2.91770627251345        0.51501968662242       -0.14069651555436
C            3.46088934046588       -0.67105254470232        0.32248475899097
C            2.63452582785318       -1.73163219626431        0.64551078687871
C            1.27042294438464       -1.57373254529537        0.49481734565664
F            0.46129034765677       -2.61037945701750        0.81484965965588
C            0.70408999252487       -0.39410244108390        0.03498010042863
C           -0.76698747780687       -0.27857025017789       -0.08804043710948
C           -1.52659216495507        0.21694458639026        0.97589636598599
O           -0.86798018277132        0.60400015517175        2.10133507161102
C           -2.90723704604603        0.31273381306367        0.86396926417047
C           -3.54819453338709       -0.08346615424566       -0.29695138549727
C           -2.81721026078467       -0.57876428145450       -1.36044807254727
C           -1.44240113792692       -0.66641760634733       -1.23440193150556
F           -0.72936114417399       -1.13560614965821       -2.27974352306198
H            1.73850561482421        2.61157295357097       -1.16750691725392
H            0.46515089981413        2.47286907081699        0.05131907881918
H            0.22090517953632        1.78261578282936       -1.55046596801061
H            3.57014979107920        1.33856184331024       -0.39169133280646
H            4.52993380551102       -0.76895109933088        0.43273225627639
H            3.02502887462733       -2.66873952006361        1.00871555975222
H           -1.50893858842442        0.88014249787504        2.77459114729724
H           -3.48035321235774        0.69925177316839        1.69579201329120
H           -4.62146459533668       -0.00528664260928       -0.37007038360902
H           -3.29146059359387       -0.89721965108184       -2.27426656685064
26
 energy: -46.466364758075 gnorm: 0.002091926832 xtb: 6.6.1 (8d0f1dd)
C            0.96232968424289        1.96218272538625       -0.77284912695045
C            1.54605867737003        0.67090769239621       -0.28878714173034
C            2.91696521224444        0.51449767392593       -0.14127367859051
C            3.45880702568441       -0.67236405365813        0.32047545657326
C            2.63294941373026       -1.73301881001028        0.64407491107356
C            1.26855034600065       -1.57402968202662        0.49583120656736
F            0.45738891197091       -2.60798200741497        0.81630781928056
C            0.70368183606828       -0.39333053188219        0.03651415020928
C           -0.76776814637079       -0.27710124829670       -0.08562262306911
C           -1.52769067686401        0.21856771601484        0.97808179789179
O           -0.86697105257672        0.60489762301917        2.10051412163051
C           -2.90920878952670        0.31121905944108        0.86511131611703
C           -3.54711876907228       -0.08568264296519       -0.29668652043005
C           -2.81525927668872       -0.57892265090957       -1.36072246588871
C           -1.44083032928372       -0.66629790609442       -1.23301786572036
F           -0.72422628001393       -1.13590480260264       -2.27572664251652
H            1.73925398924244        2.61408490565772       -1.16314510741104
H            0.46068993835198        2.47349715649945        0.04937853428052
H            0.22450821817561        1.78461427083781       -1.55320780779029
H            3.56950568132279        1.33773266730891       -0.39218470652427
H            4.52787611627225       -0.77158983826071        0.42906924927555
H            3.02377720443767       -2.67037863451648        1.00637478494052
H           -1.50212443996648        0.88495669921256        2.77154441884950
H           -3.48388477662800        0.69511284269655        1.69685651910481
H           -4.62024584989240       -0.00899483559517       -0.37095214157010
H           -3.28701486823086       -0.89667338816345       -2.27595945760253
26
 energy: -46.466386351655 gnorm: 0.001555814857 xtb: 6.6.1 (8d0f1dd)
C            0.96369848760683        1.96460823118474       -0.77242152846488
C            1.54601140705782        0.67304157024889       -0.28796153365232
C            2.91743385351244        0.51345443313811       -0.14347981503295
C            3.45720452929025       -0.67489619808702        0.31600472018803
C            2.63083797742572       -1.73459182072522        0.64143043025086
C            1.26622576720459       -1.57286319934819        0.49720098977156
F            0.45198279103198       -2.60295712326957        0.81943262248716
C            0.70365931398284       -0.39045205840456        0.03902927058380
C           -0.76821903477812       -0.27322490299807       -0.08260930230520
C           -1.52916773325146        0.22313615181721        0.98014840597710
O           -0.86854532344896        0.61244515960246        2.10015898333929
C           -2.91142113290868        0.31099774424617        0.86568030256342
C           -3.54591464866827       -0.08877306571080       -0.29647766778579
C           -2.81270916931159       -0.58069824523661       -1.36029170736092
C           -1.43850729634841       -0.66592862639203       -1.23067230886996
F           -0.71777639765379       -1.13763643610237       -2.26955469062536
H            1.74240108469963        2.62029062057070       -1.15279639074232
H            0.45199227213402        2.47165015633159        0.04642754449715
H            0.23410174607232        1.78742502733133       -1.56079587762443
H            3.57111489445951        1.33541731960706       -0.39552272560902
H            4.52648624053317       -0.77692890558062        0.42133389919303
H            3.02146943794886       -2.67271956538619        1.00201091366301
H           -1.50243837592722        0.88165281175748        2.77500947156302
H           -3.48854797705987        0.69291040986590        1.69680419613197
H           -4.61934344542191       -0.01544670926914       -0.37180567563837
H           -3.28203026818167       -0.89991277919129       -2.27628352649791
26
 energy: -46.466403699180 gnorm: 0.002408069749 xtb: 6.6.1 (8d0f1dd)
C            0.96658745436658        1.96766228290653       -0.77193843433754
C            1.54779591410464        0.67591907682956       -0.28717775157197
C            2.91940424603254        0.51157480637538       -0.14740656270702
C            3.45610339418224       -0.67908682881174        0.30912519617020
C            2.62785294434704       -1.73647609484628        0.63797669268928
C            1.26330542480250       -1.56975392974452        0.49959477486639
F            0.44425567248355       -2.59429772562544        0.82471143003247
C            0.70377602207411       -0.38489426313453        0.04307241206026
C           -0.76859163714269       -0.26716762655123       -0.07878834944468
C           -1.53192764644108        0.22816812213610        0.98301735600953
O           -0.87331906910979        0.62334377169114        2.10154557961403
C           -2.91457083199932        0.30941779686895        0.86679590717672
C           -3.54489846859169       -0.09460142306898       -0.29588311041753
C           -2.80951991070575       -0.58368966138628       -1.35938657240615
C           -1.43526914007445       -0.66380589892562       -1.22790529552577
F           -0.70912618702202       -1.13555844812461       -2.26279348492488
H            1.74756414919208        2.62975418929064       -1.13711659389513
H            0.43961844808872        2.46720767951077        0.04167389665528
H            0.25035878975200        1.79083140631788       -1.57297736629730
H            3.57591790214154        1.33081977801070       -0.40146326349322
H            4.52565879457712       -0.78594177258615        0.40983809022552
H            3.01774217361499       -2.67595392661734        0.99577902714180
H           -1.50667922811847        0.87982573731411        2.78112835695540
H           -3.49588617714012        0.68869062939415        1.69652509231193
H           -4.61910006658103       -0.02707294375261       -0.37231921836052
H           -3.27705396683321       -0.90491473347063       -2.27562880852709
26
 energy: -46.466414754943 gnorm: 0.001856393344 xtb: 6.6.1 (8d0f1dd)
C            0.96878729711952        1.96904160108871       -0.77200794748972
C            1.54950338991863        0.67706166527640       -0.28717295835536
C            2.92084612068608        0.51033861802991       -0.14967954478812
C            3.45609923770064       -0.68138411519067        0.30595405415026
C            2.62627226032683       -1.73702404519630        0.63693033423172
C            1.26200022875486       -1.56750586064552        0.50104577781307
F            0.44103123215130       -2.59003098241848        0.82785513856685
C            0.70375683742953       -0.38169274163680        0.04493861037906
C           -0.76856120763321       -0.26406156707987       -0.07731204400404
C           -1.53346069493709        0.22943061659475        0.98421854004038
O           -0.87640518213767        0.62768864290814        2.10299456377264
C           -2.91605823807594        0.30733710811804        0.86770363920872
C           -3.54514611973213       -0.09840859096211       -0.29521884673930
C           -2.80832721944427       -0.58517411966757       -1.35871050113117
C           -1.43388758807724       -0.66166280497530       -1.22689084416174
F           -0.70592911152479       -1.13089792601908       -2.26151423179347
H            1.75073741615389        2.63445331154108       -1.12899319873177
H            0.43383159676760        2.46410930375420        0.03880545579713
H            0.25976356058074        1.79264261364261       -1.57946530766915
H            3.57899376146680        1.32786329172734       -0.40512708680819
H            4.52561377247580       -0.79073750559062        0.40441858977942
H            3.01532972340901       -2.67717097709847        0.99380125907272
H           -1.51036597990268        0.88164810630956        2.78328033814604
H           -3.49912739025707        0.68517928247149        1.69677364847569
H           -4.61958203251636       -0.03383345927256       -0.37189817211574
H           -3.27571667070273       -0.90720946570892       -2.27473026564596
26
 energy: -46.466435394940 gnorm: 0.001938939255 xtb: 6.6.1 (8d0f1dd)
C            0.97662463719237        1.97353073229004       -0.77301800163267
C            1.55504541551771        0.68038739673891       -0.28773515594771
C            2.92551675405145        0.50580497751706       -0.15759303368539
C            3.45618865064457       -0.68897134644009        0.29623417652065
C            2.62095922175705       -1.73835950856773        0.63468645600121
C            1.25759666495837       -1.55993914226809        0.50614341592955
F            0.43157013686925       -2.57711590142503        0.83885955700650
C            0.70352124299383       -0.37163677947168        0.05034057929756
C           -0.76833080545307       -0.25394439250549       -0.07279606300238
C           -1.53834381108459        0.23245577043094        0.98811624374603
O           -0.88615397066548        0.63829884292617        2.10826442920454
C           -2.92095142925197        0.29915253487867        0.87132121738660
C           -3.54669007913100       -0.11110417210245       -0.29243511593820
C           -2.80476622829125       -0.58894494654767       -1.35643278144754
C           -1.42974384316319       -0.65330559631291       -1.22398464259460
F           -0.69709464999672       -1.11253656213933       -2.25971790512569
H            1.76226142973956        2.65011156716855       -1.10078998936802
H            0.41373160935043        2.45298399760919        0.02808945365381
H            0.29269757194058        1.79913953881759       -1.60287329451370
H            3.58839314318489        1.31786167641604       -0.41813781334333
H            4.52540109455892       -0.80594490521189        0.38754466084954
H            3.00661817903850       -2.68041731850440        0.99004822450990
H           -1.52241679092249        0.89122817678519        2.78775893746959
H           -3.50869606330948        0.67133464251038        1.69930487195397
H           -4.62165995357807       -0.05676460096244       -0.36917091072790
H           -3.27127912695015       -0.91330468162958       -2.27202851620231
26
 energy: -46.466444487900 gnorm: 0.001236829090 xtb: 6.6.1 (8d0f1dd)
C            0.97871971215790        1.97440875001642       -0.77403856918061
C            1.55556477088506        0.68073398140737       -0.28820832250782
C            2.92602211812384        0.50459042960339       -0.15942826312684
C            3.45596303667870       -0.69021635572977        0.29518559835362
C            2.61992377637180       -1.73814814854714        0.63542452868420
C            1.25662641939229       -1.55857623781173        0.50744345441352
F            0.43075240564336       -2.57561655166553        0.84155841411220
C            0.70330186208474       -0.37043810892826        0.05077309180836
C           -0.76840383143543       -0.25226324892421       -0.07221050979931
C           -1.53909268961570        0.23202989849423        0.98901109284985
O           -0.88724916868387        0.63647937766061        2.10956382145394
C           -2.92193239102109        0.29661359059367        0.87251067115134
C           -3.54741352069260       -0.11346617932559       -0.29135307502923
C           -2.80456091715266       -0.58845852349391       -1.35605244259758
C           -1.42957091569229       -0.65072549159263       -1.22383958271722
F           -0.69704430079848       -1.10737902362515       -2.26102282254457
H            1.76503278606303        2.65235948548929       -1.09471412340169
H            0.41008519497420        2.45140116318126        0.02340798017605
H            0.30102774228982        1.80195504206977       -1.60864947079859
H            3.58901012070077        1.31599347200933       -0.42137952837012
H            4.52504888277355       -0.80794405896009        0.38543218539554
H            3.00435127108830       -2.68023403887565        0.99206301245320
H           -1.52433197406114        0.89442579537603        2.78665654029402
H           -3.50948248345999        0.66668956329968        1.70154339575277
H           -4.62233516581423       -0.06149248592891       -0.36747561779523
H           -3.27001374079986       -0.91272209579254       -2.27220245902978
26
 energy: -46.466453928658 gnorm: 0.001643811733 xtb: 6.6.1 (8d0f1dd)
C            0.98405461722281        1.97655771884016       -0.77752948829504
C            1.55685022597214        0.68170290713284       -0.29026716473982
C            2.92735925170836        0.50183812393984       -0.16415889622474
C            3.45553418651624       -0.69314024743713        0.29207160258155
C            2.61757988949500       -1.73747632155940        0.63716048391967
C            1.25424699863729       -1.55515752354782        0.51058978351304
F            0.42862078735134       -2.57136336514170        0.84895986596837
C            0.70303928261759       -0.36754377244250        0.05126258734885
C           -0.76858779788884       -0.24786994590320       -0.07065172281779
C           -1.54053908664189        0.23169237664078        0.99148665174992
O           -0.88991611515219        0.63343327551179        2.11313169101820
C           -2.92411417658886        0.29166074340509        0.87540188726075
C           -3.54922398976546       -0.11830410057747       -0.28830164201443
C           -2.80451927513437       -0.58731316330604       -1.35458651119353
C           -1.42949653463965       -0.64483166384255       -1.22297173432127
F           -0.69737104575688       -1.09674178974046       -2.26305373899839
H            1.77478603818747        2.66298993589725       -1.07127029799506
H            0.39065989323145        2.44180771926664        0.01074930020538
H            0.32843391212429        1.80722373178398       -1.63145950441929
H            3.59062098216595        1.31146099108092       -0.43054062788405
H            4.52451302432756       -0.81278742751918        0.37916403551254
H            2.99885116034449       -2.67969057823433        0.99699828222129
H           -1.52956940715896        0.89780881465463        2.78571708142473
H           -3.51072815719855        0.65736664756115        1.70716810421689
H           -4.62412857398325       -0.07140295724292       -0.36291771402843
H           -3.26695708999303       -0.91192012922046       -2.27215331400933
26
 energy: -46.466459612874 gnorm: 0.000669186987 xtb: 6.6.1 (8d0f1dd)
C            0.98312971365404        1.97521770999983       -0.77880814226446
C            1.55635946765926        0.68093936623657       -0.29085888977150
C            2.92698571900759        0.50219517578843       -0.16420703432752
C            3.45599442669911       -0.69193033057688        0.29327974607309
C            2.61875194364489       -1.73673967451309        0.63855984049073
C            1.25517574628333       -1.55565548194276        0.51097543532475
F            0.43017403215869       -2.57220707727489        0.84918843493969
C            0.70309700736325       -0.36879926654189        0.05089558428606
C           -0.76872050839497       -0.24949206309752       -0.07128961478738
C           -1.54010469493933        0.22958580932237        0.99171952522484
O           -0.88934300377792        0.62850631180369        2.11433553882216
C           -2.92352346946568        0.29217787678005        0.87561774607187
C           -3.54931249187113       -0.11602022253450       -0.28823791591364
C           -2.80557661708336       -0.58545917273142       -1.35491208216269
C           -1.43045902076686       -0.64469098734261       -1.22375631355432
F           -0.69912681898339       -1.09675610993387       -2.26428221291815
H            1.77321634956375        2.66164248966532       -1.07117823026490
H            0.38890133565822        2.44060253463829        0.00722140945937
H            0.32983257183638        1.80626420797583       -1.63372631014774
H            3.58977111495637        1.31244992515026       -0.43012962870541
H            4.52511313652514       -0.81032635020036        0.38183842817946
H            3.00028585819928       -2.67851555312759        0.99920428250939
H           -1.52851724767535        0.89556042009536        2.78596566566045
H           -3.50947894479190        0.65806498390122        1.70795067348367
H           -4.62435595304394       -0.06764325701465       -0.36261776979702
H           -3.26827065241547       -0.90897126452524       -2.27274916591082
26
 energy: -46.466467720026 gnorm: 0.000636307364 xtb: 6.6.1 (8d0f1dd)
C            0.98255056982303        1.97352457528231       -0.78222628405962
C            1.55616941436938        0.68034083742932       -0.29206538448721
C            2.92683331088470        0.50217737739810       -0.16551140438009
C            3.45636182106308       -0.69108648918882        0.29364553457840
C            2.61962806300305       -1.73576695483946        0.64043983414282
C            1.25584262240656       -1.55533125367109        0.51274970631737
F            0.43084717647561       -2.57119480694016        0.85222263747741
C            0.70319483199610       -0.36922821267005        0.05130322274529
C           -0.76879595611224       -0.25008509919039       -0.07101030691563
C           -1.53979407434548        0.22743266818637        0.99315702816739
O           -0.88902327826632        0.62334161016433        2.11693383981034
C           -2.92314160405363        0.29212107548513        0.87693085367640
C           -3.54933422524881       -0.11365198053098       -0.28753419995148
C           -2.80630255940834       -0.58259398629571       -1.35479342711553
C           -1.43106261629042       -0.64311868295327       -1.22389376763981
F           -0.69994762473485       -1.09451938516395       -2.26474578514820
H            1.77264063002637        2.66484763910702       -1.06167728106359
H            0.37550570019049        2.43318796824954       -0.00331000429689
H            0.34203051402862        1.80498706595630       -1.64663708933352
H            3.58957372976406        1.31223783088837       -0.43235451796585
H            4.52563486554628       -0.80893677219553        0.38255044340487
H            3.00134306916727       -2.67699015611161        1.00223883402016
H           -1.52843520383170        0.88875739650470        2.78901003533051
H           -3.50875370232700        0.65771955678771        1.70967377226685
H           -4.62442084185180       -0.06343146559373       -0.36206295730316
H           -3.26914563227397       -0.90474035609450       -2.27303433227722
26
 energy: -46.466484129179 gnorm: 0.001862592285 xtb: 6.6.1 (8d0f1dd)
C            0.98077535763722        1.96868078878349       -0.79295926006362
C            1.55571985065086        0.67894175300559       -0.29560204385426
C            2.92642940255186        0.50176609593133       -0.16981777952268
C            3.45679494425079       -0.68962229465568        0.29338262245601
C            2.62090561995118       -1.73320762359316        0.64566558347931
C            1.25683814824890       -1.55367497471820        0.51897639576364
F            0.43154006777498       -2.56733011510895        0.86297591404006
C            0.70341049666775       -0.36954789842625        0.05303331378220
C           -0.76877353203840       -0.25048441674023       -0.06903423253034
C           -1.53909576724805        0.22211386133853        0.99810351593696
O           -0.88826449011056        0.61023388940841        2.12482674339912
C           -2.92212514842412        0.29130016831133        0.88143348835330
C           -3.54869925471846       -0.10723687521370       -0.28541813657667
C           -2.80680285733029       -0.57374229809285       -1.35438405857978
C           -1.43149189532124       -0.63718123309218       -1.22370766162760
F           -0.70038910010793       -1.08564884760755       -2.26562972747626
H            1.77110299925127        2.67785349006679       -1.02820631502687
H            0.32917653524157        2.40707619790612       -0.03637450788101
H            0.38311868196377        1.79945242800725       -1.68938700111905
H            3.58926737592933        1.31063133250120       -0.44023912750159
H            4.52628674426515       -0.80688429794498        0.38184731150328
H            3.00341545139464       -2.67291846590000        1.01049973099720
H           -1.52739344387017        0.87036739920758        2.79877978846553
H           -3.50764819804896        0.65450056744221        1.71530918827997
H           -4.62384484034439       -0.05373517778109       -0.36027888939032
H           -3.27025414821668       -0.89170345303510       -2.27379585530656
26
 energy: -46.466495105694 gnorm: 0.001248241189 xtb: 6.6.1 (8d0f1dd)
C            0.97688030597715        1.96398953289592       -0.79996625827463
C            1.55404996993438        0.67708733039961       -0.29749928710777
C            2.92479468957959        0.50323505781564       -0.16882677563313
C            3.45665274389804       -0.68640843097118        0.29717267680113
C            2.62243020179106       -1.73135150071010        0.64967121086542
C            1.25836623995972       -1.55481167484221        0.52121770139691
F            0.43411542574341       -2.56892607682679        0.86635188329202
C            0.70353615061436       -0.37234776961410        0.05246145065495
C           -0.76851527894203       -0.25331786874967       -0.06896829797554
C           -1.53715956423313        0.21799274745106        0.99985120876004
O           -0.88410337562096        0.60083236739562        2.12718398066612
C           -2.91988052383385        0.29180424227476        0.88352284300434
C           -3.54744117006776       -0.10057214384312       -0.28515792402815
C           -2.80703480477770       -0.56676765027485       -1.35524954556850
C           -1.43194119191440       -0.63506131234416       -1.22471275603167
F           -0.70186046617742       -1.08289961672379       -2.26746262663239
H            1.76427643523617        2.67971423524530       -1.02318772672771
H            0.31113073479710        2.39477106163756       -0.05185251325132
H            0.39299788803303        1.79122690821144       -1.70340147011402
H            3.58663983077337        1.31251304019784       -0.44031881563813
H            4.52617293608824       -0.80172527748999        0.38689055871816
H            3.00714785154779       -2.66945278324932        1.01645743320610
H           -1.52206461467608        0.85724716976369        2.80419438359884
H           -3.50475830223703        0.65493757607944        1.71765591310157
H           -4.62214239481682       -0.04158876925578       -0.36071762558272
H           -3.27229071667623       -0.88012039447290       -2.27531062149992
26
 energy: -46.466504293402 gnorm: 0.000653296253 xtb: 6.6.1 (8d0f1dd)
C            0.97230292640515        1.95849020056961       -0.80739455443154
C            1.55242062971096        0.67496621464915       -0.29892570853956
C            2.92351404639992        0.50389816631944       -0.16886023866851
C            3.45683012293744       -0.68381329171657        0.30033423255191
C            2.62389136610573       -1.72943678265415        0.65428931468173
C            1.25969759852610       -1.55551705414015        0.52476975678367
F            0.43725666848928       -2.57090960992801        0.87137682368096
C            0.70359922465882       -0.37509538464289        0.05270603291700
C           -0.76825166691150       -0.25598813662457       -0.06821510621894
C           -1.53580926490059        0.21282776472573        1.00234947965035
O           -0.88078800061705        0.59008112600099        2.13031107136070
C           -2.91816713343091        0.29083560513956        0.88628091428004
C           -3.54636786445588       -0.09432398849851       -0.28456409237684
C           -2.80675997809455       -0.55809531249075       -1.35643349760829
C           -1.43200823472619       -0.63091216513183       -1.22591226140509
F           -0.70312127599515       -1.07569318653209       -2.27094247533594
H            1.75695785192742        2.67996359309156       -1.01845010362629
H            0.29326609064206        2.38287265197152       -0.06905991987908
H            0.40417671852446        1.78222233644369       -1.72061056209732
H            3.58380847902095        1.31414786835857       -0.44083346318945
H            4.52628596390343       -0.79681709368997        0.39193477833812
H            3.01061318080847       -2.66576753008367        1.02360517454968
H           -1.51692651035099        0.84723789391771        2.80863663724663
H           -3.50235853386492        0.65202172575181        1.72167584220403
H           -4.62069138393052       -0.03178318218172       -0.36021697830216
H           -3.27337202078195       -0.86541242862452       -2.27785209656587
26
 energy: -46.466511308728 gnorm: 0.000739222462 xtb: 6.6.1 (8d0f1dd)
C            0.96970416244783        1.95304484273356       -0.81572741051358
C            1.55185745667772        0.67263082956691       -0.30143059913275
C            2.92317025007675        0.50347091478153       -0.17073981175183
C            3.45741307151907       -0.68209130684762        0.30277949713415
C            2.62522389027631       -1.72736711234979        0.65963635514265
C            1.26078847974818       -1.55512774270340        0.52966156264391
F            0.44001208921507       -2.57119141350971        0.87923539472007
C            0.70377719905459       -0.37693642897967        0.05368682230262
C           -0.76801621082010       -0.25738967038404       -0.06698697745291
C           -1.53535503313888        0.20754339416442        1.00549718141956
O           -0.87960179446263        0.57899649037102        2.13472868367099
C           -2.91750993589707        0.28827962890042        0.88958749167021
C           -3.54590092892419       -0.08990369322983       -0.28336372224055
C           -2.80643334998494       -0.54876145027099       -1.35758833278003
C           -1.43191861223735       -0.62443527192638       -1.22715158065700
F           -0.70391824184513       -1.06435962285699       -2.27513175907466
H            1.75159177850273        2.68247384331983       -1.01125541711402
H            0.27289307881061        2.36918978506043       -0.08875728176043
H            0.41910855891248        1.77413477392746       -1.73901331119435
H            3.58226249216366        1.31403901927100       -0.44487190928896
H            4.52698277822256       -0.79367732159586        0.39503409191975
H            3.01290501842351       -2.66213620150175        1.03189866919913
H           -1.51450459773586        0.83854915919339        2.81323401285290
H           -3.50109974390002        0.64617841591481        1.72694269653436
H           -4.62006623094926       -0.02550774251620       -0.35890383117006
H           -3.27336662415564       -0.84964611853262       -2.28100151507923
26
 energy: -46.466514613062 gnorm: 0.000242667319 xtb: 6.6.1 (8d0f1dd)
C            0.97072771769779        1.95268142750894       -0.81754263966042
C            1.55208869483127        0.67267547315978       -0.30208910809004
C            2.92326271881654        0.50335358016880       -0.17114298520945
C            3.45736354405433       -0.68196994144081        0.30310936411173
C            2.62512595692941       -1.72676151840555        0.66075503577698
C            1.26064853539099       -1.55440192155279        0.53047057441835
F            0.43967571623384       -2.56977893532997        0.88093284397635
C            0.70369272531911       -0.37640096099639        0.05394454898371
C           -0.76816376200361       -0.25662730499097       -0.06688279640056
C           -1.53569777533845        0.20690043027891        1.00610509326983
O           -0.88046546479757        0.57760106395900        2.13586587455295
C           -2.91804224658878        0.28679244315546        0.89029831094006
C           -3.54626459491131       -0.09042300718035       -0.28291460248582
C           -2.80669405336758       -0.54745110130148       -1.35772000732745
C           -1.43207796758621       -0.62257859377916       -1.22735468731834
F           -0.70376945695666       -1.06104241971649       -2.27564488370921
H            1.75249551395662        2.68112960846749       -1.01386604960381
H            0.27481325692689        2.37028325816792       -0.09153963586660
H            0.42054372642186        1.77379760999050       -1.74054252397479
H            3.58258812968882        1.31333139805849       -0.44642516375324
H            4.52695256755719       -0.79370283048794        0.39553981043355
H            3.01229073409516       -2.66142191136758        1.03370139756034
H           -1.51586997558726        0.83455671241416        2.81483636718681
H           -3.50160722688986        0.64353698866714        1.72812958868529
H           -4.62053557325177       -0.02649976972062       -0.35839950059358
H           -3.27308244064077       -0.84757977772655       -2.28162522590268
