
         ______________________________________________________________
        |                                                              |
        |                                                              |
        |                   CENSO - Commandline ENSO                   |
        |                           v 1.2.0                            |
        |    energetic sorting of CREST Conformer Rotamer Ensembles    |
        |                    University of Bonn, MCTC                  |
        |                           Feb 2021                           |
        |                 based on ENSO version 2.0.1                  |
        |                     F. Bohle and S. Grimme                   |
        |                                                              |
        |______________________________________________________________|

        Please cite: 
        S. Grimme, F. Bohle, A. Hansen, P. Pracht, S. Spicher, and M. Stahn 
        J. Phys. Chem. A 2021, 125, 19, 4039-4054.
        DOI: https://doi.org/10.1021/acs.jpca.1c00971
        
        This program is distributed in the hope that it will be useful,
        but WITHOUT ANY WARRANTY; without even the implied warranty of
        MERCHANTABILITY or FITNESS FOR A PARTICULAR PURPOSE.

DEBUG
None
None
13

----------------------------------------------------------------------------------------------------
                                             PARAMETERS                                             
----------------------------------------------------------------------------------------------------

program call: /path/to/censo -inprc /path/to/atropisomers_workflow/atropisomers/.censorc -inp /path/to/atropisomers_workflow/example/reactant_censo/crest/crest_conformers.xyz --charge 0 --unpaired 0 --temperature 298.15 -P 16 -O 2
The configuration file .censorc is read from /path/to/atropisomers/.censorc.
Reading conformer rotamer ensemble from: /path/to/atropisomers/example/reactant_censo/crest/crest_conformers.xyz.
Reading file: censo_solvents.json

Reading file: censo_orca_editable.dat


--------------------------------------------------
               CRE SORTING SETTINGS               
--------------------------------------------------

number of atoms in system:                                     26
number of considered conformers:                               13
number of all conformers from input:                           13
charge:                                                        0
unpaired:                                                      0
solvent:                                                       gas
temperature:                                                   298.15
calculate mRRHO contribution:                                  on
consider symmetry for mRRHO contribution:                      on
cautious checking for error and failed calculations:           on
checking the DFT-ensemble using CREST:                         off
maxthreads:                                                    16
omp:                                                           2
automatically balance maxthreads and omp:                      off

--------------------------------------------------
          CRE CHEAP-PRESCREENING - PART0          
--------------------------------------------------
part0:                                                         on
starting number of considered conformers:                      13
program for part0:                                             tm
functional for fast single-point:                              b97-d3(0)
basis set for fast single-point:                               def2-SV(P)
threshold g_thr(0) for sorting in part0:                       5.0

short-notation:
b97-d3(0)/def2-SV(P) // GFNn-xTB (Input geometry)

--------------------------------------------------
             CRE PRESCREENING - PART1             
--------------------------------------------------
part1:                                                         on
program for part1:                                             tm
functional for initial evaluation:                             r2scan-3c
basis set for initial evaluation:                              def2-mTZVPP
calculate mRRHO contribution:                                  on
program for mRRHO contribution:                                xtb
GFN version for mRRHO and/or GBSA_Gsolv:                       gfn2
Apply constraint to input geometry during mRRHO calculation:   on
evaluate at different temperatures:                            off
threshold g_thr(1) and G_thr(1) for sorting in part1:          4.0

short-notation:
r2scan-3c + GmRRHO(GFN2) // GFNn-xTB (Input geometry)

--------------------------------------------------
             CRE OPTIMIZATION - PART2             
--------------------------------------------------
part2:                                                         on
program:                                                       tm
QM program employed only in the geometry opt.:                 tm
functional for part2:                                          r2scan-3c
basis set for part2:                                           def2-mTZVPP
using xTB-optimizer for optimization:                          on
using the new ensemble optimizer:                              on
optimize all conformers below this G_thr(opt,2) threshold:     3.0
spearmanthr:                                                   0.935
optimization level in part2:                                   normal
evaluate at different temperatures:                            off
Boltzmann sum threshold G_thr(2) for sorting in part2:         99.0
calculate mRRHO contribution:                                  on
program for mRRHO contribution:                                xtb
GFN version for mRRHO and/or GBSA_Gsolv:                       gfn2
Apply constraint to input geometry during mRRHO calculation:   on

short-notation:
r2scan-3c + GmRRHO(GFN2) // r2scan-3c
END of parameters


------------------------------------------------------------
               PATHS of external QM programs                
------------------------------------------------------------

The following program paths are used:
    xTB:          /path/to/xtb
    TURBOMOLE:    /path/to/turbomole

    Using cefine from /path/to/cefine
    PARNODES for TM or COSMO-RS calculation was set to 2

****************************************************************************************************
WARNING:     These keywords were not found in the configuration file .censorc
             and therefore default values are taken for:
             func_or
             f_active
             shieldings
             optical_rotation
             part4
             sm4_j
             si_ref
             c_active
             couplings
             resonance_frequency
             f_ref
             sm4_s
             basis_j
             func_j
             func_s
             p_active
             prog4_j
             h_active
             c_ref
             prog4_s
             func_or_scf
             freq_or
             basis_or
             h_ref
             p_ref
             si_active
             basis_s
****************************************************************************************************

----------------------------------------------------------------------------------------------------
                            Processing data from previous run (enso.json)                           
----------------------------------------------------------------------------------------------------

INFORMATION: No restart information exists and is created during this run!


----------------------------------------------------------------------------------------------------
                                   CRE CHEAP-PRESCREENING - PART0                                   
----------------------------------------------------------------------------------------------------

program:                                                       tm
functional for part0:                                          b97-d3(0)
basis set for part0:                                           def2-SV(P)
threshold g_thr(0):                                            5.0
starting number of considered conformers:                      13
temperature:                                                   298.15

Calculating efficient gas-phase single-point energies:
The efficient gas-phase single-point is calculated for:
 CONF1,  CONF2,  CONF3,  CONF4,  CONF5,  CONF6,  CONF7,  CONF8,  CONF9, CONF10, CONF11
CONF12, CONF13

Constructed folders!

Starting 13 single-point calculations.
Running single-point in CONF1/part0_sp    
Running single-point in CONF2/part0_sp    
Running single-point in CONF3/part0_sp    
Running single-point in CONF4/part0_sp    
Running single-point in CONF6/part0_sp    
Running single-point in CONF5/part0_sp    
Running single-point in CONF7/part0_sp    
Running single-point in CONF8/part0_sp    
Running single-point in CONF9/part0_sp    
Running single-point in CONF10/part0_sp   
Running single-point in CONF11/part0_sp   
Running single-point in CONF12/part0_sp   
Running single-point in CONF13/part0_sp   
Tasks completed!

The efficient gas-phase single-point calculation was successful for  CONF1/part0_sp: E(DFT) = -775.09756956
The efficient gas-phase single-point calculation was successful for  CONF2/part0_sp: E(DFT) = -775.10044952
The efficient gas-phase single-point calculation was successful for  CONF3/part0_sp: E(DFT) = -775.10025189
The efficient gas-phase single-point calculation was successful for  CONF4/part0_sp: E(DFT) = -775.09879273
The efficient gas-phase single-point calculation was successful for  CONF5/part0_sp: E(DFT) = -775.09477934
The efficient gas-phase single-point calculation was successful for  CONF6/part0_sp: E(DFT) = -775.09807022
The efficient gas-phase single-point calculation was successful for  CONF7/part0_sp: E(DFT) = -775.09786452
The efficient gas-phase single-point calculation was successful for  CONF8/part0_sp: E(DFT) = -775.09731443
The efficient gas-phase single-point calculation was successful for  CONF9/part0_sp: E(DFT) = -775.09844112
The efficient gas-phase single-point calculation was successful for CONF10/part0_sp: E(DFT) = -775.09643367
The efficient gas-phase single-point calculation was successful for CONF11/part0_sp: E(DFT) = -775.09556795
The efficient gas-phase single-point calculation was successful for CONF12/part0_sp: E(DFT) = -775.09404204
The efficient gas-phase single-point calculation was successful for CONF13/part0_sp: E(DFT) = -775.09384700

----------------------------------------------------------------------------------------------------
                   Removing high lying conformers by improved energy description                    
----------------------------------------------------------------------------------------------------

 CONF#  G(GFNn-xTB) ΔG(GFNn-xTB)               E [Eh]   Gsolv [Eh]         gtot    ΔE(DFT)     ΔGsolv      Δgtot
               [Eh]   [kcal/mol] b97-d3(0)/def2-SV(P)    gas-phase         [Eh] [kcal/mol] [kcal/mol] [kcal/mol]
                                                                                                                
CONF1   -46.4680954         0.00         -775.0975696    0.0000000 -775.0975696       1.81       0.00       1.81
CONF2   -46.4675875         0.32         -775.1004495    0.0000000 -775.1004495       0.00       0.00       0.00     <------
CONF3   -46.4675831         0.32         -775.1002519    0.0000000 -775.1002519       0.12       0.00       0.12
CONF4   -46.4674386         0.41         -775.0987927    0.0000000 -775.0987927       1.04       0.00       1.04
CONF5   -46.4671410         0.60         -775.0947793    0.0000000 -775.0947793       3.56       0.00       3.56
CONF6   -46.4670492         0.66         -775.0980702    0.0000000 -775.0980702       1.49       0.00       1.49
CONF7   -46.4670341         0.67         -775.0978645    0.0000000 -775.0978645       1.62       0.00       1.62
CONF8   -46.4668589         0.78         -775.0973144    0.0000000 -775.0973144       1.97       0.00       1.97
CONF9   -46.4668587         0.78         -775.0984411    0.0000000 -775.0984411       1.26       0.00       1.26
CONF10  -46.4665117         0.99         -775.0964337    0.0000000 -775.0964337       2.52       0.00       2.52
CONF11  -46.4664757         1.02         -775.0955680    0.0000000 -775.0955680       3.06       0.00       3.06
CONF12  -46.4659089         1.37         -775.0940420    0.0000000 -775.0940420       4.02       0.00       4.02
CONF13  -46.4655340         1.61         -775.0938470    0.0000000 -775.0938470       4.14       0.00       4.14
----------------------------------------------------------------------------------------------------

Number of conformers observed within the following Δg windows:
Δg [kcal/mol]  #CONF   sum(Boltzmann_weights)
---------------------------------------------
   0 - 0.5         2          0.77
   0 - 1.0         2          0.77
   0 - 1.5         5          0.93
   0 - 2.0         8          0.99
   0 - 2.5         8          0.99
   0 - 3.0         9          1.00
   0 - 3.5        10          1.00
   0 - 4.0        11          1.00
   0 - 4.5        13          1.00
---------------------------------------------

All relative (free) energies are below the initial g_thr(0) threshold of 5.0 kcal/mol.
All conformers are considered further.

Calculating Boltzmann averaged (free) energy of ensemble on input geometries (not DFT optimized)!

temperature /K:   avE(T) /a.u.   avG(T) /a.u. 
----------------------------------------------------------------------------------------------------
    298.15        -775.0998525    -775.0998525     <<==part0==
----------------------------------------------------------------------------------------------------


>>>>>>>>>>>>>>>>>>>>>>>>>>>>>>>>>>>>>>>>>>>>END of Part0<<<<<<<<<<<<<<<<<<<<<<<<<<<<<<<<<<<<<<<<<<<<
Ran part0 in 6.2745 seconds

----------------------------------------------------------------------------------------------------
                                      CRE PRESCREENING - PART1                                      
----------------------------------------------------------------------------------------------------

program:                                                       tm
functional for part1 and 2:                                    r2scan-3c
basis set for part1 and 2:                                     def2-mTZVPP
threshold g_thr(1) and G_thr(1):                               4.0
starting number of considered conformers:                      13
calculate mRRHO contribution:                                  on
program for mRRHO contribution:                                xtb
GFN version for mRRHO and/or GBSA_Gsolv:                       gfn2
Apply constraint to input geometry during mRRHO calculation:   on
temperature:                                                   298.15

Calculating single-point energies:
The prescreening_single-point is calculated for:
 CONF1,  CONF2,  CONF3,  CONF4,  CONF5,  CONF6,  CONF7,  CONF8,  CONF9, CONF10, CONF11
CONF12, CONF13

Constructed folders!

Starting 13 single-point calculations.
Running single-point in CONF1/r2scan-3c   
Running single-point in CONF2/r2scan-3c   
Running single-point in CONF3/r2scan-3c   
Running single-point in CONF4/r2scan-3c   
Running single-point in CONF5/r2scan-3c   
Running single-point in CONF6/r2scan-3c   
Running single-point in CONF7/r2scan-3c   
Running single-point in CONF8/r2scan-3c   
Running single-point in CONF9/r2scan-3c   
Running single-point in CONF10/r2scan-3c  
Running single-point in CONF11/r2scan-3c  
Running single-point in CONF12/r2scan-3c  
Running single-point in CONF13/r2scan-3c  
Tasks completed!

prescreening_single-point calculation was successful for  CONF1/r2scan-3c: -776.18799815
prescreening_single-point calculation was successful for  CONF2/r2scan-3c: -776.18809130
prescreening_single-point calculation was successful for  CONF3/r2scan-3c: -776.18782347
prescreening_single-point calculation was successful for  CONF4/r2scan-3c: -776.18785019
prescreening_single-point calculation was successful for  CONF5/r2scan-3c: -776.18424621
prescreening_single-point calculation was successful for  CONF6/r2scan-3c: -776.18718704
prescreening_single-point calculation was successful for  CONF7/r2scan-3c: -776.18713278
prescreening_single-point calculation was successful for  CONF8/r2scan-3c: -776.18665409
prescreening_single-point calculation was successful for  CONF9/r2scan-3c: -776.18665025
prescreening_single-point calculation was successful for CONF10/r2scan-3c: -776.18350002
prescreening_single-point calculation was successful for CONF11/r2scan-3c: -776.18393063
prescreening_single-point calculation was successful for CONF12/r2scan-3c: -776.18272594
prescreening_single-point calculation was successful for CONF13/r2scan-3c: -776.18264621

--------------------------------------------------
          Removing high lying conformers          
--------------------------------------------------

 CONF#  E(GFNn-xTB) ΔE(GFNn-xTB)       E [Eh]         Etot      ΔEtot
             [a.u.]   [kcal/mol]    r2scan-3c         [Eh] [kcal/mol]
                                                                     
CONF1   -46.4680954         0.00 -776.1879981 -776.1879981       0.06
CONF2   -46.4675875         0.32 -776.1880913 -776.1880913       0.00     <------
CONF3   -46.4675831         0.32 -776.1878235 -776.1878235       0.17
CONF4   -46.4674386         0.41 -776.1878502 -776.1878502       0.15
CONF5   -46.4671410         0.60 -776.1842462 -776.1842462       2.41
CONF6   -46.4670492         0.66 -776.1871870 -776.1871870       0.57
CONF7   -46.4670341         0.67 -776.1871328 -776.1871328       0.60
CONF8   -46.4668589         0.78 -776.1866541 -776.1866541       0.90
CONF9   -46.4668587         0.78 -776.1866503 -776.1866503       0.90
CONF10  -46.4665117         0.99 -776.1835000 -776.1835000       2.88
CONF11  -46.4664757         1.02 -776.1839306 -776.1839306       2.61
CONF12  -46.4659089         1.37 -776.1827259 -776.1827259       3.37
CONF13  -46.4655340         1.61 -776.1826462 -776.1826462       3.42

All relative (free) energies are below the g_thr(1) threshold of 4.0 kcal/mol.
All conformers are considered further.
--------------------------------------------------

Calculating prescreening G_mRRHO!
The prescreening G_mRRHO calculation is now performed for:
 CONF1,  CONF2,  CONF3,  CONF4,  CONF5,  CONF6,  CONF7,  CONF8,  CONF9, CONF10, CONF11
CONF12, CONF13

Constructed folders!

Starting 13 G_RRHO calculations.
Running GFN2-xTB mRRHO in CONF1/rrho_part1
Running GFN2-xTB mRRHO in CONF2/rrho_part1
Running GFN2-xTB mRRHO in CONF3/rrho_part1
Running GFN2-xTB mRRHO in CONF4/rrho_part1
Running GFN2-xTB mRRHO in CONF5/rrho_part1
Running GFN2-xTB mRRHO in CONF6/rrho_part1
Running GFN2-xTB mRRHO in CONF7/rrho_part1
Running GFN2-xTB mRRHO in CONF8/rrho_part1
Running GFN2-xTB mRRHO in CONF9/rrho_part1
Running GFN2-xTB mRRHO in CONF10/rrho_part1
Running GFN2-xTB mRRHO in CONF11/rrho_part1
Running GFN2-xTB mRRHO in CONF12/rrho_part1
Running GFN2-xTB mRRHO in CONF13/rrho_part1
Tasks completed!

The prescreening G_mRRHO run @ c1 was successful for  CONF1/rrho_part1: 0.15050797 S_rot(sym)= 0.0000000 using= 0.1505080
The prescreening G_mRRHO run @ c1 was successful for  CONF2/rrho_part1: 0.15006309 S_rot(sym)= 0.0000000 using= 0.1500631
The prescreening G_mRRHO run @ c1 was successful for  CONF3/rrho_part1: 0.14996550 S_rot(sym)= 0.0000000 using= 0.1499655
The prescreening G_mRRHO run @ c1 was successful for  CONF4/rrho_part1: 0.15020206 S_rot(sym)= 0.0000000 using= 0.1502021
The prescreening G_mRRHO run @ c1 was successful for  CONF5/rrho_part1: 0.15063393 S_rot(sym)= 0.0000000 using= 0.1506339
The prescreening G_mRRHO run @ c1 was successful for  CONF6/rrho_part1: 0.14980562 S_rot(sym)= 0.0000000 using= 0.1498056
The prescreening G_mRRHO run @ c1 was successful for  CONF7/rrho_part1: 0.14974585 S_rot(sym)= 0.0000000 using= 0.1497459
The prescreening G_mRRHO run @ c1 was successful for  CONF8/rrho_part1: 0.14962912 S_rot(sym)= 0.0000000 using= 0.1496291
The prescreening G_mRRHO run @ c1 was successful for  CONF9/rrho_part1: 0.15033813 S_rot(sym)= 0.0000000 using= 0.1503381
The prescreening G_mRRHO run @ c1 was successful for CONF10/rrho_part1: 0.15006196 S_rot(sym)= 0.0000000 using= 0.1500620
The prescreening G_mRRHO run @ c1 was successful for CONF11/rrho_part1: 0.15019891 S_rot(sym)= 0.0000000 using= 0.1501989
The prescreening G_mRRHO run @ c1 was successful for CONF12/rrho_part1: 0.14975151 S_rot(sym)= 0.0000000 using= 0.1497515
The prescreening G_mRRHO run @ c1 was successful for CONF13/rrho_part1: 0.14975701 S_rot(sym)= 0.0000000 using= 0.1497570

--------------------------------------------------
         * Gibbs free energies of part1 *         
--------------------------------------------------

 CONF#  G(GFNn-xTB) ΔG(GFNn-xTB)       E [Eh]  GmRRHO [Eh]         Gtot      ΔGtot
             [a.u.]   [kcal/mol]    r2scan-3c   GFN2-bhess         [Eh] [kcal/mol]
                                                                                  
CONF1   -46.3175874         0.02 -776.1879981    0.1505080 -776.0374902       0.34
CONF2   -46.3175244         0.06 -776.1880913    0.1500631 -776.0380282       0.00     <------
CONF3   -46.3176176         0.00 -776.1878235    0.1499655 -776.0378580       0.11
CONF4   -46.3172365         0.24 -776.1878502    0.1502021 -776.0376481       0.24
CONF5   -46.3165071         0.70 -776.1842462    0.1506339 -776.0336123       2.77
CONF6   -46.3172435         0.23 -776.1871870    0.1498056 -776.0373814       0.41
CONF7   -46.3172882         0.21 -776.1871328    0.1497459 -776.0373869       0.40
CONF8   -46.3172298         0.24 -776.1866541    0.1496291 -776.0370250       0.63
CONF9   -46.3165206         0.69 -776.1866503    0.1503381 -776.0363121       1.08
CONF10  -46.3164498         0.73 -776.1835000    0.1500620 -776.0334381       2.88
CONF11  -46.3162768         0.84 -776.1839306    0.1501989 -776.0337317       2.70
CONF12  -46.3161574         0.92 -776.1827259    0.1497515 -776.0329744       3.17
CONF13  -46.3157770         1.15 -776.1826462    0.1497570 -776.0328892       3.22

Number of conformers observed within the following ΔG windows:
ΔG [kcal/mol]  #CONF   sum(Boltzmann_weights)
---------------------------------------------
   0 - 0.5         6          0.88
   0 - 1.0         7          0.96
   0 - 1.5         8          0.99
   0 - 2.0         8          0.99
   0 - 2.5         8          0.99
   0 - 3.0        11          1.00
   0 - 3.5        13          1.00
---------------------------------------------

Additional global 'fuzzy-threshold' based on the standard deviation of (G_mRRHO):
Std_dev(G_mRRHO) = 0.198 kcal/mol
Fuzzythreshold   = 0.177 kcal/mol
Final sorting threshold G_thr(1) = 4.000 + 0.177 = 4.177 kcal/mol
Spearman correlation coefficient between (E) and (E + mRRHO) = 0.967

All relative (free) energies are below the initial G_thr(1) threshold of 4.0 kcal/mol.
All conformers are considered further.

Calculating Boltzmann averaged free energy of ensemble on input geometries (not DFT optimized)!

temperature /K:   avE(T) /a.u. avGmRRHO(T) /a.u.   avG(T) /a.u. 
----------------------------------------------------------------------------------------------------
    298.15        -776.1875996        0.1500352   -776.0375643      <<==part1==
----------------------------------------------------------------------------------------------------


Calculating unbiased GFNn-xTB energy
Constructed folders!

Starting 13 xTB - single-point calculations.
gfn2-xTB energy for CONF1/GFN_unbiased = -46.4680954
gfn2-xTB energy for CONF2/GFN_unbiased = -46.4675875
gfn2-xTB energy for CONF3/GFN_unbiased = -46.4675831
gfn2-xTB energy for CONF4/GFN_unbiased = -46.4674386
gfn2-xTB energy for CONF6/GFN_unbiased = -46.4670492
gfn2-xTB energy for CONF5/GFN_unbiased = -46.4671410
gfn2-xTB energy for CONF8/GFN_unbiased = -46.4668589
gfn2-xTB energy for CONF7/GFN_unbiased = -46.4670341
gfn2-xTB energy for CONF9/GFN_unbiased = -46.4668587
gfn2-xTB energy for CONF10/GFN_unbiased = -46.4665117
gfn2-xTB energy for CONF11/GFN_unbiased = -46.4664757
gfn2-xTB energy for CONF12/GFN_unbiased = -46.4659089
gfn2-xTB energy for CONF13/GFN_unbiased = -46.4655340
Tasks completed!


>>>>>>>>>>>>>>>>>>>>>>>>>>>>>>>>>>>>>>>>>>>>END of Part1<<<<<<<<<<<<<<<<<<<<<<<<<<<<<<<<<<<<<<<<<<<<
Ran part1 in 30.9698 seconds

----------------------------------------------------------------------------------------------------
                                      CRE OPTIMIZATION - PART2                                      
----------------------------------------------------------------------------------------------------

program:                                                       tm
QM program employed only in the geometry opt.:                 tm
functional for part2:                                          r2scan-3c
basis set for part2:                                           def2-mTZVPP
using the xTB-optimizer for optimization:                      on
using the new ensemble optimizer:                              on
optimize all conformers below this G_thr(opt,2) threshold:     3.0
Spearman threshold:                                            0.935
number of optimization iterations:                             8
radsize:                                                       10
optimization level in part2:                                   normal
temperature:                                                   298.15
Boltzmann sum threshold G_thr(2) for sorting in part2:         99.0
calculate mRRHO contribution:                                  on
program for mRRHO contribution:                                xtb
GFN version for mRRHO and/or GBSA_Gsolv:                       gfn2
Apply constraint to input geometry during mRRHO calculation:   on

Optimizing geometries at DFT level!
The optimization is calculated for:
 CONF1,  CONF2,  CONF3,  CONF4,  CONF5,  CONF6,  CONF7,  CONF8,  CONF9, CONF10, CONF11
CONF12, CONF13

Constructed folders!

Preparing 13 calculations.
Tasks completed!

************************Starting optimizations************************

Starting threshold is set to 3.0 + 60.0 % = 4.8 kcal/mol

Lower limit is set to G_thr(opt,2) = 3.0 kcal/mol

*******************************CYCLE 1********************************

Starting 13 optimizations.
Running optimization in CONF1/r2scan-3c   
Running optimization in CONF2/r2scan-3c   
Running optimization in CONF3/r2scan-3c   
Running optimization in CONF4/r2scan-3c   
Running optimization in CONF5/r2scan-3c   
Running optimization in CONF6/r2scan-3c   
Running optimization in CONF7/r2scan-3c   
Running optimization in CONF8/r2scan-3c   
Running optimization in CONF9/r2scan-3c   
Running optimization in CONF10/r2scan-3c  
Running optimization in CONF11/r2scan-3c  
Running optimization in CONF12/r2scan-3c  
Running optimization in CONF13/r2scan-3c  
Tasks completed!

Geometry optimization converged for: CONF1  within   8 cycles
Geometry optimization converged for: CONF2  within   8 cycles
Geometry optimization converged for: CONF3  within   8 cycles
Geometry optimization converged for: CONF5  within   7 cycles
Geometry optimization converged for: CONF11 within   8 cycles
Constructed folders!

Starting 13 G_RRHO calculations.
Running GFN2-xTB mRRHO in r2scan-3c/rrho_crude
Running GFN2-xTB mRRHO in r2scan-3c/rrho_crude
Running GFN2-xTB mRRHO in r2scan-3c/rrho_crude
Running GFN2-xTB mRRHO in r2scan-3c/rrho_crude
Running GFN2-xTB mRRHO in r2scan-3c/rrho_crude
Running GFN2-xTB mRRHO in r2scan-3c/rrho_crude
Running GFN2-xTB mRRHO in r2scan-3c/rrho_crude
Running GFN2-xTB mRRHO in r2scan-3c/rrho_crude
Running GFN2-xTB mRRHO in r2scan-3c/rrho_crude
Running GFN2-xTB mRRHO in r2scan-3c/rrho_crude
Running GFN2-xTB mRRHO in r2scan-3c/rrho_crude
Running GFN2-xTB mRRHO in r2scan-3c/rrho_crude
Running GFN2-xTB mRRHO in r2scan-3c/rrho_crude
Tasks completed!

The G_mRRHO calculation on crudely optimized DFT geometry @ c1 was successful for CONF1/r2scan-3c/rrho_crude: 0.1505210 S_rot(sym)= 0.0000000 using= 0.1505210
The G_mRRHO calculation on crudely optimized DFT geometry @ c1 was successful for CONF2/r2scan-3c/rrho_crude: 0.1501125 S_rot(sym)= 0.0000000 using= 0.1501125
The G_mRRHO calculation on crudely optimized DFT geometry @ c1 was successful for CONF3/r2scan-3c/rrho_crude: 0.1503169 S_rot(sym)= 0.0000000 using= 0.1503169
The G_mRRHO calculation on crudely optimized DFT geometry @ c1 was successful for CONF4/r2scan-3c/rrho_crude: 0.1502033 S_rot(sym)= 0.0000000 using= 0.1502033
The G_mRRHO calculation on crudely optimized DFT geometry @ c1 was successful for CONF5/r2scan-3c/rrho_crude: 0.1506246 S_rot(sym)= 0.0000000 using= 0.1506246
The G_mRRHO calculation on crudely optimized DFT geometry @ c1 was successful for CONF6/r2scan-3c/rrho_crude: 0.1498929 S_rot(sym)= 0.0000000 using= 0.1498929
The G_mRRHO calculation on crudely optimized DFT geometry @ c1 was successful for CONF7/r2scan-3c/rrho_crude: 0.1497590 S_rot(sym)= 0.0000000 using= 0.1497590
The G_mRRHO calculation on crudely optimized DFT geometry @ c1 was successful for CONF8/r2scan-3c/rrho_crude: 0.1495906 S_rot(sym)= 0.0000000 using= 0.1495906
The G_mRRHO calculation on crudely optimized DFT geometry @ c1 was successful for CONF9/r2scan-3c/rrho_crude: 0.1496294 S_rot(sym)= 0.0000000 using= 0.1496294
The G_mRRHO calculation on crudely optimized DFT geometry @ c1 was successful for CONF10/r2scan-3c/rrho_crude: 0.1502469 S_rot(sym)= 0.0000000 using= 0.1502469
The G_mRRHO calculation on crudely optimized DFT geometry @ c1 was successful for CONF11/r2scan-3c/rrho_crude: 0.1502920 S_rot(sym)= 0.0000000 using= 0.1502920
The G_mRRHO calculation on crudely optimized DFT geometry @ c1 was successful for CONF12/r2scan-3c/rrho_crude: 0.1498441 S_rot(sym)= 0.0000000 using= 0.1498441
The G_mRRHO calculation on crudely optimized DFT geometry @ c1 was successful for CONF13/r2scan-3c/rrho_crude: 0.1498447 S_rot(sym)= 0.0000000 using= 0.1498447
Max number of performed iterations: 8
Spearman rank evaluation is performed in the next cycle.

CONF1  initial ΔG =  0.31  kcal/mol and current ΔG =  0.29  kcal/mol. (converged)
CONF2  initial ΔG =  0.00  kcal/mol and current ΔG =  0.00  kcal/mol. (converged)
CONF3  initial ΔG =  0.31  kcal/mol and current ΔG =  0.32  kcal/mol. (converged)
CONF4  initial ΔG =  0.19  kcal/mol and current ΔG =  0.16  kcal/mol. (not_converged)
CONF5  initial ΔG =  2.71  kcal/mol and current ΔG =  2.75  kcal/mol. (converged)
CONF6  initial ΔG =  0.43  kcal/mol and current ΔG =  0.35  kcal/mol. (not_converged)
CONF7  initial ΔG =  0.37  kcal/mol and current ΔG =  0.32  kcal/mol. (not_converged)
CONF8  initial ΔG =  0.58  kcal/mol and current ΔG =  0.58  kcal/mol. (not_converged)
CONF9  initial ΔG =  0.61  kcal/mol and current ΔG =  0.58  kcal/mol. (not_converged)
CONF10 initial ΔG =  2.97  kcal/mol and current ΔG =  3.36  kcal/mol. (not_converged)
CONF11 initial ΔG =  2.71  kcal/mol and current ΔG =  2.69  kcal/mol. (converged)
CONF12 initial ΔG =  3.19  kcal/mol and current ΔG =  3.11  kcal/mol. (not_converged)
CONF13 initial ΔG =  3.24  kcal/mol and current ΔG =  3.17  kcal/mol. (not_converged)


CYCLE 1 performed in 238.1717 seconds
INFORMATION: Saving enso.json to update optimization information.
*******************************CYCLE 2********************************

Starting 8 optimizations.
Running optimization in CONF4/r2scan-3c   
Running optimization in CONF6/r2scan-3c   
Running optimization in CONF7/r2scan-3c   
Running optimization in CONF8/r2scan-3c   
Running optimization in CONF9/r2scan-3c   
Running optimization in CONF10/r2scan-3c  
Running optimization in CONF12/r2scan-3c  
Running optimization in CONF13/r2scan-3c  
Tasks completed!

Geometry optimization converged for: CONF7  within   9 cycles
Geometry optimization converged for: CONF12 within  13 cycles
Geometry optimization converged for: CONF13 within  13 cycles
Max number of performed iterations: 16

CONF1  previous ΔG =  0.29  kcal/mol and current ΔG =  0.29  kcal/mol. (converged)
CONF2  previous ΔG =  0.00  kcal/mol and current ΔG =  0.00  kcal/mol. (converged)
CONF3  previous ΔG =  0.32  kcal/mol and current ΔG =  0.32  kcal/mol. (converged)
CONF4  previous ΔG =  0.16  kcal/mol and current ΔG =  0.07  kcal/mol. (not_converged)
CONF5  previous ΔG =  2.75  kcal/mol and current ΔG =  2.75  kcal/mol. (converged)
CONF6  previous ΔG =  0.35  kcal/mol and current ΔG =  0.20  kcal/mol. (not_converged)
CONF7  previous ΔG =  0.32  kcal/mol and current ΔG =  0.31  kcal/mol. (converged)
CONF8  previous ΔG =  0.58  kcal/mol and current ΔG =  0.40  kcal/mol. (not_converged)
CONF9  previous ΔG =  0.58  kcal/mol and current ΔG =  0.31  kcal/mol. (not_converged)
CONF10 previous ΔG =  3.36  kcal/mol and current ΔG =  2.83  kcal/mol. (not_converged)
CONF11 previous ΔG =  2.69  kcal/mol and current ΔG =  2.69  kcal/mol. (converged)
CONF12 previous ΔG =  3.11  kcal/mol and current ΔG =  3.10  kcal/mol. (converged)
CONF13 previous ΔG =  3.17  kcal/mol and current ΔG =  3.15  kcal/mol. (converged)

           Spearman coeff. from    8 -->   11 =  0.9670
           Spearman coeff. from    9 -->   12 =  0.9615
           Spearman coeff. from   10 -->   13 =  0.9835
           Spearman coeff. from   11 -->   14 =  0.9945
Evaluating Spearman coeff. from   12 -->   15 =  1.0000
Evaluating Spearman coeff. from   13 -->   16 =  0.9835
Final averaged Spearman correlation coefficient: 0.9918

PES is assumed to be parallel
Updated optimization threshold to: 4.20 kcal/mol

CYCLE 2 performed in 267.4125 seconds
INFORMATION: Saving enso.json to update optimization information.
*******************************CYCLE 3********************************

Starting 5 optimizations.
Running optimization in CONF4/r2scan-3c   
Running optimization in CONF6/r2scan-3c   
Running optimization in CONF8/r2scan-3c   
Running optimization in CONF9/r2scan-3c   
Running optimization in CONF10/r2scan-3c  
Tasks completed!

Geometry optimization converged for: CONF4  within  18 cycles
Geometry optimization converged for: CONF9  within  22 cycles
Max number of performed iterations: 24

CONF1  previous ΔG =  0.29  kcal/mol and current ΔG =  0.29  kcal/mol. (converged)
CONF2  previous ΔG =  0.00  kcal/mol and current ΔG =  0.00  kcal/mol. (converged)
CONF3  previous ΔG =  0.32  kcal/mol and current ΔG =  0.32  kcal/mol. (converged)
CONF4  previous ΔG =  0.07  kcal/mol and current ΔG =  0.07  kcal/mol. (converged)
CONF5  previous ΔG =  2.75  kcal/mol and current ΔG =  2.75  kcal/mol. (converged)
CONF6  previous ΔG =  0.20  kcal/mol and current ΔG =  0.00  kcal/mol. (not_converged)
CONF7  previous ΔG =  0.31  kcal/mol and current ΔG =  0.32  kcal/mol. (converged)
CONF8  previous ΔG =  0.40  kcal/mol and current ΔG =  0.13  kcal/mol. (not_converged)
CONF9  previous ΔG =  0.31  kcal/mol and current ΔG =  0.24  kcal/mol. (converged)
CONF10 previous ΔG =  2.83  kcal/mol and current ΔG =  2.55  kcal/mol. (not_converged)
CONF11 previous ΔG =  2.69  kcal/mol and current ΔG =  2.69  kcal/mol. (converged)
CONF12 previous ΔG =  3.10  kcal/mol and current ΔG =  3.10  kcal/mol. (converged)
CONF13 previous ΔG =  3.15  kcal/mol and current ΔG =  3.15  kcal/mol. (converged)

           Spearman coeff. from   16 -->   19 =  0.9505
           Spearman coeff. from   17 -->   20 =  0.9835
           Spearman coeff. from   18 -->   21 =  0.9286
           Spearman coeff. from   19 -->   22 =  0.9835
Evaluating Spearman coeff. from   20 -->   23 =  0.9945
Evaluating Spearman coeff. from   21 -->   24 =  0.9835
Final averaged Spearman correlation coefficient: 0.9890

PES is assumed to be parallel
Updated optimization threshold to: 3.60 kcal/mol

CYCLE 3 performed in 183.2071 seconds
INFORMATION: Saving enso.json to update optimization information.
*******************************CYCLE 4********************************

Starting 3 optimizations.
Running optimization in CONF6/r2scan-3c   
Running optimization in CONF8/r2scan-3c   
Running optimization in CONF10/r2scan-3c  
Tasks completed!

Geometry optimization converged for: CONF10 within  30 cycles
Max number of performed iterations: 32

CONF1  previous ΔG =  0.29  kcal/mol and current ΔG =  0.43  kcal/mol. (converged)
CONF2  previous ΔG =  0.00  kcal/mol and current ΔG =  0.14  kcal/mol. (converged)
CONF3  previous ΔG =  0.32  kcal/mol and current ΔG =  0.47  kcal/mol. (converged)
CONF4  previous ΔG =  0.07  kcal/mol and current ΔG =  0.21  kcal/mol. (converged)
CONF5  previous ΔG =  2.75  kcal/mol and current ΔG =  2.89  kcal/mol. (converged)
CONF6  previous ΔG =  0.00  kcal/mol and current ΔG =  0.03  kcal/mol. (not_converged)
CONF7  previous ΔG =  0.32  kcal/mol and current ΔG =  0.46  kcal/mol. (converged)
CONF8  previous ΔG =  0.13  kcal/mol and current ΔG =  0.00  kcal/mol. (not_converged)
CONF9  previous ΔG =  0.24  kcal/mol and current ΔG =  0.38  kcal/mol. (converged)
CONF10 previous ΔG =  2.55  kcal/mol and current ΔG =  2.66  kcal/mol. (converged)
CONF11 previous ΔG =  2.69  kcal/mol and current ΔG =  2.84  kcal/mol. (converged)
CONF12 previous ΔG =  3.10  kcal/mol and current ΔG =  3.24  kcal/mol. (converged)
CONF13 previous ΔG =  3.15  kcal/mol and current ΔG =  3.29  kcal/mol. (converged)

           Spearman coeff. from   24 -->   27 =  0.9835
           Spearman coeff. from   25 -->   28 =  0.9835
           Spearman coeff. from   26 -->   29 =  0.8846
           Spearman coeff. from   27 -->   30 =  0.9945
Evaluating Spearman coeff. from   28 -->   31 =  0.8846
Evaluating Spearman coeff. from   29 -->   32 =  0.9945
Final averaged Spearman correlation coefficient: 0.9396

PES is assumed to be parallel
Updated optimization threshold to: 3.00 kcal/mol

CYCLE 4 performed in 184.8597 seconds
INFORMATION: Saving enso.json to update optimization information.
*******************************CYCLE 5********************************

Starting 2 optimizations.
Running optimization in CONF6/r2scan-3c   
Running optimization in CONF8/r2scan-3c   
Tasks completed!

Geometry optimization converged for: CONF6  within  38 cycles
Max number of performed iterations: 40

CONF1  previous ΔG =  0.43  kcal/mol and current ΔG =  0.56  kcal/mol. (converged)
CONF2  previous ΔG =  0.14  kcal/mol and current ΔG =  0.27  kcal/mol. (converged)
CONF3  previous ΔG =  0.47  kcal/mol and current ΔG =  0.60  kcal/mol. (converged)
CONF4  previous ΔG =  0.21  kcal/mol and current ΔG =  0.34  kcal/mol. (converged)
CONF5  previous ΔG =  2.89  kcal/mol and current ΔG =  3.02  kcal/mol. (converged)
CONF6  previous ΔG =  0.03  kcal/mol and current ΔG =  0.14  kcal/mol. (converged)
CONF7  previous ΔG =  0.46  kcal/mol and current ΔG =  0.59  kcal/mol. (converged)
CONF8  previous ΔG =  0.00  kcal/mol and current ΔG =  0.00  kcal/mol. (not_converged)
CONF9  previous ΔG =  0.38  kcal/mol and current ΔG =  0.51  kcal/mol. (converged)
CONF10 previous ΔG =  2.66  kcal/mol and current ΔG =  2.79  kcal/mol. (converged)
CONF11 previous ΔG =  2.84  kcal/mol and current ΔG =  2.97  kcal/mol. (converged)
CONF12 previous ΔG =  3.24  kcal/mol and current ΔG =  3.37  kcal/mol. (converged)
CONF13 previous ΔG =  3.29  kcal/mol and current ΔG =  3.42  kcal/mol. (converged)

           Spearman coeff. from   32 -->   35 =  1.0000
           Spearman coeff. from   33 -->   36 =  1.0000
           Spearman coeff. from   34 -->   37 =  0.8462
           Spearman coeff. from   35 -->   38 =  1.0000
Evaluating Spearman coeff. from   36 -->   39 =  1.0000
Evaluating Spearman coeff. from   37 -->   40 =  0.8462
Final averaged Spearman correlation coefficient: 0.9231

CYCLE 5 performed in 175.1308 seconds
INFORMATION: Saving enso.json to update optimization information.
*******************************CYCLE 6********************************

Starting 1 optimizations.
Running optimization in CONF8/r2scan-3c   
Tasks completed!

Geometry optimization converged for: CONF8  within  42 cycles
***********************Finished optimizations!************************
Timings:
Cycle:  [s]  #nconfs  Spearman coeff.
   1   238.17    13     
   2   267.41    13     0.992
   3   183.21    13     0.989
   4   184.86    13     0.940
   5   175.13    13     0.923
   6    38.90    13     
sum:   1087.68

CONVERGED optimizations for the following remaining conformers:
Converged optimization for CONF1  after   8 cycles: -776.1902206
Converged optimization for CONF2  after   8 cycles: -776.1902719
Converged optimization for CONF3  after   8 cycles: -776.1899624
Converged optimization for CONF4  after  18 cycles: -776.1902575
Converged optimization for CONF5  after   7 cycles: -776.1864073
Converged optimization for CONF6  after  38 cycles: -776.1902703
Converged optimization for CONF7  after   9 cycles: -776.1894183
Converged optimization for CONF8  after  42 cycles: -776.1902020
Converged optimization for CONF9  after  22 cycles: -776.1894164
Converged optimization for CONF10 after  30 cycles: -776.1864035
Converged optimization for CONF11 after   8 cycles: -776.1861602
Converged optimization for CONF12 after  13 cycles: -776.1850687
Converged optimization for CONF13 after  13 cycles: -776.1849917

Calculating single-point energies!
The low level single-point is now calculated for:
 CONF1,  CONF2,  CONF3,  CONF4,  CONF5,  CONF6,  CONF7,  CONF8,  CONF9, CONF10, CONF11
CONF12, CONF13


Starting 13 single-point calculations.
Running single-point in CONF2/r2scan-3c   
Running single-point in CONF4/r2scan-3c   
Running single-point in CONF1/r2scan-3c   
Running single-point in CONF3/r2scan-3c   
Running single-point in CONF6/r2scan-3c   
Running single-point in CONF5/r2scan-3c   
Running single-point in CONF7/r2scan-3c   
Running single-point in CONF9/r2scan-3c   
Running single-point in CONF8/r2scan-3c   
Running single-point in CONF10/r2scan-3c  
Running single-point in CONF11/r2scan-3c  
Running single-point in CONF12/r2scan-3c  
Running single-point in CONF13/r2scan-3c  
Tasks completed!

lowlevel single-point calculation was successful for  CONF1/r2scan-3c: -776.18917115
lowlevel single-point calculation was successful for  CONF2/r2scan-3c: -776.18921940
lowlevel single-point calculation was successful for  CONF3/r2scan-3c: -776.18890649
lowlevel single-point calculation was successful for  CONF4/r2scan-3c: -776.18920749
lowlevel single-point calculation was successful for  CONF5/r2scan-3c: -776.18535917
lowlevel single-point calculation was successful for  CONF6/r2scan-3c: -776.18922087
lowlevel single-point calculation was successful for  CONF7/r2scan-3c: -776.18836879
lowlevel single-point calculation was successful for  CONF8/r2scan-3c: -776.18915126
lowlevel single-point calculation was successful for  CONF9/r2scan-3c: -776.18836707
lowlevel single-point calculation was successful for CONF10/r2scan-3c: -776.18535519
lowlevel single-point calculation was successful for CONF11/r2scan-3c: -776.18511215
lowlevel single-point calculation was successful for CONF12/r2scan-3c: -776.18402353
lowlevel single-point calculation was successful for CONF13/r2scan-3c: -776.18394371

Calculating lowlevel G_mRRHO on DFT geometry!
The lowlevel G_mRRHO calculation is now performed for:
 CONF1,  CONF2,  CONF3,  CONF4,  CONF5,  CONF6,  CONF7,  CONF8,  CONF9, CONF10, CONF11
CONF12, CONF13

Constructed folders!

Starting 13 G_RRHO calculations.
Running GFN2-xTB mRRHO in CONF1/rrho_part2
Running GFN2-xTB mRRHO in CONF2/rrho_part2
Running GFN2-xTB mRRHO in CONF3/rrho_part2
Running GFN2-xTB mRRHO in CONF4/rrho_part2
Running GFN2-xTB mRRHO in CONF5/rrho_part2
Running GFN2-xTB mRRHO in CONF6/rrho_part2
Running GFN2-xTB mRRHO in CONF7/rrho_part2
Running GFN2-xTB mRRHO in CONF8/rrho_part2
Running GFN2-xTB mRRHO in CONF9/rrho_part2
Running GFN2-xTB mRRHO in CONF10/rrho_part2
Running GFN2-xTB mRRHO in CONF11/rrho_part2
Running GFN2-xTB mRRHO in CONF12/rrho_part2
Running GFN2-xTB mRRHO in CONF13/rrho_part2
Tasks completed!

The lowlevel G_mRRHO calculation @ c1 was successful for  CONF1/rrho_part2: 0.15052103 S_rot(sym)= 0.0000000 using= 0.1505210
The lowlevel G_mRRHO calculation @ c1 was successful for  CONF2/rrho_part2: 0.15011252 S_rot(sym)= 0.0000000 using= 0.1501125
The lowlevel G_mRRHO calculation @ c1 was successful for  CONF3/rrho_part2: 0.15031691 S_rot(sym)= 0.0000000 using= 0.1503169
The lowlevel G_mRRHO calculation @ c1 was successful for  CONF4/rrho_part2: 0.15009437 S_rot(sym)= 0.0000000 using= 0.1500944
The lowlevel G_mRRHO calculation @ c1 was successful for  CONF5/rrho_part2: 0.15062462 S_rot(sym)= 0.0000000 using= 0.1506246
The lowlevel G_mRRHO calculation @ c1 was successful for  CONF6/rrho_part2: 0.15012248 S_rot(sym)= 0.0000000 using= 0.1501225
The lowlevel G_mRRHO calculation @ c1 was successful for  CONF7/rrho_part2: 0.14975559 S_rot(sym)= 0.0000000 using= 0.1497556
The lowlevel G_mRRHO calculation @ c1 was successful for  CONF8/rrho_part2: 0.15051730 S_rot(sym)= 0.0000000 using= 0.1505173
The lowlevel G_mRRHO calculation @ c1 was successful for  CONF9/rrho_part2: 0.14993804 S_rot(sym)= 0.0000000 using= 0.1499380
The lowlevel G_mRRHO calculation @ c1 was successful for CONF10/rrho_part2: 0.15062417 S_rot(sym)= 0.0000000 using= 0.1506242
The lowlevel G_mRRHO calculation @ c1 was successful for CONF11/rrho_part2: 0.15029202 S_rot(sym)= 0.0000000 using= 0.1502920
The lowlevel G_mRRHO calculation @ c1 was successful for CONF12/rrho_part2: 0.14982789 S_rot(sym)= 0.0000000 using= 0.1498279
The lowlevel G_mRRHO calculation @ c1 was successful for CONF13/rrho_part2: 0.14984775 S_rot(sym)= 0.0000000 using= 0.1498478

--------------------------------------------------
         * Gibbs free energies of part2 *         
--------------------------------------------------

 CONF#  E(GFNn-xTB) ΔE(GFNn-xTB)       E [Eh]  GmRRHO [Eh]         Gtot      ΔGtot Boltzmannweight
             [a.u.]   [kcal/mol]    r2scan-3c   GFN2-bhess         [Eh] [kcal/mol]   % at 298.15 K
                                                                                                  
CONF1   -46.4680954         0.00 -776.1891711    0.1505210 -776.0386501       0.29           10.41
CONF2   -46.4675875         0.32 -776.1892194    0.1501125 -776.0391069       0.00           16.89
CONF3   -46.4675831         0.32 -776.1889065    0.1503169 -776.0385896       0.33            9.77
CONF4   -46.4674386         0.41 -776.1892075    0.1500944 -776.0391131       0.00           17.01     <------
CONF5   -46.4671410         0.60 -776.1853592    0.1506246 -776.0347345       2.75            0.16
CONF6   -46.4670492         0.66 -776.1892209    0.1501225 -776.0390984       0.01           16.74
CONF7   -46.4670341         0.67 -776.1883688    0.1497556 -776.0386132       0.31           10.01
CONF8   -46.4668589         0.78 -776.1891513    0.1505173 -776.0386340       0.30           10.24
CONF9   -46.4668587         0.78 -776.1883671    0.1499380 -776.0384290       0.43            8.24
CONF10  -46.4665117         0.99 -776.1853552    0.1506242 -776.0347310       2.75            0.16
CONF11  -46.4664757         1.02 -776.1851122    0.1502920 -776.0348201       2.69            0.18
CONF12  -46.4659089         1.37 -776.1840235    0.1498279 -776.0341956       3.09            0.09
CONF13  -46.4655340         1.61 -776.1839437    0.1498478 -776.0340960       3.15            0.08

Number of conformers observed within the following ΔG windows:
ΔG [kcal/mol]  #CONF   sum(Boltzmann_weights)
---------------------------------------------
   0 - 0.5         8          0.99
   0 - 1.0         8          0.99
   0 - 1.5         8          0.99
   0 - 2.0         8          0.99
   0 - 2.5         8          0.99
   0 - 3.0        11          1.00
   0 - 3.5        13          1.00
---------------------------------------------

Calculating Boltzmann averaged free energy of ensemble!

temperature /K:   avE(T) /a.u. avGmRRHO(T) /a.u.   avG(T) /a.u. 
----------------------------------------------------------------------------------------------------
    298.15        -776.1889903        0.1501664   -776.0388238      <<==part2==
----------------------------------------------------------------------------------------------------



--------------------------------------------------
          Conformers considered further           
--------------------------------------------------


Conformers that are below the Boltzmann threshold G_thr(2) of 99.0%:
CONF4, CONF2, CONF6, CONF1, CONF8, CONF7, CONF3, CONF9


>>>>>>>>>>>>>>>>>>>>>>>>>>>>>>>>>>>>>>>>>>>>END of Part2<<<<<<<<<<<<<<<<<<<<<<<<<<<<<<<<<<<<<<<<<<<<
Ran part2 in 1122.9982 seconds


Part                : #conf         time      time (including restarts)
-----------------------------------------------------------------------
Input               :    13         -              -     
Part0_all           :    13         6.27 s       6.27 s
Part1_initial_sort  :    13        23.70 s      23.70 s
Part1_all           :    13        30.97 s      30.97 s
Part2_opt           :    13      1087.71 s    1087.71 s
Part2_all           :     8      1123.00 s    1123.00 s
-----------------------------------------------------------------------
All parts           :     -      1160.24 s    1160.24 s

CENSO all done!
