26
 energy: -46.452984494993 gnorm: 0.084652563500 xtb: 6.6.1 (8d0f1dd)
C           -1.19561500000000       -1.73086800000000       -0.66865200000000
C           -1.60803500000000       -0.42281700000000       -0.06375500000000
C           -2.92489000000000       -0.17016200000000        0.25667700000000
C           -3.31542300000000        1.03032200000000        0.81380300000000
C           -2.33070000000000        1.97145500000000        1.03813900000000
C           -1.01198800000000        1.71711500000000        0.71671200000000
F           -0.04363900000000        2.63622900000000        0.93470500000000
C           -0.62389800000000        0.51764800000000        0.16040500000000
C            0.76913600000000        0.22026600000000       -0.19093200000000
C            1.61820600000000       -0.36777000000000        0.72348400000000
O            1.10926800000000       -0.66664100000000        1.98246500000000
C            2.94228300000000       -0.66329400000000        0.42521200000000
C            3.45308900000000       -0.36909700000000       -0.82238400000000
C            2.60028700000000        0.21932200000000       -1.73471200000000
C            1.28357700000000        0.51282600000000       -1.43705800000000
F            0.47154200000000        1.08429300000000       -2.33676200000000
H           -0.25399200000000       -1.64366300000000       -1.22507700000000
H           -1.02333100000000       -2.42161600000000        0.18630400000000
H           -2.00646600000000       -2.15583600000000       -1.29776300000000
H           -3.67681500000000       -0.94437100000000        0.06255700000000
H           -4.35382800000000        1.21262600000000        1.05953600000000
H           -2.62199700000000        2.91577500000000        1.47377000000000
H            1.63021500000000       -1.22343200000000        2.62801200000000
H            3.61085200000000       -1.12769200000000        1.14904800000000
H            4.47716700000000       -0.57726700000000       -1.10966000000000
H            3.02499400000000        0.44664800000000       -2.72407600000000
26
 energy: -46.462825844990 gnorm: 0.036769607287 xtb: 6.6.1 (8d0f1dd)
C           -1.21317500661835       -1.76299648378908       -0.65869043305719
C           -1.61021613884887       -0.43787003583012       -0.08153357102152
C           -2.92910019322757       -0.17787083593570        0.24753655697442
C           -3.30219477826929        1.02969235695478        0.81184547759297
C           -2.33029689122636        1.98707130180239        1.04523888042229
C           -1.01519121159033        1.72439496309040        0.72310679347924
F           -0.06176128438013        2.65584690579162        0.94944837300899
C           -0.62654354563997        0.51744039814444        0.16114565682373
C            0.78407285512178        0.23643532411466       -0.17385616239817
C            1.62750666387626       -0.37004006536998        0.75056700629808
O            1.09347671954912       -0.66638773962458        1.97887495156749
C            2.94781023977993       -0.66622209210930        0.43772386406841
C            3.44587049409536       -0.36438356837605       -0.81860276007820
C            2.61244194675620        0.23157891910564       -1.74995055870554
C            1.30491318212507        0.53084170545026       -1.42800951786498
F            0.49199995742444        1.08751781032213       -2.34117453766810
H           -0.29774792796575       -1.68299012988156       -1.23974773850489
H           -1.02777266930508       -2.46328834403180        0.16484234571021
H           -2.00541419304200       -2.17312071799874       -1.28573703965169
H           -3.67729083403008       -0.94096783878971        0.05876580339693
H           -4.33525785003069        1.21876313549520        1.05932118733509
H           -2.60763508907645        2.93624906196034        1.47928102059858
H            1.66122703610898       -1.19305599758472        2.57313628202208
H            3.59886194658096       -1.13394040156768        1.16540387383984
H            4.46630642455566       -0.58145522625051       -1.09233188426443
H            3.00510914727717        0.45875659490769       -2.73660586992363
26
 energy: -46.465279277060 gnorm: 0.011678354632 xtb: 6.6.1 (8d0f1dd)
C           -1.22772967240201       -1.78649398094020       -0.65786134496701
C           -1.60952164612793       -0.45591703886293       -0.08457993050079
C           -2.93018699827638       -0.18303891798683        0.24501336714936
C           -3.29008672561355        1.03054260334415        0.80530234760514
C           -2.32797761537455        1.99624893342468        1.04621276892549
C           -1.01570420192439        1.72190065876460        0.71985181606764
F           -0.07156229428198        2.65898846695006        0.95687282665204
C           -0.63022250567210        0.50965882105288        0.15938630366386
C            0.78974810159078        0.23879564386161       -0.16657171989269
C            1.62818815021704       -0.37398505038031        0.76884394759342
O            1.08104172580335       -0.67231200995240        1.97376051604390
C            2.94799338966120       -0.66354251532257        0.44584850471042
C            3.43857752639406       -0.35491995393151       -0.81132867312777
C            2.62274422013709        0.24395628451292       -1.75704542373927
C            1.31615371168629        0.53454960067271       -1.41979089569648
F            0.50869730279260        1.09586264008496       -2.34007305286500
H           -0.32535003891754       -1.70957688440586       -1.25844280096725
H           -1.03430775650451       -2.48796794477870        0.15148483145221
H           -2.02610161865302       -2.18479870983472       -1.27344481887596
H           -3.68103070797081       -0.93423747926081        0.05699416185880
H           -4.32013817014797        1.22552865342272        1.05790815874555
H           -2.58851766828498        2.94832595973041        1.48253865187316
H            1.70694635237896       -1.15455571926785        2.53178057564978
H            3.58645226097505       -1.13723426340240        1.17680735900617
H            4.45934148249871       -0.58546286462298       -1.06883695745029
H            2.99255239601660        0.47968406712836       -2.74063251891441
26
 energy: -46.465592941327 gnorm: 0.008207630994 xtb: 6.6.1 (8d0f1dd)
C           -1.24054811543504       -1.79672563406288       -0.65993626280900
C           -1.61156556838149       -0.46314582263906       -0.08511254537614
C           -2.93152256857395       -0.18250249759578        0.24463731177492
C           -3.28612644660896        1.03205600613114        0.80353517505381
C           -2.32377479824956        1.99646720723000        1.04490839866545
C           -1.01251798362900        1.71481559262454        0.71664326962974
F           -0.06771777273168        2.65107356366448        0.95367264256478
C           -0.63211439238256        0.50204492218725        0.15606451227112
C            0.78874694767696        0.23412117021510       -0.16876920802460
C            1.62524103282620       -0.37753346090330        0.77080499443995
O            1.08224111983078       -0.68079517421051        1.97446324132027
C            2.94634708032734       -0.66116017314868        0.44690300901610
C            3.43864386771866       -0.34881312286259       -0.80741750441463
C            2.62874795311724        0.25351272139449       -1.75439750484853
C            1.31948249501483        0.53715645119951       -1.41568776689532
F            0.51569757010650        1.10467603188414       -2.33749610678831
H           -0.34560129005988       -1.72526878070255       -1.27435842811111
H           -1.03845535575733       -2.50010541662609        0.14698128495081
H           -2.05165672971133       -2.19292463851813       -1.26384553542367
H           -3.68735448919975       -0.92979223327259        0.05836102842306
H           -4.31646592386449        1.23162725563920        1.05448473924703
H           -2.57572513775667        2.95113569689799        1.47935206232725
H            1.73649302483424       -1.13164294367842        2.52883719899285
H            3.58320480743327       -1.13498576059241        1.18026469646539
H            4.46258079492783       -0.58018820300778       -1.05516336790155
H            2.99371887852785        0.49689624275292       -2.73773133454965
26
 energy: -46.465788364472 gnorm: 0.006063703709 xtb: 6.6.1 (8d0f1dd)
C           -1.25808328236343       -1.80724289952608       -0.66253586156088
C           -1.61664579817114       -0.47121480951627       -0.08553801943166
C           -2.93478799702479       -0.18117422896840        0.24498029708225
C           -3.28345043900824        1.03512647688196        0.80158162988722
C           -2.31737257248626        1.99534797965432        1.04148075357642
C           -1.00755243274312        1.70434286349718        0.71140748887059
F           -0.05829435828666        2.63668432623323        0.94682212583783
C           -0.63443853389782        0.49040723690931        0.15152093493485
C            0.78649675501905        0.22404499769552       -0.17343889196913
C            1.62257210004547       -0.38336097150595        0.76971319683288
O            1.08733221877245       -0.69179308293680        1.97624114307443
C            2.94581050643597       -0.65886097697669        0.44667315362450
C            3.44277968878679       -0.33949915102777       -0.80339093865780
C            2.63635091301078        0.26543108511255       -1.74928176662960
C            1.32260549737207        0.53810085647556       -1.41213892633438
F            0.52300391595114        1.11413306374954       -2.33426042509794
H           -0.37459807053609       -1.74118850017359       -1.29542192733168
H           -1.04179599582523       -2.50973760980759        0.14361693367427
H           -2.08491149204358       -2.20520687608542       -1.24780996311994
H           -3.69704965082703       -0.92423718933012        0.06130332942701
H           -4.31388188928415        1.24019132758601        1.05096552500779
H           -2.55906728881239        2.95293931284540        1.47418197990488
H            1.76155669374441       -1.10718201420117        2.53271976973737
H            3.58317096723595       -1.13062636386319        1.18241895025482
H            4.47066658460522       -0.56759776226475       -1.04112174393370
H            2.99958296033070        0.52217190954318       -2.73069074766038
26
 energy: -46.465886597273 gnorm: 0.004996763960 xtb: 6.6.1 (8d0f1dd)
C           -1.27184831253979       -1.81405917031340       -0.66351337627203
C           -1.62305446899505       -0.47656955234363       -0.08670703706505
C           -2.93923666679646       -0.17950008639858        0.24492752118774
C           -3.28278990280006        1.03883480620158        0.80020455439917
C           -2.31171476792526        1.99437535071047        1.03807511972506
C           -1.00351523429297        1.69607567422191        0.70716453825877
F           -0.04871999935424        2.62362859599502        0.94060685578755
C           -0.63647157733817        0.48030715774006        0.14816742963723
C            0.78426052315854        0.21318686092105       -0.17717309371186
C            1.62181492857706       -0.38971951695161        0.76729421130687
O            1.09144555780947       -0.70248273230502        1.97616789221802
C            2.94729408839881       -0.65715990982416        0.44658872568626
C            3.44845029417299       -0.33039696840302       -0.80027310113389
C            2.64168716416373        0.27466919271172       -1.74455980004327
C            1.32437010297200        0.53726881013211       -1.41048855141319
F            0.52658851133273        1.11692234125737       -2.33260527540161
H           -0.39904091679071       -1.74935372844380       -1.31082804552332
H           -1.04127274221120       -2.51266080391799        0.14284426557584
H           -2.10794606916835       -2.21674718143422       -1.23281901570611
H           -3.70579185779155       -0.91930844946603        0.06341712433929
H           -4.31254791918767        1.24835010421443        1.04920169747037
H           -2.54639995541730        2.95409483870211        1.46952477225252
H            1.77356586531010       -1.09323932422172        2.53769920479593
H            3.58607288922992       -1.12652602549025        1.18311822784823
H            4.47886086803309       -0.55234855250674       -1.03293276020537
H            3.00593859745043        0.54235726921234       -2.72310408401313
26
 energy: -46.465972227871 gnorm: 0.003710752229 xtb: 6.6.1 (8d0f1dd)
C           -1.28594352503628       -1.82057080115461       -0.66350952623062
C           -1.63146348868667       -0.48161831473979       -0.08825239403679
C           -2.94536194352705       -0.17695977032643        0.24434203301169
C           -3.28258320586783        1.04422551226145        0.79831369525772
C           -2.30503522462918        1.99393487281129        1.03389346765125
C           -0.99902854551681        1.68779631545616        0.70282615223091
F           -0.03728834818498        2.60916867860444        0.93429956164762
C           -0.63863114820277        0.46911033422448        0.14525568773712
C            0.78178382023219        0.19976741701969       -0.18027776922836
C            1.62221197741009       -0.39824704312655        0.76430780981505
O            1.09388800617462       -0.71848884996966        1.97335607967135
C            2.95065378487955       -0.65488716807765        0.44738939853047
C            3.45558405235809       -0.31859464924580       -0.79618384136063
C            2.64613287478981        0.28447419255137       -1.73914510827982
C            1.32528840073205        0.53483615503497       -1.40944390661283
F            0.52767302403959        1.11455037563846       -2.33156754756954
H           -0.42666037257817       -1.75480215837097       -1.32790102627332
H           -1.03557664268489       -2.51231781469884        0.14297439953142
H           -2.13034603121968       -2.23126264367773       -1.21354225882825
H           -3.71599374696563       -0.91278804967262        0.06432359554079
H           -4.31093936311873        1.25907945103825        1.04747552894157
H           -2.53347373532328        2.95571333551771        1.46408226503006
H            1.78268305988296       -1.08292937472772        2.54277086371771
H            3.59129475539909       -1.12152978847124        1.18387840228823
H            4.48838748307278       -0.53056119282314       -1.02581540094250
H            3.01274308257126        0.56289997892444       -2.71385216124031
26
 energy: -46.466040636348 gnorm: 0.003049863567 xtb: 6.6.1 (8d0f1dd)
C           -1.29893295719052       -1.82692354359864       -0.66264065917532
C           -1.63968027501206       -0.48616657681946       -0.08938635303303
C           -2.95145490391080       -0.17360667882809        0.24326759417991
C           -3.28157018469164        1.05068483751207        0.79581206469101
C           -2.29751374846351        1.99437457277027        1.02954007106597
C           -0.99388731640211        1.68033276382309        0.69898646123247
F           -0.02533721837565        2.59541940540672        0.92883492196334
C           -0.64012484674572        0.45825146637734        0.14325070419483
C            0.77992217000665        0.18636215949451       -0.18212927551483
C            1.62355874712048       -0.40778175128584        0.76166176583044
O            1.09388402760310       -0.73803800857221        1.96804203090166
C            2.95533532637576       -0.65173390672264        0.44917417162872
C            3.46251584049239       -0.30463876239285       -0.79098259698880
C            2.64905572352839        0.29403237864255       -1.73389474483330
C            1.32504775329679        0.53084477594711       -1.40894853996591
F            0.52575956865394        1.10709693733403       -2.33118594983039
H           -0.45603396135516       -1.75886883898648       -1.34776463411413
H           -1.02325900714481       -2.50989109439897        0.14310283028078
H           -2.15244309240907       -2.24822412101646       -1.18950297589565
H           -3.72607428418916       -0.90498765665634        0.06399913625281
H           -4.30822565114371        1.27172829260908        1.04513013487749
H           -2.52099586238936        2.95805797513472        1.45828750977923
H            1.78604276096188       -1.07978454809875        2.54521481668196
H            3.59805427325003       -1.11473396777063        1.18573541316050
H            4.49808192167062       -0.50313988859952       -1.01876452641876
H            3.01827419646336        0.58133277869535       -2.70484137095101
26
 energy: -46.466089985847 gnorm: 0.002820207006 xtb: 6.6.1 (8d0f1dd)
C           -1.30994475829709       -1.83268109468608       -0.66145223248894
C           -1.64651517418174       -0.49008624972354       -0.09005187429682
C           -2.95656803705794       -0.16963512130358        0.24145207001987
C           -3.27949924732304        1.05749458066444        0.79254230053939
C           -2.28977654454478        1.99557107740968        1.02556805578112
C           -0.98826946024944        1.67372881871749        0.69616447047902
F           -0.01388520760652        2.58311267202778        0.92506193131506
C           -0.64099599270359        0.44846593103886        0.14219843821509
C            0.77842647710134        0.17388841455909       -0.18312849263499
C            1.62451561533405       -0.41802519492733        0.75957837059395
O            1.09194107141536       -0.75975627796094        1.96159705390649
C            2.96002650847260       -0.64744531507384        0.45173590224437
C            3.46787099969998       -0.28961185160710       -0.78498219280260
C            2.65034060582881        0.30247189921774       -1.72943647059900
C            1.32351853195071        0.52552833201541       -1.40890033950266
F            0.52140318467837        1.09658528176555       -2.33131496642767
H           -0.48553110023978       -1.76191325889796       -1.36906858013993
H           -1.00593397347512       -2.50626844114289        0.14199913455218
H           -2.17280549145481       -2.26584742822173       -1.16274109718924
H           -3.73516799079666       -0.89644836694209        0.06234172115270
H           -4.30459644800906        1.28521181009492        1.04148609345170
H           -2.50925184880115        2.96091416563426        1.45293564981714
H            1.78780814606432       -1.08193942645492        2.54599763204720
H            3.60471920476544       -1.10625122707893        1.18890146308317
H            4.50650883520585       -0.47333282721084       -1.01106812621574
H            3.02166109422404        0.59626809808649       -2.69741791490084
26
 energy: -46.466125991087 gnorm: 0.004341926025 xtb: 6.6.1 (8d0f1dd)
C           -1.31860595601295       -1.83769937339200       -0.65971618107360
C           -1.65142856173624       -0.49334353329558       -0.08994100207145
C           -2.96017359007643       -0.16539970208856        0.23939314006927
C           -3.27641312010477        1.06423421219910        0.78872278804256
C           -2.28206222083236        1.99734465844168        1.02200469830397
C           -0.98229353340868        1.66819693087874        0.69418965173955
F           -0.00317677671971        2.57261563913907        0.92278241135369
C           -0.64110010190658        0.44020821694880        0.14202420044139
C            0.77769772271995        0.16344177072749       -0.18338904830820
C            1.62554315241076       -0.42701312528457        0.75836103708282
O            1.08958044285625       -0.77994492790818        1.95531231612353
C            2.96451539079695       -0.64198220047723        0.45471902742768
C            3.47164817016965       -0.27413875664407       -0.77871346656561
C            2.65030268059908        0.30950326317782       -1.72604941178408
C            1.32108804174592        0.51931739914053       -1.40932422211558
F            0.51494152261143        1.08326157836847       -2.33219338907502
H           -0.51512681652730       -1.76418477055756       -1.39132574001469
H           -0.98377675951910       -2.50124008522880        0.13973805981884
H           -2.19087378453929       -2.28365919772533       -1.13289393422203
H           -3.74266357789591       -0.88776237730049        0.05999194495517
H           -4.30023543999676        1.29872810633988        1.03654360419634
H           -2.49828319576320        2.96406425057748        1.44807552497406
H            1.78308368915348       -1.09413402371355        2.54333641476341
H            3.61129994554886       -1.09541274745407        1.19328474939665
H            4.51357219642794       -0.44214242568154       -1.00275125354926
H            3.02293947999917        0.60714022081242       -2.69218391990939
26
 energy: -46.466152263503 gnorm: 0.002496449674 xtb: 6.6.1 (8d0f1dd)
C           -1.32405747115142       -1.84088495309711       -0.65877967405567
C           -1.65442705949052       -0.49557743324996       -0.08991594214475
C           -2.96239372032170       -0.16199785803446        0.23709955701963
C           -3.27387893338171        1.06930311906746        0.78504703183817
C           -2.27657915502788        1.99885888612916        1.01977625612602
C           -0.97776079755021        1.66410352521386        0.69360256181248
F            0.00438560988110        2.56499082955430        0.92282993142112
C           -0.64133475190253        0.43452710116916        0.14228832924626
C            0.77681713703151        0.15570539068948       -0.18361137350742
C            1.62513279205191       -0.43410229411754        0.75790042026198
O            1.08748685455667       -0.79609449009459        1.95099519698114
C            2.96693826426641       -0.63697932845185        0.45738631416332
C            3.47315749995294       -0.26245042536533       -0.77374636329915
C            2.64969511697762        0.31381605923766       -1.72408977036316
C            1.31879574283608        0.51414219500647       -1.40959031926950
F            0.50951974131935        1.07287075538648       -2.33294715668110
H           -0.53878717593388       -1.76499697303079       -1.40943825138996
H           -0.96416888973005       -2.49645629561118        0.13584267009427
H           -2.20303879656843       -2.29688004165921       -1.10870668114660
H           -3.74791043512767       -0.88090931879327        0.05709842471973
H           -4.29702689973228        1.30899290063606        1.03113652359868
H           -2.49002532657313        2.96649797882717        1.44516497450097
H            1.78450032984463       -1.10366205085440        2.54235388988595
H            3.61509661779533       -1.08629933886559        1.19733985673014
H            4.51734029888244       -0.41967633982515       -0.99542403051943
H            3.02252240709557        0.61315740013311       -2.68961437602312
26
 energy: -46.466182700250 gnorm: 0.002392592185 xtb: 6.6.1 (8d0f1dd)
C           -1.32452844893349       -1.84156665266510       -0.65789615209001
C           -1.65431125273891       -0.49602276332960       -0.08929944453493
C           -2.96221434565300       -0.15988193855599        0.23540415661021
C           -3.27193386600367        1.07213063708485        0.78199687907640
C           -2.27398985109442        2.00024950075911        1.01887806280770
C           -0.97517917864588        1.66296691086975        0.69437241629629
F            0.00764576158454        2.56243801304730        0.92505437194901
C           -0.64098093268275        0.43314485552726        0.14331796713732
C            0.77697567204591        0.15353887273467       -0.18297121392451
C            1.62491887071927       -0.43581235978934        0.75901001662735
O            1.08668468844080       -0.80212557892918        1.94970584308732
C            2.96771066231644       -0.63270689496760        0.45953783528547
C            3.47247290980981       -0.25584740155021       -0.77076409529714
C            2.64831764974347        0.31437428212433       -1.72402603954489
C            1.31697486824461        0.51051522508142       -1.40987102444002
F            0.50489348910342        1.06444015003956       -2.33399819550008
H           -0.55589556030643       -1.76320881875751       -1.42437735339373
H           -0.94318307315147       -2.49026447208416        0.13119019646704
H           -2.20816113508989       -2.30620260137630       -1.08766847762040
H           -3.74921919149382       -0.87700949708124        0.05451333086067
H           -4.29510501065654        1.31457816889587        1.02576803632187
H           -2.48622048806836        2.96814340581753        1.44399973431087
H            1.77963855016876       -1.12201706515288        2.53801717164358
H            3.61677945465193       -1.07850360953496        1.20097661651121
H            4.51776107078248       -0.40723256975514       -0.99031841926232
H            3.02014768690736        0.61188120154746       -2.69055421938426
26
 energy: -46.466210272496 gnorm: 0.004049412201 xtb: 6.6.1 (8d0f1dd)
C           -1.32671510221362       -1.84272303538273       -0.65774364160387
C           -1.65534827830559       -0.49702074792960       -0.08912694697470
C           -2.96289753999914       -0.15727803208442        0.23325876652994
C           -3.27044655344760        1.07611565071993        0.77764664863597
C           -2.27108110784217        2.00189469826359        1.01718108338878
C           -0.97223630947622        1.66082847646342        0.69497740009360
F            0.01220206695118        2.55781021830070        0.92790023056006
C           -0.64129131545311        0.43069646528815        0.14388379665568
C            0.77665720425927        0.14980497394121       -0.18250647664954
C            1.62428004149234       -0.43760199253690        0.76089030643375
O            1.08631147224446       -0.80876389468620        1.94952656976741
C            2.96838050563224       -0.62751478518874        0.46266349033693
C            3.47294827070477       -0.24800995075140       -0.76670552520306
C            2.64830778906437        0.31558064161988       -1.72293104717872
C            1.31587764806288        0.50655219366442       -1.40919104116858
F            0.50132839256665        1.05591559013744       -2.33452005889688
H           -0.58845294425588       -1.75831610316821       -1.45626621293848
H           -0.90364446601964       -2.47858752440155        0.12352143289562
H           -2.22155346865967       -2.32448612367438       -1.04940825994615
H           -3.75212866459661       -0.87189698149652        0.05133491419994
H           -4.29379693938070        1.32203129185538        1.01778106472019
H           -2.48045968267636        2.97048660841724        1.44177776420633
H            1.77647483653941       -1.14574788305256        2.53294745097832
H            3.61860606594642       -1.06907797028549        1.20582676548403
H            4.51986226713241       -0.39318773474338       -0.98231446535599
H            3.01881481173012        0.61249495071065       -2.69040600897059
26
 energy: -46.466236667997 gnorm: 0.004446381197 xtb: 6.6.1 (8d0f1dd)
C           -1.31920170862621       -1.83812700935506       -0.65871672613544
C           -1.65193285526657       -0.49404739277051       -0.08909635596556
C           -2.96063845276046       -0.15805314920565        0.23204952337709
C           -3.27252310678732        1.07402678338820        0.77700124084865
C           -2.27615907555634        2.00213474139570        1.01904510075151
C           -0.97555496284136        1.66486262473521        0.69799241915030
F            0.00575712942200        2.56437692755498        0.93314290172283
C           -0.64129839944835        0.43677699242318        0.14560404089566
C            0.77713756524329        0.15656773073730       -0.18103197941149
C            1.62356521832649       -0.43008102273762        0.76419588803719
O            1.08773795905533       -0.79379606288331        1.95543826802129
C            2.96556216981651       -0.62763402120836        0.46290511245474
C            3.47017306604693       -0.25574370062552       -0.76926871589047
C            2.64762222390050        0.30897568289744       -1.72538769455262
C            1.31658472042553        0.50794737275170       -1.40822083075796
F            0.50302870614529        1.05859499181078       -2.33429550242277
H           -0.59239302451926       -1.75069429652122       -1.46277176188805
H           -0.88460363209924       -2.46976319235158        0.11596149997782
H           -2.21184783862077       -2.32632991758848       -1.03955115899868
H           -3.74779792798891       -0.87505276915072        0.05006791611585
H           -4.29710218585511        1.31625340636170        1.01555015412123
H           -2.48663610798865        2.96997671889215        1.44440272268927
H            1.77385349374560       -1.16304719179193        2.52840321312838
H            3.61536198484688       -1.06982443290087        1.20608134832678
H            4.51566051205924       -0.40937704620545       -0.98399925659750
H            3.01564352932520        0.60107623234787       -2.69550336699806
26
 energy: -46.466262805405 gnorm: 0.002887040716 xtb: 6.6.1 (8d0f1dd)
C           -1.32088380568968       -1.83846432489952       -0.65921374288070
C           -1.65374506953490       -0.49444983714508       -0.08957975390910
C           -2.96211619923927       -0.15783534004085        0.23197443227551
C           -3.27345601390058        1.07459837850780        0.77724938007714
C           -2.27615197024582        2.00196168539676        1.01829928617445
C           -0.97588511342071        1.66413227197377        0.69711432778289
F            0.00633615666044        2.56304073224385        0.93160001096356
C           -0.64173749312527        0.43550781132397        0.14508825136501
C            0.77676680925612        0.15514222105764       -0.18111948744357
C            1.62413835852328       -0.43070984783920        0.76398925261418
O            1.08771602169828       -0.79284681974242        1.95597819425881
C            2.96633031149271       -0.62873515026414        0.46309035620978
C            3.47219201342682       -0.25625277428393       -0.76896499186111
C            2.64904706620537        0.31017101132420       -1.72380790109715
C            1.31751403749456        0.50851955215319       -1.40740658321126
F            0.50500808603675        1.06022242129453       -2.33363697269343
H           -0.60244369674124       -1.74899400843058       -1.47211241796291
H           -0.87422335058226       -2.46597123421538        0.11354520838110
H           -2.21581182292148       -2.33286337549483       -1.02955999577802
H           -3.74952761316459       -0.87457664179998        0.05026158933079
H           -4.29781240900773        1.31680315592651        1.01646658167312
H           -2.48607684899630        2.97014791733794        1.44336570116900
H            1.77293682102183       -1.16161253887225        2.52841876130587
H            3.61625475251562       -1.07157096609170        1.20568421391176
H            4.51795297547120       -0.41008645960973       -0.98395703299625
H            3.01767699676706        0.60472116018935       -2.69276866765945
26
 energy: -46.466295650133 gnorm: 0.002795840641 xtb: 6.6.1 (8d0f1dd)
C           -1.32142871192544       -1.83734859088454       -0.66110357236863
C           -1.65613511231039       -0.49431048726770       -0.09033488586627
C           -2.96414254187190       -0.15837828731476        0.23216340866515
C           -3.27606304895834        1.07414691051920        0.77847816539921
C           -2.27814671772536        2.00127837697197        1.01739236277016
C           -0.97818375663778        1.66426215510567        0.69563461207137
F            0.00442070867981        2.56345030366913        0.92863485437421
C           -0.64243652096782        0.43514416757106        0.14432640026065
C            0.77623024133241        0.15504367046456       -0.18073127070004
C            1.62507014073555       -0.43006012501615        0.76413802906589
O            1.08770738478546       -0.78567798691991        1.95887690735427
C            2.96646553767273       -0.63325168220022        0.46336944278450
C            3.47487451536897       -0.26185828377280       -0.76903621781186
C            2.65171758080394        0.31076489275282       -1.72056735687926
C            1.31995981856977        0.51111172071630       -1.40534039337733
F            0.51097440660654        1.06648099449262       -2.33215128581460
H           -0.62455378260969       -1.74257563339113       -1.49409181778342
H           -0.84622888206867       -2.45485787708689        0.10437398081706
H           -2.21982133560587       -2.34587028793409       -1.00636716923278
H           -3.75110461755821       -0.87544403553639        0.05036735745501
H           -4.30026582097274        1.31467114155788        1.01932988511253
H           -2.48823110911303        2.96973105330728        1.44217914106242
H            1.77171990878014       -1.15700818800620        2.52885514312334
H            3.61586833725649       -1.07904456845710        1.20449102375672
H            4.52011954296152       -0.41993168272846       -0.98549217382821
H            3.02161283477211        0.60953132938776       -2.68739657041009
26
 energy: -46.466313294460 gnorm: 0.002681903239 xtb: 6.6.1 (8d0f1dd)
C           -1.31969432170146       -1.83581503289708       -0.66253560318933
C           -1.65597904173095       -0.49362519484201       -0.09048267360205
C           -2.96409181700444       -0.15948294935582        0.23273612099892
C           -3.27732716005430        1.07253090885512        0.77989442116267
C           -2.28014587559138        2.00072438346516        1.01758760833902
C           -0.98009734406601        1.66552289800847        0.69503688517154
F            0.00156566187002        2.56610603729614        0.92689437337138
C           -0.64246194489601        0.43655239466672        0.14406574090525
C            0.77617154139341        0.15689179329205       -0.18036974515886
C            1.62499929428875       -0.42932069434221        0.76402653765488
O            1.08719532414566       -0.78086009560816        1.96042306964388
C            2.96542644749043       -0.63740634626195        0.46302771730507
C            3.47477866627046       -0.26728192371235       -0.76957749281987
C            2.65254421110407        0.31009330410051       -1.71928931265208
C            1.32118782422801        0.51327642195631       -1.40455187879292
F            0.51457872834202        1.07152255845327       -2.33143922141857
H           -0.63090266660360       -1.73867863082171       -1.50119652536749
H           -0.83493521386119       -2.44978418308231        0.09867961464680
H           -2.21779662214943       -2.34894077199627       -0.99956539283883
H           -3.75006308934337       -0.87755312524205        0.05096463171903
H           -4.30156567890681        1.31123670652240        1.02212890502891
H           -2.49161539129600        2.96891929859671        1.44246337663247
H            1.77190808730347       -1.14925405798081        2.53073485294834
H            3.61374425505837       -1.08615209285957        1.20328293487909
H            4.51909844883368       -0.42934143561886       -0.98773548444578
H            3.02347667687680        0.61011882940819       -2.68520546012146
26
 energy: -46.466339648988 gnorm: 0.005845636289 xtb: 6.6.1 (8d0f1dd)
C           -1.31442393700091       -1.83140543615615       -0.66648913875293
C           -1.65510059266300       -0.49178374290280       -0.09054404764885
C           -2.96357108024535       -0.16041338491588        0.23231343509818
C           -3.27908520728865        1.07085283997666        0.78026370524970
C           -2.28361095142985        2.00087594073281        1.01726561238563
C           -0.98301888471659        1.66835747601471        0.69440160476953
F           -0.00347053460782        2.57148943575176        0.92507999513758
C           -0.64251554582885        0.43983678048363        0.14433427682959
C            0.77579540910393        0.15994160495371       -0.17878235852866
C            1.62326131411862       -0.42933551926561        0.76512840622303
O            1.08422253393858       -0.77514504814401        1.96349180409825
C            2.96205354860065       -0.64535033945211        0.46454031126540
C            3.47309487070384       -0.27646357507230       -0.76760351090547
C            2.65365037632206        0.30801573553202       -1.71557640402713
C            1.32290998262201        0.51554959462655       -1.40239454982791
F            0.52037725086584        1.07774345886635       -2.33012848185516
H           -0.67255442527068       -1.72262549133618       -1.54371268787967
H           -0.77099984962065       -2.42566709403966        0.07447372785167
H           -2.21803917479243       -2.37067644355065       -0.95147559107121
H           -3.74810164741456       -0.87989069327233        0.05030348695256
H           -4.30358384711100        1.30707817088436        1.02364019319955
H           -2.49763262868871        2.96854576178325        1.44221076643746
H            1.76997977245847       -1.14538413920454        2.53300161926742
H            3.60771006102037       -1.09922383421012        1.20406661299729
H            4.51592000161263       -0.44428261953930       -0.98761475136261
H            3.02673218531223        0.60935956145576       -2.68019603590321
26
 energy: -46.466389573301 gnorm: 0.003095576030 xtb: 6.6.1 (8d0f1dd)
C           -1.30820359698782       -1.82790674347861       -0.66881261519782
C           -1.65162597168352       -0.48999351681259       -0.08984007620688
C           -2.96093762729053       -0.16255261969504        0.23365674925634
C           -3.27914364407904        1.06742759229641        0.78227879112236
C           -2.28647124302439        2.00076551086178        1.01860867343347
C           -0.98512038701773        1.67199372525809        0.69450016553834
F           -0.00845585552297        2.57839586315585        0.92424809297082
C           -0.64184842836323        0.44434822913003        0.14473475332311
C            0.77610114399007        0.16448716323038       -0.17811952895079
C            1.62092885998582       -0.42945135173225        0.76483835656558
O            1.08118128603154       -0.77425249747117        1.96330482464472
C            2.95859626773254       -0.65174271971066        0.46386336553450
C            3.46949534548642       -0.28396554694224       -0.76785027503489
C            2.65286372962673        0.30512503517311       -1.71558748542641
C            1.32320046385798        0.51756327711702       -1.40261122341744
F            0.52248536271326        1.08286103979470       -2.32969672137928
H           -0.67545336357507       -1.71649926213689       -1.54830422729305
H           -0.75818153326928       -2.41907273679543        0.06389439851694
H           -2.20831616772424       -2.36981399340971       -0.94740398888590
H           -3.74352433317272       -0.88426656214464        0.05190734998017
H           -4.30394767979721        1.30116871990586        1.02715790322269
H           -2.50412248385460        2.96743455985279        1.44405699684493
H            1.77016280277273       -1.13033019898026        2.53835826464510
H            3.60152090107133       -1.11008789827898        1.20312001754638
H            4.51096246119915       -0.45618944637167       -0.99008506687422
H            3.02785269089499        0.60455337818404       -2.68021949447876
26
 energy: -46.466426000974 gnorm: 0.002761484137 xtb: 6.6.1 (8d0f1dd)
C           -1.29927989522773       -1.82215116987732       -0.67215721094434
C           -1.64787479165410       -0.48723378152926       -0.08919005698932
C           -2.95832143956297       -0.16392700602434        0.23394277875356
C           -3.27981336142324        1.06500634895198        0.78264977589396
C           -2.29031819809692        2.00163664037337        1.01970267934565
C           -0.98756485054110        1.67669546300167        0.69582720557443
F           -0.01391803242849        2.58603605038017        0.92647702775448
C           -0.64155961344255        0.45030599653238        0.14601601675367
C            0.77627790087879        0.16947614736536       -0.17649136130931
C            1.61764233175248       -0.42897666719421        0.76632494170206
O            1.07663271031010       -0.77346296388489        1.96406139506415
C            2.95441000589396       -0.65761249965817        0.46462111030751
C            3.46573880713491       -0.29209539400161       -0.76707678285143
C            2.65218944928093        0.30002587195077       -1.71544516380067
C            1.32361872417202        0.51874368503223       -1.40181706508614
F            0.52409060484034        1.08633694744410       -2.32851512144830
H           -0.70256300929791       -1.70201166946058       -1.57652789669907
H           -0.70896158736491       -2.39828884620819        0.04215630319760
H           -2.19903743429892       -2.38352635085859       -0.91400629832509
H           -3.73898617471549       -0.88782680881376        0.05211550749947
H           -4.30532411317064        1.29624393265708        1.02741639603400
H           -2.51126857994139        2.96735082365932        1.44550661919453
H            1.76492371409610       -1.12747691125184        2.54137544841446
H            3.59456100304347       -1.11975029743416        1.20393832221196
H            4.50626934856197       -0.46924133373285       -0.99001853172500
H            3.02843548120147        0.59572279258126       -2.68088803852279
26
 energy: -46.466451780094 gnorm: 0.002741328217 xtb: 6.6.1 (8d0f1dd)
C           -1.28807979615856       -1.81484661439907       -0.67545421098849
C           -1.64312983677451       -0.48359247703270       -0.08858885714823
C           -2.95511524489819       -0.16516864950218        0.23397518092990
C           -3.28074954803865        1.06270240570441        0.78233103495380
C           -2.29499883471711        2.00280094565569        1.02158879816177
C           -0.99016179326310        1.68234164004436        0.69929563339762
F           -0.01967359769540        2.59412056093192        0.93327255989597
C           -0.64138969741774        0.45796648169681        0.14815830549832
C            0.77682154436026        0.17560578594618       -0.17447024753075
C            1.61402322115422       -0.42694830166123        0.76893421187213
O            1.07191927149736       -0.77359336278408        1.96450486315062
C            2.95017803332187       -0.66088785695264        0.46544224265849
C            3.46156628540820       -0.30019118311081       -0.76748203482519
C            2.65060548512000        0.29184116696239       -1.71766575067644
C            1.32367988925275        0.51916837400869       -1.40118042644064
F            0.52344873684637        1.08815178569682       -2.32679670334407
H           -0.72744870465474       -1.68673453976680       -1.60198773519809
H           -0.66001235974049       -2.37484039202133        0.01995248493953
H           -2.18434866415260       -2.39654461426987       -0.88242249571942
H           -3.73356314929003       -0.89158793961622        0.05192666089015
H           -4.30739630944065        1.29111206000582        1.02551987538004
H           -2.51900856429068        2.96748309952205        1.44781942603024
H            1.75621014514853       -1.13121436262076        2.54332821934425
H            3.58848604228575       -1.12450080565892        1.20527419489602
H            4.50147768771855       -0.48300195251205       -0.98970649940725
H            3.02665875841874        0.58035774573345       -2.68557073072023
26
 energy: -46.466461773290 gnorm: 0.000957908166 xtb: 6.6.1 (8d0f1dd)
C           -1.28896073619794       -1.81464098113243       -0.67587731393541
C           -1.64401411137626       -0.48372206145898       -0.08882006947566
C           -2.95575711015125       -0.16500580722037        0.23398878764216
C           -3.28115638662076        1.06310012039700        0.78223644230664
C           -2.29490559543142        2.00250675469976        1.02154608241329
C           -0.99022346993236        1.68169351741906        0.69970402906543
F           -0.01922162731835        2.59272692648150        0.93428154503219
C           -0.64157996995276        0.45738415313494        0.14800874929754
C            0.77681156318792        0.17496643072571       -0.17436432624970
C            1.61465237189792       -0.42679011049722        0.76921840921412
O            1.07255070400464       -0.77339121666727        1.96477006024700
C            2.95074720336265       -0.65993419380949        0.46591719751816
C            3.46221299769918       -0.30033251712121       -0.76762142018099
C            2.65062101732557        0.29139853473980       -1.71760759704596
C            1.32386513397845        0.51877354755968       -1.40093322904298
F            0.52371093761002        1.08810988093956       -2.32647612641986
H           -0.73092401392228       -1.68765459953936       -1.60259128179400
H           -0.65962687304351       -2.37299444705439        0.01715974336802
H           -2.18312633938266       -2.39746670999482       -0.88133355216346
H           -3.73432973702878       -0.89105292971860        0.05154606183857
H           -4.30776229301335        1.29162804519241        1.02515543120207
H           -2.51839100762156        2.96732322530662        1.44774847568023
H            1.75671106625735       -1.13085491721221        2.54361656294766
H            3.58979158153304       -1.12250470531699        1.20578236242438
H            4.50205545089396       -0.48339862787980       -0.98958781618454
H            3.02624824324269        0.58013168802700       -2.68546920770489
26
 energy: -46.466465608189 gnorm: 0.000740083069 xtb: 6.6.1 (8d0f1dd)
C           -1.29047174342997       -1.81465896186854       -0.67698384623377
C           -1.64531551704037       -0.48400898212958       -0.08951808690333
C           -2.95675332982262       -0.16453112379652        0.23316395297561
C           -3.28165548644392        1.06374846755906        0.78175633405479
C           -2.29452070745369        2.00187345944556        1.02169319017727
C           -0.99001599904631        1.68024851044629        0.70066204749470
F           -0.01814569848472        2.58998885709451        0.93646861086475
C           -0.64177071241127        0.45607575492795        0.14803363019580
C            0.77670959227492        0.17368473263337       -0.17407500792134
C            1.61565295178357       -0.42650316930552        0.76985274927870
O            1.07376241255163       -0.77280594556943        1.96558172166992
C            2.95168496982108       -0.65826992331632        0.46673078359078
C            3.46320486708994       -0.29997524182359       -0.76756533556172
C            2.65060483055928        0.29060743900077       -1.71743157641991
C            1.32394943005788        0.51766782217714       -1.40050414707077
F            0.52381669216466        1.08705794819783       -2.32615933340631
H           -0.73751446560925       -1.68745509682226       -1.60583461361128
H           -0.65717599116618       -2.37008723616595        0.01308387095472
H           -2.18347308133017       -2.39917617477972       -0.87816359819103
H           -3.73560803292196       -0.89009764031577        0.05039249059384
H           -4.30822325732835        1.29256340171354        1.02420456312962
H           -2.51709075232722        2.96689433864494        1.44804517638785
H            1.75788470016961       -1.12987291501746        2.54451664159060
H            3.59205325154264       -1.11886889863187        1.20673031506482
H            4.50295888789470       -0.48328518542619       -0.98911524263872
H            3.02545118890627        0.57918476312764       -2.68556729006557
