26
 energy: -46.448260653228 gnorm: 0.091949526018 xtb: 6.6.1 (8d0f1dd)
C           -0.92902200000000        2.00818500000000       -0.34370600000000
C           -1.52997200000000        0.68720000000000       -0.10575600000000
C           -2.89897400000000        0.59501400000000       -0.01308900000000
C           -3.42901700000000       -0.65017200000000        0.20910500000000
C           -2.61700900000000       -1.77297900000000        0.33552900000000
C           -1.24168400000000       -1.64964900000000        0.23770100000000
F           -0.45468900000000       -2.75940200000000        0.36353900000000
C           -0.69650200000000       -0.40635000000000        0.01492700000000
C            0.74411700000000       -0.28049800000000       -0.08697700000000
C            1.57896100000000       -0.04004900000000        0.98414700000000
O            1.03325600000000        0.09449200000000        2.25261700000000
C            2.95396600000000        0.07066500000000        0.82285000000000
C            3.51767500000000       -0.05959200000000       -0.42862200000000
C            2.69980400000000       -0.30040300000000       -1.51339700000000
C            1.31654000000000       -0.40948500000000       -1.33564900000000
F            0.59613600000000       -0.64667500000000       -2.46034500000000
H           -0.19322500000000        2.26026900000000        0.42398700000000
H           -1.68282100000000        2.81703100000000       -0.35831600000000
H           -0.47539900000000        1.98621500000000       -1.36058700000000
H           -3.54245700000000        1.44781400000000       -0.10758400000000
H           -4.51254400000000       -0.74994400000000        0.28656500000000
H           -3.04448500000000       -2.74289700000000        0.50942600000000
H            1.46096900000000        0.60890800000000        3.00404600000000
H            3.57522400000000        0.26105400000000        1.69723400000000
H            4.60819100000000        0.03042600000000       -0.54157200000000
H            3.16296100000000       -0.39917800000000       -2.48607300000000
26
 energy: -46.461457686636 gnorm: 0.039466347147 xtb: 6.6.1 (8d0f1dd)
C           -0.92085360675437        2.03571964648542       -0.35839925054604
C           -1.53331298073056        0.70392993020383       -0.09762188324804
C           -2.90873137011073        0.57519783363352       -0.00659021734409
C           -3.45134418039734       -0.67612006189238        0.21403253402797
C           -2.64145890450141       -1.79127867097168        0.34057730210873
C           -1.26950929534281       -1.64738657769513        0.24657457771885
F           -0.47979045150065       -2.74394964204619        0.36563616002543
C           -0.70314073324004       -0.40211790899778        0.02904228966421
C            0.75739923540557       -0.27333855434475       -0.08860824652722
C            1.58570920448057       -0.02422112566214        0.99930285271394
O            0.99809935247645        0.10024845733394        2.23275979691690
C            2.96227836869065        0.07844946022640        0.83646817523066
C            3.52629102452988       -0.05817491975705       -0.41953329787837
C            2.71964768167727       -0.30211248403116       -1.51447343529540
C            1.34910816541277       -0.41196949141010       -1.33388995195050
F            0.59982550065719       -0.63872946389570       -2.43697860832442
H           -0.17291968402172        2.27892405058675        0.39324860607410
H           -1.67598951611737        2.82531596165156       -0.36151763297493
H           -0.44116691407428        2.02761444965562       -1.34455666170470
H           -3.54975779238800        1.43406125800437       -0.10558485966577
H           -4.52564748748664       -0.78303952594027        0.29085412524721
H           -3.06274454998815       -2.76665072525325        0.51283909947453
H            1.49883438241230        0.56755763416956        2.93455390930838
H            3.57995278463708        0.26739464490054        1.70441445884746
H            4.60019781837962        0.02843530419988       -0.53790728727768
H            3.15902394789473       -0.40375947915384       -2.49464255462122
26
 energy: -46.465220384481 gnorm: 0.015255062129 xtb: 6.6.1 (8d0f1dd)
C           -0.91953720647797        2.05716882297477       -0.36718214632522
C           -1.53320308014321        0.71634573590212       -0.09768383034049
C           -2.90940251923185        0.55987076096264        0.00044316963767
C           -3.46484129431154       -0.68972256581030        0.22253244737600
C           -2.65614372431188       -1.80224206123029        0.34864255378306
C           -1.28725940253332       -1.64239393741802        0.25202462435776
F           -0.49364823811126       -2.72740731392997        0.36938563962455
C           -0.70676581918196       -0.40020733506091        0.03269797597666
C            0.76482516953773       -0.27464669804534       -0.09779352130668
C            1.58227072994464       -0.01828861059914        1.00714921373157
O            0.96045676634514        0.11841438989934        2.20768790460375
C            2.95945714974091        0.08665038589189        0.84729159133004
C            3.52976030138857       -0.05588811526449       -0.40636911230439
C            2.73792729566844       -0.30378946602628       -1.51324508127833
C            1.37376074510670       -0.41337759783806       -1.33689818073355
F            0.59995075336980       -0.63814475872533       -2.42023634552641
H           -0.16509985621617        2.28972653571607        0.38136571447655
H           -1.67672136617802        2.83413022095400       -0.36119241201841
H           -0.42911161498410        2.05319790719621       -1.33768965412256
H           -3.54853904983602        1.42367436833270       -0.10274123230638
H           -4.53518223963463       -0.79843084780991        0.29234527734764
H           -3.07024738246179       -2.78378419704046        0.51582874058461
H            1.55252821781591        0.51374602726922        2.87292878674116
H            3.57686079791541        0.28022367578588        1.71114395531034
H            4.59619214267423        0.02744804506016       -0.52254818734276
H            3.16171272410623       -0.41227337114649       -2.49788789127616
26
 energy: -46.465692053979 gnorm: 0.014521234345 xtb: 6.6.1 (8d0f1dd)
C           -0.92302331168088        2.06307102027606       -0.36922278808429
C           -1.53387266172296        0.71936369717623       -0.10327309410396
C           -2.90878012108162        0.55675842379075        0.00106026440796
C           -3.46733314821561       -0.69045116395622        0.22554501830764
C           -2.65756192430152       -1.80299285690693        0.35370297219592
C           -1.28930607347309       -1.63857557860496        0.25305747304343
F           -0.49276661410790       -2.72087887777345        0.37393844899154
C           -0.70782584865773       -0.39873646903006        0.02640340295721
C            0.76439247699221       -0.27545679406141       -0.10728632948708
C            1.57537664030468       -0.01333706198139        1.00268601737650
O            0.95155198470126        0.12661449385264        2.19906022836609
C            2.95240936867337        0.09335705125215        0.84799259220218
C            3.52964928769673       -0.05542649066488       -0.40092869177950
C            2.74587277767736       -0.30768214806176       -1.51270328495808
C            1.37985550555881       -0.41557764655804       -1.34240355974343
F            0.60402027163372       -0.64426531205920       -2.42266520346285
H           -0.17052896006143        2.29380715830093        0.38274536402766
H           -1.68163804811906        2.83906058675618       -0.36031744093516
H           -0.42969386227272        2.06477949367550       -1.33939027600134
H           -3.54861172885113        1.42102290405298       -0.10005451550373
H           -4.53816403461542       -0.79787349567228        0.29810829428031
H           -3.06762185430095       -2.78602114971817        0.52389657397351
H            1.57519190176017        0.47117386111368        2.86400598690579
H            3.56933707056578        0.29147726072017        1.71272011018634
H            4.59817195027788        0.02780679142513       -0.51055950588142
H            3.17089895562007       -0.42101769734364       -2.49611805728124
26
 energy: -46.466120255550 gnorm: 0.008839714122 xtb: 6.6.1 (8d0f1dd)
C           -0.92942887228963        2.06930736396310       -0.37086700785127
C           -1.53456408198315        0.72281022398857       -0.11151695963903
C           -2.90740912525616        0.55571385297148        0.00271963898867
C           -3.46788079753839       -0.68834263216994        0.23212477469045
C           -2.65660059926877       -1.80123354616203        0.36168231206998
C           -1.28929031447715       -1.63291087887300        0.25168979941179
F           -0.48900123022568       -2.71347052303261        0.37874187815958
C           -0.70822119645536       -0.39615645577513        0.01377352852805
C            0.76338539770498       -0.27725324667823       -0.12221360292236
C            1.56529081911048       -0.00913280242384        0.99343529746562
O            0.94341628134431        0.13468238122788        2.18908457339767
C            2.94183570615162        0.10336572570580        0.84665133257119
C            3.52971037527163       -0.05351083393247       -0.39536233194638
C            2.75699283300162       -0.31427544999867       -1.51226873057196
C            1.38735351247454       -0.41954002711447       -1.35166513160215
F            0.61516280035434       -0.65561992034284       -2.43219445557214
H           -0.18088212790606        2.29983811489346        0.38601639273762
H           -1.69083801764798        2.84441624625684       -0.35968577959006
H           -0.43394383988062        2.08001093712090       -1.34192859314764
H           -3.54929756867822        1.41954201859567       -0.09455334768684
H           -4.53953596431239       -0.79363321016646        0.31059613290552
H           -3.06112505279359       -2.78507217376923        0.53991489864043
H            1.58874290734069        0.40832199886031        2.85863279104835
H            3.55652513003965        0.30889939224241        1.71351487473023
H            4.60170033473087        0.02960665750108       -0.49411302828062
H            3.18790269118845       -0.43636321288860       -2.49220925653474
26
 energy: -46.466300124216 gnorm: 0.008780381627 xtb: 6.6.1 (8d0f1dd)
C           -0.93568141375341        2.07265750711813       -0.37376096422221
C           -1.53651071194996        0.72546035540853       -0.11666527787825
C           -2.90833950081514        0.55746072965133        0.00384080616450
C           -3.46649392656534       -0.68622472628612        0.23818821582593
C           -2.65359021766333       -1.79827500099882        0.36710912232273
C           -1.28719461439378       -1.62841619660853        0.24904030765833
F           -0.48458661110370       -2.70877046243216        0.37770987629537
C           -0.70848823731494       -0.39228944162810        0.00410340045983
C            0.76209552842537       -0.27383131567923       -0.13138086149206
C            1.55881659509707       -0.00503886854948        0.98687708873271
O            0.93847766904729        0.14392914086277        2.18395132806780
C            2.93600239366478        0.10651647806613        0.84590545419927
C            3.53039236690967       -0.05372804813519       -0.39255875857350
C            2.76312741935653       -0.31911869321385       -1.51114775619806
C            1.39164726955298       -0.42144524684044       -1.35705706043293
F            0.62700930866427       -0.66346408797444       -2.44164456297138
H           -0.18991165324693        2.30550610785268        0.38506791215591
H           -1.69970999767492        2.84593452466211       -0.36360829653551
H           -0.43901783513150        2.08687365674497       -1.34440853804812
H           -3.55248675021701        1.41995578101995       -0.09070256390955
H           -4.53784298729387       -0.79143213385507        0.32255624538353
H           -3.05466014537035       -2.78189330503683        0.55267296827166
H            1.59684620663198        0.35862494623651        2.86441469357850
H            3.54701367539394        0.31703896927075        1.71443911150982
H            4.60310165421471        0.03128234917521       -0.48509475876387
H            3.19998451553564       -0.44731301883083       -2.48784713160048
26
 energy: -46.466398913643 gnorm: 0.006461979135 xtb: 6.6.1 (8d0f1dd)
C           -0.94170786854755        2.07561341683020       -0.37741048320916
C           -1.53836199611942        0.72795793337846       -0.11994920563823
C           -2.90963036614471        0.56057083374300        0.00691195658224
C           -3.46385515847602       -0.68387296642258        0.24679905901830
C           -2.64931255237224       -1.79474791484377        0.37260006954536
C           -1.28397394566097       -1.62460635937215        0.24539001018152
F           -0.47983955974057       -2.70544158693434        0.37147035085969
C           -0.70805157331850       -0.38820326489175       -0.00450382848695
C            0.76201335338707       -0.27019799633283       -0.13849089143277
C            1.55567146442039       -0.00350459631672        0.98122277230667
O            0.93490535353844        0.14931865502495        2.17919084793384
C            2.93353753558803        0.10831333695124        0.84519234160387
C            3.53271995073498       -0.05379536534763       -0.39092969197579
C            2.76837046963166       -0.32296794114779       -1.50988344505704
C            1.39603362660295       -0.42308563048671       -1.36108674919908
F            0.64017977391504       -0.66920458351312       -2.45138431885604
H           -0.19890794103289        2.31234115219808        0.38286340075796
H           -1.70863151579681        2.84627208195753       -0.37005614125309
H           -0.44337615777665        2.09088201142127       -1.34682798104397
H           -3.55590651810564        1.42156223911132       -0.08454581930543
H           -4.53440513474865       -0.78971692042705        0.33849986462220
H           -3.04791266119603       -2.77777512140330        0.56479247683267
H            1.58420268636850        0.31984256402019        2.86651302132293
H            3.54008359921086        0.31934761972673        1.71609105364470
H            4.60527992765931        0.03130538849604       -0.47895323991644
H            3.21087520797952       -0.45620698541931       -2.48351542983801
26
 energy: -46.466439339931 gnorm: 0.004875092447 xtb: 6.6.1 (8d0f1dd)
C           -0.94702575686576        2.07854492726646       -0.38337470257859
C           -1.54149804620265        0.73048818914409       -0.12216089115460
C           -2.91259651914357        0.56199915040748        0.00851969785993
C           -3.46256568911732       -0.68402586923487        0.25285404771416
C           -2.64578939912620       -1.79299907744000        0.37596486970075
C           -1.28128348495138       -1.62146386956815        0.24321500959001
F           -0.47534431286514       -2.70133103631056        0.36613111091152
C           -0.70859216071463       -0.38355579212707       -0.00851845432055
C            0.76150384736607       -0.26272080649936       -0.14155853966866
C            1.55422026473778        0.00170206660813        0.97895142405016
O            0.93018320009843        0.16110538011948        2.17515477538400
C            2.93338229790056        0.10661986434009        0.84658625298421
C            3.53454238243296       -0.05620342776750       -0.38876887862399
C            2.77050814858632       -0.32417853790935       -1.50829843953827
C            1.39826257746781       -0.42125442836751       -1.36228434739120
F            0.64712523459737       -0.66959960504073       -2.45571654846590
H           -0.20625245856552        2.31905900464147        0.37750920812337
H           -1.71577491789394        2.84679336167586       -0.38004917852685
H           -0.44617112769173        2.09124692621700       -1.35085066048867
H           -3.56055312621279        1.42153208979160       -0.08202067708831
H           -4.53215015801150       -0.79203253931514        0.34952196491121
H           -3.04262689221128       -2.77606354630077        0.57142680648883
H            1.58940373374745        0.28451722783548        2.87408699559260
H            3.53698002471674        0.31527388723208        1.71929534672597
H            4.60659257360228        0.02664002963808       -0.47523454025087
H            3.21551976431975       -0.46009356903634       -2.48038165194032
26
 energy: -46.466465775602 gnorm: 0.001355685266 xtb: 6.6.1 (8d0f1dd)
C           -0.94614682433257        2.07810776249274       -0.38426795266480
C           -1.54164140980213        0.73010042809149       -0.12073424971813
C           -2.91294706469405        0.56133982357809        0.00882358883430
C           -3.46264296956919       -0.68517510600957        0.25222741869758
C           -2.64569823313241       -1.79399930051957        0.37453987872926
C           -1.28103984736298       -1.62243085835459        0.24368348534920
F           -0.47527028207417       -2.70177447771381        0.36519731813757
C           -0.70859826818523       -0.38370966137406       -0.00534329222487
C            0.76187367205902       -0.26201558802832       -0.13848107334755
C            1.55669965049559        0.00104820968356        0.98127170898921
O            0.93157996939363        0.16045316651262        2.17640729258387
C            2.93591085367802        0.10359677970031        0.84761782859186
C            3.53481544225808       -0.05825011051757       -0.38888716460798
C            2.76849517887166       -0.32220034830089       -1.50832459739715
C            1.39679595580493       -0.41887687979232       -1.36045080350716
F            0.64312060085430       -0.66434224761999       -2.45272628882756
H           -0.20530811103463        2.31934207352589        0.37637916841011
H           -1.71437288498388        2.84656331095169       -0.38262175579872
H           -0.44466147611300        2.08818179991435       -1.35142992432026
H           -3.56049897797104        1.42099073453564       -0.08241774436819
H           -4.53215807785100       -0.79393390917183        0.34832478382714
H           -3.04341635080348       -2.77732095814635        0.56742723098035
H            1.58631428777310        0.29757296250345        2.87254882915562
H            3.54050891830426        0.30932773966593        1.72030472573814
H            4.60676472895376        0.02296257065808       -0.47755208638808
H            3.21152151946348       -0.45555791626499       -2.48151632485383
26
 energy: -46.466481061289 gnorm: 0.001192387905 xtb: 6.6.1 (8d0f1dd)
C           -0.94903914934897        2.07953181201908       -0.38987680769645
C           -1.54390490551998        0.73135865568593       -0.12063349949904
C           -2.91508333888580        0.56088920693208        0.01024272425380
C           -3.46170996665115       -0.68701153855084        0.25489733986580
C           -2.64272070612713       -1.79444672287516        0.37487485220951
C           -1.27829239127767       -1.62125930054196        0.24380929754143
F           -0.47095909771968       -2.69877757290172        0.36261793926900
C           -0.70873623630349       -0.38048158753059       -0.00310333035919
C            0.76201844472893       -0.25649078869269       -0.13605056957135
C            1.55925062767552        0.00281735897696        0.98325014175545
O            0.93254229294314        0.16513257319727        2.17661644537821
C            2.93907754553544        0.09785500777652        0.84990647004172
C            3.53611727348999       -0.06371029851887       -0.38744499959334
C            2.76706580325498       -0.31956861312379       -1.50759267672802
C            1.39560306226926       -0.41265075310386       -1.35894807624595
F            0.64022610917275       -0.65373335296689       -2.45111772598630
H           -0.21043347129948        2.32534483205994        0.37156366388195
H           -1.71801341174235        2.84693555665306       -0.39483989165744
H           -0.44455525489392        2.08381218728646       -1.35553590653835
H           -3.56355739834389        1.41958591110073       -0.08131963963524
H           -4.53076338432151       -0.79838486044728        0.35324009067994
H           -3.04020380880973       -2.77845273739613        0.56578751890672
H            1.58464510184515        0.29491312352669        2.87491900290637
H            3.54417125795330        0.29629844546696        1.72395460207173
H            4.60840827150905        0.01120322914534       -0.47761517880646
H            3.20884673086732       -0.45070977317730       -2.48160178644460
26
 energy: -46.466490573337 gnorm: 0.000856631099 xtb: 6.6.1 (8d0f1dd)
C           -0.95257162726813        2.08105331747412       -0.39442138007077
C           -1.54561126147778        0.73286682513639       -0.12183360129094
C           -2.91632391949260        0.56041286514392        0.01064428595903
C           -3.46071952026532       -0.68805586724534        0.25663451800966
C           -2.63992088795325       -1.79432041707586        0.37639669062108
C           -1.27577532414902       -1.61904771985883        0.24509014913932
F           -0.46646512400970       -2.69494507394999        0.36436487364454
C           -0.70860454159178       -0.37727780295877       -0.00263556894085
C            0.76196247195854       -0.25263691250608       -0.13557939742512
C            1.55981379122087        0.00309576592058        0.98414218195150
O            0.93393735651308        0.16730977135378        2.17750125115156
C            2.93995256738169        0.09315614411178        0.85121930771065
C            3.53662238754050       -0.06835152527323       -0.38620161648866
C            2.76694359907244       -0.31807924700745       -1.50727871379880
C            1.39504905442794       -0.40724893048229       -1.35894061423084
F            0.63857118111079       -0.64391566554529       -2.45131072349981
H           -0.21687517807592        2.33141112488674        0.36835737813982
H           -1.72288912147331        2.84725207080328       -0.40538541928057
H           -0.44528020426404        2.08187889369802       -1.35873848819566
H           -3.56624240173127        1.41802654185442       -0.08117434179214
H           -4.52954955407922       -0.80131298317321        0.35597466802028
H           -3.03618110675865       -2.77892439714615        0.56711934761243
H            1.58650689585814        0.28668445378329        2.87779029010981
H            3.54573255505887        0.28720735215677        1.72598877682761
H            4.60943392914798        0.00174199359073       -0.47610004338664
H            3.20848398329927       -0.44798057769135       -2.48162381049656
26
 energy: -46.466501596199 gnorm: 0.000700283931 xtb: 6.6.1 (8d0f1dd)
C           -0.95775881155969        2.08328514953952       -0.40082047474981
C           -1.54766871593505        0.73508094318544       -0.12410747548472
C           -2.91771938823551        0.55927681934272        0.00950426237307
C           -3.45943607758329       -0.68971884882078        0.25750968650452
C           -2.63611596699108       -1.79407063064693        0.37959235615230
C           -1.27241155487447       -1.61527273725969        0.24919740282956
F           -0.46003658741688       -2.68870715225886        0.37161534498644
C           -0.70816369971312       -0.37271084187363       -0.00149320684255
C            0.76215333120927       -0.24791751099704       -0.13460248453590
C            1.56070749198482        0.00116170608938        0.98610320378688
O            0.93675927999440        0.16630521663818        2.18024600226926
C            2.94119520616583        0.08488222797430        0.85292288688510
C            3.53702194044313       -0.07507191216827       -0.38502560894608
C            2.76653274793934       -0.31538042347866       -1.50743556214883
C            1.39412909852090       -0.39876484571719       -1.35903443215342
F            0.63522068864755       -0.62670719112901       -2.45154499551394
H           -0.22725545715183        2.34067588177605        0.36462447942156
H           -1.73042806123247        2.84719170947496       -0.42087873337903
H           -0.44521165277215        2.08003740527769       -1.36246425515602
H           -3.56992133683044        1.41518166499654       -0.08361481875106
H           -4.52803480300991       -0.80543839200704        0.35649241996669
H           -3.03002789234662       -2.77945067104279        0.57109656622207
H            1.59038497274922        0.27664872992188        2.88119745040596
H            3.54867273933444        0.27299932842252        1.72796018551937
H            4.61032593299044       -0.01087017384616       -0.47443506758761
H            3.20708657567329       -0.44264545139316       -2.48260513207387
26
 energy: -46.466510936481 gnorm: 0.000763852876 xtb: 6.6.1 (8d0f1dd)
C           -0.96324417632929        2.08582984838901       -0.40756116528008
C           -1.54972875599032        0.73721512866215       -0.12722510255454
C           -2.91931095312097        0.55819234173762        0.00704228842950
C           -3.45831653548693       -0.69126300059437        0.25841979924391
C           -2.63243172250460       -1.79335770082368        0.38435478830333
C           -1.26923784583191       -1.61114190257134        0.25418180863912
F           -0.45388004925749       -2.68218406186654        0.38079009498146
C           -0.70770872783921       -0.36820837325721       -0.00091878892783
C            0.76250290806902       -0.24306969792125       -0.13404869255903
C            1.56169793051326       -0.00178200667506        0.98777395587604
O            0.93920583889888        0.16125468270002        2.18300414750335
C            2.94257867370052        0.07644401779318        0.85451925502279
C            3.53772058503205       -0.08087352967355       -0.38411817688802
C            2.76634494275702       -0.31195509385337       -1.50781629658776
C            1.39360889440704       -0.38987622710901       -1.35948802360705
F            0.63316001996370       -0.60938092429588       -2.45269224412925
H           -0.23811324232006        2.35000601781424        0.36080283544623
H           -1.73853280159593        2.84688846943072       -0.43603176206485
H           -0.44513303255465        2.07969945914767       -1.36611827155938
H           -3.57380310031374        1.41218104168445       -0.08831956175355
H           -4.52671510625197       -0.80916404604746        0.35693383865762
H           -3.02359546671983       -2.77923422652368        0.57865099546884
H            1.59392640670980        0.26481728520699        2.88420652932177
H            3.55147433484352        0.25779294382382        1.72998950522361
H            4.61139125985227       -0.02197824748041       -0.47269968042968
H            3.20613972136996       -0.43685219769707       -2.48363207577667
26
 energy: -46.466523407812 gnorm: 0.000816891665 xtb: 6.6.1 (8d0f1dd)
C           -0.97086467280515        2.08939588136116       -0.41741223030678
C           -1.55253549203210        0.73983498849218       -0.13232752269323
C           -2.92160386260548        0.55668323424906        0.00200401099349
C           -3.45689313176925       -0.69313305525319        0.25956704642351
C           -2.62752562996861       -1.79179628821132        0.39267545922229
C           -1.26502346384401       -1.60529156389532        0.26256111670209
F           -0.44595957677112       -2.67309551313501        0.39556529304792
C           -0.70708839257977       -0.36223876642244        0.00011377950200
C            0.76308491482819       -0.23669288390382       -0.13328765741174
C            1.56357443237541       -0.00775278433485        0.99007333897655
O            0.94267863418770        0.14949008050216        2.18694523330243
C            2.94486016018088        0.06411201505852        0.85675337502629
C            3.53890203823207       -0.08797904308297       -0.38307134037486
C            2.76605956261958       -0.30593192744391       -1.50843156241180
C            1.39299713484721       -0.37706912249781       -1.36016946968232
F            0.63091461837103       -0.58445224385703       -2.45474436500474
H           -0.25344097246771        2.36261534237747        0.35523063622860
H           -1.74993255280527        2.84616503797882       -0.45704628022168
H           -0.44486531289063        2.07992956908155       -1.37154094575395
H           -3.57909226306902        1.40786481557884       -0.09811943817358
H           -4.52503543633074       -0.81377573839173        0.35749001342084
H           -3.01493291615233       -2.77802827409883        0.59239151248099
H            1.59856484717344        0.24772759543788        2.88770448617457
H            3.55535495400341        0.23560645373129        1.73311587307622
H            4.61293611508295       -0.03551405796921       -0.47083516785028
H            3.20486626418948       -0.42667375135153       -2.48520519469291
26
 energy: -46.466538664395 gnorm: 0.000781086993 xtb: 6.6.1 (8d0f1dd)
C           -0.98071578058957        2.09374403818951       -0.43231042858415
C           -1.55621503711271        0.74290809276535       -0.14026324398345
C           -2.92475635916678        0.55476130117997       -0.00638494981393
C           -3.45516974552124       -0.69507130664191        0.26168800582492
C           -2.62127975789147       -1.78881036281947        0.40642543609277
C           -1.25964702176051       -1.59733927154241        0.27562791511260
F           -0.43616051182998       -2.66074289869505        0.41839951134565
C           -0.70633101958648       -0.35454449997669        0.00181662637758
C            0.76385004642631       -0.22850468184467       -0.13226142748651
C            1.56641926335536       -0.01770514696698        0.99320637855118
O            0.94717188648455        0.12845525013817        2.19238903639313
C            2.94812782447239        0.04706361257512        0.85989308817081
C            3.54060925269428       -0.09557727682044       -0.38184635996891
C            2.76563147141277       -0.29546940847487       -1.50923551449290
C            1.39232494917327       -0.35880947247360       -1.36105280551868
F            0.62873754572064       -0.54958230854570       -2.45788427878144
H           -0.27364173636111        2.37896927475035        0.34579244329966
H           -1.76467253305439        2.84450500366689       -0.48679047909189
H           -0.44434383194196        2.07991383726269       -1.38034042332593
H           -3.58595373021269        1.40203506815643       -0.11512694200780
H           -4.52296457453245       -0.81920219264198        0.35864004487470
H           -3.00400240836865       -2.77493990113486        0.61541540360623
H            1.60469423969579        0.21945582607620        2.89287753456257
H            3.56016859863902        0.20422987207449        1.73786325319146
H            4.61490667656611       -0.05041690488678       -0.46915666865955
H            3.20321229328963       -0.40932554336982       -2.48738115568822
26
 energy: -46.466552619009 gnorm: 0.000640679464 xtb: 6.6.1 (8d0f1dd)
C           -0.98724606240215        2.09584323245254       -0.44568797115327
C           -1.55860522179600        0.74443673692008       -0.14736706046742
C           -2.92689579668503        0.55322468681348       -0.01473700991109
C           -3.45409731984741       -0.69586494943944        0.26300521423459
C           -2.61715070823981       -1.78561938626230        0.41927075825094
C           -1.25600577005047       -1.59131967261699        0.28843027332103
F           -0.42985972064628       -2.65136905339362        0.44011624416115
C           -0.70576511458331       -0.34940897314437        0.00424987240107
C            0.76436965417338       -0.22326722559991       -0.13070441868979
C            1.56898332420766       -0.02810352087310        0.99615744065698
O            0.95108930662030        0.10625105594030        2.19738932359657
C            2.95075696647248        0.03319258597310        0.86237060262973
C            3.54168641828208       -0.09911138576359       -0.38127335773610
C            2.76482702168106       -0.28413218695484       -1.50987906145124
C            1.39146384001656       -0.34311027683601       -1.36125998901382
F            0.62680352545325       -0.52024995114012       -2.45980038720822
H           -0.28796773634865        2.39020062126224        0.33602075113307
H           -1.77446820746615        2.84209331100724       -0.51156325809444
H           -0.44331032251157        2.07817045861749       -1.38911151468792
H           -3.59042200487548        1.39749387627426       -0.13204140728362
H           -4.52170196805790       -0.82224596518222        0.35915342168966
H           -2.99701182206610       -2.77095833206467        0.63691327170013
H            1.60941429096492        0.19392505070461        2.89729307050724
H            3.56380742914037        0.17845300638636        1.74161833630934
H            4.61605210462122       -0.05803798009600       -0.46914177287593
H            3.20125389394316       -0.39048576298456       -2.48942137201872
26
 energy: -46.466569056845 gnorm: 0.000713785290 xtb: 6.6.1 (8d0f1dd)
C           -0.99023896143777        2.09568420922305       -0.45755154943351
C           -1.55967754145537        0.74449628857183       -0.15363836311064
C           -2.92802751110333        0.55225764070784       -0.02233250234202
C           -3.45376006040388       -0.69542646478404        0.26442916773358
C           -2.61535811702565       -1.78237416998683        0.43111504722990
C           -1.25436199528204       -1.58741247715138        0.30006145712607
F           -0.42724604670472       -2.64521743948151        0.46008547991636
C           -0.70548093272687       -0.34697792810442        0.00667164367430
C            0.76461861535268       -0.22092506517471       -0.12905102994459
C            1.57089137903624       -0.03809422601014        0.99866882164085
O            0.95373022275115        0.08489050331353        2.20143708253516
C            2.95258234469612        0.02309755482674        0.86425139689074
C            3.54222051090019       -0.09841642724799       -0.38114233592571
C            2.76387269106296       -0.27238077320849       -1.51033483301949
C            1.39066039167512       -0.33069704875295       -1.36101640458423
F            0.62550026585563       -0.49749748189567       -2.46081975266141
H           -0.29566016987507        2.39612215127981        0.32581707518346
H           -1.77914128799946        2.83909747620832       -0.53104466800383
H           -0.44181821361285        2.07463369836846       -1.39804148998927
H           -3.59249064008217        1.39451896136715       -0.14781303219734
H           -4.52131257388610       -0.82282227451116        0.35933080797931
H           -2.99414980659886       -2.76631768136602        0.65661239029811
H            1.61287210357288        0.16882266969877        2.90121207574742
H            3.56607649519018        0.15950433606162        1.74438088889226
H            4.61638973235871       -0.05762965009284       -0.47015578367767
H            3.19930910574243       -0.37093638185897       -2.49113158995789
26
 energy: -46.466588345657 gnorm: 0.000787275759 xtb: 6.6.1 (8d0f1dd)
C           -0.98961708589673        2.09321273098352       -0.46738080122278
C           -1.55945871797756        0.74311033275540       -0.15858009285924
C           -2.92811034726313        0.55178455209361       -0.02870926679318
C           -3.45415791692807       -0.69403671703963        0.26511576351963
C           -2.61585489276498       -1.77957722196902        0.44069561853608
C           -1.25460480432219       -1.58587208224300        0.31009516548892
F           -0.42804709017622       -2.64265631187403        0.47715519518595
C           -0.70547926053558       -0.34732327928098        0.00927593552560
C            0.76452724479929       -0.22142325735101       -0.12710815383255
C            1.57215227075923       -0.04689389468818        1.00089929095250
O            0.95575252779333        0.06583655775598        2.20489619779660
C            2.95358581521230        0.01725016631279        0.86556229546814
C            3.54203488886745       -0.09390597834141       -0.38135526683934
C            2.76249790949825       -0.26066014197448       -1.51071313923851
C            1.38948796159987       -0.32157349165075       -1.36039066462018
F            0.62385329618910       -0.48154050873561       -2.46077944362150
H           -0.29641301608608        2.39673828017940        0.31582332990161
H           -1.77858029665527        2.83594147503166       -0.54493470303438
H           -0.43981959674759        2.06876600335328       -1.40689194136266
H           -3.59216853917298        1.39320929727306       -0.16085941326638
H           -4.52183211576563       -0.82106755713419        0.35927869214269
H           -2.99533703377511       -2.76176714936453        0.67248792873543
H            1.61503936544814        0.14733793533699        2.90459930609578
H            3.56745084221379        0.14759425033988        1.74623092630859
H            4.61606153061689       -0.05085391018660       -0.47174925618711
H            3.19703706106962       -0.35163007958215       -2.49266350277977
26
 energy: -46.466616056348 gnorm: 0.001048590425 xtb: 6.6.1 (8d0f1dd)
C           -0.98636760542551        2.08834879728526       -0.47957309724379
C           -1.55837761715659        0.74044549739707       -0.16428719377470
C           -2.92756038722033        0.55157767496220       -0.03589334737411
C           -3.45513870320006       -0.69159018915093        0.26629553210838
C           -2.61803498185438       -1.77636250592905        0.45187913551884
C           -1.25625157222521       -1.58545123601525        0.32194302674603
F           -0.43130019249283       -2.64171698209006        0.49779945942374
C           -0.70569632739353       -0.34959705662960        0.01261906913179
C            0.76421052978886       -0.22376167466121       -0.12428930993104
C            1.57334489844204       -0.05764198788442        1.00398823101576
O            0.95785711006656        0.04326691237473        2.20933163392777
C            2.95444545591238        0.01183199311134        0.86724250699149
C            3.54125896344485       -0.08591008313237       -0.38159801443426
C            2.76029713164278       -0.24523757036073       -1.51108874397819
C            1.38768934060812       -0.31153413544002       -1.35928686147646
F            0.62115081909643       -0.46433522477840       -2.46005942624340
H           -0.29203467898053        2.39393861156764        0.30176136902524
H           -1.77415198459332        2.83192331354936       -0.55970572670185
H           -0.43747014120340        2.05904274707957       -1.41939086121227
H           -3.59032612539968        1.39269661457744       -0.17597318798962
H           -4.52309307425460       -0.81734391244230        0.35881312524356
H           -2.99945534320475       -2.75617620352518        0.69055140433477
H            1.61766967747971        0.12028232606183        2.90917968024875
H            3.56888933193445        0.13671699472797        1.74818760439134
H            4.61488869690650       -0.03747336795891       -0.47390593733054
H            3.19355677928217       -0.32593935269597       -2.49454007041727
26
 energy: -46.466646242182 gnorm: 0.000984731014 xtb: 6.6.1 (8d0f1dd)
C           -0.98161273650778        2.08204334312982       -0.49252756112791
C           -1.55678097612789        0.73718538525595       -0.16977437240182
C           -2.92650500009103        0.55151509146455       -0.04284784578111
C           -3.45641545273914       -0.68874430268400        0.26678883610693
C           -2.62118945158466       -1.77328479323080        0.46233707482932
C           -1.25872089698931       -1.58566422282437        0.33402378536908
F           -0.43590995283673       -2.64197829025415        0.51860356932198
C           -0.70599943040758       -0.35292359890326        0.01635941368661
C            0.76375352919846       -0.22715200218630       -0.12084168468026
C            1.57426289077541       -0.06826703024750        1.00750984151155
O            0.96051526826760        0.02040338991281        2.21456701340823
C            2.95485204927133        0.00801201678786        0.86889446667849
C            3.53978360438454       -0.07562723063033       -0.38183038328438
C            2.75751036887813       -0.22862052806505       -1.51127488994550
C            1.38544937546882       -0.30176416577431       -1.35766068625208
F            0.61755289346674       -0.44788752593665       -2.45848137981751
H           -0.28353885850437        2.38864021461056        0.28514198079430
H           -1.76730418143086        2.82781323194719       -0.57322082141300
H           -0.43613148394051        2.04715303245076       -1.43415135883877
H           -3.58754307061991        1.39274181325881       -0.18997752841683
H           -4.52473007520400       -0.81239905955043        0.35845974615722
H           -3.00501275414456       -2.75062334874196        0.70746891370492
H            1.62074851618500        0.09226249386636        2.91445109037069
H            3.57044027270355        0.12744081106272        1.74992347926045
H            4.61315828576165       -0.02173870255845       -0.47574443139162
H            3.18936726676720       -0.29853602215979       -2.49619626784900
26
 energy: -46.466676155488 gnorm: 0.000848308273 xtb: 6.6.1 (8d0f1dd)
C           -0.97681968116082        2.07543760996707       -0.50627474067427
C           -1.55516463063941        0.73401723481857       -0.17507529237760
C           -2.92533784206088        0.55151052011087       -0.04896839909808
C           -3.45763833714058       -0.68582952411392        0.26824356283874
C           -2.62442265748285       -1.77029660136439        0.47251089309756
C           -1.26132077749517       -1.58577160924700        0.34546937232317
F           -0.44060106820446       -2.64217975132440        0.53866997831747
C           -0.70630809050092       -0.35617519026989        0.02006259242315
C            0.76329967727352       -0.23037526454552       -0.11705264530125
C            1.57513614305100       -0.07892595906412        1.01146625875982
O            0.96329993905554       -0.00124360873777        2.22004457706035
C            2.95528822052480        0.00357610516980        0.87100454814126
C            3.53830201798587       -0.06623900422101       -0.38141533263068
C            2.75463458755367       -0.21201113428667       -1.51105905924012
C            1.38310471332694       -0.29151758800271       -1.35564326050036
F            0.61353629973503       -0.43115324394333       -2.45624785527656
H           -0.27279120879664        2.38256117212481        0.26595329258990
H           -1.76010413433222        2.82397997627422       -0.58566239072878
H           -0.43720486407858        2.03453755131136       -1.45107962491910
H           -3.58475696195715        1.39282767084343       -0.20301025328375
H           -4.52635786310286       -0.80743412712079        0.35798821944428
H           -3.01050716641643       -2.74534737679853        0.72305734125693
H            1.62457211047934        0.06335973820898        2.91964251473541
H            3.57210137035287        0.11882660262705        1.75167720430482
H            4.61114581237541       -0.00533209252490       -0.47687615227520
H            3.18491439165506       -0.27080210589116       -2.49742534898711
26
 energy: -46.466687136138 gnorm: 0.000405023157 xtb: 6.6.1 (8d0f1dd)
C           -0.97750210903419        2.07458712671457       -0.51131589988382
C           -1.55528540315411        0.73433199651523       -0.17592284608703
C           -2.92514732730183        0.55184555470857       -0.04766128902199
C           -3.45729281955635       -0.68534326168614        0.27040463853706
C           -2.62398063261866       -1.77006860204707        0.47365722081748
C           -1.26104378645399       -1.58518333671280        0.34562508558150
F           -0.43999642783711       -2.64162745400202        0.53867451646383
C           -0.70620398317523       -0.35573485129301        0.01942362503401
C            0.76338572000294       -0.22975295413292       -0.11684355083617
C            1.57460517145025       -0.07989813036379        1.01235759651063
O            0.96318372555000       -0.00419295042129        2.22135983447810
C            2.95481023680797        0.00203057198322        0.87229528558406
C            3.53804240545878       -0.06534941291918       -0.38000352285567
C            2.75491406090212       -0.20925113548646       -1.51027316427374
C            1.38339762122657       -0.28919346895165       -1.35537347815678
F            0.61364212886880       -0.42598346497667       -2.45628428225896
H           -0.26972396691913        2.38249848505054        0.25748923111786
H           -1.76054871934371        2.82400738848981       -0.58886411195459
H           -0.44193394431694        2.03146698932073       -1.45866281521823
H           -3.58488598271413        1.39320246248670       -0.20058558721816
H           -4.52591270204517       -0.80647099609446        0.36220449735031
H           -3.00948736485190       -2.74523396357804        0.72487055714310
H            1.62460214485019        0.05581816841321        2.92112206965616
H            3.57198324678024        0.11502220862678        1.75327171551741
H            4.61103585787597       -0.00549853073975       -0.47441620155486
H            3.18534284954867       -0.26602843890409       -2.49654912447151
26
 energy: -46.466700945748 gnorm: 0.000526035553 xtb: 6.6.1 (8d0f1dd)
C           -0.97882811587937        2.07376662670861       -0.51838741756541
C           -1.55572845883006        0.73488788349505       -0.17725604889280
C           -2.92520290025264        0.55205229347106       -0.04604895714493
C           -3.45679552359852       -0.68492675662980        0.27378090020034
C           -2.62312820823753       -1.76971406239543        0.47554145065577
C           -1.26042617799587       -1.58389804355764        0.34666541739340
F           -0.43868479655116       -2.64026492022706        0.53914011807401
C           -0.70606208912586       -0.35463471563961        0.01921490030398
C            0.76352757514094       -0.22829315305927       -0.11619749529084
C            1.57402476440551       -0.08197463848312        1.01391533104225
O            0.96300869875484       -0.00750401120543        2.22321841267611
C            2.95438605494289       -0.00098814675239        0.87425663965185
C            3.53803309228698       -0.06583165020800       -0.37791871960626
C            2.75544011965144       -0.20551238166528       -1.50910354012302
C            1.38382909502001       -0.28422412841679       -1.35477392243031
F            0.61374659948787       -0.41818262076055       -2.45588145706748
H           -0.26368165624685        2.38227116816108        0.24354012011266
H           -1.76123183895720        2.82456640403174       -0.59090610858076
H           -0.45156058933707        2.02817509042844       -1.47051159546657
H           -3.58560158929470        1.39315298482121       -0.19792666747178
H           -4.52529144999648       -0.80594433591354        0.36717490348098
H           -3.00765584254667       -2.74538966965097        0.72624495637343
H            1.62472591638750        0.04550071678746        2.92323195078633
H            3.57188841404588        0.10957842196511        1.75544513450562
H            4.61117784305938       -0.00659914682675       -0.47112041282131
H            3.18609106366682       -0.26006920847809       -2.49533789279523
26
 energy: -46.466717522008 gnorm: 0.000789632891 xtb: 6.6.1 (8d0f1dd)
C           -0.98102122615838        2.07318052557669       -0.52739738379996
C           -1.55642081942878        0.73562029695159       -0.17904924683756
C           -2.92553745709602        0.55215819547937       -0.04510296877394
C           -3.45615388290172       -0.68466955728718        0.27704520910852
C           -2.62178036857380       -1.76894061844668        0.47852449886892
C           -1.25933077139094       -1.58199126333348        0.34880965017942
F           -0.43660818653684       -2.63771771416711        0.54199803072261
C           -0.70583229080118       -0.35291574760520        0.01944187259293
C            0.76376993649933       -0.22632361480264       -0.11532418651834
C            1.57368666679592       -0.08467206956193        1.01574474999292
O            0.96266836270452       -0.01313002724410        2.22516156638670
C            2.95426527198673       -0.00493369401341        0.87673304564375
C            3.53840874489327       -0.06618047631896       -0.37539048151168
C            2.75625041244361       -0.20062388809757       -1.50755582224471
C            1.38455397257908       -0.27826195559537       -1.35387514684296
F            0.61423679445548       -0.40671198939625       -2.45554354560591
H           -0.25512662973209        2.38081465273836        0.22471899136827
H           -1.76269321301073        2.82564664365664       -0.59071027609493
H           -0.46637161773582        2.02558423487480       -1.48653223841881
H           -3.58677343721285        1.39263522253049       -0.19691509208558
H           -4.52444274074329       -0.80577274434029        0.37263668319521
H           -3.00513703227858       -2.74489457705680        0.72981332839668
H            1.62452988819582        0.03215910263847        2.92560658344480
H            3.57184971811551        0.10109527185026        1.75841493215017
H            4.61177491124286       -0.00899770903783       -0.46744071773254
H            3.18723499368894       -0.25215649999186       -2.49381203558395
26
 energy: -46.466739548311 gnorm: 0.001049022227 xtb: 6.6.1 (8d0f1dd)
C           -0.98424471879362        2.07273552380843       -0.53864704446890
C           -1.55740107107788        0.73642560281690       -0.18207745184007
C           -2.92612657284237        0.55202552751422       -0.04563683274085
C           -3.45525520819486       -0.68437535148598        0.28070034881595
C           -2.61971986101760       -1.76747506049871        0.48369342616488
C           -1.25757829185242       -1.57923368648096        0.35272810786251
F           -0.43356948734802       -2.63370391337099        0.54802070005416
C           -0.70548124878531       -0.35049078201215        0.01968340066943
C            0.76408658886802       -0.22341625803895       -0.11445577352820
C            1.57364550149803       -0.08902624979659        1.01786061762574
O            0.96230305493255       -0.02211637768894        2.22733723662428
C            2.95446484760614       -0.01126333763943        0.87990570516101
C            3.53911111628417       -0.06735923750684       -0.37217834687746
C            2.75728399757208       -0.19402838373110       -1.50554687706406
C            1.38540595791689       -0.26957926184889       -1.35296899354395
F            0.61523814359923       -0.39127270128576       -2.45559873599911
H           -0.24335764370192        2.37760049564770        0.20008490421946
H           -1.76490492281213        2.82757689526269       -0.58750497041724
H           -0.48769023531298        2.02390648990457       -1.50759208476092
H           -3.58840257839523        1.39146856173776       -0.19868897677601
H           -4.52332858114505       -0.80605266481731        0.37799120659284
H           -3.00172489754137       -2.74342626551218        0.73709349750780
H            1.62399514505060        0.01505204544857        2.92840281621414
H            3.57188555089578        0.08923214036281        1.76239789740195
H            4.61264729691160       -0.01188432993105       -0.46320943062679
H            3.18871811768574       -0.24131942085781       -2.49179434627053
26
 energy: -46.466773999586 gnorm: 0.001458356569 xtb: 6.6.1 (8d0f1dd)
C           -0.98918990480729        2.07213099088610       -0.55529235115256
C           -1.55889151091791        0.73736329307329       -0.18744237312116
C           -2.92720142661846        0.55135764026704       -0.04860261794359
C           -3.45399275236130       -0.68410702824507        0.28502217359779
C           -2.61649293630323       -1.76478116533879        0.49290208527271
C           -1.25478814462388       -1.57470087329255        0.36056917194154
F           -0.42888491340371       -2.62687827397986        0.56044851671620
C           -0.70490795964091       -0.34678560568867        0.02043881381840
C            0.76458265646442       -0.21932706269743       -0.11321472888912
C            1.57388175414351       -0.09679625690510        1.02082755237739
O            0.96188357039036       -0.03818273951074        2.23037960708572
C            2.95497608972226       -0.02135413320861        0.88442921261290
C            3.54025789421693       -0.06851201151027       -0.36774802458928
C            2.75876797998218       -0.18315634111594       -1.50271739302547
C            1.38659234546429       -0.25612783435136       -1.35173071953956
F            0.61687550739486       -0.36660593172937       -2.45600430733442
H           -0.22550397752166        2.37160488755521        0.16261999266392
H           -1.76765142635195        2.83082300999099       -0.58048272849846
H           -0.52098751822340        2.02327851364082       -1.53890566938065
H           -3.59102118858748        1.38892148502464       -0.20527784748167
H           -4.52174892995221       -0.80689277694451        0.38440928627565
H           -2.99659455346759       -2.74017388179653        0.75133110624335
H            1.62307461588628       -0.01082271100992        2.93234213196659
H            3.57205331490995        0.06958587426410        1.76827510965885
H            4.61406830267166       -0.01627303974457       -0.45756396728582
H            3.19084311153432       -0.22358802763290       -2.48901203198921
26
 energy: -46.466823722201 gnorm: 0.002451827975 xtb: 6.6.1 (8d0f1dd)
C           -0.99656917664740        2.07099003565273       -0.58022391457759
C           -1.56096435853970        0.73841461824283       -0.19646974682334
C           -2.92879331957761        0.54995745682475       -0.05535743208138
C           -3.45217446357022       -0.68358104620628        0.29063201938612
C           -2.61169525797038       -1.76010698464536        0.50851830100688
C           -1.25063827182234       -1.56758183503543        0.37405199280574
F           -0.42195702911451       -2.61580013358710        0.58327682490315
C           -0.70398763257472       -0.34131485662113        0.02188124484860
C            0.76533660068965       -0.21335666924582       -0.11125252594405
C            1.57459325821862       -0.10974118619268        1.02513118662308
O            0.96176663323128       -0.06515482538244        2.23486504888351
C            2.95604532770724       -0.03789482540394        0.89088044930651
C            3.54195783926319       -0.07040539628984       -0.36153808719353
C            2.76066249462031       -0.16569783433784       -1.49865259941122
C            1.38806228202663       -0.23491798046340       -1.34983956340439
F            0.61904135030036       -0.32783682304691       -2.45648570187236
H           -0.20044673538575        2.36152764450432        0.10664352303250
H           -1.77065157020865        2.83545320061978       -0.57007336264828
H           -0.57040890167306        2.02313953872341       -1.58409305277069
H           -3.59484368094276        1.38435542326352       -0.21956189338935
H           -4.51953395446743       -0.80822340607133        0.39194042472826
H           -2.98912099139117       -2.73407919536848        0.77638501003387
H            1.62220638185349       -0.05089312265097        2.93797562840708
H            3.57269960908442        0.03853900973886        1.77653278542898
H            4.61601956319101       -0.02142565531370       -0.45000968832692
H            3.19339400369948       -0.19436515170754       -2.48515687095106
26
 energy: -46.466865638794 gnorm: 0.002734308225 xtb: 6.6.1 (8d0f1dd)
C           -1.00229673622745        2.06976280149999       -0.60009065512357
C           -1.56247370428707        0.73886779346743       -0.20443189724165
C           -2.93003327177701        0.54850636315101       -0.06238049650018
C           -3.45084621746620       -0.68303709094427        0.29440656610726
C           -2.60805273380022       -1.75587979789080        0.52205908224453
C           -1.24746525963884       -1.56158654455432        0.38636903823584
F           -0.41674836207207       -2.60651627288545        0.60389242902275
C           -0.70321637487950       -0.33708186055802        0.02353570436656
C            0.76595261958873       -0.20899168857854       -0.10940719315215
C            1.57547453182566       -0.12118544028692        1.02847081138620
O            0.96223809669049       -0.08879790099084        2.23837942209588
C            2.95710844663809       -0.05152786779855        0.89552499843745
C            3.54318454259180       -0.07094714414808       -0.35717783867562
C            2.76181794600305       -0.15055266571220       -1.49557714555736
C            1.38896926756682       -0.21749095964615       -1.34809749295173
F            0.62037908297114       -0.29595319219629       -2.45638144233085
H           -0.18416311549845        2.35403078929980        0.06330103310289
H           -1.77184847425083        2.83825393457552       -0.56493020490596
H           -0.60689379578353        2.02290285860284       -1.61687426725188
H           -3.59773227945707        1.38024722991698       -0.23346409818314
H           -4.51792196394563       -0.80904450651692        0.39704433254697
H           -2.98350534170132       -2.72829443501528        0.79849994219717
H            1.62218487353454       -0.08424907887029        2.94209698718220
H            3.57362845823693        0.01259504136938        1.78238499916939
H            4.61743805476427       -0.02482048205661       -0.44488618382430
H            3.19482171037367       -0.16920988323343       -2.48226643039656
26
 energy: -46.466928954375 gnorm: 0.002740801229 xtb: 6.6.1 (8d0f1dd)
C           -1.01014750151337        2.06748960104867       -0.62889722500286
C           -1.56439543846988        0.73906117467102       -0.21657083771322
C           -2.93171551406795        0.54615914878474       -0.07388403094361
C           -3.44911711530632       -0.68189144334962        0.29945951659816
C           -2.60315609256895       -1.74899401632449        0.54312373218540
C           -1.24320274456763       -1.55258105137304        0.40577898979739
F           -0.40982150108505       -2.59246267299076        0.63701004924873
C           -0.70207822278176       -0.33121127498457        0.02641136198772
C            0.76684466940192       -0.20316454777469       -0.10639809090007
C            1.57711302658288       -0.13913980591987        1.03310583341523
O            0.96360448719864       -0.12591173223407        2.24326092666661
C            2.95892394579744       -0.07206893203897        0.90158555847377
C            3.54489194203216       -0.07112853027767       -0.35151963901741
C            2.76309628342233       -0.12715461278368       -1.49125165756791
C            1.38996281721071       -0.19147266461373       -1.34522581205204
F            0.62189171859316       -0.24865330762908       -2.45547197378436
H           -0.16488977654662        2.34394337811832        0.00259347175176
H           -1.77253237234795        2.84085878916700       -0.56180756319280
H           -0.65561756410842        2.02157558122262       -1.66070633157551
H           -3.60161644975108        1.37366907007283       -0.25707940349160
H           -4.51586925817700       -0.80984295268797        0.40297871216617
H           -2.97603904905699       -2.71855585145069        0.83322045070379
H            1.62302808052759       -0.13474631678653        2.94746103415638
H            3.57540690865309       -0.02615825585947        1.78975866577925
H            4.61928539515366       -0.02771643438867       -0.43866285658237
H            3.19614932577535       -0.12990233961768       -2.47827288110642
26
 energy: -46.467005920907 gnorm: 0.002598716172 xtb: 6.6.1 (8d0f1dd)
C           -1.01938093344684        2.06363788643020       -0.66576343109002
C           -1.56638703607581        0.73848892211381       -0.23276428479414
C           -2.93358876662601        0.54279525625139       -0.09006195699728
C           -3.44724837729497       -0.67984552825235        0.30542196068684
C           -2.59764857685610       -1.73909239421864        0.57166176661200
C           -1.23840517737671       -1.54065947921502        0.43255044141761
F           -0.40223111662597       -2.57392710841780        0.68274149137764
C           -0.70060725855385       -0.32427490022602        0.03069884509532
C            0.76795432659493       -0.19664784602078       -0.10206098212445
C            1.57956043103065       -0.16389241864970        1.03860598648438
O            0.96618514554677       -0.17689519871192        2.24888589961734
C            2.96146743116081       -0.09883688910980        0.90827535144259
C            3.54691381491008       -0.06971768292078       -0.34512698207092
C            2.76425360324782       -0.09513333833557       -1.48563920666639
C            1.39089045388063       -0.15753463529496       -1.34082707859353
F            0.62339991495584       -0.18750721355345       -2.45288998572389
H           -0.14557841409507        2.33223578858033       -0.07199867084605
H           -1.77210334941573        2.84208042839089       -0.56413638281295
H           -0.71185448670703        2.01767565569158       -1.71208707514367
H           -3.60587324083504        1.36459003891580       -0.29041457311047
H           -4.51370060367516       -0.80998576203185        0.40919048714608
H           -2.96776156957055       -2.70417987180888        0.88029319733221
H            1.62528201670505       -0.20237668522035        2.95310041532059
H            3.57811307258711       -0.07666084826514        1.79741910703404
H            4.62136991934281       -0.02829958508877       -0.43213154789844
H            3.19697877719225       -0.07603659103227       -2.47294279169423
26
 energy: -46.467073547055 gnorm: 0.002216897799 xtb: 6.6.1 (8d0f1dd)
C           -1.02778964793462        2.05813744360595       -0.70367381340820
C           -1.56772376886316        0.73673999433389       -0.24977377767768
C           -2.93498374552025        0.53897378675425       -0.10740770040880
C           -3.44578934901923       -0.67683386618027        0.31137302658675
C           -2.59319871836142       -1.72748039877618        0.60223268624972
C           -1.23454203184227       -1.52800758141750        0.46158994777445
F           -0.39652298071414       -2.55446208905623        0.73230286803825
C           -0.69907352011898       -0.31808596630834        0.03560789481831
C            0.76905217845841       -0.19129733983211       -0.09706353572636
C            1.58233543199275       -0.19102821791975        1.04342243732155
O            0.96971118075609       -0.23282263418172        2.25333229233102
C            2.96419492194568       -0.12623229430503        0.91367847884215
C            3.54882167341343       -0.06588248210179       -0.33927777211047
C            2.76507414305501       -0.05993278198002       -1.47923332977369
C            1.39163759748061       -0.12246487539206       -1.33506652085496
F            0.62482552677483       -0.12533423937823       -2.44797503023989
H           -0.13083768284081        2.32097248080671       -0.14551236824060
H           -1.77013215262045        2.84092255907041       -0.57316922063458
H           -0.76313629952740        2.01043634903411       -1.76017722891874
H           -3.60904761938288        1.35452929878478       -0.32689245546839
H           -4.51207996673081       -0.80868763022508        0.41449850707219
H           -2.96123185646535       -2.68687847139392        0.93067932962692
H            1.62892268646951       -0.27545488607803        2.95670160900471
H            3.58119440907752       -0.12866546414431        1.80276459497127
H            4.62321827464807       -0.02441087703690       -0.42663349794980
H            3.19710131586976       -0.01674981668272       -2.46632742122489
26
 energy: -46.467108175237 gnorm: 0.001721938305 xtb: 6.6.1 (8d0f1dd)
C           -1.03329220289504        2.05233585276103       -0.73293045944830
C           -1.56809627026117        0.73443857662443       -0.26238743438839
C           -2.93551221061415        0.53591500927449       -0.12001329992696
C           -3.44517605003678       -0.67371623957865        0.31613347211628
C           -2.59106046686278       -1.71753624355886        0.62583545053641
C           -1.23269992955299       -1.51819369170657        0.48414455064244
F           -0.39434962576752       -2.53965962862160        0.77064719554915
C           -0.69789970469695       -0.31436366071859        0.03946760364633
C            0.76987103373960       -0.18842741609603       -0.09282913093827
C            1.58444964210086       -0.21264030625279        1.04643142023028
O            0.97296690174279       -0.27703483465311        2.25538695588006
C            2.96624030892308       -0.14653714930484        0.91693084146517
C            3.55030095166193       -0.06085187856214       -0.33465832724934
C            2.76573376842189       -0.03126679076204       -1.47318733714670
C            1.39231595397433       -0.09593120155866       -1.32938715866616
F            0.62626527410196       -0.07925142720665       -2.44214700559530
H           -0.11812431287286        2.31105607324167       -0.20256889008062
H           -1.76771074392455        2.83898831164768       -0.58067591262786
H           -0.80229345321192        2.00192264556412       -1.79747378149451
H           -3.61028741577952        1.34643737119890       -0.35479432755671
H           -4.51147720386636       -0.80632831768104        0.41808733815231
H           -2.95816803659594       -2.67179080472975        0.96924184412813
H            1.63270179696752       -0.33367676014283        2.95729886696452
H            3.58359449393211       -0.16773446667639        1.80508260256802
H            4.62462024491839       -0.01753183914853       -0.42221114917178
H            3.19708725645396        0.03137881664663       -2.45942392758791
26
 energy: -46.467063765054 gnorm: 0.006972149680 xtb: 6.6.1 (8d0f1dd)
C           -1.03425746885797        2.04534540729191       -0.74904565787577
C           -1.56672665403843        0.73039204703260       -0.27019205775445
C           -2.93465796951231        0.53351935839060       -0.12897082427338
C           -3.44622391488427       -0.66990226764938        0.31864458040499
C           -2.59309971579420       -1.70933384984547        0.64062667432482
C           -1.23445973553947       -1.51276381855481        0.49820007173357
F           -0.39879774571449       -2.53212809971578        0.79442853256460
C           -0.69722516199462       -0.31499253538460        0.04243024574510
C            0.77027002813548       -0.19013230142082       -0.08964376717061
C            1.58620590132909       -0.22690744015207        1.04621049137053
O            0.97724844009034       -0.30632371120425        2.25350630507109
C            2.96784100785176       -0.15667743353607        0.91585578811866
C            3.55107926911217       -0.05262900049066       -0.33298500514033
C            2.76546152797983       -0.01079388098285       -1.46819280916538
C            1.39234853549191       -0.08236173963693       -1.32380387015925
F            0.62696306921982       -0.05727561814524       -2.43459142144981
H           -0.12213422339132        2.30614128743797       -0.22699093401507
H           -1.76320721262025        2.83309637405019       -0.59883848179870
H           -0.80971853266995        1.99061191966657       -1.80799853889609
H           -3.60794305433472        1.34126069191973       -0.37249867736716
H           -4.51278936620050       -0.80100219384884        0.42004391697235
H           -2.96144386812739       -2.65850295516785        0.99376960777851
H            1.63854173296318       -0.37263015232089        2.95229265753331
H            3.58592511999444       -0.18862955111082        1.80139538642438
H            4.62518008881514       -0.00351415995162       -0.42101283499702
H            3.19561990269658        0.06613362332926       -2.45263937797863
26
 energy: -46.467117253714 gnorm: 0.002236604982 xtb: 6.6.1 (8d0f1dd)
C           -1.03644264401132        2.04417242644838       -0.75866118024266
C           -1.56723862005212        0.73036951743648       -0.27356803647793
C           -2.93511483117741        0.53295706539183       -0.13208695902270
C           -3.44594409841690       -0.66943435440841        0.32030781345785
C           -2.59198530652172       -1.70728911934946        0.64708131832561
C           -1.23345042208686       -1.51021459793697        0.50425229966151
F           -0.39723710336508       -2.52823624449319        0.80482432073273
C           -0.69691328126003       -0.31353074380761        0.04339585408121
C            0.77054016407768       -0.18852270850573       -0.08851362975037
C            1.58667516787850       -0.23254373907416        1.04804453160041
O            0.97802592530163       -0.31747399403895        2.25548735681143
C            2.96845162486770       -0.16304672339048        0.91816470615017
C            3.55167476624410       -0.05216891945555       -0.33074463434485
C            2.76583235306730       -0.00270619051854       -1.46659746153847
C            1.39262325608549       -0.07403225120085       -1.32279341904073
F            0.62730835657057       -0.04230483006398       -2.43424791840746
H           -0.11167085128398        2.30164377833972       -0.24899624352007
H           -1.76342436306589        2.83437837082349       -0.59522872986713
H           -0.82858874844708        1.98927115890474       -1.82541358125414
H           -3.60896926857644        1.33946350482646       -0.37956861680183
H           -4.51245853176465       -0.80091463844355        0.42177526026642
H           -2.95958708702023       -2.65564913247745        1.00415865659278
H            1.63943049769682       -0.38916673004996        2.95415450251721
H            3.58667518814914       -0.20094593903917        1.80415085554728
H            4.62586068577627       -0.00367187928474       -0.41826168093722
H            3.19592717133440        0.07959691336753       -2.45111538453877
26
 energy: -46.467124264270 gnorm: 0.000618583798 xtb: 6.6.1 (8d0f1dd)
C           -1.03555053514991        2.04549136681886       -0.75374956861633
C           -1.56737052339153        0.73118977310824       -0.27103443980235
C           -2.93512007677399        0.53393541678183       -0.12902881762741
C           -3.44602524870138       -0.67007987719606        0.31977395927513
C           -2.59225102387008       -1.70968651882045        0.64228772070839
C           -1.23364519629245       -1.51245071057765        0.49951839804899
F           -0.39732933607159       -2.53169667068974        0.79697002270704
C           -0.69718299964379       -0.31416954584320        0.04250903472227
C            0.77040699471719       -0.18882955991402       -0.08938361331728
C            1.58623435290123       -0.22804769708825        1.04813379201450
O            0.97751494654850       -0.30847359590993        2.25630625567243
C            2.96807416436906       -0.15913776664978        0.91824948050607
C            3.55136853073104       -0.05313420454692       -0.33126264005420
C            2.76568718506505       -0.00837288154016       -1.46794180844255
C            1.39248645775713       -0.07899280102655       -1.32435830014013
F            0.62689114609106       -0.05080068748749       -2.43634435964152
H           -0.11148843424728        2.30298754954390       -0.24025187631187
H           -1.76430289230663        2.83541874173983       -0.59213589133119
H           -0.82361546564483        1.99134542369044       -1.82113892425393
H           -3.60909880067879        1.34158407535689       -0.37388082736641
H           -4.51251645573744       -0.80131925671878        0.42170519685777
H           -2.95979058643545       -2.65945894515190        0.99632648499072
H            1.63882464625028       -0.37841061518007        2.95519904320645
H            3.58629203432447       -0.19361002687755        1.80483458960978
H            4.62559787951582       -0.00561191014760       -0.41843967978126
H            3.19590923667417        0.07033092432598       -2.45286323163288
26
 energy: -46.467126083078 gnorm: 0.000396019515 xtb: 6.6.1 (8d0f1dd)
C           -1.03461194443529        2.04521808805075       -0.75283709265268
C           -1.56718041592995        0.73117419967349       -0.27033592330769
C           -2.93491606474800        0.53448378283604       -0.12802592661705
C           -3.44630732511360       -0.66981420293245        0.31986369952681
C           -2.59292553446398       -1.71028649329292        0.64103581426538
C           -1.23420778815186       -1.51346172500648        0.49825591930839
F           -0.39827468468815       -2.53348472254000        0.79464083277950
C           -0.69733801087007       -0.31493162544557        0.04231374154780
C            0.77032080795703       -0.18961924555459       -0.08948854123898
C            1.58604154954079       -0.22702112480682        1.04832100491053
O            0.97759959919553       -0.30646243609993        2.25687378787897
C            2.96788311481803       -0.15760993216825        0.91829012903685
C            3.55114394398324       -0.05208318418789       -0.33141140655980
C            2.76545607589285       -0.00909211587647       -1.46835667186677
C            1.39234642980717       -0.08076177397390       -1.32473044537984
F            0.62659700359479       -0.05430635187138       -2.43682598811577
H           -0.11136676991673        2.30327612472231       -0.23758615303008
H           -1.76396604851792        2.83518056947074       -0.59334767712942
H           -0.82038002173595        1.99033269023637       -1.82005009774471
H           -3.60861027938231        1.34280903023823       -0.37160041518342
H           -4.51283098777860       -0.80042257824687        0.42227965028350
H           -2.96066259655424       -2.66043616194895        0.99408548311893
H            1.63911000783934       -0.37736868702816        2.95551794719262
H            3.58614807816117       -0.19077691566863        1.80500855736643
H            4.62534065096508       -0.00384181763745       -0.41846267809930
H            3.19559121053149        0.06930660905864       -2.45342755028995
