26
 energy: -46.447290571290 gnorm: 0.078952501571 xtb: 6.6.1 (8d0f1dd)
C            1.58789100000000       -0.48756600000000       -1.39049600000000
C            1.62872800000000        0.09764200000000       -0.02324400000000
C            2.80884300000000        0.54440100000000        0.54072200000000
C            2.83431000000000        1.08919100000000        1.81880400000000
C            1.67576400000000        1.19342800000000        2.54922100000000
C            0.50591200000000        0.74615000000000        1.97974100000000
F           -0.66217400000000        0.82762400000000        2.66028200000000
C            0.46647300000000        0.20397400000000        0.71368200000000
C           -0.79157000000000       -0.25083900000000        0.16327400000000
C           -1.56596900000000        0.63173100000000       -0.55308800000000
O           -1.12839500000000        1.94768400000000       -0.73765500000000
C           -2.76333900000000        0.19165800000000       -1.07460600000000
C           -3.17931600000000       -1.10657900000000       -0.88380600000000
C           -2.41541500000000       -2.00512600000000       -0.16808100000000
C           -1.19924600000000       -1.55004100000000        0.35899300000000
F           -0.41951400000000       -2.38955400000000        1.06432700000000
H            0.63292800000000       -0.25486800000000       -1.89370700000000
H            1.70932900000000       -1.57805700000000       -1.39602500000000
H            2.38980500000000       -0.05591000000000       -2.01216200000000
H            3.71660400000000        0.44906200000000       -0.06392400000000
H            3.75446800000000        1.43061700000000        2.24216000000000
H            1.66358300000000        1.61267500000000        3.54605600000000
H           -0.95281400000000        2.33443800000000       -1.65263800000000
H           -3.39933300000000        0.84798900000000       -1.64069000000000
H           -4.13790100000000       -1.45139300000000       -1.30375100000000
H           -2.75965200000000       -3.01832900000000       -0.03003000000000
26
 energy: -46.456282884611 gnorm: 0.030492001494 xtb: 6.6.1 (8d0f1dd)
C            1.60760933646441       -0.47752266297173       -1.40158796094435
C            1.64705917841406        0.10028498023772       -0.02409951582804
C            2.83028504040006        0.54773189612886        0.54313659867090
C            2.85324257015984        1.08975479623252        1.81813593479808
C            1.68929939532909        1.19755322669595        2.55491242583558
C            0.51470987137502        0.74997401170857        1.98899429183472
F           -0.64480785885396        0.83624595389373        2.68028993095187
C            0.47551904001145        0.20246441330651        0.71850248982115
C           -0.80254384499101       -0.25083522000616        0.15973617832632
C           -1.57918347717300        0.63279778555952       -0.57898742664634
O           -1.13700303808879        1.93366885006966       -0.71565001047247
C           -2.78526045315461        0.19705674111408       -1.10186807871452
C           -3.19953708270605       -1.10696107807464       -0.89519206843727
C           -2.43120937732934       -2.00213626613431       -0.17284412073783
C           -1.23092171177382       -1.55052849133701        0.35612674673058
F           -0.44762976835422       -2.39592169992038        1.05207362631149
H            0.65513896082908       -0.26078768596183       -1.89307779043920
H            1.72003775153847       -1.56296773625527       -1.37875546530805
H            2.41168176738690       -0.06747602735297       -2.01660581095106
H            3.73845514287609        0.46279494091649       -0.04231027209494
H            3.78075778685335        1.43371203012338        2.24106911260173
H            1.67827512144390        1.61728642272178        3.54894918738228
H           -1.02881670360917        2.27041838543867       -1.62899593048616
H           -3.41410135551475        0.86697552086736       -1.66560496765964
H           -4.14427880566358       -1.44470328383945       -1.30703570548291
H           -2.75677748586941       -3.01887780316103       -0.02595239906190
26
 energy: -46.459413609676 gnorm: 0.015074731989 xtb: 6.6.1 (8d0f1dd)
C            1.62867860888742       -0.47352576067885       -1.40566288392223
C            1.65962763194179        0.10947699779144       -0.02504012852724
C            2.84610912861827        0.55450059109787        0.54388845884274
C            2.87013221694786        1.09077187963734        1.81792977615902
C            1.70525343030540        1.19713965957178        2.55942379368612
C            0.52762909742311        0.74755671625622        1.99679784662810
F           -0.62102085520251        0.83976834943968        2.70081339464445
C            0.48410126548390        0.20204453092708        0.72140256032264
C           -0.80799724452998       -0.25161379088376        0.15974852560958
C           -1.59205706035784        0.63353166928798       -0.58429384690168
O           -1.13615172618907        1.91630249229883       -0.70338561672265
C           -2.79980312549984        0.20012599523309       -1.11821467577891
C           -3.21688425908033       -1.10483438245680       -0.91050668739811
C           -2.44910487444953       -1.99549464899040       -0.17956584172337
C           -1.25429466548060       -1.55143617247152        0.34679169409124
F           -0.47696477892385       -2.40415073408951        1.04371175615761
H            0.68229366110359       -0.26282076648600       -1.89639323833737
H            1.73753353524917       -1.55741920907304       -1.35510633120183
H            2.43939321779768       -0.07796458192633       -2.01004967218213
H            3.75826918693124        0.47774327459887       -0.02609181980264
H            3.80244181003002        1.43561052862443        2.24004829129752
H            1.69653443679963        1.61902985342113        3.55110652861143
H           -1.15019342095438        2.22052533121918       -1.62555343309985
H           -3.41263712033209        0.88152906340457       -1.68950187110392
H           -4.15562328319002       -1.43339531542773       -1.32050735577884
H           -2.76526481332903       -3.01299957032554       -0.01843022356963
26
 energy: -46.460623531521 gnorm: 0.032728025334 xtb: 6.6.1 (8d0f1dd)
C            1.64763137715041       -0.47691517216413       -1.40270761321981
C            1.66842544967226        0.11285679385494       -0.02278971218506
C            2.85620522388317        0.55848913281015        0.54477679793759
C            2.88238428075726        1.09281913065574        1.81871368454360
C            1.71786210774150        1.19599350763102        2.56150845165679
C            0.53887828845944        0.74553402756363        2.00000571067931
F           -0.60186386899846        0.83824968458076        2.71436227055901
C            0.49107165960434        0.20028840985820        0.72307218729465
C           -0.80691753231598       -0.25466990357936        0.16163117701052
C           -1.59373528027520        0.63011154143675       -0.58549303709406
O           -1.13292947194065        1.90599515846337       -0.70757751314493
C           -2.80102525647927        0.20003193490737       -1.12747759157704
C           -3.22721555442955       -1.10122759482767       -0.92081426735078
C           -2.46388967408243       -1.98952139170584       -0.18252343465306
C           -1.26806310335100       -1.55157120456186        0.34464875834719
F           -0.49898686068183       -2.41335947493154        1.04209996293970
H            0.70768213245676       -0.26658578286051       -1.90246803442737
H            1.75299066024400       -1.56018936689382       -1.33566232466951
H            2.46798745199338       -0.09130184599876       -1.99888482781416
H            3.77145987612423        0.48839498322223       -0.02015739513366
H            3.81647382464078        1.43719089727415        2.24009255929630
H            1.71096043730005        1.61639229643616        3.55359442798936
H           -1.29037816212703        2.22324237668414       -1.62952345478688
H           -3.40097438139519        0.88957179442327       -1.70489922863730
H           -4.16545159463919       -1.42337907724316       -1.33626680359700
H           -2.77858202931178       -3.00643885503521       -0.01390174996335
26
 energy: -46.461899278700 gnorm: 0.030005269484 xtb: 6.6.1 (8d0f1dd)
C            1.66392588538128       -0.48366559921972       -1.39721458774926
C            1.67242874245766        0.11649788895483       -0.02090990376920
C            2.86182949476917        0.56384024111273        0.54197165550390
C            2.89362314446678        1.09673400716446        1.81649925481849
C            1.73117843041529        1.19470480867250        2.56119472420416
C            0.55015623513149        0.74461245665115        2.00170890593222
F           -0.58215523653268        0.83627234310743        2.72838103344710
C            0.49434000588263        0.20108532367773        0.72381619202407
C           -0.80807369080633       -0.25559720548639        0.16655900210262
C           -1.59619620596893        0.62388387806607       -0.58860378589214
O           -1.14407621417840        1.90021753794353       -0.71359413127557
C           -2.79625859766897        0.19256106318736       -1.14545796024986
C           -3.23467830362544       -1.10200797963091       -0.93494694051962
C           -2.47848841494525       -1.98451475274084       -0.18366277353074
C           -1.28055832700277       -1.54903702405001        0.34605203378996
F           -0.52185099965850       -2.41914263133655        1.04679968899579
H            0.73267129996629       -0.26978114405308       -1.91248492571370
H            1.76385665930251       -1.56676769830356       -1.31672982201882
H            2.49678204421574       -0.10830284502870       -1.98464130037999
H            3.77868015483337        0.49879754688610       -0.02326494085512
H            3.82912663013454        1.44021363500651        2.23529458770596
H            1.72757662555450        1.61149207828037        3.55506844765102
H           -1.39951352851111        2.24881930463165       -1.59943366200966
H           -3.38521248016143        0.88852306325107       -1.72782318088382
H           -4.17483259184678       -1.41959879660099       -1.35561574398176
H           -2.79428076160469       -2.99983750014272       -0.00560286734596
26
 energy: -46.463342487675 gnorm: 0.010991657692 xtb: 6.6.1 (8d0f1dd)
C            1.67484672794334       -0.49225610373843       -1.38954446299034
C            1.67218840494267        0.11852222966125       -0.01891999755905
C            2.86232488219475        0.57002472617937        0.53682351220472
C            2.90213761371653        1.10181612474330        1.81304614972193
C            1.74270463277432        1.19131916532756        2.56022020569725
C            0.55998962425895        0.74189103443134        2.00300231389914
F           -0.56589584126826        0.83131663273069        2.74045222717315
C            0.49450709322134        0.20257656863354        0.72449664464274
C           -0.80830348870577       -0.25380133205465        0.17250665671687
C           -1.59629498456896        0.61912377261834       -0.58963047195926
O           -1.15552261619286        1.89771958731392       -0.73208174677181
C           -2.78661254095381        0.18436034907307       -1.16076091619231
C           -3.23701238344515       -1.10383896696535       -0.94685494730167
C           -2.48889428033802       -1.97938683300576       -0.18214627075143
C           -1.28835614028345       -1.54271723149532        0.35058412605302
F           -0.54277654501521       -2.41968187995388        1.05807226156572
H            0.75455752309145       -0.26972428031901       -1.92493472427066
H            1.76305550309259       -1.57547642192733       -1.30301497440954
H            2.52151831828232       -0.12796798838154       -1.96803868644365
H            3.77722825537363        0.50719601982130       -0.03548824272656
H            3.83809350747316        1.44524598876042        2.22744355773296
H            1.74194553139983        1.60140228891705        3.55753567218044
H           -1.48843222871165        2.28577598102828       -1.55072689345576
H           -3.36325076411565        0.88088534492429       -1.75488705748592
H           -4.17559058056401       -1.42212031432221       -1.37859566660487
H           -2.80815522360212       -2.99220246200019        0.00480073133491
26
 energy: -46.462450014469 gnorm: 0.056699244290 xtb: 6.6.1 (8d0f1dd)
C            1.68909525780005       -0.50575734445366       -1.37993930456300
C            1.67786703810599        0.11432004774267       -0.01539147931590
C            2.86597400353992        0.57485867979769        0.53410978452781
C            2.91124300044501        1.10684152261973        1.81183353025387
C            1.75300204824611        1.18526639939135        2.56039420950860
C            0.57056824171293        0.73398591393032        2.00394240203501
F           -0.55248003827564        0.82331814485203        2.74716207983152
C            0.49949131632018        0.19761931002070        0.72552322095898
C           -0.79902956242130       -0.25568138607239        0.17215026331289
C           -1.58064620130073        0.61411214700291       -0.59763554361861
O           -1.13068618482561        1.88492799124757       -0.77171845429448
C           -2.76923489654893        0.18320252564123       -1.17149840089492
C           -3.23408218709686       -1.10017781221972       -0.95639869990362
C           -2.49687262529487       -1.97119888195239       -0.17902166975775
C           -1.29400349689864       -1.53570943426649        0.35612212438681
F           -0.56830920978227       -2.41978495887188        1.07626699298504
H            0.78315951541492       -0.26772633225953       -1.93615751269244
H            1.75278931701391       -1.58961519137944       -1.28916381960768
H            2.55179092913718       -0.15928540595045       -1.94742113294626
H            3.77642260484634        0.51377214955914       -0.04672059838103
H            3.84625258043981        1.45425978024873        2.22145549865074
H            1.75100537543466        1.58832574853494        3.56106318961726
H           -1.68470099760711        2.35076766188891       -1.49811862227279
H           -3.32907097757518        0.87826240743713       -1.78391406394086
H           -4.16688468393903       -1.41914544412628       -1.40186115641172
H           -2.82266016689086       -2.97975623836279        0.01829616253260
26
 energy: -46.464598441691 gnorm: 0.008710895402 xtb: 6.6.1 (8d0f1dd)
C            1.67686988777784       -0.49950723620091       -1.38545398593917
C            1.67368269999472        0.11450320743864       -0.01854247955045
C            2.86158665932161        0.57295290810158        0.53435955986559
C            2.90371911429535        1.10446629873858        1.81136740405248
C            1.74525568985817        1.18506049888358        2.56095980012319
C            0.56311783531637        0.73500381013549        2.00389824068322
F           -0.56468656658508        0.82176187425426        2.74082650808997
C            0.49557649636382        0.19981786888811        0.72476491348577
C           -0.80311200396872       -0.25132976504838        0.17040463733218
C           -1.58606556123979        0.62137585838600       -0.59482735619483
O           -1.13374334949002        1.89259249944457       -0.76224780703653
C           -2.77550050585732        0.18646291380301       -1.16452914587532
C           -3.22860321047964       -1.10228504748761       -0.95121359873091
C           -2.48729895590242       -1.97477100387121       -0.17793105945416
C           -1.28807859594350       -1.53544619250155        0.35729294767739
F           -0.55228386228787       -2.41133697688096        1.07480607356468
H            0.76627345235152       -0.26176699792180       -1.93089601429106
H            1.74239693744644       -1.58437096466362       -1.30024833103108
H            2.53364495595112       -0.14994013580690       -1.95759203028717
H            3.77080814138379        0.51081384778614       -0.04654724487047
H            3.83847661399261        1.45309626261442        2.22196359499806
H            1.74280036792624        1.58870916411763        3.56102591571260
H           -1.57704149258790        2.31748120146496       -1.51012895591709
H           -3.34573400507464        0.87610772384448       -1.77135619701145
H           -4.16104713126862       -1.42461215901111       -1.38994704413255
H           -2.81101361129410       -2.98483745850738        0.01315065473714
26
 energy: -46.465076998614 gnorm: 0.006749945880 xtb: 6.6.1 (8d0f1dd)
C            1.67272333968025       -0.49944208293129       -1.38652054390273
C            1.67434244626163        0.11264693947197       -0.01945914492480
C            2.86099957825788        0.57264712006844        0.53469054723245
C            2.90144328306378        1.10407206802528        1.81167512043793
C            1.74284981181857        1.18285842826077        2.56161777022965
C            0.56168906710107        0.73250824511738        2.00356721115204
F           -0.56935154484547        0.81821147149196        2.73669093439203
C            0.49632440252124        0.19831116094553        0.72434303747201
C           -0.80003984725885       -0.25117613159468        0.16749871422416
C           -1.57819371510864        0.62180827543038       -0.60158642010615
O           -1.11347766486264        1.88683649339288       -0.77883982292742
C           -2.77041858573491        0.18796115215038       -1.16573931771470
C           -3.22298166857221       -1.10144192853707       -0.94980742653602
C           -2.48312916029590       -1.97426511024758       -0.17543829380204
C           -1.28523287910371       -1.53377357924055        0.36087511134773
F           -0.55039476850875       -2.40544051976740        1.08344298920565
H            0.76499172633440       -0.25074745316064       -1.93166731583673
H            1.72465779151363       -1.58566378599113       -1.30355771578840
H            2.53340418591534       -0.15891501156558       -1.95772575282775
H            3.76881584601663        0.51084051858594       -0.04803354554414
H            3.83527402855111        1.45532065131230        2.22197812948552
H            1.73871633797454        1.58535137976714        3.56207355957998
H           -1.59666424270865        2.32568085514819       -1.49166940029232
H           -3.34360341560699        0.87448099681835       -1.77258374547301
H           -4.15449050247592       -1.42496862522539       -1.38771592031650
H           -2.80825384992747       -2.98369952772556        0.01525024123360
26
 energy: -46.465462590054 gnorm: 0.027865761020 xtb: 6.6.1 (8d0f1dd)
C            1.66490206232609       -0.49842603593548       -1.39123171718319
C            1.68014471844598        0.10875885990223       -0.02310074475271
C            2.86341394129857        0.57038442344134        0.53720563641478
C            2.89623033213682        1.10089832029160        1.81414919543744
C            1.73638480021623        1.17779747322737        2.56321366504366
C            0.55848622937925        0.72637007825982        2.00077693569475
F           -0.58265825829101        0.81070942108046        2.72136937993103
C            0.50168213230861        0.19425412886554        0.72088597667931
C           -0.78950665525873       -0.25361250059680        0.15598971940668
C           -1.55339703175621        0.61859326426240       -0.62806863652502
O           -1.05871630261715        1.86613449478179       -0.83499703640002
C           -2.75608107952484        0.18953202078999       -1.17252132894889
C           -3.20921213346296       -1.09897783358580       -0.94331092618689
C           -2.47286559645928       -1.97375522770368       -0.16743609419173
C           -1.27640247449403       -1.53221559958514        0.36922881025552
F           -0.54485294589433       -2.38894563658074        1.11082152688480
H            0.76908957831700       -0.20924018079496       -1.93813677032387
H            1.66951129618842       -1.58838660641529       -1.31283504613296
H            2.54210541462797       -0.19252461540207       -1.95755216598952
H            3.77097417249857        0.50923515504635       -0.04517983740785
H            3.82752176655145        1.45656704156344        2.22699085038212
H            1.72754421485561        1.57984323310228        3.56363899781654
H           -1.67891118171487        2.36216017863341       -1.42526378134122
H           -3.33912472621174        0.86805668799215       -1.77948339574148
H           -4.14162029770799       -1.42267340375030       -1.37648557765665
H           -2.80464197575745       -2.98053514088987        0.02469136483539
26
 energy: -46.465839560280 gnorm: 0.003711767333 xtb: 6.6.1 (8d0f1dd)
C            1.66488596508292       -0.49559836475389       -1.39285841511780
C            1.67971799316909        0.11013608470823       -0.02358454743403
C            2.86372704322128        0.56870200012106        0.53801783586702
C            2.89566267488111        1.09892445334524        1.81504957903545
C            1.73523913469439        1.17900098282806        2.56300954084507
C            0.55712834770704        0.72880875136232        1.99983571776560
F           -0.58378608943118        0.81361382866472        2.72003605893930
C            0.50111351447067        0.19643647833513        0.71975589633402
C           -0.79153723767570       -0.25277802258007        0.15598558811831
C           -1.55914217929907        0.61930336920935       -0.62445055532591
O           -1.07433235203438        1.87171785958913       -0.82512425644252
C           -2.76102939907731        0.18852320985755       -1.16981102442421
C           -3.21163807382794       -1.10034565936315       -0.94110743076930
C           -2.47254651449339       -1.97522727060054       -0.16767042031700
C           -1.27547271185860       -1.53340628584111        0.36687558004932
F           -0.54019237254330       -2.38942847497812        1.10559296722772
H            0.76818049679870       -0.20876443765651       -1.93835244027460
H            1.67361816992791       -1.58461164342613       -1.31554741051654
H            2.54009406740813       -0.18675938064050       -1.95992945078475
H            3.77306273390413        0.50681809131346       -0.04155384161915
H            3.82729668640140        1.45204429779191        2.22977451017487
H            1.72710273477182        1.58230893402462        3.56290645290671
H           -1.64258998062829        2.34938539763184       -1.44023266730398
H           -3.34570818570405        0.86763923743264       -1.77488836720247
H           -4.14551134280972       -1.42382162946026       -1.37222802538674
H           -2.80334312305569       -2.98261980691495        0.02385812565566
26
 energy: -46.465971169757 gnorm: 0.003427179631 xtb: 6.6.1 (8d0f1dd)
C            1.66652538386305       -0.49379275504006       -1.39511682345504
C            1.68268203351025        0.11011946475623       -0.02502448663200
C            2.86612154826249        0.56657894926702        0.53956419519435
C            2.89505456286410        1.09628379965127        1.81688552502198
C            1.73324291911618        1.17862430351308        2.56257378771781
C            0.55606912842759        0.72925530205486        1.99683848166892
F           -0.58710850768035        0.81499308528593        2.71356126152239
C            0.50317643711941        0.19698642560525        0.71653939957471
C           -0.78912181437298       -0.25342776464921        0.15143294843803
C           -1.55607397402892        0.61743162206009       -0.63062409466614
O           -1.06896633994410        1.86730134273883       -0.83839341748362
C           -2.76043071371692        0.18684949545725       -1.17112489942293
C           -3.21117065822340       -1.10105198696980       -0.93810360866452
C           -2.47137617852122       -1.97555651106369       -0.16480194866110
C           -1.27322339881650       -1.53346860044262        0.36676734666525
F           -0.53729491330569       -2.38569343499491        1.10897653688110
H            0.77596268013579       -0.19302649235172       -1.94364900674144
H            1.65947228378330       -1.58300913687831       -1.31920788688652
H            2.54830305277140       -0.19622755402058       -1.95835688401749
H            3.77747886727176        0.50404323256978       -0.03673798309993
H            3.82615785614026        1.44775941866952        2.23452143838834
H            1.72398760517460        1.58273829738829        3.56212366325118
H           -1.66101605025991        2.35748268658979       -1.42324595317506
H           -3.34734838612336        0.86464599285630       -1.77589083611882
H           -4.14730108211344       -1.42377159252810       -1.36529335407937
H           -2.80380234133341       -2.98206558952446        0.02914559877998
26
 energy: -46.466105783371 gnorm: 0.009251915431 xtb: 6.6.1 (8d0f1dd)
C            1.67599476011121       -0.48866431058504       -1.40113133778893
C            1.69142238616802        0.11030685059079       -0.02870781958963
C            2.87329963591905        0.56031416743019        0.54426145319519
C            2.89436846575707        1.08872143054528        1.82251851450801
C            1.72778764944976        1.17840788620570        2.56016035839952
C            0.55307539334436        0.73219129007443        1.98663345106292
F           -0.59512738998167        0.82225639122805        2.69482068517801
C            0.50846389057334        0.19925403991070        0.70610590465624
C           -0.78328853671790       -0.25475769351607        0.13849761606528
C           -1.55251673794711        0.61244093601885       -0.64419553291876
O           -1.06255457356517        1.85750397039262       -0.86999454306482
C           -2.76320845043375        0.18167340368936       -1.17194629870063
C           -3.21485191642897       -1.10330551929542       -0.92797438425386
C           -2.47077225808010       -1.97602203441074       -0.15657040779895
C           -1.26823464432041       -1.53335556487252        0.36394777138671
F           -0.52914180655596       -2.37881875852808        1.11046312528415
H            0.80453365536040       -0.15146059530442       -1.96108272163586
H            1.62724340475230       -1.57733977303598       -1.32944108386718
H            2.57650602431642       -0.22035436015459       -1.95049585219241
H            3.79078686137307        0.49497291317786       -0.02203530504215
H            3.82414074680365        1.43413532366406        2.24885240951860
H            1.71510814158607        1.58477644230705        3.55876504457842
H           -1.70678172317631        2.37493233893744       -1.38211759264820
H           -3.35402943932618        0.85741261057712       -1.77574595730391
H           -4.15652574342016       -1.42482261804552       -1.34522070370747
H           -2.80569779556106       -2.98039676700111        0.04499220667975
26
 energy: -46.466177111718 gnorm: 0.002826931787 xtb: 6.6.1 (8d0f1dd)
C            1.68035774392200       -0.48727454085842       -1.40234656642518
C            1.69330136886281        0.11040367548540       -0.02921740874907
C            2.87485796815765        0.55848292158643        0.54582271712951
C            2.89439447304386        1.08673896751727        1.82426651488603
C            1.72627184025974        1.17889361992878        2.55912077860076
C            0.55202916817856        0.73398103497736        1.98351074316695
F           -0.59670503462268        0.82604372590129        2.69018871144442
C            0.50909293151135        0.20020259122390        0.70320497864581
C           -0.78279134260594       -0.25462150860474        0.13580825216882
C           -1.55514786691662        0.61196123577484       -0.64427086984999
O           -1.06805263092883        1.85824619967047       -0.87104900214658
C           -2.76685841085729        0.18074818623147       -1.16969666545588
C           -3.21821581397751       -1.10383169443078       -0.92466466280290
C           -2.47146219050401       -1.97611806558885       -0.15525477745335
C           -1.26736964751812       -1.53342920569175        0.36154116287316
F           -0.52619363697816       -2.37970124765601        1.10524074621139
H            0.81298848766606       -0.14603365814001       -1.96490137889545
H            1.62682055117144       -1.57489309031239       -1.33238294792123
H            2.58325406501880       -0.22206059399332       -1.94804584670766
H            3.79382696909077        0.49187569472886       -0.01791429942991
H            3.82393736311191        1.42998081529367        2.25282658683244
H            1.71249750852593        1.58594746156549        3.55743501464606
H           -1.70585358464685        2.37288905053584       -1.38293366528367
H           -3.35816277286252        0.85727032154058       -1.77197558101109
H           -4.16131362026565       -1.42525723202664       -1.33894993334814
H           -2.80550388583672       -2.98044266465874        0.04799639887480
26
 energy: -46.466235866372 gnorm: 0.002852590245 xtb: 6.6.1 (8d0f1dd)
C            1.69249559201997       -0.48450462185925       -1.40597287481439
C            1.69961118619534        0.10984848460771       -0.03124175030395
C            2.87964621373278        0.55314068270068        0.55036561477136
C            2.89403171204991        1.08141796283278        1.82910381065303
C            1.72139550337249        1.17967553432112        2.55596911058859
C            0.54895997244854        0.73809781571854        1.97393382536028
F           -0.60258366482574        0.83547334561248        2.67496254663213
C            0.51159228032145        0.20225453268928        0.69418550778965
C           -0.77955656484823       -0.25461378037961        0.12614742714092
C           -1.55869901452781        0.60996595850684       -0.64894878557726
O           -1.07532714031338        1.85705685804262       -0.88189829423918
C           -2.77471853177455        0.17831142917326       -1.16488298236260
C           -3.22583629236394       -1.10497553298004       -0.91482080607247
C           -2.47215127891532       -1.97611600380282       -0.15062741677061
C           -1.26371617795496       -1.53316017374536        0.35556014624967
F           -0.51793446662543       -2.38014454714223        1.09429697438651
H            0.83954801686162       -0.12342448318142       -1.97835359748964
H            1.61552903879610       -1.57068421824249       -1.33986652559449
H            2.60768685027229       -0.23549237199099       -1.93903519975545
H            3.80228070810753        0.48318363620138       -0.00692048685843
H            3.82249248325836        1.41982253205022        2.26376136773111
H            1.70351999320588        1.58830930645609        3.55359956817855
H           -1.72253612118357        2.37684336082911       -1.37047747057354
H           -3.36850972288254        0.85600101796570       -1.76301086993363
H           -4.17270736399751       -1.42644706509384       -1.32057962837096
H           -2.80451321042931       -2.97983765928974        0.05810978923485
26
 energy: -46.466273973358 gnorm: 0.002688146511 xtb: 6.6.1 (8d0f1dd)
C            1.70558982722734       -0.48376828222577       -1.40889987039203
C            1.70623235107680        0.10816190746717       -0.03314454645944
C            2.88406869527981        0.54810956388854        0.55526197335903
C            2.89297975950992        1.07707763778355        1.83389680130503
C            1.71569885077062        1.18072165502785        2.55240195113602
C            0.54550045814148        0.74209278027525        1.96366857748943
F           -0.60958026787701        0.84521375547321        2.65811752380963
C            0.51397074540096        0.20359654111373        0.68479636259078
C           -0.77589158918117       -0.25445690812806        0.11575753033149
C           -1.56228792471602        0.60899884440728       -0.65317085125701
O           -1.08170108301261        1.85674155685858       -0.89093084665438
C           -2.78304060697532        0.17750908085971       -1.15841631510436
C           -3.23327146741485       -1.10511793568408       -0.90418415815930
C           -2.47184919860954       -1.97592533959006       -0.14707323943138
C           -1.25896634525879       -1.53290640077069        0.34820642377238
F           -0.50832583086455       -2.38155725878507        1.08078329121389
H            0.86767475386543       -0.10414627412461       -1.99112398296184
H            1.60597179786728       -1.56809002536966       -1.34736003822070
H            2.63199889355010       -0.25115851218280       -1.92915225726678
H            3.80966638746376        0.47417603116894        0.00349788449197
H            3.82002967411300        1.41157533599328        2.27424855887479
H            1.69236164956988        1.59093642750784        3.54931621981370
H           -1.74034712837605        2.38139793821118       -1.35856328609084
H           -3.38062489099610        0.85674168363943       -1.75076429300452
H           -4.18410295755877       -1.42659600550499       -1.30035890329149
H           -2.80175455299563       -2.97932579730975        0.06654849010599
26
 energy: -46.466303754180 gnorm: 0.002646028290 xtb: 6.6.1 (8d0f1dd)
C            1.71853506851338       -0.48558386487098       -1.41085647096797
C            1.71255164307652        0.10546066990539       -0.03490634719133
C            2.88781085529481        0.54312921522525        0.56033893009484
C            2.89106131270674        1.07408311814184        1.83816580836250
C            1.70937320093254        1.18264267177160        2.54846100356031
C            0.54173699829442        0.74642140894807        1.95315538722782
F           -0.61735736786297        0.85483286598214        2.64053068141600
C            0.51596314301784        0.20475791078868        0.67544481957533
C           -0.77245656093985       -0.25389899837256        0.10549449048485
C           -1.56663503452097        0.60979950585722       -0.65537279866705
O           -1.08902404998037        1.85859227940485       -0.89496782681103
C           -2.79196564189607        0.17883800887179       -1.14963175867427
C           -3.23986850917754       -1.10421098568682       -0.89318427853888
C           -2.46993295895325       -1.97600970844469       -0.14574721436571
C           -1.25287304494599       -1.53302595812813        0.33904321464320
F           -0.49634638160323       -2.38408733656060        1.06349138218697
H            0.89577631900576       -0.08850601339686       -2.00298436539011
H            1.59684674609224       -1.56811961659287       -1.35268826991812
H            2.65636546935614       -0.27049962247286       -1.91845914781941
H            3.81565084389595        0.46518728207221        0.01298661688541
H            3.81644765332220        1.40612801515346        2.28340823820239
H            1.67963891328560        1.59453208951933        3.54456315718837
H           -1.75496354376759        2.38485973484753       -1.35031975226570
H           -3.39527395477519        0.85991430042209       -1.73407280465484
H           -4.19475679248408       -1.42543458483555       -1.27918959728414
H           -2.79630432588706       -2.97980038754954        0.07065590272067
26
 energy: -46.466333141094 gnorm: 0.002529833008 xtb: 6.6.1 (8d0f1dd)
C            1.73048796520745       -0.49111688860671       -1.41106344064626
C            1.71829036030131        0.10156594125693       -0.03612925380089
C            2.89075163656990        0.53886598934831        0.56502142822796
C            2.88845921850303        1.07322791054913        1.84131095073954
C            1.70293573226537        1.18628621425447        2.54417246325400
C            0.53804844035978        0.75132113760631        1.94305318324472
F           -0.62513286655344        0.86427028466945        2.62336253699030
C            0.51770320328581        0.20554688421058        0.66697001124759
C           -0.76956450172578       -0.25315514951166        0.09619440231477
C           -1.57156725592962        0.61253986239305       -0.65461678302284
O           -1.09768070142952        1.86309538733606       -0.89205035632827
C           -2.80089082734174        0.18244887618325       -1.13876002657505
C           -3.24515081956622       -1.10217736214642       -0.88296036327473
C           -2.46660859397228       -1.97662152236602       -0.14765242588374
C           -1.24581665538998       -1.53398251591880        0.32784530395011
F           -0.48242351523475       -2.38802804320581        1.04217501606257
H            0.92199676674636       -0.08078944464151       -2.01225239286674
H            1.59041402687886       -1.57104438943642       -1.35500216032133
H            2.67668290914150       -0.29241043000464       -1.90783400370707
H            3.82054869277473        0.45636216914225        0.02164649823747
H            3.81216106600838        1.40408059823282        2.29055508944764
H            1.66664648091552        1.60030540880228        3.53920003847517
H           -1.76605543620514        2.38788808824728       -1.34564148466477
H           -3.41142943592605        0.86566737565167       -1.71345197224200
H           -4.20399336233438       -1.42249931083815       -1.25925365504668
H           -2.78881252734916       -2.98164507120768        0.06852039618861
26
 energy: -46.466361451133 gnorm: 0.002943011113 xtb: 6.6.1 (8d0f1dd)
C            1.74217048057232       -0.50010542273712       -1.41017410204419
C            1.72422856509539        0.09666975831598       -0.03728496286464
C            2.89389810262464        0.53354978046199        0.56998839872393
C            2.88520790502713        1.07353298604167        1.84375214117396
C            1.69580999446660        1.19264282496306        2.53892250094078
C            0.53395986934700        0.75832833287764        1.93194240507732
F           -0.63376201776877        0.87546998670092        2.60438816375072
C            0.51965611856280        0.20729698449300        0.65797280483346
C           -0.76692858067451       -0.25197808469485        0.08661223662263
C           -1.57779283069722        0.61725198416879       -0.65092436731424
O           -1.10870082443934        1.87008574020862       -0.88388914860566
C           -2.81100384667562        0.18769892156259       -1.12470590761415
C           -3.24944067438021       -1.09984827980601       -0.87240095104853
C           -2.46098639291813       -1.97854428474321       -0.15294924233826
C           -1.23657187251230       -1.53602867327280        0.31322413283694
F           -0.46373647847834       -2.39271377243122        1.01454563072001
H            0.95175111066396       -0.07044454993367       -2.02406738738962
H            1.57510356790483       -1.57763451649308       -1.35318186873605
H            2.70175108854347       -0.32580505062649       -1.89374006356017
H            3.82629226708544        0.44614942712415        0.03167082499280
H            3.80709751870565        1.40402630113498        2.29699153147002
H            1.65295863591300        1.60998518724205        3.53227679449685
H           -1.77912853939858        2.39204648797280       -1.33947766116638
H           -3.43105726348108        0.87294951912830       -1.68725517853764
H           -4.21259473946904       -1.41871404439525       -1.23858085676961
H           -2.77818116361910       -2.98586554326285        0.05970313234981
26
 energy: -46.466389784086 gnorm: 0.002201919303 xtb: 6.6.1 (8d0f1dd)
C            1.74594732622159       -0.51124608187597       -1.40641513236505
C            1.72615058211597        0.09208678799215       -0.03655490077570
C            2.89445988376866        0.53139258886036        0.57170427567452
C            2.88292980832676        1.07700123336853        1.84288301623517
C            1.69246472738148        1.19992595790027        2.53535818561777
C            0.53207381275947        0.76414527354840        1.92705457763314
F           -0.63763180265858        0.88309795009428        2.59578829589491
C            0.52034991536233        0.20798799527114        0.65531485644218
C           -0.76669843687326       -0.25102253677850        0.08389691708307
C           -1.58223321638136        0.62289585335594       -0.64297201410107
O           -1.11710117959785        1.87828912763097       -0.86723188799762
C           -2.81623532971986        0.19365308380168       -1.11381540942653
C           -3.24953058780350       -1.09737513903825       -0.86904794365485
C           -2.45577839561940       -1.98087759339201       -0.16194425605402
C           -1.23038844180848       -1.53877087159220        0.30171934400091
F           -0.45053960109187       -2.39774802185005        0.99213681868762
H            0.96428295310788       -0.07809205206894       -2.02583723700032
H            1.56896111625562       -1.58532501510429       -1.34668542428351
H            2.70736794102321       -0.34878173222359       -1.88557184717920
H            3.82822171962991        0.44050780366255        0.03631764252936
H            3.80405290886622        1.40890154269408        2.29682713534478
H            1.64725583562817        1.62061683165798        3.52704425976234
H           -1.78193791688038        2.39405639690029       -1.34003337928057
H           -3.44267268754039        0.88035652671270       -1.66761278077869
H           -4.21422634498734       -1.41469044518696       -1.23196463467875
H           -2.76954458948502       -2.99098346434058        0.04300052267025
26
 energy: -46.466410421237 gnorm: 0.001997873385 xtb: 6.6.1 (8d0f1dd)
C            1.74611633523363       -0.51746589224434       -1.40401170024460
C            1.72679201258112        0.08980335474200       -0.03574501293505
C            2.89517881354310        0.52934773286543        0.57222480539518
C            2.88250741573303        1.07871178109049        1.84182100363476
C            1.69157829904075        1.20538356000965        2.53318381949011
C            0.53129261784333        0.76888077725282        1.92503383108292
F           -0.63893572321853        0.88979241303524        2.59229257381426
C            0.52080057485054        0.20925728417817        0.65477259794222
C           -0.76679171599431       -0.25039381081653        0.08347030370601
C           -1.58468858351745        0.62556073545155       -0.63777809452009
O           -1.12268762718771        1.88272220581115       -0.85741369674780
C           -2.81870389388422        0.19561493049499       -1.10859673130460
C           -3.24889989228817       -1.09735115139140       -0.86903570166174
C           -2.45226642896312       -1.98300317036881       -0.16805562858726
C           -1.22690937817898       -1.54055882209232        0.29542243878428
F           -0.44270921731810       -2.40008549384912        0.97972632953888
H            0.97147810431066       -0.07661293441312       -2.02863329050128
H            1.55612984846296       -1.58983561218028       -1.34155047783343
H            2.71215250373319       -0.36670106265633       -1.87933242255772
H            3.83029340095766        0.43629981750566        0.03956817941899
H            3.80356843393267        1.41074271861193        2.29616136264486
H            1.64691389757421        1.62913413365608        3.52352779649429
H           -1.78620859808767        2.39710930319826       -1.33486343336862
H           -3.44773432445372        0.88284455640966       -1.65842671825581
H           -4.21391110456721       -1.41433929891975       -1.23179037631104
H           -2.76435577013770       -2.99485605538106        0.03138724288241
26
 energy: -46.466432347571 gnorm: 0.000619685501 xtb: 6.6.1 (8d0f1dd)
C            1.74274345020176       -0.51998282524019       -1.40211625195031
C            1.72550890151985        0.08948090361883       -0.03457210464698
C            2.89501579657640        0.52896014630318        0.57114794760034
C            2.88373041471925        1.08020978403618        1.84011004835202
C            1.69344691372173        1.20834912948067        2.53258304225407
C            0.53197309630229        0.77119282112885        1.92672238379725
F           -0.63705518413989        0.89385223240355        2.59535900846677
C            0.52034733741602        0.20991341009285        0.65722517074474
C           -0.76718457451549       -0.25020437457441        0.08592635341668
C           -1.58482349359480        0.62565080869873       -0.63515516129769
O           -1.12383740378084        1.88386306556747       -0.85238665309726
C           -2.81775071876021        0.19491231221885       -1.10959572465461
C           -3.24728497014190       -1.09876744481039       -0.87373766794424
C           -2.45084821149488       -1.98419760431990       -0.17199307642552
C           -1.22680624899401       -1.54113359753460        0.29477303823202
F           -0.44273081419030       -2.40114611326513        0.97832724663469
H            0.97014676941561       -0.07723357154860       -2.02778606703402
H            1.54659071459258       -1.59012909636465       -1.33739685930067
H            2.70938375989580       -0.37470559767261       -1.87712600880399
H            3.82988194335457        0.43556823188814        0.03827930098980
H            3.80526537876745        1.41266331173365        2.29317878298504
H            1.65125802387643        1.63430670536858        3.52220141558300
H           -1.78820495947506        2.39957290589474       -1.32505026237936
H           -3.44532398945424        0.88272631699906       -1.65988977111701
H           -4.21083967624348       -1.41693463475108       -1.24024359720037
H           -2.76260225557467       -2.99678522535177        0.02457446679576
26
 energy: -46.466467938847 gnorm: 0.001426136611 xtb: 6.6.1 (8d0f1dd)
C            1.73462577470463       -0.52660549789518       -1.39744734680188
C            1.72253593827969        0.08765625426359       -0.03161985775550
C            2.89412386791747        0.52839787041454        0.56863859804188
C            2.88592521875203        1.08431744286512        1.83585166084536
C            1.69735063456751        1.21576438032594        2.53071004802744
C            0.53346288522184        0.77708871009039        1.93008139452078
F           -0.63298524853818        0.90301173996535        2.60186211661905
C            0.51917412933231        0.21081312677502        0.66296503093748
C           -0.76807600973775       -0.25021352646036        0.09145234321392
C           -1.58525372172324        0.62602823805862       -0.62897020151779
O           -1.12697675711171        1.88663839364303       -0.83978848068476
C           -2.81499513045295        0.19397054762972       -1.11190828861331
C           -3.24228938954443       -1.10163738479716       -0.88442729604769
C           -2.44647489296904       -1.98735070890280       -0.18169630106470
C           -1.22569337993933       -1.54339872165898        0.29231503814427
F           -0.44265115278773       -2.40450610600358        0.97539596895207
H            0.96948463196679       -0.07469171158591       -2.02616737398206
H            1.52232156749179       -1.59304045740571       -1.32911755183799
H            2.70410951930224       -0.39581527778343       -1.87038597704855
H            3.82825988835554        0.43334144244016        0.03498786723625
H            3.80853546502406        1.41778808004283        2.28595752576203
H            1.66020295979727        1.64611343305655        3.51872994683376
H           -1.79425225253348        2.40589585171103       -1.30282099050780
H           -3.44020243323143        0.88353142919528       -1.66247502078574
H           -4.20278043866655       -1.42170483186464       -1.25773638141970
H           -2.75748167347736       -3.00139071611941        0.00897252893330
26
 energy: -46.466505529609 gnorm: 0.001889490532 xtb: 6.6.1 (8d0f1dd)
C            1.72346911482059       -0.53648129924037       -1.39063590733917
C            1.71857351444872        0.08374437984844       -0.02726589761117
C            2.89259927444196        0.52677866661231        0.56591739980420
C            2.88859474112126        1.09020676306172        1.83006539041098
C            1.70241061762742        1.22632527207523        2.52805995679898
C            0.53566505173831        0.78527552323395        1.93427962367707
F           -0.62803503278996        0.91645801103812        2.60936261577135
C            0.51740376135439        0.21186840298703        0.67061885991084
C           -0.76952200043528       -0.24987886111774        0.09905765459824
C           -1.58647174898706        0.62759549534252       -0.61974029834370
O           -1.13222151881371        1.89151853165775       -0.82004458375789
C           -2.81152402994454        0.19378893739814       -1.11364873274572
C           -3.23454168837237       -1.10511789172676       -0.89821604309281
C           -2.43942187444556       -1.99178200893913       -0.19546825922391
C           -1.22345531513278       -1.54624294529540        0.28895666457911
F           -0.44093182354504       -2.40914156476098        0.97039024375591
H            0.97143158840573       -0.06921649078589       -2.02451494580884
H            1.48582445294591       -1.59755075875858       -1.31955693113146
H            2.69797904288050       -0.42956326040586       -1.85981838675328
H            3.82511739267774        0.42896069506591        0.03000514533011
H            3.81268697065458        1.42619165000540        2.27527767988271
H            1.67031966507091        1.66295621979671        3.51356042355981
H           -1.80317920290667        2.41476578419011       -1.27316100716200
H           -3.43477278256902        0.88494510663135       -1.66441586628899
H           -4.19026631659307       -1.42792348939685       -1.28141245716111
H           -2.74773185365300       -3.00847886851713       -0.01429334165913
26
 energy: -46.466539457926 gnorm: 0.001854197910 xtb: 6.6.1 (8d0f1dd)
C            1.70999384117424       -0.54944512112753       -1.38182356719583
C            1.71376173024247        0.07809172567996       -0.02195787733918
C            2.89045703842990        0.52429887867849        0.56303021405475
C            2.89164774925518        1.09739215575727        1.82294480460755
C            1.70835293660797        1.23988722738199        2.52439756639778
C            0.53850756989969        0.79615214669228        1.93842415075317
F           -0.62237170685258        0.93367807703481        2.61707033543419
C            0.51505479733280        0.21345452156469        0.67935063597772
C           -0.77174183102504       -0.24866687271885        0.10822806708204
C           -1.58951065731642        0.63106151674074       -0.60700054371452
O           -1.14077170001083        1.89915077227078       -0.79285881110993
C           -2.80801619210318        0.19445364884304       -1.11431686533463
C           -3.22388640897119       -1.10944342022468       -0.91506333657279
C           -2.42921391668791       -1.99745338040620       -0.21347135989460
C           -1.21941806304958       -1.54926608492053        0.28375464254710
F           -0.43685521542507       -2.41385400740246        0.96322334735877
H            0.97704445546769       -0.06126717246471       -2.02326521464333
H            1.43881631294714       -1.60298144684654       -1.30844892552636
H            2.69098032935299       -0.47446093040664       -1.84479528594947
H            3.82072222830944        0.42081774001751        0.02420055856087
H            3.81779295824655        1.43587266017774        2.26200403713880
H            1.68065497860354        1.68376502984462        3.50678339913650
H           -1.81428391941712        2.42485829104698       -1.23958785998080
H           -3.43099728445975        0.88674056496139       -1.66402762147218
H           -4.17393687499622       -1.43521012072232       -1.30952907708294
H           -2.73278315555473       -3.01762439945184       -0.04390641323254
26
 energy: -46.466560938982 gnorm: 0.001081494245 xtb: 6.6.1 (8d0f1dd)
C            1.70240748617708       -0.55939641565308       -1.37554957050512
C            1.71083937111330        0.07319978110147       -0.01830949472333
C            2.88900871406904        0.52124521402841        0.56203980361282
C            2.89332819335631        1.10167033840271        1.81848637659652
C            1.71166615988522        1.24949322327454        2.52138454158054
C            0.54017424057141        0.80421661863531        1.93991539247212
F           -0.61940701834437        0.94673958331077        2.61999997397586
C            0.51337193129272        0.21477454792904        0.68425301234352
C           -0.77346469964650       -0.24727764149141        0.11361523750068
C           -1.59289225969392        0.63448471564241       -0.59768354356460
O           -1.14899276680061        1.90573249241728       -0.77190343731844
C           -2.80713082420586        0.19606167240249       -1.11237295142854
C           -3.21692323423928       -1.11156370212782       -0.92455107002238
C           -2.42144770081244       -2.00104601271436       -0.22606378032769
C           -1.21574479655198       -1.55077772661902        0.27910883936885
F           -0.43154266730071       -2.41677176892391        0.95515700936675
H            0.98439134895470       -0.05774234248195       -2.02327821742935
H            1.40868918446989       -1.60659724896659       -1.30143728750966
H            2.68716975549143       -0.50683812842216       -1.83303532987098
H            3.81761214765241        0.41345273568605        0.02110302869929
H            3.82080826190076        1.44202566234645        2.25325608457624
H            1.68534614157850        1.69862855836021        3.50133201617377
H           -1.82266615704465        2.43106750533700       -1.21951179051755
H           -3.43184545594170        0.88861245424233       -1.65993720783681
H           -4.16278428091245       -1.43923957552243       -1.32702147818462
H           -2.71997107501835       -3.02415254019377       -0.06563715702778
26
 energy: -46.466579096956 gnorm: 0.000565300451 xtb: 6.6.1 (8d0f1dd)
C            1.69966429449023       -0.56816774362487       -1.37088281012937
C            1.70953225802514        0.06917978014080       -0.01604990598164
C            2.88841388142413        0.51801982445603        0.56222379058322
C            2.89413737015035        1.10446284654194        1.81570041687458
C            1.71299346737962        1.25724035089904        2.51828831864820
C            0.54079503957167        0.81121802701466        1.93891760492382
F           -0.61854717024210        0.95820387610522        2.61874099189339
C            0.51230718104721        0.21644279200671        0.68595659728775
C           -0.77469535482258       -0.24552212103976        0.11596738392656
C           -1.59745465229425        0.63840959057442       -0.58933248758795
O           -1.15819047459190        1.91217359605518       -0.75410043687042
C           -2.80893822714266        0.19824761182596       -1.10798706871923
C           -3.21265875622974       -1.11284481388517       -0.93004025996031
C           -2.41482056911658       -2.00374434440584       -0.23650770146445
C           -1.21151088284317       -1.55162721694801        0.27292003800421
F           -0.42432708274038       -2.41871773616529        0.94434378545045
H            0.99429443621346       -0.05711878455127       -2.02469545539287
H            1.38884170335355       -1.60989273407474       -1.29566064751870
H            2.68763044714900       -0.53285178994566       -1.82226715116776
H            3.81630239117657        0.40525081711144        0.02099842069050
H            3.82247921978460        1.44522711429658        2.24819926447717
H            1.68626844164024        1.71056659392726        3.49621686400093
H           -1.83032202605156        2.43519579645502       -1.20737215568120
H           -3.43712261440937        0.89089853686084       -1.65154985586802
H           -4.15659359453418       -1.44113168535288       -1.33583386125840
H           -2.70847872638731       -3.02911618427764       -0.08283467916035
26
 energy: -46.466596602961 gnorm: 0.001054539376 xtb: 6.6.1 (8d0f1dd)
C            1.70056770218359       -0.57739848796045       -1.36682784710997
C            1.70980372654849        0.06490071863581       -0.01429666632601
C            2.88882311957854        0.51386034835527        0.56371272437656
C            2.89436691671437        1.10629369572999        1.81427498221933
C            1.71265628079464        1.26496102441623        2.51456559058968
C            0.54035639764048        0.81894150931098        1.93545391963269
F           -0.61946260653909        0.97017829562087        2.61368707921243
C            0.51188196182259        0.21845490593804        0.68521695531913
C           -0.77514389811276       -0.24369024808815        0.11559732348930
C           -1.60256497220958        0.64229610199327       -0.58208715705362
O           -1.16873070524324        1.91876929102767       -0.73780472559152
C           -2.81319464189003        0.20096916395431       -1.10096544306457
C           -3.21131869367490       -1.11298580514482       -0.93124228549694
C           -2.40895311094883       -2.00581162800579       -0.24573641313702
C           -1.20650829483324       -1.55230378739152        0.26466226444012
F           -0.41450758179646       -2.42102042857794        0.92857721151641
H            1.00760239335400       -0.05837104948550       -2.02763682178108
H            1.37424150927278       -1.61412019553744       -1.29041343707991
H            2.69213181892443       -0.55782274630485       -1.81101320675979
H            3.81678982181061        0.39668461867739        0.02355805407011
H            3.82301248946081        1.44733501516257        2.24589701108150
H            1.68465401289559        1.72232350852311        3.49055657340833
H           -1.83930201594022        2.43928467553603       -1.19702894908447
H           -3.44593758087639        0.89410478964241       -1.63871237240287
H           -4.15405213205620       -1.44203677716882       -1.33933408336885
H           -2.69721191688002       -3.03379450885873       -0.09930128109888
26
 energy: -46.466616165350 gnorm: 0.001386754705 xtb: 6.6.1 (8d0f1dd)
C            1.70478704298156       -0.58720033136908       -1.36309856815804
C            1.71157421928736        0.06057521822233       -0.01309011103116
C            2.89005936155289        0.50989158139222        0.56587639352128
C            2.89383397496094        1.10817786543870        1.81360568835249
C            1.71069411098794        1.27261044804182        2.51012980228894
C            0.53896406321535        0.82645210256703        1.93001823043516
F           -0.62217487589123        0.98304117145144        2.60483435697011
C            0.51216685860433        0.22022368222315        0.68245421228323
C           -0.77481765872064       -0.24201485413146        0.11291452539148
C           -1.60827916083795        0.64623440111965       -0.57493156322402
O           -1.17971103696139        1.92506131961607       -0.72333149707720
C           -2.81928639826319        0.20402381690792       -1.09220027480366
C           -3.21177070395895       -1.11279647323938       -0.93085484073947
C           -2.40348240918347       -2.00770173840823       -0.25514881194741
C           -1.20074855505292       -1.55329289512403        0.25386144629656
F           -0.40301481979431       -2.42389627890165        0.90868813592119
H            1.02316411707529       -0.06271316737049       -2.03109641482592
H            1.36595842533463       -1.61946899064663       -1.28555828140398
H            2.69952710983639       -0.58089125214180       -1.79989632419441
H            3.81917412742562        0.38740550295643        0.02881270871575
H            3.82228664975244        1.44858652696602        2.24611517339174
H            1.68081850011148        1.73436275389414        3.48401513926365
H           -1.84957518837240        2.44384565833227       -1.18598911521236
H           -3.45723440967896        0.89846072394510       -1.62220833720413
H           -4.15562746849110       -1.44142283406741       -1.33622886401736
H           -2.68728587591971       -3.03755195767418       -0.11433380899236
26
 energy: -46.466643401522 gnorm: 0.001261886611 xtb: 6.6.1 (8d0f1dd)
C            1.71178373170572       -0.59971832293254       -1.35868812499407
C            1.71478028366051        0.05476057489454       -0.01182072859215
C            2.89231495696784        0.50394907697569        0.56925978004417
C            2.89284711211108        1.10986866937384        1.81336605308301
C            1.70724941539925        1.28258954877361        2.50385172379602
C            0.53648158951629        0.83683012900065        1.92154077202164
F           -0.62664215624822        1.00007055629336        2.59129312085452
C            0.51297852413815        0.22250793008275        0.67767865775962
C           -0.77367832140904       -0.24030259874766        0.10796661268442
C           -1.61494778558352        0.65039863646352       -0.56710890697623
O           -1.19287505915979        1.93215364607538       -0.70723167030406
C           -2.82764076047069        0.20768938100420       -1.08040345202695
C           -3.21413850173514       -1.11184351827483       -0.92793091225150
C           -2.39739852759797       -2.00961949836420       -0.26605409217346
C           -1.19331478894715       -1.55472522402723        0.23918166502038
F           -0.38791241081830       -2.42797201351562        0.88140181514728
H            1.04353437755236       -0.06884829374182       -2.03554400824141
H            1.35803936665915       -1.62698418624969       -1.27941517732444
H            2.71085017466461       -0.60894094055466       -1.78602318241626
H            3.82331300807697        0.37581852122898        0.03679769761460
H            3.82056176859370        1.45009046362705        2.24766272794666
H            1.67504470750912        1.75010681478771        3.47495776424242
H           -1.86435835223913        2.45071139500927       -1.16774365995046
H           -3.47169310157812        0.90423700610956       -1.60023119123054
H           -4.15937224043426       -1.44074001998197       -1.33034452378631
H           -2.67580701033338       -3.04208573330997       -0.13305975994686
26
 energy: -46.466688307326 gnorm: 0.001226143937 xtb: 6.6.1 (8d0f1dd)
C            1.72525805731073       -0.61962358683981       -1.35218904094308
C            1.72103744243215        0.04538298515616       -0.01031292427052
C            2.89648498987898        0.49435801310846        0.57530356837131
C            2.89065842078012        1.11204820117035        1.81370866585232
C            1.70050557139812        1.29831351355715        2.49310463660563
C            0.53185203650332        0.85322416710676        1.90616246024646
F           -0.63527205907165        1.02853184926568        2.56590493714889
C            0.51487660306050        0.22581730472879        0.66838363599714
C           -0.77116938110197       -0.23783495982058        0.09814528003262
C           -1.62511645731251        0.65644656214878       -0.55604378975891
O           -1.21269073782474        1.94245865101330       -0.68466073830781
C           -2.84147012013304        0.21337757115179       -1.06139249859091
C           -3.21896807022995       -1.11007050002010       -0.92217267960907
C           -2.38848154463934       -2.01211587781850       -0.28272261403584
C           -1.18157892802414       -1.55683094925789        0.21495562367964
F           -0.36390967346598       -2.43416641732436        0.83661360620681
H            1.07473902402479       -0.08344083038035       -2.04180544164081
H            1.35471726248050       -1.64009742573196       -1.27070952941013
H            2.72920207794380       -0.64752821969080       -1.76609246291146
H            3.83130892377568        0.35603061373567        0.05195181206792
H            3.81684993751989        1.45060902144725        2.25256867649387
H            1.66409230595286        1.77539425523326        3.45950547039490
H           -1.89043243634898        2.46283992552351       -1.13373829812685
H           -3.49523301995212        0.91380748671618       -1.56393924715514
H           -4.16772240077511       -1.43899686372457       -1.31659874309059
H           -2.65953782418187       -3.04793249045427       -0.16057136524636
26
 energy: -46.466740812916 gnorm: 0.001730074704 xtb: 6.6.1 (8d0f1dd)
C            1.74509601363100       -0.64702960416330       -1.34356547470628
C            1.72994621939447        0.03259131866981       -0.00886056163789
C            2.90230212558632        0.48013781277089        0.58417724863436
C            2.88729109250300        1.11443999239546        1.81427444031804
C            1.69075023116369        1.32002841765669        2.47727722402919
C            0.52541851914536        0.87591104018664        1.88330662687675
F           -0.64747498468635        1.06805408065184        2.52827026252179
C            0.51765176177805        0.23060615737143        0.65422663074039
C           -0.76745728188234       -0.23457720590971        0.08355723172183
C           -1.63884660909004        0.66447495554841       -0.54086482221744
O           -1.23860133852342        1.95572216552489       -0.65429829668548
C           -2.86008125219780        0.22086619858065       -1.03515760887119
C           -3.22547569730121       -1.10770658504151       -0.91417472199857
C           -2.37675798927391       -2.01506526799299       -0.30566167277951
C           -1.16567450225653       -1.55945008216253        0.18079207790305
F           -0.33228663806323       -2.44172964438547        0.77518374419288
H            1.11741584771605       -0.10430875952377       -2.05028192636040
H            1.35231840311096       -1.65925997151651       -1.25803836345673
H            2.75650530779718       -0.69925825165889       -1.73898091025800
H            3.84223761722604        0.32850770309615        0.07364961777549
H            3.81102234238913        1.45142049896920        2.25957855476420
H            1.64795329699048        1.81096862317780        3.43663302408716
H           -1.92876246951986        2.48012592742803       -1.07960553274260
H           -3.52681848509762        0.92624394351539       -1.51365709041324
H           -4.17913415370769       -1.43677970186874       -1.29675220724634
H           -2.63853737683166       -3.05493176132000       -0.19766849419144
26
 energy: -46.466778620965 gnorm: 0.002632582697 xtb: 6.6.1 (8d0f1dd)
C            1.76309903375514       -0.66829292359385       -1.33729556441907
C            1.73778416500460        0.02205564778935       -0.00825671119260
C            2.90680298848281        0.46969861585159        0.59157531800118
C            2.88385519458694        1.11611316216851        1.81515135387388
C            1.68214422718968        1.33623636138931        2.46393085609261
C            0.52020365056357        0.89281817363476        1.86316196255894
F           -0.65758634221079        1.09739391084866        2.49529481356842
C            0.52039408896715        0.23314280032492        0.64134189040039
C           -0.76420798757315       -0.23242221123119        0.07035924134339
C           -1.64837621542370        0.66982062145901       -0.53073318188722
O           -1.25641542254867        1.96440898684205       -0.63285763929190
C           -2.87425518873654        0.22669429328453       -1.01441953402282
C           -3.23215749750432       -1.10440950959565       -0.90543180036644
C           -2.37018202380413       -2.01543205684055       -0.32152539380221
C           -1.15497098441523       -1.56036358778756        0.15445306687252
F           -0.31052823195381       -2.44621656479742        0.72777173913610
H            1.14576987772498       -0.12983622897868       -2.05410387984034
H            1.36719060182337       -1.67704372279272       -1.24963969761575
H            2.77627877248527       -0.72667912013935       -1.72157631007947
H            3.85099447321070        0.30735328202336        0.09231283088391
H            3.80524669299985        1.45129036197822        2.26670128574656
H            1.63344571849178        1.83725108510623        3.41768777466236
H           -1.95875858142529        2.49280407382694       -1.03351346641539
H           -3.55063703595574        0.93547369264915       -1.47373977933270
H           -4.18951263108144       -1.43380547779452       -1.27892544118479
H           -2.62562134265288       -3.05805166562525       -0.22436473368962
26
 energy: -46.466800090007 gnorm: 0.001522749166 xtb: 6.6.1 (8d0f1dd)
C            1.76965626961449       -0.67790935165024       -1.33403685191405
C            1.74023083925521        0.01771986412922       -0.00788081044119
C            2.90803891733574        0.46545287503868        0.59427482065355
C            2.88242144881362        1.11801468187213        1.81440172523588
C            1.67912247638619        1.34418492571200        2.45755875933898
C            0.51853957530398        0.90011019283848        1.85485470048282
F           -0.66087402375181        1.11033758401539        2.48178318392044
C            0.52118541546243        0.23429421225850        0.63646418615461
C           -0.76326092702482       -0.23164631386997        0.06578009994810
C           -1.65235073450976        0.67217514928850       -0.52497875190342
O           -1.26357278452411        1.96818504801535       -0.62081292247233
C           -2.87922563992710        0.22906633388200       -1.00588775740989
C           -3.23343051584122       -1.10378696080715       -0.90428855710283
C           -2.36699026878217       -2.01612645856829       -0.33025936878109
C           -1.15087670978574       -1.56099742099444        0.14316405678106
F           -0.30287306677865       -2.44834583632647        0.70801418231045
H            1.15764958033258       -0.13949244705572       -2.05623073051847
H            1.36960554107693       -1.68557089109716       -1.24431876554730
H            2.78545561098196       -0.74160942820468       -1.71279500150510
H            3.85356435279853        0.29818707414917        0.09945044862681
H            3.80296589098986        1.45281183304549        2.26783275451604
H            1.62812803005688        1.85025428731127        3.40843490699072
H           -1.97136758973446        2.49800577680003       -1.00878280711491
H           -3.55940459286414        0.93922393863325       -1.45669665823018
H           -4.19208705644579       -1.43302463554126       -1.27408158102644
H           -2.62025003843852       -3.05951203287425       -0.23760426099230
26
 energy: -46.466825515590 gnorm: 0.000997698561 xtb: 6.6.1 (8d0f1dd)
C            1.77627247101949       -0.68924543225188       -1.32975859110408
C            1.74233173376833        0.01217564645391       -0.00706190658096
C            2.90891417050906        0.46060155176812        0.59698526135917
C            2.88098381357318        1.12076576591857        1.81274377265938
C            1.67614918319065        1.35408050740146        2.44991713341511
C            0.51701740023113        0.90804921933764        1.84604740495591
F           -0.66380803888252        1.12453538230611        2.46754963526553
C            0.52181250073862        0.23443805100657        0.63204268117367
C           -0.76248014782779       -0.23176287262983        0.06169398593812
C           -1.65617544509777        0.67456109812211       -0.51765181710370
O           -1.26977829258651        1.97171322459595       -0.60549468043320
C           -2.88363711710772        0.23230092004749       -0.99688540161492
C           -3.23447998605510       -1.10227969886122       -0.90423681859141
C           -2.36410908195446       -2.01679300503262       -0.34107361384999
C           -1.14716141723780       -1.56237745339038        0.13113271049344
F           -0.29672958415204       -2.45179401386222        0.68730996279030
H            1.16549670755370       -0.15483261821851       -2.05604518079226
H            1.37757244438846       -1.69777016063566       -1.23681805603496
H            2.79373059979934       -0.75326425071415       -1.70509975684178
H            3.85526757763210        0.28848977264382        0.10618434463573
H            3.80066216772278        1.45675289554599        2.26688441979073
H            1.62235159292147        1.86683275420146        3.39695959302354
H           -1.98389241097085        2.50307038085595       -0.97670565360304
H           -3.56742166992338        0.94377920085332       -1.43872395575274
H           -4.19369713490422       -1.43091093969242       -1.27225087593387
H           -2.61519203634801       -3.06111392576977       -0.25428559726374
26
 energy: -46.466848077579 gnorm: 0.001133440591 xtb: 6.6.1 (8d0f1dd)
C            1.77989798721123       -0.69833787314310       -1.32600660606030
C            1.74348052759117        0.00750801811037       -0.00582977751201
C            2.90942031603198        0.45752870097386        0.59848030155306
C            2.88019814872752        1.12400665439539        1.81072866632294
C            1.67440826213050        1.36205581576596        2.44437878921532
C            0.51599912579858        0.91387539072617        1.84071549812326
F           -0.66561728912237        1.13483387790932        2.45904157030972
C            0.52205573680314        0.23374513236082        0.63020487803248
C           -0.76194813018537       -0.23273407023179        0.05972875678669
C           -1.65815551790299        0.67590698498883       -0.51246911774303
O           -1.27333006966647        1.97410460757263       -0.59324434008327
C           -2.88602515334753        0.23505698036938       -0.99144431214882
C           -3.23483618110062       -1.10063129613702       -0.90572051180436
C           -2.36224879545407       -2.01721215560696       -0.34953735698061
C           -1.14477313723254       -1.56407648367200        0.12317752358692
F           -0.29275793956609       -2.45580447776765        0.67302032493258
H            1.16557963548728       -0.17007449365369       -2.05373473336036
H            1.38741337048362       -1.70892015842294       -1.22933194738455
H            2.79737633007311       -0.75803486395062       -1.70191584667420
H            3.85638605844615        0.28132452816453        0.11011228556965
H            3.79959333750215        1.46102930744910        2.26465074503187
H            1.61875758413800        1.88004993813079        3.38840432547470
H           -1.99246491568372        2.50753751380014       -0.95098243364518
H           -3.57253132947719        0.94791307715921       -1.42696716552487
H           -4.19419893666714       -1.42824496125416       -1.27423729216110
H           -2.61167902501814       -3.06240369403677       -0.26786322385660
26
 energy: -46.466872782391 gnorm: 0.001452525480 xtb: 6.6.1 (8d0f1dd)
C            1.78027531364447       -0.70561033064924       -1.32236232563503
C            1.74348813550535        0.00434067620131       -0.00435146444015
C            2.90941289080154        0.45633095341297        0.59862409043253
C            2.88018812416025        1.12712105655415        1.80831196878169
C            1.67428829542252        1.36739911186806        2.44088978233540
C            0.51590553140358        0.91688262675572        1.83894881081277
F           -0.66568581414564        1.14001867329337        2.45655983426693
C            0.52194677173872        0.23246747552502        0.63092918540376
C           -0.76200281148946       -0.23396897849065        0.06041321858278
C           -1.65889253189672        0.67682400651537       -0.50790063950937
O           -1.27426293218122        1.97534933340588       -0.58328379535370
C           -2.88627095640334        0.23745477476778       -0.98919310769617
C           -3.23419661427620       -1.09885841165669       -0.90929415116715
C           -2.36138101789666       -2.01719927485559       -0.35645749879554
C           -1.14398303816012       -1.56575900345321        0.11845252002668
F           -0.29237100110492       -2.45940759421149        0.66578479717845
H            1.15598629197420       -0.18705859283516       -2.04823954801403
H            1.40009023084032       -1.72021751578643       -1.22022703843764
H            2.79594086700379       -0.75508856646769       -1.70387561208232
H            3.85619267894140        0.27904475670395        0.11047787226269
H            3.79954444750514        1.46669856928489        2.26047060157323
H            1.61808946305251        1.88949152952743        3.38256753388486
H           -1.99594904212199        2.51076389194136       -0.93205658024920
H           -3.57314009723386        0.95116146538717       -1.42243676321607
H           -4.19308125764348       -1.42529619717620       -1.28040486899315
H           -2.61013192744005       -3.06288243556229       -0.27898782195233
26
 energy: -46.466916381199 gnorm: 0.001476054876 xtb: 6.6.1 (8d0f1dd)
C            1.77833522000220       -0.71685862514546       -1.31612411821502
C            1.74253882736676       -0.00023160191883       -0.00169266205757
C            2.90886140905550        0.45592988121166        0.59741903714580
C            2.88043358014692        1.13367888574306        1.80332519711629
C            1.67509218367520        1.37545845782435        2.43639800711169
C            0.51630781431626        0.92044599506441        1.83854761797237
F           -0.66458747412506        1.14541969982899        2.45691091628066
C            0.52144099524328        0.22994455241513        0.63396379405731
C           -0.76250378611085       -0.23603317696107        0.06331302763928
C           -1.65885110620400        0.67784392321773       -0.50131209912115
O           -1.27454500565410        1.97712769556525       -0.56721047919069
C           -2.88490247496558        0.24108841156129       -0.98811237024040
C           -3.23199756454694       -1.09599088575406       -0.91751989692060
C           -2.36026567363170       -2.01698931692739       -0.36755410984775
C           -1.14407474091848       -1.56798809860307        0.11315424183368
F           -0.29358422328359       -2.46495783265853        0.65740773121416
H            1.13078238544603       -0.21887934782348       -2.03674154575446
H            1.42505081362334       -1.74031004529574       -1.20147980805208
H            2.79010150116517       -0.74397216197603       -1.71127644987757
H            3.85526149040176        0.27682739518598        0.10871863023966
H            3.80014509744896        1.47667627955911        2.25221484190844
H            1.61942276904703        1.90241446794685        3.37522197808122
H           -1.99856193637159        2.51591763947694       -0.90514213962835
H           -3.57179573651899        0.95717498352995       -1.41818572962181
H           -4.18966835385880       -1.42035200979634       -1.29379983400949
H           -2.60843601074854       -3.06338316527090       -0.29708477806370
26
 energy: -46.466970985569 gnorm: 0.003276881123 xtb: 6.6.1 (8d0f1dd)
C            1.77554846105879       -0.73709077313498       -1.30484683745709
C            1.74096938969073       -0.00685151799264        0.00234874332941
C            2.90799456640319        0.45513849047424        0.59549038106189
C            2.88097894288548        1.14265727785674        1.79581194264188
C            1.67642177413405        1.38744603140746        2.42972038738320
C            0.51693740470832        0.92612343821282        1.83801122742094
F           -0.66302593481964        1.15442708655904        2.45729478285912
C            0.52064117884539        0.22682137457649        0.63855300882581
C           -0.76330737211347       -0.23819112393764        0.06764822657204
C           -1.66004782241141        0.68124855302441       -0.48887641665705
O           -1.27618627606291        1.98117718984240       -0.54061681758191
C           -2.88388378690300        0.24850770653033       -0.98456846569365
C           -3.22891273841289       -1.09026214972575       -0.93049642145843
C           -2.35773904495439       -2.01630202832918       -0.38709983998698
C           -1.14329632060793       -1.57126751908834        0.10209606626139
F           -0.29450016701927       -2.47327880679253        0.64124326383370
H            1.08145412707644       -0.28135209482812       -2.01372303158618
H            1.47697023414088       -1.77776150179181       -1.16575842077925
H            2.77826424462904       -0.71925823987631       -1.72815923552006
H            3.85354252764447        0.27441760196331        0.10567855023583
H            3.80087909634635        1.49295748341891        2.23877997377726
H            1.62177825653516        1.92336603322545        3.36380950331502
H           -2.00276431639864        2.52472655023632       -0.86469326134915
H           -3.56945069129353        0.96808124904671       -1.41075957632945
H           -4.18420521817450       -1.41187640265952       -1.31534738583614
H           -2.60506051492649       -3.06360190821804       -0.32818134728224
26
 energy: -46.466991919771 gnorm: 0.003360194889 xtb: 6.6.1 (8d0f1dd)
C            1.77633075233172       -0.74401587141470       -1.30117303521380
C            1.74113696950883       -0.00972487337082        0.00358715904416
C            2.90811978394860        0.45352242668260        0.59579281655380
C            2.88070851184190        1.14492049267377        1.79407830364777
C            1.67603239999592        1.39155412833702        2.42717880196165
C            0.51660226159931        0.92941651939798        1.83622294881827
F           -0.66343242867392        1.15919776974224        2.45490772315036
C            0.52051646753548        0.22684695131252        0.63850598538344
C           -0.76349071652245       -0.23774040125444        0.06762254433777
C           -1.66142014278676        0.68283269535809       -0.48515811669959
O           -1.27930688529724        1.98361595066055       -0.53173867209761
C           -2.88480015423442        0.25059076377000       -0.98239002006976
C           -3.22837744894352       -1.08865041607052       -0.93316916929400
C           -2.35628808619273       -2.01570858182207       -0.39308875731625
C           -1.14217689090900       -1.57133893181278        0.09711532859089
F           -0.29214618011229       -2.47478001600372        0.63244029327825
H            1.06954448809407       -0.30167248845538       -2.00575551396383
H            1.49477868941278       -1.78865717626036       -1.15571177856999
H            2.77539442562163       -0.71327819065150       -1.73288854588292
H            3.85378483218735        0.27173618620699        0.10653028138865
H            3.80050693120223        1.49606197306553        2.23648289604404
H            1.62161523933560        1.92907526380214        3.36019684729660
H           -2.00584761296191        2.52763849871587       -0.85478303305766
H           -3.57152909870413        0.97178560750265       -1.40489481231420
H           -4.18369216344289       -1.40966058900204       -1.31821226245238
H           -2.60256394383392       -3.06356569110984       -0.33833921256376
26
 energy: -46.467045114068 gnorm: 0.002322287519 xtb: 6.6.1 (8d0f1dd)
C            1.78017358203574       -0.75989781713229       -1.29297299669181
C            1.74233229659589       -0.01590741191760        0.00593826714944
C            2.90888078679206        0.44890541899495        0.59774842081603
C            2.87990454133602        1.14777735217546        1.79179703815462
C            1.67439282779604        1.40013968777292        2.42133470562383
C            0.51537439708715        0.93808710706091        1.83004760621276
F           -0.66554569449438        1.17307537917071        2.44544860093055
C            0.52055801941699        0.22860056213456        0.63604644945556
C           -0.76354784080450       -0.23489063385428        0.06512832810524
C           -1.66668864778976        0.68754470401613       -0.47631090834560
O           -1.29004559628607        1.99016907100283       -0.51266580293835
C           -2.89016301656573        0.25559188708928       -0.97366850904043
C           -3.22888043749540       -1.08500459878709       -0.93544238920717
C           -2.35156194050365       -2.01420852870983       -0.40672774858133
C           -1.13760705572470       -1.57018265310995        0.08295625559016
F           -0.28250021170952       -2.47586402934290        0.60734242070844
H            1.05100576042490       -0.34601308520995       -1.98976918028647
H            1.53346900194486       -1.81042198249556       -1.13484981294797
H            2.77064879423435       -0.70453518866766       -1.74033332429940
H            3.85561499052144        0.26216077683099        0.11179813157988
H            3.79927816927946        1.49922123899017        2.23457756673595
H            1.61993392322041        1.94178048448812        3.35195613771243
H           -2.01636629838830        2.53421143570527       -0.83757678637914
H           -3.58007390747113        0.97927301984845       -1.38753667616153
H           -4.18443658017954       -1.40609049007562       -1.31935893062423
H           -2.59414986327239       -3.06351970597829       -0.36154786327158
26
 energy: -46.467089251374 gnorm: 0.003220254011 xtb: 6.6.1 (8d0f1dd)
C            1.78604743243575       -0.78369208543259       -1.28081317110977
C            1.74387718526752       -0.02385088237910        0.00899515381395
C            2.90998698146551        0.44234804742787        0.60089642261081
C            2.87940606611250        1.15092964878923        1.78886553077293
C            1.67252975636883        1.41281647279345        2.41232192845410
C            0.51397236644712        0.95090884170214        1.82038717677824
F           -0.66807802982420        1.19417659543149        2.43052937117899
C            0.52064504310587        0.23141857162814        0.63199223199744
C           -0.76366028244743       -0.23046818277774        0.06113002700349
C           -1.67496203582819        0.69467041692979       -0.46245169407527
O           -1.30623438829282        1.99964778117707       -0.48337884742334
C           -2.89881958939809        0.26302107174874       -0.95975279454399
C           -3.23013330937590       -1.07961698128771       -0.93896517482367
C           -2.34475005773575       -2.01164891594336       -0.42801869215446
C           -1.13076751285447       -1.56807897593174        0.06127214966247
F           -0.26864606823927       -2.47658664628451        0.56959519413219
H            1.02356536884090       -0.41442126915066       -1.96854918175460
H            1.59229863281331       -1.84329858368103       -1.10113916278381
H            2.76402821733050       -0.69035193334578       -1.74983061025274
H            3.85789221904521        0.24782663674327        0.12015255101660
H            3.79834305234233        1.50322452437348        2.23195070757458
H            1.61752101609351        1.96191289549447        3.33874278804337
H           -2.03281548027555        2.54358146089100       -0.81055466536592
H           -3.59370010374650        0.98940019459228       -1.36065689442890
H           -4.18590335369409       -1.40104015114926       -1.32214566664149
H           -2.58164312595633       -3.06282655235919       -0.39721567768133
26
 energy: -46.467113412950 gnorm: 0.001928851217 xtb: 6.6.1 (8d0f1dd)
C            1.79256962364006       -0.79745494891342       -1.27401050074506
C            1.74557263039934       -0.02913122760603        0.01056353472060
C            2.91134641078717        0.43535676694452        0.60483096005510
C            2.87918757867244        1.15032169220255        1.78887784701813
C            1.67077888563981        1.42104409053049        2.40610127214338
C            0.51267794287635        0.96139413350470        1.81174930133008
F           -0.67037756105118        1.21145991084796        2.41700857303767
C            0.52077645195028        0.23521400058125        0.62695479839862
C           -0.76380933886753       -0.22580928344776        0.05658640058206
C           -1.68249858760891        0.69973935214592       -0.45347574825225
O           -1.32088660890242        2.00654111137275       -0.46509943983876
C           -2.90715500055712        0.26656179652647       -0.94802875563452
C           -3.23204566779259       -1.07767417925296       -0.93817469296431
C           -2.33916855103860       -2.01022623509214       -0.44117771254456
C           -1.12482527367440       -1.56533651363154        0.04565629387559
F           -0.25629611964444       -2.47437060580347        0.54176150974330
H            1.02219308664250       -0.44832907981487       -1.95892861593360
H            1.61927378567983       -1.85643568545898       -1.08579354043082
H            2.76379963135403       -0.69210319007033       -1.74957389469502
H            3.86013168767445        0.23471712727988        0.12877050022101
H            3.79783192918610        1.50104723721134        2.23397936334896
H            1.61475508141496        1.97455375266831        3.32994778605121
H           -2.04673781292519        2.54828216614195       -0.79946769207385
H           -3.60755075359169        0.99373500390132       -1.33808464891993
H           -4.18869450621010       -1.40036840641394       -1.31819587443178
H           -2.57084894405285       -3.06272678635422       -0.41941802406140
26
 energy: -46.467122231474 gnorm: 0.000603684573 xtb: 6.6.1 (8d0f1dd)
C            1.79281713930035       -0.79739413051851       -1.27377950238416
C            1.74490765287934       -0.02834095581743        0.01027782005169
C            2.91088340662006        0.43541538366315        0.60496815272791
C            2.87955975475673        1.15063345745695        1.78848082735421
C            1.67148243652684        1.42216887211110        2.40485128703180
C            0.51325222385110        0.96158409094917        1.81126043101013
F           -0.66927359523010        1.21352277757033        2.41591831338365
C            0.52049309170486        0.23511790224519        0.62693602467480
C           -0.76406109808974       -0.22619659069890        0.05662831700228
C           -1.68232938964121        0.69915438878952       -0.45331043932251
O           -1.32004666256634        2.00535281055484       -0.46426384100570
C           -2.90721718136153        0.26625551258832       -0.94719911549967
C           -3.23226206148585       -1.07767094508220       -0.93886165089415
C           -2.33950680993384       -2.00991344787751       -0.44316720810944
C           -1.12559519437807       -1.56518707927529        0.04581121950338
F           -0.25805698696695       -2.47436399021493        0.54156979587450
H            1.02132939918298       -0.45067205803309       -1.95945885333327
H            1.62034866855197       -1.85609192712213       -1.08250765945904
H            2.76474522207948       -0.69097113279720       -1.74877650256471
H            3.85935000263910        0.23238941157482        0.12991180990110
H            3.79851102409273        1.50071628166484        2.23347148003262
H            1.61502572153118        1.97748782873049        3.32732337292078
H           -2.04746895109384        2.54688486510733       -0.79291238887356
H           -3.60802670888274        0.99223863763375       -1.33614785606232
H           -4.18814052095805       -1.39995593566392       -1.32128809585241
H           -2.57072058312817       -3.06216202753898       -0.42237673810804
26
 energy: -46.467124983585 gnorm: 0.000325202166 xtb: 6.6.1 (8d0f1dd)
C            1.79313188947779       -0.79837945029324       -1.27317219159237
C            1.74465324202395       -0.02868202853681        0.01053251916879
C            2.91085021969055        0.43464435305198        0.60523803076007
C            2.87990598208097        1.15088078207348        1.78815769920054
C            1.67173563070458        1.42380227084402        2.40377375957641
C            0.51333754089917        0.96293132029780        1.81057822515417
F           -0.66880053161258        1.21528725274938        2.41554885550749
C            0.52025943567414        0.23513636664449        0.62706625939994
C           -0.76432990317798       -0.22657904905685        0.05694227675931
C           -1.68267485523808        0.69918601638178       -0.45244715100989
O           -1.32002739079736        2.00523891083665       -0.46284707905937
C           -2.90726581737633        0.26656910906639       -0.94707751367373
C           -3.23189010353785       -1.07767710108693       -0.94048169728132
C           -2.33933786127672       -2.01007577223586       -0.44490893360035
C           -1.12564380109829       -1.56557314053409        0.04540262033418
F           -0.25908735511041       -2.47499256215278        0.54164660573589
H            1.02107296235070       -0.45339766987454       -1.95901862212553
H            1.62221597047403       -1.85714451742665       -1.08102534763236
H            2.76460226633926       -0.69087512324277       -1.74862716830433
H            3.85905269995397        0.23115864217525        0.12984597454907
H            3.79907614361511        1.50082582916454        2.23280584295454
H            1.61486290255382        1.98016249548508        3.32559971594261
H           -2.04914381333546        2.54714960135519       -0.78676809003017
H           -3.60876421110767        0.99231807070460       -1.33507229437315
H           -4.18774699897963       -1.39945128931411       -1.32342099869517
H           -2.57004424318939       -3.06246131707627       -0.42491229766542
