26
 energy: -46.452357669864 gnorm: 0.080654023950 xtb: 6.6.1 (8d0f1dd)
C            0.70613200000000        2.04598800000000        0.71320500000000
C            1.41232700000000        0.90693800000000        0.07695300000000
C            2.77966800000000        0.95487400000000       -0.08612200000000
C            3.43487600000000       -0.09751600000000       -0.67433300000000
C            2.72275100000000       -1.19463400000000       -1.09795100000000
C            1.34950600000000       -1.24772300000000       -0.93651500000000
F            0.64941700000000       -2.32901300000000       -1.35425200000000
C            0.69379700000000       -0.18896500000000       -0.34521600000000
C           -0.75031800000000       -0.27767800000000       -0.19104200000000
C           -1.30319600000000       -0.83333300000000        0.96447900000000
O           -0.43425000000000       -1.28910100000000        1.94189200000000
C           -2.67017700000000       -0.92584000000000        1.12830300000000
C           -3.53413100000000       -0.47859600000000        0.16892000000000
C           -3.00519100000000        0.07193200000000       -0.97635600000000
C           -1.63864900000000        0.16970500000000       -1.15126000000000
F           -1.12401100000000        0.71320800000000       -2.28209700000000
H            0.35858400000000        2.78160100000000       -0.05252300000000
H           -0.16597800000000        1.74395500000000        1.29992700000000
H            1.42998900000000        2.58892500000000        1.35159900000000
H            3.29789000000000        1.84296800000000        0.26470300000000
H            4.51873200000000       -0.01296500000000       -0.78151800000000
H            3.26071100000000       -2.02692900000000       -1.56583700000000
H           -0.69736200000000       -1.39280700000000        2.90621800000000
H           -3.02732300000000       -1.37454900000000        2.06341300000000
H           -4.59101600000000       -0.57946400000000        0.35725100000000
H           -3.67277800000000        0.42902100000000       -1.74184100000000
26
 energy: -46.462280982971 gnorm: 0.033560841158 xtb: 6.6.1 (8d0f1dd)
C            0.70896797978442        2.07157078603141        0.71960680120583
C            1.41337376502985        0.92044168585295        0.08356565660030
C            2.78839121380552        0.95809544048418       -0.08752162693474
C            3.44972747197753       -0.10000754346687       -0.68081481419070
C            2.74363077231893       -1.20638693421999       -1.10741238763375
C            1.37291223406176       -1.24649295707559       -0.93896097363722
F            0.67779583821271       -2.32705294164889       -1.35495248733364
C            0.69753721863204       -0.18923261302122       -0.34581207608315
C           -0.76004180942887       -0.28080909443519       -0.17417095086899
C           -1.29806338506047       -0.83374519277774        0.99022500408773
O           -0.41022479422150       -1.27223478100445        1.93473948635557
C           -2.67079056230026       -0.93367200534218        1.15534609949461
C           -3.53523022463329       -0.48333895728167        0.17658954067638
C           -3.01929544145418        0.06968252811203       -0.97996040972051
C           -1.65145739985370        0.15935489289209       -1.14131156447334
F           -1.14560559390134        0.71102624264404       -2.26767002577498
H            0.35334634786218        2.77387630148723       -0.04704733299846
H           -0.15460958645259        1.75400491106925        1.29883331375864
H            1.39961245340887        2.61680175257376        1.36814745597807
H            3.31955924749805        1.83472170732070        0.25722405407524
H            4.52437502733023       -0.03780297916883       -0.79578710234326
H            3.26123207951852       -2.03831083596547       -1.57064213265052
H           -0.75214682606076       -1.40301206985482        2.84392877118886
H           -3.03878792085533       -1.37485142671565        2.07632572936909
H           -4.59639012336704       -0.57422692835573        0.34174470297639
H           -3.67781798185126        0.43160301186664       -1.75421273112346
26
 energy: -46.465130282250 gnorm: 0.015151078692 xtb: 6.6.1 (8d0f1dd)
C            0.70896518575551        2.08915730389708        0.72204852103895
C            1.41499030062598        0.92941864963896        0.08925794657599
C            2.79352630914080        0.95863070702854       -0.08855648576968
C            3.45986331669115       -0.09878076551793       -0.68332389732004
C            2.75911415314686       -1.21079488385110       -1.11448953900534
C            1.39001183496304       -1.23796021545757       -0.94005810388680
F            0.69818127200725       -2.31944188673775       -1.35373453057168
C            0.70056349606397       -0.18627113676438       -0.34664856728223
C           -0.76609583884416       -0.28163642544787       -0.16397173582652
C           -1.29112962144298       -0.83531755321719        1.00788371838721
O           -0.39307914371256       -1.24784191936486        1.93622577146750
C           -2.66683704577109       -0.93652671608975        1.17678882886772
C           -3.52756150631118       -0.48790764348422        0.18706872388469
C           -3.02756797726309        0.06642048669518       -0.97807753937987
C           -1.65799263268915        0.15546293389699       -1.13231854233224
F           -1.16285203244982        0.70737620039630       -2.25986921987943
H            0.34960860918956        2.76847094341956       -0.04867718206534
H           -0.14878115442118        1.75675509316693        1.30079905616764
H            1.38454069770676        2.63611829766179        1.37184227990265
H            3.34076780975263        1.82509960944205        0.24951736652975
H            4.52978399166015       -0.05509629536363       -0.80701638881554
H            3.25900616678059       -2.04578151388346       -1.57587958215617
H           -0.82222553056367       -1.43224221266924        2.79031700176249
H           -3.05212409883578       -1.36899228144515        2.08773700009204
H           -4.59285699799201       -0.57344382663302        0.33188398650358
H           -3.67981956318756        0.42512705068370       -1.75874888688933
26
 energy: -46.465531861233 gnorm: 0.013952875223 xtb: 6.6.1 (8d0f1dd)
C            0.70988546534494        2.09415290922106        0.72038992200598
C            1.41802066880121        0.93256519341345        0.09070814220457
C            2.79620633894489        0.95915765054691       -0.08965146686918
C            3.46294248004227       -0.09698103908649       -0.68439935782126
C            2.76220745263955       -1.20958244323557       -1.11573468668245
C            1.39343430826019       -1.23308317818697       -0.93697842245361
F            0.70125003336405       -2.31550717234494       -1.35061282565504
C            0.70234171194518       -0.18325531196194       -0.34436727523439
C           -0.76615916475720       -0.27905978351802       -0.16168850254360
C           -1.28883972020878       -0.83082141353066        1.01338789464780
O           -0.39501568771392       -1.24198533606404        1.94475986783421
C           -2.66431536960250       -0.93227763814958        1.18269472010149
C           -3.52332312315099       -0.48900491219960        0.19070749437362
C           -3.02802307059776        0.06341453438758       -0.97667105923453
C           -1.65720809006823        0.15536577947459       -1.13043043499555
F           -1.16562154871107        0.70608054726443       -2.25955750062202
H            0.34346496958239        2.76554819038381       -0.05485124234857
H           -0.14460576038641        1.75842299200895        1.30309366943304
H            1.38325569154132        2.64950167337453        1.36623321553620
H            3.35072402492082        1.82239510200219        0.24626869963760
H            4.53328959310901       -0.05848726095223       -0.81151928600801
H            3.25606459383346       -2.04744868555369       -1.57907910568872
H           -0.85356402575630       -1.47102072650829        2.77305055986568
H           -3.05757854959013       -1.36182991185329        2.09252258583736
H           -4.58964292224411       -0.57435862793622        0.33070491385685
H           -3.67919029954187        0.41810086900399       -1.75898051917747
26
 energy: -46.465875233204 gnorm: 0.008041693737 xtb: 6.6.1 (8d0f1dd)
C            0.71137178428418        2.09869443308357        0.71719861140741
C            1.42223699068983        0.93571484879690        0.09293057479913
C            2.79913028249046        0.96012393324924       -0.08987491133941
C            3.46560846501164       -0.09452395430931       -0.68507557140765
C            2.76380176222238       -1.20680006443551       -1.11597245990500
C            1.39528190622528       -1.22744681014999       -0.93193744091455
F            0.70224029894268       -2.31194117786200       -1.34511486502593
C            0.70431459632099       -0.17990300845596       -0.33905375339252
C           -0.76522543126193       -0.27645445029636       -0.15871825843740
C           -1.28814882013706       -0.82702048987272        1.01786209285641
O           -0.40341219727514       -1.24139944633904        1.95764428442799
C           -2.66298758587473       -0.92478146767919        1.18761896402956
C           -3.52012010278519       -0.48802753539109        0.19383941474721
C           -3.02694332989855        0.05989494119521       -0.97523383453969
C           -1.65443220511769        0.15595321295833       -1.12791778977932
F           -1.16500917953223        0.70396940730957       -2.25897305797177
H            0.33206537811172        2.75986773386459       -0.06333044484269
H           -0.13582808409087        1.76202020694606        1.31092990034033
H            1.38580997459280        2.66904945018182        1.35104383538510
H            3.36089027418875        1.82088232380633        0.24301054069331
H            4.53667402253535       -0.05912596289215       -0.81666691140816
H            3.25140947077113       -2.04758938408680       -1.58287056440333
H           -0.88042690294974       -1.52461614300522        2.75189745944070
H           -3.06439809039535       -1.35065854841251        2.09744434880430
H           -4.58727166374952       -0.57406532657300        0.32982144354390
H           -3.67663161331916        0.40818527836923       -1.76050160710790
26
 energy: -46.466036227812 gnorm: 0.008473721697 xtb: 6.6.1 (8d0f1dd)
C            0.71408026540967        2.10251283677743        0.71361781909633
C            1.42538627371729        0.93886178870096        0.09328037352583
C            2.80115582669344        0.96229859209011       -0.09127366772831
C            3.46619444322062       -0.09319242063847       -0.68679954631741
C            2.76268269236769       -1.20515147514543       -1.11480845120385
C            1.39444435569126       -1.22531828191106       -0.92678554598260
F            0.70014041487480       -2.31141472474803       -1.33761172179960
C            0.70567785831803       -0.17735637726002       -0.33357100412164
C           -0.76321739487778       -0.27277571050542       -0.15376249347452
C           -1.28871275240841       -0.82386660097692        1.02105158435043
O           -0.41141321622299       -1.23993788109721        1.96944999895415
C           -2.66360333273565       -0.92184116256920        1.18799637894995
C           -3.52029024772439       -0.48732187443400        0.19342895670381
C           -3.02441097006705        0.05823138642493       -0.97497643321646
C           -1.65122924670921        0.15700116944843       -1.12492757611494
F           -1.16062959621565        0.70267497200767       -2.25660222018826
H            0.32133211431097        2.75441797465647       -0.06921360659274
H           -0.12402174416987        1.76757127212692        1.32122141690879
H            1.39297902436705        2.68491383705991        1.33248885648219
H            3.36464718529597        1.82315486792838        0.23900423041539
H            4.53713332024788       -0.05706484082371       -0.82097134455674
H            3.24769846545209       -2.04668230283564       -1.58360397916600
H           -0.89930646924384       -1.57432130043692        2.73845856473845
H           -3.06659251841149       -1.34499798627587        2.09879036861579
H           -4.58748846881340       -0.57309193496325        0.32921379019448
H           -3.67263628236700        0.40269817739993       -1.76309474847251
26
 energy: -46.466159847924 gnorm: 0.006433514682 xtb: 6.6.1 (8d0f1dd)
C            0.71761901629023        2.10674376902831        0.71021400977705
C            1.42788791548029        0.94189153263677        0.09366473656769
C            2.80264528902610        0.96520701569438       -0.09350504137261
C            3.46564889782245       -0.09217694564603       -0.68935113133806
C            2.76030855608966       -1.20411779140865       -1.11249663108854
C            1.39255184332244       -1.22529561041181       -0.92001300116861
F            0.69705357538670       -2.31314351527917       -1.32659867922473
C            0.70660338930503       -0.17602602469560       -0.32628074518340
C           -0.76115733615401       -0.27078280100395       -0.14653031428044
C           -1.29213231182897       -0.82432939102131        1.02377141958901
O           -0.42217208274160       -1.24284877614438        1.97998712753017
C           -2.66767622205679       -0.92027894728509        1.18665012869572
C           -3.52309588052559       -0.48521096735078        0.19094459286911
C           -3.02068492615309        0.05866269081468       -0.97530201585335
C           -1.64732364718980        0.15832136057828       -1.12030904950666
F           -1.15259921385186        0.70286682756352       -2.25087445470766
H            0.30443804819249        2.74511004221207       -0.07408545016652
H           -0.10599740149919        1.77422051848945        1.33911165063279
H            1.40404130418864        2.70426544976469        1.30703652849795
H            3.36547345578980        1.82759201400104        0.23354482344470
H            4.53604621143524       -0.05336837185084       -0.82584684467406
H            3.24445344711559       -2.04540975855910       -1.58246605385445
H           -0.90550413518255       -1.61759923847268        2.72218344713059
H           -3.07017156342313       -1.34422122938784        2.09715351773201
H           -4.59013718259691       -0.57122581857397        0.32634424494607
H           -3.66611904624109        0.40115596630797       -1.76694681499374
26
 energy: -46.466203411230 gnorm: 0.005858893257 xtb: 6.6.1 (8d0f1dd)
C            0.72172210495194        2.11278344109573        0.70677625478025
C            1.43010540773889        0.94589024817367        0.09278779232404
C            2.80450652219891        0.96849895929460       -0.09813137749740
C            3.46501654870293       -0.09205572765036       -0.69276839445618
C            2.75798041446441       -1.20500003714831       -1.10935501402718
C            1.39080625066545       -1.22626997491825       -0.91271019359158
F            0.69384755959410       -2.31532352762614       -1.31263012992710
C            0.70752437286259       -0.17398210195699       -0.32022507993154
C           -0.75953244039712       -0.26644291385662       -0.13819208482466
C           -1.29466043895685       -0.82255083468380        1.02814928243991
O           -0.42834898356513       -1.23786001942149        1.98931821330128
C           -2.67121936347743       -0.92282130036851        1.18469968055758
C           -3.52509054815911       -0.48552128162818        0.18773801004117
C           -3.01732836724713        0.06098076415833       -0.97543635908869
C           -1.64433881616870        0.16152187782372       -1.11494921440015
F           -1.14548942962927        0.70545606328004       -2.24415427368843
H            0.28909005421225        2.73741089327305       -0.07784042460433
H           -0.08772545958024        1.78163282695901        1.35502075029814
H            1.41415434416814        2.72257637521501        1.28377177584222
H            3.36626532564299        1.83296021949522        0.22433696846571
H            4.53461502637738       -0.05183634708845       -0.83211072976158
H            3.24186261793012       -2.04674873861139       -1.57809870713574
H           -0.91882763656355       -1.66397083276517        2.70839554233461
H           -3.07271541838829       -1.35000017507447        2.09359737542680
H           -4.59201305082317       -0.57295633493148        0.32155706381066
H           -3.66020659655404        0.40363047896119       -1.76954672668776
26
 energy: -46.466249484935 gnorm: 0.001734889859 xtb: 6.6.1 (8d0f1dd)
C            0.72179335885996        2.11314489678295        0.70723216407681
C            1.42938376971121        0.94580327941565        0.09216326948455
C            2.80413468977974        0.96878137723441       -0.10012606786464
C            3.46432104358844       -0.09261593827908       -0.69360250649922
C            2.75754446826955       -1.20661071259624       -1.10801772822963
C            1.39054767129461       -1.22815641777780       -0.91122886982862
F            0.69355990436413       -2.31699293850488       -1.30886633828577
C            0.70726194618248       -0.17460841567233       -0.32005328260816
C           -0.75997900652679       -0.26675442453025       -0.13723682691450
C           -1.29570493555398       -0.82451517092553        1.02804452774120
O           -0.42753824382117       -1.23863961090271        1.98684289365750
C           -2.67262791063340       -0.92670219754871        1.18285137213733
C           -3.52543229845153       -0.48669863548291        0.18597093235583
C           -3.01698613965083        0.06387071379281       -0.97543018619118
C           -1.64441489451541        0.16354463830626       -1.11380627535086
F           -1.14415862793255        0.70955799844900       -2.24153811191741
H            0.28594671752317        2.73576695454491       -0.07573462457565
H           -0.08482115678776        1.78167171300178        1.35789888463018
H            1.41447993531903        2.72327802179555        1.28170755756974
H            3.36480830636697        1.83429090751801        0.22100285384794
H            4.53374050643823       -0.05238497733396       -0.83356819367596
H            3.24269117551029       -2.04857564551115       -1.57497172940647
H           -0.91291851022856       -1.65397692743743        2.71009653203990
H           -3.07373308065522       -1.35731255450546        2.09017834492639
H           -4.59238083110126       -0.57491941264047        0.31863826536840
H           -3.65951785734928        0.40975547880753       -1.76844685648766
26
 energy: -46.466295160978 gnorm: 0.003916442621 xtb: 6.6.1 (8d0f1dd)
C            0.72432991791781        2.11806908797181        0.70517422342427
C            1.43013595372408        0.94880334424716        0.09020390835365
C            2.80486113689657        0.97207370119635       -0.10876192045369
C            3.46266074444386       -0.09306624873282       -0.69792323986089
C            2.75522747424102       -1.21082766186254       -1.10156470922783
C            1.38908994683258       -1.23239394560554       -0.90061568347907
F            0.69073458677579       -2.32240824582888       -1.28781928092691
C            0.70775685161055       -0.17401938428059       -0.31420506839331
C           -0.75979066945017       -0.26395290727796       -0.13007843550858
C           -1.29931426019797       -0.82811670893439        1.03022808324163
O           -0.43173952803369       -1.24147376026123        1.98808836193984
C           -2.67726625418599       -0.93646392604550        1.17724401350819
C           -3.52605896602326       -0.48959575334614        0.18009539363622
C           -3.01380004520581        0.07311819600139       -0.97469881819732
C           -1.64172127860402        0.17282679272915       -1.10710283290266
F           -1.13613977772398        0.72482508290966       -2.23004890730397
H            0.26295372683744        2.72382066272817       -0.07645832814162
H           -0.06365063023970        1.78493086104984        1.37828701885663
H            1.42284667353979        2.74286972487207        1.25639115193413
H            3.36434342475793        1.84091672851602        0.20499225028784
H            4.53144581669812       -0.05305246771909       -0.84254449819214
H            3.24174932771030       -2.05494471969851       -1.56346078744980
H           -0.91184783091333       -1.66778877202220        2.70474317928790
H           -3.07937705695007       -1.37821951741325        2.07886434151581
H           -4.59325310927649       -0.58222053365639        0.30733202998978
H           -3.65417617518128        0.42629237046339       -1.76636144593807
26
 energy: -46.466335501869 gnorm: 0.003963281283 xtb: 6.6.1 (8d0f1dd)
C            0.72582373743494        2.12216585703591        0.70176127788252
C            1.43133235689701        0.95197284771456        0.08791059547527
C            2.80557821894649        0.97488705340201       -0.11584528696106
C            3.46165044513121       -0.09310836558442       -0.70100902299910
C            2.75364372482964       -1.21425952292130       -1.09508460166353
C            1.38819149902771       -1.23511287121108       -0.89040347262691
F            0.68861869175218       -2.32719960059697       -1.26841980653761
C            0.70839661093422       -0.17278103474817       -0.30900153359448
C           -0.75945886618863       -0.26110025332165       -0.12499763291614
C           -1.30124338742668       -0.83202849006723        1.03100048862572
O           -0.43567967816787       -1.24724397969198        1.98937958246004
C           -2.67959763252467       -0.94440217161798        1.17251809898697
C           -3.52548375631722       -0.49226093631834        0.17583145108486
C           -3.01133168157869        0.08082406898874       -0.97328199185809
C           -1.63909844258744        0.18223308331553       -1.10122634324418
F           -1.13023340414918        0.74110175548022       -2.21964323067320
H            0.24308301318034        2.71401065215300       -0.07770972183535
H           -0.04575368958615        1.78855953093963        1.39407289599062
H            1.42854138893754        2.76053624411098        1.23235416119956
H            3.36554704331330        1.84611181557628        0.19065581647913
H            4.52992432518127       -0.05385951475076       -0.85045121057384
H            3.23993990856753       -2.06105805617353       -1.55263244482365
H           -0.91506403474611       -1.68459356342916        2.70021821680678
H           -3.08399325571662       -1.39419642003428        2.06934871592893
H           -4.59299580409574       -0.58866833952290        0.29815558528079
H           -3.65033733104828        0.43947221127286       -1.76350058589402
26
 energy: -46.466410636320 gnorm: 0.004118643608 xtb: 6.6.1 (8d0f1dd)
C            0.72766092179074        2.13053535268863        0.69250715604095
C            1.43350772960835        0.95894893203279        0.08184871160376
C            2.80659972748599        0.98024826468448       -0.12942509385483
C            3.45995416665903       -0.09377879282030       -0.70512567399957
C            2.75113818372381       -1.22172190557416       -1.08017490517690
C            1.38687750599762       -1.24015531021870       -0.86921018176316
F            0.68510039565672       -2.33701979751002       -1.22947416022862
C            0.70945219491528       -0.16973405964538       -0.29972703325228
C           -0.75904581846977       -0.25535111186047       -0.11694826284861
C           -1.30349001010850       -0.84237605246413        1.02998538107747
O           -0.44137676385717       -1.26425190743939        1.98822240535226
C           -2.68209636385108       -0.96183558545819        1.16257260399476
C           -3.52345963494852       -0.49812054471790        0.16837671541621
C           -3.00748448807039        0.09707410555738       -0.96896386022358
C           -1.63465865184140        0.20339899312771       -1.08933492323843
F           -1.12126113774713        0.78004912295951       -2.19732114904176
H            0.20307050564905        2.69423993767421       -0.08176324594405
H           -0.01070900245541        1.79671701233056        1.42154716441707
H            1.43683638547499        2.79561418575658        1.18227201542522
H            3.36870708221349        1.85517907960528        0.16308326633358
H            4.52730392995618       -0.05722904045957       -0.86290338389120
H            3.23603353449916       -2.07472480548401       -1.52811303885438
H           -0.92107310533029       -1.71444600534473        2.69208896775821
H           -3.09142009816490       -1.42692363610700        2.04967834028118
H           -4.59151643480002       -0.60170087548147        0.28138410057295
H           -3.64465075398573        0.46736644416825       -1.75508191595620
26
 energy: -46.466475492309 gnorm: 0.004492779352 xtb: 6.6.1 (8d0f1dd)
C            0.72897677717719        2.14013456928286        0.67995677996104
C            1.43543114294416        0.96664434837793        0.07428856482990
C            2.80722953022245        0.98583488559816       -0.14330932962034
C            3.45850386397726       -0.09496635450385       -0.70794811290782
C            2.74925914617701       -1.22985639938294       -1.06270897122397
C            1.38608735338124       -1.24560712731381       -0.84564285747466
F            0.68265922259157       -2.34819309399299       -1.18742032242521
C            0.71035494009447       -0.16668447382409       -0.29038664930833
C           -0.75858149437404       -0.24991897022090       -0.10931770708137
C           -1.30505979072639       -0.85603844894020        1.02700271140320
O           -0.44613769646748       -1.28889087028237        1.98328880549239
C           -2.68366301035357       -0.98152530900037        1.15172194345011
C           -3.52149325779591       -0.50383022162417        0.16157923887326
C           -3.00405655560472        0.11484603909745       -0.96268126499480
C           -1.63060233551059        0.22672452000083       -1.07588051040299
F           -1.11382997458796        0.82503062094027       -2.17150499142983
H            0.16566663107629        2.67555992096225       -0.08674908483474
H            0.02410241967519        1.80922359009415        1.44322342645798
H            1.44179154483759        2.83011631307425        1.12916847851033
H            3.37158851277101        1.86467890237326        0.13370756913296
H            4.52473486631611       -0.06063570971833       -0.87415186307662
H            3.23225016059827       -2.08945595189731       -1.50016573059141
H           -0.92803389903640       -1.74489001690509        2.68363898986871
H           -3.09771381112381       -1.46238915254449        2.02839204686967
H           -4.58993134488699       -0.61398867207158        0.26579816431755
H           -3.63953294137179        0.49807906242102       -1.74389932379499
26
 energy: -46.466530796437 gnorm: 0.003434075872 xtb: 6.6.1 (8d0f1dd)
C            0.72915533435202        2.14726792291664        0.66860835292151
C            1.43612520563433        0.97153377319750        0.06858061178588
C            2.80703121805043        0.98926989076409       -0.15127017183531
C            3.45819345534281       -0.09610518061256       -0.70761150836539
C            2.74933532087155       -1.23466863566102       -1.05005970278512
C            1.38659609547807       -1.24881377785584       -0.83007691774327
F            0.68323495698028       -2.35524724338332       -1.16178359333781
C            0.71076014778002       -0.16529113557934       -0.28490732568904
C           -0.75814950589360       -0.24775006162689       -0.10541158587227
C           -1.30529574987678       -0.86798436544525        1.02284230753916
O           -0.44788912378752       -1.31293514634025        1.97545381704066
C           -2.68363723070508       -0.99458722639843        1.14482338282496
C           -3.52080106574392       -0.50589799581874        0.15922271074956
C           -3.00273481024550        0.12664710151014       -0.95623062714867
C           -1.62895063992913        0.24168189690871       -1.06613343624366
F           -1.11185866876463        0.85539309325348       -2.15294926867683
H            0.14758883735449        2.66565034367057       -0.09272809964591
H            0.04299711567931        1.82184018212794        1.44797739590757
H            1.44093678178011        2.84953978346668        1.09505032183861
H            3.37250354434508        1.87009935481705        0.11645900983134
H            4.52372210129259       -0.06245921858432       -0.87731929008058
H            3.23090635204611       -2.09821760672535       -1.48069892050732
H           -0.93353183632433       -1.76449212565975        2.67721415844176
H           -3.09970531196301       -1.48459286744028        2.01498718371709
H           -4.58919210677360       -0.61838048810306        0.25975793019311
H           -3.63734041697992        0.51850173260154       -1.73379673486002
26
 energy: -46.466587507713 gnorm: 0.004846173498 xtb: 6.6.1 (8d0f1dd)
C            0.73057930046096        2.16007076073074        0.64984448169261
C            1.43771798611351        0.97947591989850        0.06042528134586
C            2.80711625022581        0.99578842559453       -0.16430085691361
C            3.45830719507693       -0.09768194902056       -0.70702494989916
C            2.74996045591720       -1.24157048431065       -1.02960429734890
C            1.38782817733582       -1.25403555653976       -0.80429808392244
F            0.68502375942358       -2.36611724145862       -1.12133954085429
C            0.71191466957553       -0.16396215530591       -0.27368308639502
C           -0.75663186431332       -0.24485522420520       -0.09658449436332
C           -1.30732384924809       -0.88791635253773        1.01693229189865
O           -0.45369733591349       -1.35400171869307        1.96404320933926
C           -2.68582547545877       -1.01435880078205        1.13383041518321
C           -3.52176569238869       -0.50668639856354        0.15536046060864
C           -2.99951881494130        0.14606245337063       -0.94564638370525
C           -1.62536145338772        0.26440655238096       -1.04892859246243
F           -1.10658295690296        0.90086410165285       -2.12160980010978
H            0.10636640494989        2.64175827092297       -0.10705635208160
H            0.08204225955898        1.84261303318791        1.46794816405341
H            1.44580405678171        2.89142831558592        1.02702774565326
H            3.37324999323483        1.87998831394519        0.08937330839447
H            4.52275075834125       -0.06362701511363       -0.88078190391510
H            3.22951837407941       -2.11055506819224       -1.45036684006241
H           -0.94612334368222       -1.80913282013914        2.65993264074414
H           -3.10411427903250       -1.51866538850404        1.99405478866429
H           -4.59005167655670       -0.62072278547136        0.25140487273283
H           -3.63118289924942        0.55143481156723       -1.71895247827726
26
 energy: -46.466649469687 gnorm: 0.003355038924 xtb: 6.6.1 (8d0f1dd)
C            0.72920957435879        2.16581733494466        0.63774171011314
C            1.43702312471383        0.98119511406824        0.05685654006333
C            2.80646863921711        0.99718240698561       -0.16514113403008
C            3.46002634398660       -0.09868779052634       -0.70202909649785
C            2.75300638081525       -1.24293462518840       -1.02109092763304
C            1.39023817829563       -1.25542176949417       -0.79763175457015
F            0.68992398594998       -2.36900824123572       -1.11383194284244
C            0.71215477596963       -0.16494521388874       -0.27204208393940
C           -0.75580872689751       -0.24652946760258       -0.09491702241315
C           -1.30758459385889       -0.89795879990862        1.01260943213621
O           -0.45404972736400       -1.37909839485702        1.95283311974532
C           -2.68620760897911       -1.01959751972365        1.13190751758168
C           -3.52387974508722       -0.50276649950501        0.15883188756804
C           -2.99986807793085        0.15381515643769       -0.93803316893879
C           -1.62586269542566        0.26997415208025       -1.04207144430741
F           -1.10880104413634        0.91293701069948       -2.11032914390100
H            0.10109577504850        2.63694564504357       -0.11873906187792
H            0.08772002179574        1.85698334541542        1.46174772817594
H            1.44237199727168        2.90206133246586        1.00228810692326
H            3.37094162802167        1.88294770796503        0.08505759634497
H            4.52468390097065       -0.06258512173612       -0.87267245198802
H            3.23292818493481       -2.11309001653071       -1.43833558898296
H           -0.95033464732540       -1.82970432368839        2.64874833039177
H           -3.10290425222806       -1.52850717653161        1.98968121415666
H           -4.59191625362043       -0.61348207565193        0.25793127117580
H           -3.63057513849617        0.56445982996310       -1.70936963245384
26
 energy: -46.466697156222 gnorm: 0.003050923374 xtb: 6.6.1 (8d0f1dd)
C            0.72710135113820        2.17241827322942        0.62321554802686
C            1.43617499610810        0.98354634571186        0.05178313522682
C            2.80597198814173        0.99946522690425       -0.16800312461503
C            3.46188591851124       -0.09924166009043       -0.69717991622832
C            2.75647340326275       -1.24608484815096       -1.00948365881050
C            1.39303305055643       -1.25876120367466       -0.78804853793912
F            0.69529550010645       -2.37496515628799       -1.09947837621480
C            0.71272356095682       -0.16598329480722       -0.27008300728110
C           -0.75499671711370       -0.24772003935341       -0.09211596585373
C           -1.30850078613305       -0.90987520423460        1.00835632561854
O           -0.45538954619301       -1.40661901360275        1.94061895024308
C           -2.68756531006546       -1.02776988298973        1.12885375438570
C           -3.52546976542527       -0.49908334357148        0.16214211240486
C           -2.99959089623465        0.16624542726862       -0.92916762705957
C           -1.62562845910608        0.27953875121618       -1.03344532510295
F           -1.10883934146950        0.93153652997140       -2.09612067280579
H            0.08660131006516        2.62754840900535       -0.13142228702831
H            0.09831456908200        1.87309979751266        1.46012783713051
H            1.43955471921020        2.91841196414579        0.96665466715185
H            3.36833697155690        1.88841516232107        0.07618595667648
H            4.52706371827936       -0.06150677005725       -0.86541346156354
H            3.23771917395313       -2.11872963706282       -1.42064912029222
H           -0.95395152710781       -1.85740921175696        2.63385700103439
H           -3.10355205537737       -1.54495180483640        1.98260900826576
H           -4.59367920742001       -0.60726334781690        0.26324554093833
H           -3.62908661928233        0.58574053100684       -1.69703875630812
26
 energy: -46.466743530370 gnorm: 0.002294211128 xtb: 6.6.1 (8d0f1dd)
C            0.72366516383253        2.17746521944224        0.60895480379906
C            1.43445069364689        0.98500094643282        0.04669277969964
C            2.80503057808995        1.00158985580551       -0.17005239739257
C            3.46381223864552       -0.09910179824537       -0.69112811888412
C            2.76051414703573       -1.24870916705219       -0.99864590016159
C            1.39641433297565       -1.26250727198802       -0.78036062957770
F            0.70153209636853       -2.38112138483996       -1.08742020405678
C            0.71332736327463       -0.16765754584165       -0.26965811070017
C           -0.75437691284438       -0.24966254731989       -0.09051073812532
C           -1.30878164886574       -0.92039291696013        1.00435890696608
O           -0.45596709373125       -1.43020839357061        1.92886577897326
C           -2.68842104200431       -1.03393038824815        1.12677524942395
C           -3.52611824015662       -0.49353535258414        0.16705921501590
C           -2.99960563468103        0.17871461362893       -0.92034059722948
C           -1.62570480448380        0.28767131209259       -1.02617584717856
F           -1.10881542254490        0.94598964991128       -2.08512297250400
H            0.07153687307941        2.61739516153632       -0.14460138021480
H            0.10548383042639        1.88711338078608        1.45676949928545
H            1.43497251438961        2.93248928199371        0.93310075830862
H            3.36484771037224        1.89321775932069        0.07051715168713
H            4.52978051534811       -0.06043950658018       -0.85597066542141
H            3.24428697874013       -2.12298376122804       -1.40397665290280
H           -0.95500051922395       -1.88782640646521        2.61660015622815
H           -3.10358789340928       -1.55751270943762        1.97739214277864
H           -4.59468631632213       -0.59818938523203        0.27062459046011
H           -3.62858950795770        0.60713335464290       -1.68374681827659
26
 energy: -46.466787435795 gnorm: 0.001556739871 xtb: 6.6.1 (8d0f1dd)
C            0.71868544838441        2.18123673696153        0.59449795242571
C            1.43190364807949        0.98606228667102        0.04118157621719
C            2.80346458546631        1.00370110311746       -0.17163380429256
C            3.46548317358595       -0.09869324744587       -0.68383457271618
C            2.76470580410261       -1.25118115026653       -0.98769467217764
C            1.40007971777973       -1.26658357966520       -0.77316088502942
F            0.70806825700364       -2.38777134944627       -1.07553361648913
C            0.71384610944693       -0.16972499136333       -0.27010424063986
C           -0.75393360032153       -0.25199537149251       -0.09037318886286
C           -1.30804275992002       -0.93035810224460        0.99991866073013
O           -0.45527846757753       -1.45175966627550        1.91706492693040
C           -2.68821249732516       -1.03922609328666        1.12490734882588
C           -3.52574668241600       -0.48667798193827        0.17284723534059
C           -2.99981321421213        0.19182219431768       -0.91137224221313
C           -1.62590334264298        0.29567335043025       -1.01990062295735
F           -1.10882230029650        0.95906327712066       -2.07610980213779
H            0.05597660822005        2.60660935041769       -0.15810728854381
H            0.11061041285503        1.89871033659518        1.45277045098188
H            1.42833022473202        2.94528370167852        0.90037064060470
H            3.36070695243743        1.89785706560500        0.06610841101935
H            4.53217556188388       -0.05985040822843       -0.84520749812231
H            3.25174523409635       -2.12658894355035       -1.38699994391240
H           -0.95336778977460       -1.91959724340399        2.59809072603711
H           -3.10281083081526       -1.56825852240982        1.97258631495288
H           -4.59469659699801       -0.58693749949901        0.27894597093200
H           -3.62915365577384        0.62918674760123       -1.66925783690327
26
 energy: -46.466838149023 gnorm: 0.001691107584 xtb: 6.6.1 (8d0f1dd)
C            0.70989240437162        2.18493650644534        0.57419887663908
C            1.42776965217500        0.98720979007580        0.03297064858239
C            2.80076583079375        1.00640009714676       -0.17289443690265
C            3.46761616762411       -0.09819964523119       -0.67221481537919
C            2.77068951478559       -1.25471529528686       -0.97200374123057
C            1.40537699761584       -1.27230924619513       -0.76370139149155
F            0.71708619576480       -2.39699975124365       -1.06009768112480
C            0.71444860581365       -0.17278029600691       -0.27205385690995
C           -0.75345169437501       -0.25546813406132       -0.09274225189036
C           -1.30542742625347       -0.94368779258320        0.99243988490853
O           -0.45167029509717       -1.47919799886825        1.89968719487104
C           -2.68598083973412       -1.04585440426516        1.12254835838025
C           -3.52409056015074       -0.47595642959003        0.18207780262609
C           -3.00042652632929        0.21068866343846       -0.89836444453118
C           -1.62643590484588        0.30670711818703       -1.01269147856540
F           -1.10971361693870        0.97617642734175       -2.06602581542101
H            0.03452023016345        2.59177324407468       -0.17777100828019
H            0.11340081817777        1.91105837391916        1.44284270188082
H            1.41523487207550        2.96004310478436        0.85944045164028
H            3.35467344161442        1.90352367034345        0.06193901905010
H            4.53517778979705       -0.06002334767600       -0.82828875895854
H            3.26271597202719       -2.13137019306077       -1.36257663536698
H           -0.94718290535423       -1.96206962850287        2.57176471391562
H           -3.09997863961707       -1.58148505991045        1.96633257550480
H           -4.59342965053332       -0.56897390091022        0.29235028846798
H           -3.63158043357046        0.66057612763508       -1.64716620041442
26
 energy: -46.466864723698 gnorm: 0.001529153875 xtb: 6.6.1 (8d0f1dd)
C            0.70369247205057        2.18758307804674        0.56013788088479
C            1.42519734566079        0.98891011451685        0.02619897026579
C            2.79880500905018        1.00859558829787       -0.17491305019277
C            3.46861100124344       -0.09857610264344       -0.66450664312362
C            2.77413881965889       -1.25801992900023       -0.95949767288329
C            1.40837260864262       -1.27620088550199       -0.75527042829130
F            0.72210003168210       -2.40361513978387       -1.04683756680955
C            0.71456350649615       -0.17424378796729       -0.27315864183714
C           -0.75323007354950       -0.25700644770800       -0.09512668057470
C           -1.30357936300765       -0.95320408858539        0.98599803824289
O           -0.44849683669490       -1.49756264037020        1.88696474076785
C           -2.68388647936656       -1.05217289070900        1.11957424774353
C           -3.52300899960587       -0.47007113239969        0.18728172852216
C           -3.00072662050730        0.22392863013185       -0.88913457457983
C           -1.62675768494678        0.31573066962801       -1.00762628341368
F           -1.11093442166106        0.99144823914936       -2.05779045569332
H            0.02016955944312        2.58233406149555       -0.18997391490545
H            0.11727246555347        1.91885383418591        1.43913780629328
H            1.40705273449473        2.97136341217331        0.83013011333918
H            3.35103826436779        1.90773297634756        0.05638227960708
H            4.53644661702935       -0.06073483129917       -0.81769558664779
H            3.26894013328398       -2.13622777986445       -1.34288961560446
H           -0.94248984163207       -1.98912960379264        2.55382520705984
H           -3.09767838947351       -1.59360104271256        1.95972016240814
H           -4.59228566827172       -0.55904007967569        0.30025312302683
H           -3.63332618993997        0.68292777804042       -1.63118318360431
26
 energy: -46.466877845161 gnorm: 0.000606547212 xtb: 6.6.1 (8d0f1dd)
C            0.70374807802016        2.18931280389877        0.55637316580673
C            1.42541486936663        0.98972859688465        0.02466739437984
C            2.79903129258230        1.00826808160035       -0.17477786833002
C            3.46867309346092       -0.09981020972550       -0.66256425322184
C            2.77401875796022       -1.25909706329426       -0.95613846564883
C            1.40792939548788       -1.27592814304877       -0.75377776898789
F            0.72129515816875       -2.40336953960933       -1.04501965476518
C            0.71417840272773       -0.17328997299054       -0.27424472589944
C           -0.75343093809476       -0.25632726808637       -0.09631094975289
C           -1.30281808482838       -0.95447009746235        0.98393399529401
O           -0.44660454625107       -1.49937068708808        1.88370244037046
C           -2.68269831348089       -1.05451950438625        1.11852457407894
C           -3.52302257894902       -0.47107644853188        0.18814206353149
C           -3.00165475782313        0.22569391021635       -0.88639204990832
C           -1.62777756156329        0.31795652634512       -1.00648019015866
F           -1.11351739022647        0.99663540588725       -2.05504453919539
H            0.02261607872167        2.58554977240952       -0.19544584784995
H            0.11401451567264        1.92062976842167        1.43158962243309
H            1.40634068335323        2.97123614090786        0.83153246487980
H            3.35168580583698        1.90726980456599        0.05516475294126
H            4.53667380105690       -0.06262622596620       -0.81422597847998
H            3.26857054829722       -2.13830279666320       -1.33690976619345
H           -0.93977862907227       -1.99214855632493        2.55053321974952
H           -3.09579351571318       -1.59791291827956        1.95744634768215
H           -4.59206704489316       -0.56045087674904        0.30217265177057
H           -3.63502711981731        0.68642149706858       -1.62645063452581
26
 energy: -46.466895701687 gnorm: 0.000984257228 xtb: 6.6.1 (8d0f1dd)
C            0.70399724925381        2.19225479512323        0.55103801759222
C            1.42567168454647        0.99174219246947        0.02136938319984
C            2.79928539111265        1.00841120495305       -0.17618766043642
C            3.46882134245672       -0.10212516474897       -0.65924114620414
C            2.77368155771147       -1.26145945116917       -0.95007531019453
C            1.40703438212835       -1.27584321536481       -0.75035545134620
F            0.71976093633142       -2.40351137501290       -1.04024236952666
C            0.71344309594765       -0.17139084036911       -0.27573224547085
C           -0.75397329114940       -0.25416655443766       -0.09801123073545
C           -1.30153374525262       -0.95660876837787        0.98055131898060
O           -0.44316266589647       -1.50210926694414        1.87817971174259
C           -2.68072749837607       -1.05925612597348        1.11664040180599
C           -3.52321299780638       -0.47313816250393        0.18949659221610
C           -3.00369290662694        0.22882543225471       -0.88213870296607
C           -1.62991792485691        0.32321662661006       -1.00424324384449
F           -1.11854882066565        1.00644997022117       -2.05073957642089
H            0.03027779704354        2.59301269359038       -0.20539196692768
H            0.10593108190592        1.92253191482398        1.41962000297878
H            1.40671733758078        2.97048754970475        0.83504563724222
H            3.35289861322738        1.90711965517576        0.05203284114419
H            4.53710308475648       -0.06602857121573       -0.80891424826858
H            3.26763455110053       -2.14266608212900       -1.32662090275271
H           -0.93466800745940       -1.99689233576853        2.54492977029372
H           -3.09243269776853       -1.60641017052130        1.95360987373797
H           -4.59187943294251       -0.56458566262473        0.30465522584187
H           -3.63850811630201        0.69214171223458       -1.61927472168124
26
 energy: -46.466921772634 gnorm: 0.001506417964 xtb: 6.6.1 (8d0f1dd)
C            0.70481903869382        2.19756786358920        0.54237989265286
C            1.42599357490617        0.99471672726922        0.01713983514460
C            2.79968181866125        1.00868176265844       -0.17850398334523
C            3.46874758206634       -0.10528172651857       -0.65507119157308
C            2.77276398261757       -1.26508936828910       -0.94121220780855
C            1.40549735750192       -1.27613352834355       -0.74460781582863
F            0.71747836743380       -2.40454217125943       -1.03073732800878
C            0.71233896426473       -0.16860221286588       -0.27692709565190
C           -0.75492704298034       -0.25052168907688       -0.09940645534359
C           -1.29982166731810       -0.96009997719422        0.97625899003109
O           -0.43829051163625       -1.50763956941322        1.86977298538977
C           -2.67820641878340       -1.06705759093728        1.11390857880403
C           -3.52345253025159       -0.47685342083678        0.19142487135038
C           -3.00680734334451        0.23356550402996       -0.87582348582544
C           -1.63321903589819        0.33164525588785       -1.00011059844961
F           -1.12587418062491        1.02261631321340       -2.04321849802915
H            0.04586503113756        2.60771878159221       -0.22242950483743
H            0.09108462789772        1.92669410514733        1.39987808756428
H            1.40871000789117        2.96915279869171        0.84174000142409
H            3.35453604026745        1.90756639135841        0.04604580624166
H            4.53749155595943       -0.07110841117293       -0.80193610932618
H            3.26595098084140       -2.14962215083633       -1.31097778738838
H           -0.92726228850091       -2.00581796308101        2.53583042284332
H           -3.08775562950697       -1.62056545336147        1.94775331251902
H           -4.59166246499059       -0.57195733544442        0.30755500825891
H           -3.64367981630428        0.70096906519316       -1.60872573080791
26
 energy: -46.466953947145 gnorm: 0.001688518121 xtb: 6.6.1 (8d0f1dd)
C            0.70645150837164        2.20543641816080        0.53022332199401
C            1.42606902718882        0.99880293364445        0.01160782322840
C            2.80003120001758        1.00952506937502       -0.18236005803961
C            3.46845810533676       -0.10882298325082       -0.64981223288009
C            2.77127109311020       -1.26949011582856       -0.92962303509539
C            1.40356450907434       -1.27691509533324       -0.73589945472089
F            0.71456957954241       -2.40608335253289       -1.01686420083578
C            0.71102503058021       -0.16515730025850       -0.27692412450961
C           -0.75613472772930       -0.24621743286780       -0.09928767762770
C           -1.29806284945581       -0.96590575166603        0.97164928243808
O           -0.43324018254475       -1.51754994825968        1.85937049008952
C           -2.67578200124637       -1.07767418706065        1.11053707433951
C           -3.52368670052715       -0.48158420078265        0.19406761555272
C           -3.01028854695280        0.23985513425081       -0.86737746544284
C           -1.63701144959739        0.34250451845272       -0.99317854453930
F           -1.13370824542076        1.04326757085680       -2.03182081006786
H            0.06985788904218        2.62888354664622       -0.24676713961917
H            0.06997338175327        1.93510603655294        1.37209463661035
H            1.41241543965786        2.96727426937687        0.85051331303634
H            3.35620682831538        1.90866294076227        0.03819114012474
H            4.53754841995370       -0.07702117385054       -0.79481902925270
H            3.26349015244263       -2.15756291072011       -1.29232633564435
H           -0.91941330802270       -2.02093854073451        2.52344539474617
H           -3.08277703744948       -1.63939178709700        1.94023495206977
H           -4.59148344734702       -0.58125908228245        0.31043025145628
H           -3.64934366809319        0.71225742444632       -1.59530518741041
26
 energy: -46.466987300540 gnorm: 0.001780688193 xtb: 6.6.1 (8d0f1dd)
C            0.70852295878375        2.21484313901914        0.51598055026806
C            1.42595721645657        1.00293172105266        0.00678351569758
C            2.80029457288633        1.01069133835637       -0.18633240524804
C            3.46786828237153       -0.11144443226233       -0.64554000411281
C            2.76948842105485       -1.27333747111718       -0.91832620154542
C            1.40173349817297       -1.27792015080481       -0.72585461495058
F            0.71190149707694       -2.40817948957483       -0.99992646767396
C            0.70988584536256       -0.16198931987703       -0.27489200117596
C           -0.75717123417729       -0.24262214938932       -0.09697380038492
C           -1.29682163309911       -0.97359926658340        0.96787848702818
O           -0.42977338594512       -1.53172288679457        1.84910754104562
C           -2.67419842876895       -1.08932373470779        1.10711274300498
C           -3.52392018082398       -0.48614266900036        0.19695166750660
C           -3.01304849641173        0.24680715088942       -0.85807041917630
C           -1.64007661336254        0.35356343681712       -0.98410904288440
F           -1.13953687946539        1.06472875629011       -2.01736437909793
H            0.09779303180304        2.65211027191324       -0.27452523170039
H            0.04711960260464        1.94742830511066        1.34041128041990
H            1.41649706413413        2.96586837252646        0.85804458243110
H            3.35719749502213        1.91084324210321        0.02876706786081
H            4.53731406075919       -0.08236337659844       -0.78880292054101
H            3.26111108791780       -2.16484970917262       -1.27373244287652
H           -0.91383072726847       -2.04173659574587        2.50953668192933
H           -3.07906161006915       -1.65991705388212        1.93195364861996
H           -4.59146112343235       -0.58957392255619        0.31285926392376
H           -3.65378432158210        0.72490849398824       -1.58093709836747
26
 energy: -46.467021362489 gnorm: 0.001574876750 xtb: 6.6.1 (8d0f1dd)
C            0.71060784942633        2.22452258876810        0.50113246770573
C            1.42551520611265        1.00695094256415        0.00206407889310
C            2.80022686692399        1.01252600538766       -0.19112135897563
C            3.46732450655203       -0.11304381303573       -0.64178827547342
C            2.76813327640248       -1.27651161487302       -0.90727568692847
C            1.40062526744680       -1.27928021301790       -0.71476010813081
F            0.71018422499667       -2.41059967737778       -0.98199252993996
C            0.70912811280618       -0.15959916028870       -0.27107072811564
C           -0.75781357752735       -0.24045380541094       -0.09261037375683
C           -1.29641542445582       -0.98257698011737        0.96528066603758
O           -0.42872163891079       -1.54909891387910        1.84012979385973
C           -2.67381930198837       -1.10060719494509        1.10386984857387
C           -3.52416296922827       -0.48937791890423        0.19989026055090
C           -3.01450550450734        0.25418188727633       -0.84856585006544
C           -1.64177340883690        0.36346721748385       -0.97374884937990
F           -1.14222981747813        1.08414073707131       -2.00127667081454
H            0.12468896150609        2.67283784822210       -0.30160861302874
H            0.02693312297345        1.96231813516742        1.30915751199810
H            1.41962771585716        2.96583537576231        0.86191622067216
H            3.35729409670759        1.91389623535675        0.01883044991261
H            4.53678074388552       -0.08588601198869       -0.78538252995088
H            3.25941566304592       -2.17026304521672       -1.25759915066281
H           -0.91183288984044       -2.06676355308590        2.49518794842673
H           -3.07751619445219       -1.67964064914911        1.92351915849147
H           -4.59164595251342       -0.59514628672897        0.31466557139821
H           -3.65604893490363        0.73817386495907       -1.56684325129692
26
 energy: -46.467059609140 gnorm: 0.001350373348 xtb: 6.6.1 (8d0f1dd)
C            0.71245727272723        2.23553083096117        0.48315535070105
C            1.42483190044345        1.01107975062989       -0.00262705211599
C            2.79985759480092        1.01505795327485       -0.19665392251382
C            3.46668639834838       -0.11330051278312       -0.63927075944694
C            2.76725832360898       -1.27905553712440       -0.89554460963434
C            1.40033919775180       -1.28100113252066       -0.70112190476662
F            0.70981365805949       -2.41414035489517       -0.95939926298540
C            0.70870482241583       -0.15780447888180       -0.26502871990242
C           -0.75800524271887       -0.23964594971414       -0.08584102787278
C           -1.29675993512319       -0.99462271025376        0.96292723072614
O           -0.42997189158018       -1.57247204125564        1.83084354041666
C           -2.67449313479466       -1.11326215084713        1.10010592176837
C           -3.52451342846423       -0.49140760044298        0.20341680031463
C           -3.01474811916560        0.26371132619995       -0.83696493349080
C           -1.64215203682429        0.37415263839531       -0.96033361605161
F           -1.14211911395443        1.10464009407681       -1.98094151451683
H            0.15318829728656        2.69320709082938       -0.33285497233620
H            0.00616933969187        1.98077428700878        1.27352895277706
H            1.42192580966204        2.96702135575011        0.86247109532767
H            3.35628343774105        1.91867617716865        0.00554990804449
H            4.53612457937581       -0.08783899082861       -0.78343473848995
H            3.25885305679998       -2.17510717542518       -1.23974991263337
H           -0.91332690903008       -2.09999852099682        2.47785213395150
H           -3.07801072793101       -1.70156110666025        1.91326811180081
H           -4.59211152862794       -0.59786450062546        0.31674213084371
H           -3.65628162049868        0.75523325895998       -1.55009422991480
26
 energy: -46.467095665804 gnorm: 0.001327633332 xtb: 6.6.1 (8d0f1dd)
C            0.71369264897118        2.24728322583226        0.46194855995066
C            1.42373371563475        1.01563414389286       -0.00902387672087
C            2.79887392613104        1.01883449302307       -0.20473207545992
C            3.46645690162634       -0.11301558944774       -0.63640445502946
C            2.76766936410289       -1.28205048430485       -0.88067198953179
C            1.40136936128265       -1.28371407544704       -0.68388374338551
F            0.71155300978921       -2.41951189545544       -0.93162155787015
C            0.70862897390853       -0.15681050266052       -0.25755885215943
C           -0.75771423589144       -0.24015152493034       -0.07758683145137
C           -1.29765038202115       -1.00922408790772        0.96027268391521
O           -0.43294563918376       -1.60158723403107        1.82017564484057
C           -2.67585766505068       -1.12726117165395        1.09557477202637
C           -3.52494615963368       -0.49171725341344        0.20790545333673
C           -3.01398664458502        0.27619461380872       -0.82266326824360
C           -1.64139667457287        0.38569956959278       -0.94439311963194
F           -1.14008016848570        1.12761489422231       -1.95628684074121
H            0.18235591071259        2.71285731506670       -0.36789777003337
H           -0.01597869067687        2.00120978824694        1.23295877663540
H            1.42207870207043        2.96952485776410        0.86031537375851
H            3.35409499718713        1.92515181538105       -0.01160560463307
H            4.53547556327010       -0.08790363597494       -0.78343202817157
H            3.25985677346982       -2.17994284255069       -1.21888009739607
H           -0.91756287291783       -2.14105990000396        2.45647116967471
H           -3.08010791622158       -1.72647884603692        1.90044067903510
H           -4.59276527005241       -0.59748612697500        0.31985583689710
H           -3.65484752886348        0.77791245396260       -1.52927683961084
26
 energy: -46.467118025250 gnorm: 0.001170168644 xtb: 6.6.1 (8d0f1dd)
C            0.71355989672238        2.25571689033341        0.44380413740974
C            1.42262069907827        1.01878557006090       -0.01453591348629
C            2.79769576420296        1.02198600216444       -0.21161892912141
C            3.46644597466135       -0.11202194844680       -0.63488088914352
C            2.76903727428224       -1.28415158869543       -0.86811897101118
C            1.40317555920920       -1.28622070953786       -0.66919248127289
F            0.71495157137862       -2.42504426152165       -0.90730559452627
C            0.70875883911376       -0.15676891931167       -0.25172043670870
C           -0.75723982807623       -0.24114291915524       -0.07136630568991
C           -1.29843159854196       -1.02239510430500        0.95678612954558
O           -0.43556864202597       -1.62650920322756        1.81005269026477
C           -2.67695945113785       -1.13890089503209        1.09121333951795
C           -3.52534161308361       -0.49056804491080        0.21226582443734
C           -3.01319083462810        0.28832490364334       -0.80947382228729
C           -1.64053300079330        0.39636379436657       -0.93049658225096
F           -1.13851642320996        1.14624830065779       -1.93593177995501
H            0.20411095729412        2.72668567429757       -0.39657683452149
H           -0.03384362016242        2.01621784799340        1.19905892493941
H            1.42004942113550        2.97134638064573        0.85689150529686
H            3.35150414288141        1.93107213062658       -0.02762533599585
H            4.53539373495947       -0.08691827981982       -0.78258923199223
H            3.26243248493674       -2.18439049173653       -1.19865178316871
H           -0.92144311196369       -2.17551375108799        2.43706735504335
H           -3.08205023427591       -1.74662584542268        1.88909606831526
H           -4.59332980412574       -0.59484398011576        0.32389863054289
H           -3.65328815783106        0.79927044753691       -1.51004971418126
26
 energy: -46.467130239709 gnorm: 0.000887341690 xtb: 6.6.1 (8d0f1dd)
C            0.71247042297817        2.26081460446257        0.43016201425761
C            1.42136177382834        1.02096476157273       -0.02009413158617
C            2.79633561325686        1.02470743736692       -0.21782999191344
C            3.46694677404345       -0.11148968187865       -0.63250815304706
C            2.77124149586388       -1.28634346891126       -0.85653880821513
C            1.40540689222140       -1.28883257981509       -0.65747272250959
F            0.71921642682979       -2.43031733148750       -0.88857520226750
C            0.70889043043131       -0.15741372351317       -0.24847332255811
C           -0.75683550819350       -0.24243569592034       -0.06818862480168
C           -1.29890452420499       -1.03141503876522        0.95345122017612
O           -0.43707078916160       -1.64517036854687        1.80078866153703
C           -2.67754925620795       -1.14661984524255        1.08785380940640
C           -3.52560413013275       -0.48827021295993        0.21623035659196
C           -3.01267136113064        0.29824334137715       -0.79896568683014
C           -1.63992342054713        0.40343610752976       -0.92121783347542
F           -1.13805102419130        1.16074557367269       -1.92108259077690
H            0.21762737647078        2.73504091551527       -0.41663707729389
H           -0.04645811911923        2.02489818522214        1.17406452209332
H            1.41658796128220        2.97247974381555        0.85380413649943
H            3.34875121643690        1.93594594251010       -0.04088469803035
H            4.53560164648123       -0.08520026582081       -0.78194729360077
H            3.26559870667812       -2.18791392351836       -1.18141205569905
H           -0.92376998690288       -2.20109591825161        2.42090942103126
H           -3.08325414989524       -1.76172099899145        1.87979586912134
H           -4.59367512075317       -0.59081525006484        0.32847062796124
H           -3.65226934636185        0.81777969064249       -1.49370244607033
26
 energy: -46.467135638554 gnorm: 0.000552413467 xtb: 6.6.1 (8d0f1dd)
C            0.71106690297228        2.26345837719114        0.42106452618610
C            1.42053106563046        1.02190200470499       -0.02379735457438
C            2.79536085696181        1.02624095023837       -0.22176535039941
C            3.46738231396715       -0.11100591581815       -0.63104791373698
C            2.77312790913942       -1.28775283484942       -0.84849459451392
C            1.40712516869754       -1.29058815890121       -0.65014215785541
F            0.72270662783800       -2.43412325493323       -0.87640227684370
C            0.70898382986624       -0.15808486356517       -0.24736971598498
C           -0.75658321773174       -0.24324037493067       -0.06738182041205
C           -1.29890754078169       -1.03814958923096        0.94981301751403
O           -0.43727507218351       -1.65693947141276        1.79345681757159
C           -2.67747223259509       -1.15219311104184        1.08517714147738
C           -3.52578966520753       -0.48645837859054        0.21933478260928
C           -3.01271597727802        0.30587305223175       -0.79118103774711
C           -1.63992110580171        0.40941456515373       -0.91506319284765
F           -1.13895487891130        1.17004850564354       -1.91245534827880
H            0.22634089418704        2.74085880252749       -0.43048334933757
H           -0.05650496289510        2.02920013601206        1.15679654554549
H            1.41357830032787        2.97203118969978        0.85290453890073
H            3.34672220223023        1.93899260180853       -0.04990026234538
H            4.53604057212119       -0.08402940153721       -0.78023774352631
H            3.26849922214477       -2.19086700480918       -1.16753410979433
H           -0.92413479085971       -2.21695925136112        2.40967416415010
H           -3.08321603138558       -1.77100154353424        1.87386366163096
H           -4.59384790040704       -0.58739272702185        0.33294021322226
H           -3.65214249004577        0.83076769632592       -1.48176918060977
26
 energy: -46.467137533345 gnorm: 0.000671592311 xtb: 6.6.1 (8d0f1dd)
C            0.70978212428943        2.26371730047852        0.41722096249197
C            1.41982926386634        1.02215013236370       -0.02644967114370
C            2.79464272700589        1.02702909278886       -0.22388140349869
C            3.46783180306771       -0.11085406124461       -0.62969743523288
C            2.77458058028091       -1.28855291041571       -0.84422565578478
C            1.40828284880640       -1.29170412109808       -0.64728792600295
F            0.72515108172030       -2.43633486925550       -0.87173522711056
C            0.70896554927688       -0.15878509347684       -0.24810290016301
C           -0.75655662360930       -0.24380997871638       -0.06854594891064
C           -1.29868125579109       -1.04051987893107        0.94739774148493
O           -0.43662779616116       -1.66181203715045        1.78873689944473
C           -2.67710054253507       -1.15373752729848        1.08405927692408
C           -3.52584303779872       -0.48456767280735        0.22131527634173
C           -3.01306986737823        0.30960952325243       -0.78764255594777
C           -1.64024740066862        0.41170310596175       -0.91347818116175
F           -1.14030707281465        1.17411022380417       -1.90990549432590
H            0.22677559444259        2.74138735461828       -0.43410235582554
H           -0.05862651104621        2.02937716083292        1.15088729332723
H            1.41072818878529        2.97205310066847        0.85052130063627
H            3.34539256994325        1.94042033098295       -0.05383963635723
H            4.53669187829585       -0.08355943841875       -0.77753132612720
H            3.27077047485478       -2.19260609429679       -1.15939682760543
H           -0.92321229237361       -2.22316586994067        2.40383254832157
H           -3.08261520369669       -1.77471594951595        1.87118240716164
H           -4.59384426981172       -0.58454836414646        0.33624408952427
H           -3.65269281095037        0.83771854096077       -1.47557525046020
