26
 energy: -46.445240951441 gnorm: 0.100934095023 xtb: 6.6.1 (8d0f1dd)
C            1.16136100000000        1.18056800000000       -1.53511500000000
C            1.61176800000000        0.30367800000000       -0.41418400000000
C            2.91867100000000        0.14047700000000       -0.07878600000000
C            3.32361300000000       -0.67887900000000        0.96695200000000
C            2.31711200000000       -1.32268200000000        1.65133300000000
C            0.98772000000000       -1.19173200000000        1.35311100000000
F            0.02743300000000       -1.86008400000000        2.07236400000000
C            0.64276900000000       -0.36277500000000        0.30182400000000
C           -0.77259400000000       -0.20085300000000       -0.04329000000000
C           -1.51627200000000        0.79789500000000        0.54751000000000
O           -0.91784400000000        1.64347300000000        1.46587700000000
C           -2.86429900000000        0.97664800000000        0.23955300000000
C           -3.49103200000000        0.13799900000000       -0.68259800000000
C           -2.75083300000000       -0.86277200000000       -1.27629700000000
C           -1.41359300000000       -1.01595400000000       -0.95039600000000
F           -0.70598400000000       -1.99352300000000       -1.53555500000000
H            0.97636800000000        2.19437500000000       -1.07273500000000
H            1.98642700000000        1.34119400000000       -2.25989500000000
H            0.23430300000000        0.83602000000000       -1.99928200000000
H            3.68383600000000        0.66426300000000       -0.64115900000000
H            4.37387800000000       -0.78900300000000        1.21071300000000
H            2.60003100000000       -1.97088400000000        2.47473000000000
H           -1.12820300000000        1.51887300000000        2.44520900000000
H           -3.47084500000000        1.73969000000000        0.67786100000000
H           -4.54797500000000        0.26993300000000       -0.93100100000000
H           -3.26581500000000       -1.49594500000000       -1.98674400000000
26
 energy: -46.456497589469 gnorm: 0.041587874719 xtb: 6.6.1 (8d0f1dd)
C            1.18142939947872        1.21342622468879       -1.53075967915396
C            1.60882955623718        0.29963761752323       -0.42702000177500
C            2.93404596457733        0.13967595986788       -0.08449339168373
C            3.31899135712775       -0.68048394117860        0.96849128690174
C            2.33476392475769       -1.34258775948935        1.67605004395590
C            1.00427426069878       -1.19663255047217        1.35307282357349
F            0.05214289813428       -1.84934081912514        2.07276816442804
C            0.63249500631717       -0.37453288893098        0.30006586023457
C           -0.79620081337851       -0.20855650978373       -0.03070261470050
C           -1.54313090511387        0.79403054788136        0.57795680456446
O           -0.91609650226705        1.65051996083009        1.45796159483502
C           -2.88166476784024        0.97516444190118        0.25417144721333
C           -3.49040249562970        0.14291150644885       -0.67709165024717
C           -2.76362102294182       -0.86785474478319       -1.28081525989193
C           -1.43225786133325       -1.02466115803016       -0.95243113023971
F           -0.71860306633915       -1.99866466128473       -1.54759908113975
H            0.96068671126005        2.20466768511729       -1.09847438375463
H            1.97977968392945        1.34331080451151       -2.26403995118834
H            0.27961234091693        0.85858888206487       -2.01760992706563
H            3.69579179416593        0.66601027214447       -0.64591851180379
H            4.36160083899914       -0.79342157971790        1.21595993058247
H            2.60922914518231       -1.99064836967708        2.49928260332228
H           -1.15589134384003        1.51819651112445        2.39724083338684
H           -3.46908945965756        1.75569241994507        0.70407034030231
H           -4.53451862528522        0.27819256786707       -0.92469658536677
H           -3.25219501815631       -1.51264041944309       -1.99543956528953
26
 energy: -46.459017823683 gnorm: 0.010008037647 xtb: 6.6.1 (8d0f1dd)
C            1.19829808091916        1.23090958070451       -1.53379082042683
C            1.60584019769783        0.30261285038364       -0.43227613188532
C            2.94017228192152        0.13883160485766       -0.08698731491359
C            3.31179612524199       -0.68586135523724        0.96295613222369
C            2.34688918848169       -1.35824048272900        1.69067803030456
C            1.01840647389087       -1.19437476081772        1.34870215867591
F            0.07022377490123       -1.83473981550471        2.06858597799425
C            0.62750291021921       -0.37701726043763        0.29721161739393
C           -0.80872368612686       -0.20957589935543       -0.02554388217901
C           -1.55494537530549        0.79777933280723        0.58963311026928
O           -0.91022129112740        1.65103447260758        1.45388272216795
C           -2.89337456097309        0.96970442869992        0.26639411254732
C           -3.49548981654730        0.13879371784564       -0.66217083788980
C           -2.77571149584065       -0.87128517926966       -1.27836001244413
C           -1.44454398547480       -1.02759545531141       -0.95122373180830
F           -0.72778961281798       -1.99828883762718       -1.55559341712148
H            0.96234619744267        2.20524865229188       -1.11189188062518
H            1.99575608197301        1.34951011450994       -2.25861224207155
H            0.31008520190860        0.86619635634544       -2.04341172229770
H            3.69857396863933        0.66530361999151       -0.64773555028798
H            4.35224673874380       -0.79832893552986        1.21772656481004
H            2.61172656972023       -2.00183104638178        2.51598763564235
H           -1.20492918966934        1.52201337941756        2.35969371563282
H           -3.46274877028838        1.75915809393576        0.73420580093932
H           -4.53212525571674        0.28294344111729       -0.91620883425381
H           -3.23925975181309       -1.52290061731392       -2.00185120039672
26
 energy: -46.459593046548 gnorm: 0.009953586884 xtb: 6.6.1 (8d0f1dd)
C            1.21120578362965        1.23485004987245       -1.53943905751166
C            1.60795444447002        0.30426820324906       -0.43502419491965
C            2.94296458274739        0.13629490534795       -0.08798799669521
C            3.31055218920510       -0.68886186450874        0.96036892612967
C            2.34977988657887       -1.36317100367354        1.69215806197636
C            1.02315933066846       -1.19186797307849        1.34403608000948
F            0.07286359448158       -1.82757204385039        2.06497348992659
C            0.62907911053652       -0.37607996360809        0.29286947292429
C           -0.80868197009504       -0.20958544711011       -0.02676835071787
C           -1.55373207644538        0.79766255360644        0.59095781107503
O           -0.90672575261802        1.64479608705561        1.45789566146139
C           -2.89525144444904        0.96496189959365        0.27401466209277
C           -3.49901452085084        0.13679405732159       -0.65385546173161
C           -2.78071908298935       -0.87089830731988       -1.27495028501312
C           -1.44774059561507       -1.02691190680800       -0.95057134061015
F           -0.73351191395118       -1.99787028248418       -1.55857865402621
H            0.96050126759597        2.20753938115436       -1.12054606867538
H            2.01970825823558        1.35782785411708       -2.25235064598613
H            0.33231900176314        0.86494769340290       -2.06498641587519
H            3.70140753681977        0.66209916850956       -0.64799185943117
H            4.35202722724176       -0.80505960135814        1.21562545713654
H            2.60930390496649       -2.00716693719012        2.51712127460397
H           -1.26534784416723        1.54679666478502        2.35086690568060
H           -3.45779096228066        1.75293979804010        0.75426712659243
H           -4.53804302843459        0.27918787257110       -0.90209949204808
H           -3.23626592704390       -1.52592085763719       -2.00000510636766
26
 energy: -46.459498655734 gnorm: 0.052517838188 xtb: 6.6.1 (8d0f1dd)
C            1.24642859938375        1.24097300184024       -1.55532556847527
C            1.61738685456164        0.30836147101047       -0.44281288281977
C            2.95192445224360        0.12769986034030       -0.09030168256601
C            3.30969179857504       -0.69936072782406        0.95413118893089
C            2.35334940141294       -1.37488699919088        1.69150046380465
C            1.03213379370377       -1.18481018960708        1.32977497296517
F            0.07293114228462       -1.81199524182718        2.05037130613050
C            0.63597181748005       -0.37137430281096        0.27880445473590
C           -0.80374090793506       -0.20742911492538       -0.03517510478642
C           -1.54861747319109        0.79054901840886        0.59755237307063
O           -0.89510971469969        1.62186940799274        1.47135766630704
C           -2.90012210206413        0.94479211317278        0.30261859610615
C           -3.50982682067582        0.12661710339302       -0.62655637791205
C           -2.79222792865100       -0.86892206786058       -1.26536079040491
C           -1.45258321555056       -1.02049551837463       -0.95388089774674
F           -0.74725223241390       -1.99228735662237       -1.57220665182153
H            0.95402546791390        2.20870060498621       -1.14158370382569
H            2.08765125995444        1.38677722544427       -2.23140501083132
H            0.39584966696886        0.85640938716718       -2.12424081984920
H            3.71253732296493        0.65179292643853       -0.64696881066394
H            4.35360697468246       -0.82569584303404        1.21090652385456
H            2.59793149805233       -2.02092458663141        2.51596829638203
H           -1.43826902848012        1.65313490929004        2.32256646518736
H           -3.44700792739446        1.72724519560134        0.81264764651671
H           -4.55589614819070        0.26447800873655       -0.85892161453945
H           -3.23076555093577       -1.53121828511393       -1.99346003774925
26
 energy: -46.460628120386 gnorm: 0.015652480881 xtb: 6.6.1 (8d0f1dd)
C            1.24259304600093        1.23845228386422       -1.55410947251070
C            1.61738343775617        0.30935813899653       -0.44081511903813
C            2.95018200223335        0.12894089326288       -0.08792846257156
C            3.30868451299083       -0.69792907955125        0.95835511974211
C            2.34648931572383       -1.36938098811391        1.69083596159397
C            1.02455976076607       -1.18204138996459        1.33283842189281
F            0.06498787288360       -1.81178776166044        2.05154074031195
C            0.63371629504454       -0.36611055458001        0.28142284173368
C           -0.80459646554562       -0.20035828937095       -0.03680576224105
C           -1.55491050086423        0.79376586994275        0.59579283977361
O           -0.90954274063177        1.63684827397683        1.46420989892536
C           -2.90602067880154        0.94318145457221        0.30146834178747
C           -3.51188840222217        0.12345045725982       -0.63029261036276
C           -2.78932596321263       -0.86956241373728       -1.26738764584051
C           -1.45012208058449       -1.01696945786971       -0.95473997324107
F           -0.74106424716216       -1.98689517223524       -1.57066112874008
H            0.95838493916288        2.20843047401824       -1.13985315086127
H            2.07942717244700        1.38131600431448       -2.23503284069321
H            0.38776148283648        0.85667846852164       -2.11474974582073
H            3.71276413994292        0.65086768953074       -0.64498320332899
H            4.35166007136076       -0.82429827116135        1.21522384273018
H            2.59293635994559       -2.01628277038863        2.51552357260482
H           -1.35421614853791        1.61787365789573        2.32632340810195
H           -3.46013800839472        1.72365115773661        0.80373519726115
H           -4.55723644548552        0.25907279157287       -0.86541974775414
H           -3.23246772765219       -1.53027146683216       -1.99449132345483
26
 energy: -46.461180015832 gnorm: 0.015079807346 xtb: 6.6.1 (8d0f1dd)
C            1.25625105162399        1.23894584632865       -1.56038026478778
C            1.62397304897324        0.31063127891620       -0.44471525646382
C            2.95489992340716        0.12441694088555       -0.08820006749967
C            3.30836745022365       -0.70313664431040        0.95922054368740
C            2.34095959203502       -1.36985373094052        1.68937498464104
C            1.02112976206081       -1.17649538936587        1.32835546218862
F            0.05648056051817       -1.80412174687571        2.04424261283535
C            0.63598180377417       -0.35959646340285        0.27558719855965
C           -0.80183312942926       -0.19342402884200       -0.04320835709759
C           -1.55574777448545        0.79231509365535        0.59801079824124
O           -0.91170096616304        1.63386595219226        1.46691432630448
C           -2.91055984224592        0.93327550719350        0.31410147916514
C           -3.51759597111443        0.11447896501018       -0.61782548787240
C           -2.79118864827374       -0.86921340215425       -1.26446650831610
C           -1.44904188167920       -1.00973253403198       -0.95952249359339
F           -0.74010994744303       -1.97548774270921       -1.58210535543833
H            0.95927491895806        2.20606905206672       -1.14789847395051
H            2.10158007314478        1.39191994220518       -2.22887150234795
H            0.41281654378673        0.85194011928620       -2.13330578186917
H            3.72114375544054        0.64318088023821       -0.64359189159080
H            4.35054642808961       -0.83385440435992        1.21785842319025
H            2.58160328063183       -2.01833159698231        2.51456947266767
H           -1.38210831924575        1.65456229999204        2.31461558560617
H           -3.46664307135831        1.70504235028792        0.82726134991257
H           -4.56600595895561        0.24335847001367       -0.84425081534151
H           -3.23247168227397       -1.53075501429659       -1.99176998083053
26
 energy: -46.462173986311 gnorm: 0.051645387464 xtb: 6.6.1 (8d0f1dd)
C            1.31000635357519        1.23868543241320       -1.58539864715498
C            1.65544908327041        0.31249085119510       -0.46393571583063
C            2.97784971303836        0.10260860535160       -0.09195155688215
C            3.30933626550676       -0.72660457923872        0.96339631656178
C            2.31544311907247       -1.36961310226299        1.68206174662520
C            1.00448922198369       -1.15491439595493        1.30976544974310
F            0.01970017609925       -1.77240331380799        2.01329450693836
C            0.64723118908375       -0.33325774005613        0.24916860885787
C           -0.78814136702773       -0.16447229456417       -0.07149479925700
C           -1.55559682415212        0.78140122318471        0.61368720008618
O           -0.90936535920083        1.60034833217206        1.49114607261502
C           -2.92296526247963        0.89154755591713        0.37144603013538
C           -3.53647540227191        0.07598493535710       -0.56130571297429
C           -2.79531979466958       -0.86575945177772       -1.25372332821761
C           -1.44119312223958       -0.97523254096561       -0.98617903213456
F           -0.73056125411208       -1.91716056115798       -1.64398716325070
H            0.95314644161030        2.18802609755180       -1.17965542308698
H            2.18460775626161        1.43838571467737       -2.20344931290014
H            0.52021123623695        0.82338582414399       -2.20770787498735
H            3.76086411765799        0.60594360526361       -0.64091913979225
H            4.34565138604515       -0.87341436719114        1.23102989533093
H            2.53347291983814       -2.02233766989811        2.51153641054128
H           -1.53201237010581        1.84443765771908        2.25528713598074
H           -3.49321656963430        1.62330479806733        0.92786731279473
H           -4.59632701454726        0.17549371760746       -0.74919325413296
H           -3.23628363883909       -1.52687433374599       -1.98078572560890
26
 energy: -46.463532997450 gnorm: 0.010510573885 xtb: 6.6.1 (8d0f1dd)
C            1.30785107128975        1.23600275235665       -1.58720852944406
C            1.65534843018475        0.31303133778032       -0.46331110196702
C            2.97715040103560        0.10357539201099       -0.09104131227026
C            3.30738434947292       -0.72471045732487        0.96666198259372
C            2.31070773953130       -1.36404655955437        1.68381289211312
C            0.99890330680291       -1.15099576838043        1.31301921778619
F            0.01506589534276       -1.76659946246889        2.01656442819191
C            0.64479700652101       -0.32872365068393        0.25141148485454
C           -0.79005727815441       -0.15634215115434       -0.07208322193515
C           -1.55913782180433        0.79015071784283        0.61095141222112
O           -0.91873387371429        1.60859886197653        1.49350331108742
C           -2.92514552342888        0.89534070396053        0.36819413296789
C           -3.53557878035919        0.07531947562526       -0.56327422010805
C           -2.79268890397473       -0.86513887627938       -1.25490943980603
C           -1.43919387259332       -0.96970373806992       -0.98823772036088
F           -0.72367616081599       -1.90822147645041       -1.64530164681427
H            0.95283970219923        2.18563563756268       -1.18340971263861
H            2.17827798924082        1.43139837309640       -2.20892306860492
H            0.51629295654323        0.81916905602389       -2.20534108240877
H            3.76158854421132        0.60267250457514       -0.64194723408139
H            4.34236673524588       -0.87203560805873        1.23517273690609
H            2.53058381067213       -2.01533551530185        2.51461634952198
H           -1.47990988369925        1.79265820658749        2.26123862156632
H           -3.50188556448075        1.62427719108465        0.92022930670799
H           -4.59478906107702        0.17014774332603       -0.75068398109623
H           -3.23836021419136       -1.52612469008223       -1.97970360498257
26
 energy: -46.464378128768 gnorm: 0.010093442147 xtb: 6.6.1 (8d0f1dd)
C            1.32956127100410        1.23246310230829       -1.60146410498073
C            1.66712797015340        0.31371846199304       -0.47066261948984
C            2.98533922471030        0.09411243927715       -0.09232665181243
C            3.30435022322666       -0.73292662551593        0.97053718273407
C            2.29737181842507       -1.35986708852402        1.68428716838364
C            0.98879214107236       -1.13831663989366        1.30825253409937
F           -0.00182902962731       -1.74539696030594        2.00797761502707
C            0.64700956778281       -0.31527912624996        0.24239002291371
C           -0.78731140767950       -0.13958312299483       -0.08243029906377
C           -1.56256820410848        0.78809000012383        0.62201399633239
O           -0.92106074551504        1.59352057258243        1.51138461493793
C           -2.93180815056071        0.87729968480174        0.39503741689204
C           -3.54095862345838        0.05916666078187       -0.53971436088501
C           -2.79244478963421       -0.86116395146827       -1.25280703262437
C           -1.43461559266462       -0.94899718747854       -1.00310270139111
F           -0.71249153528349       -1.86990648064637       -1.67958418709969
H            0.94125616193137        2.17324149753225       -1.20462393318942
H            2.21244768496688        1.44802523678336       -2.20019419184646
H            0.56397478684110        0.79749942213572       -2.24283688147788
H            3.77725257490062        0.58217710170024       -0.64297644838457
H            4.33626775871960       -0.88847433956219        1.24369767004924
H            2.50919427891311       -2.01023552042715        2.51837960515993
H           -1.51307427837442        1.84427066384614        2.23559520007732
H           -3.51730375604161        1.58876381773848        0.96144193468725
H           -4.60422757247601        0.13799218408534       -0.71001825508801
H           -3.24025077722350       -1.52019380262298       -1.97825329396055
26
 energy: -46.464968565649 gnorm: 0.034734105380 xtb: 6.6.1 (8d0f1dd)
C            1.36051508586186        1.22231778271819       -1.62545565257025
C            1.68358049864700        0.31034398689386       -0.48365731704350
C            2.99632739631174        0.07372236946833       -0.09898960797209
C            3.29714522369485       -0.74666875778726        0.97470506068679
C            2.27677553969790       -1.35110140489169        1.68796037587417
C            0.97308652917626       -1.11585794603702        1.30510226454538
F           -0.02605950031429       -1.70660338499536        2.00007855029233
C            0.64980876206625       -0.29536660132617        0.23069176828625
C           -0.78492757136520       -0.11681123678593       -0.09319412874043
C           -1.56725108988683        0.77554112423637        0.65158171228611
O           -0.92104717239934        1.55046236597518        1.55818093221351
C           -2.93695933782843        0.84421379821289        0.44253160372442
C           -3.54258390479297        0.03312105796217       -0.50194375066499
C           -2.78898288986024       -0.85098683212721       -1.25332140443237
C           -1.42605663220215       -0.91142792544288       -1.03069421511453
F           -0.68930508269545       -1.79250081484763       -1.74791089935221
H            0.91768493612458        2.14379841075440       -1.24816394685620
H            2.25659785718105        1.47487597709339       -2.18653716299857
H            0.64250931246118        0.75958532572137       -2.29836402352448
H            3.79856375990811        0.54500534242163       -0.64871787336955
H            4.32398610607843       -0.91434677481762        1.25638328713949
H            2.47770595537052       -1.99728267248909        2.52799492539213
H           -1.58360043422825        1.95396639063717        2.18221402918305
H           -3.53633220406075        1.52594954431831        1.03081275355280
H           -4.61016404595264        0.08579122798064       -0.64541375666913
H           -3.24101609699305       -1.49974035284597       -1.98587352386801
26
 energy: -46.465606968624 gnorm: 0.007553680339 xtb: 6.6.1 (8d0f1dd)
C            1.35788151347506        1.21889181925348       -1.62794064815491
C            1.68014316914920        0.31020871680335       -0.48229869614992
C            2.99363937941846        0.07513870704000       -0.09860206699693
C            3.29501261561343       -0.74442297949154        0.97490334406954
C            2.27812821490219       -1.34911162519042        1.69142890699960
C            0.97357658015255       -1.11411164927065        1.30867536910004
F           -0.02449014225563       -1.70162003729619        2.00648456020180
C            0.64819125152446       -0.29617086609890        0.23360846132281
C           -0.78689304074365       -0.11655567218853       -0.08992593027860
C           -1.56841127879016        0.77695942775720        0.65297580332519
O           -0.92642756821332        1.55493521475648        1.56180814338082
C           -2.93801340091274        0.84474777897006        0.44214023554459
C           -3.54129624778198        0.03511132076212       -0.50447953621501
C           -2.78781551647239       -0.84767995927293       -1.25666397331761
C           -1.42552676298551       -0.90823174653303       -1.03195334473350
F           -0.68669518850859       -1.78621580439128       -1.74907915101177
H            0.90897994665823        2.14056991297769       -1.25333111335795
H            2.25629035223149        1.47125519648122       -2.18676361119157
H            0.64200094835197        0.75091909534524       -2.30368663493002
H            3.79477970850577        0.54407320598811       -0.65108996297625
H            4.32261854724349       -0.91298744922751        1.25565742630174
H            2.48049251335488       -1.99339753413913        2.53226115944137
H           -1.56216218115519        1.92629693988853        2.18834013876668
H           -3.53658722204516        1.52815707260296        1.02859571568405
H           -4.60837711771844        0.08787457894832       -0.64963377626196
H           -3.23903807299830       -1.49463366447459       -1.99143081856208
26
 energy: -46.465895502420 gnorm: 0.006529151354 xtb: 6.6.1 (8d0f1dd)
C            1.36301558882404        1.21001287569752       -1.63741911078664
C            1.68194423974227        0.30707419066231       -0.48584398798576
C            2.99472045058680        0.06853243619737       -0.10196171699929
C            3.29233955014961       -0.74726977495250        0.97519373901652
C            2.27473409397506       -1.34421815517386        1.69665084529166
C            0.97074736140694       -1.10524333584595        1.31326642118289
F           -0.02920756342072       -1.68445772367322        2.01349897783782
C            0.64859007876899       -0.29203041085682        0.23375308332004
C           -0.78680982720544       -0.11147475180786       -0.08865431350149
C           -1.56984579894025        0.77024572001290        0.66614716072009
O           -0.93167720998182        1.53950007873040        1.58435776603470
C           -2.93998250716490        0.83270026360770        0.45851502227605
C           -3.54036849785615        0.02934038702749       -0.49534598863445
C           -2.78441594011999       -0.83816256593532       -1.26280381681185
C           -1.42140298426108       -0.89217654561155       -1.04269520768293
F           -0.67678462667244       -1.75270861979913       -1.77442035318291
H            0.89128388538225        2.12425142229572       -1.27231474265290
H            2.26625799317399        1.47601370912950       -2.18168107803591
H            0.66660559660400        0.72800964838883       -2.32439771055849
H            3.79752763870541        0.53043265945048       -0.65738032280680
H            4.31940052289699       -0.91988360080473        1.25652476994750
H            2.47532371353384       -1.98488540179561        2.54047220456766
H           -1.57655549919291        1.95195468140598        2.17307966408577
H           -3.54227583990584        1.50620948012061        1.05338819258967
H           -4.60823018807464        0.07544411698846       -0.63481576594436
H           -3.23493323095387       -1.47721078345865       -2.00511373128649
26
 energy: -46.466176875611 gnorm: 0.010284255458 xtb: 6.6.1 (8d0f1dd)
C            1.36044383510128        1.19037637208838       -1.64920257602119
C            1.68075128192150        0.29762833450013       -0.49053038226636
C            2.99419166441504        0.05685663852118       -0.11054635101962
C            3.29195820835784       -0.75005471378801        0.97289182326923
C            2.27646794960462       -1.33499533083428        1.70728880614835
C            0.97180841207622       -1.09281759993869        1.32799248530281
F           -0.02838669300677       -1.66064462899963        2.03625542410722
C            0.64957668356644       -0.29053579527569        0.24050277505095
C           -0.78634862673078       -0.11048930926593       -0.07904948322854
C           -1.57177427328542        0.75281701170469        0.69118127633551
O           -0.94291790575348        1.50786455623269        1.62694587365635
C           -2.94137991792981        0.81503690367482        0.47945971120830
C           -3.53647078784387        0.02732119962602       -0.49061285013936
C           -2.77643701441251       -0.81684474420048       -1.27832253106245
C           -1.41436904297141       -0.86793360823368       -1.05668365439592
F           -0.66206112134412       -1.69939549499900       -1.81096800693633
H            0.86065850552386        2.09134603494283       -1.29985702070090
H            2.26401797070181        1.47805095748877       -2.17620034394275
H            0.69280386087771        0.69023402226439       -2.34461785573868
H            3.79657179644076        0.51050683989325       -0.67257441786526
H            4.31949646941115       -0.92557358011125        1.25125808460626
H            2.47814786744136       -1.96827900198543        2.55604870930728
H           -1.60176259710854        1.99427034971623        2.15060916552946
H           -3.54755095596154        1.47434894189898        1.08588449472823
H           -4.60407408913349        0.06841677865152       -0.62846400499690
H           -3.22336047995770       -1.43751113357174       -2.03868915093554
26
 energy: -46.466333894940 gnorm: 0.005469051695 xtb: 6.6.1 (8d0f1dd)
C            1.35391604891284        1.17753984419644       -1.65415000316087
C            1.67697463224247        0.29243208334225       -0.49048232883579
C            2.99215137131131        0.05459648237373       -0.11342009120986
C            3.29455691854709       -0.74827391005331        0.97125097863305
C            2.28328266530085       -1.33054725728564        1.71380576859999
C            0.97718519503533       -1.08924775760890        1.33818016904122
F           -0.02102897305439       -1.65353780739197        2.05351710106417
C            0.64987115600568       -0.29404421849065        0.24713681237732
C           -0.78619308694816       -0.11410037589473       -0.07086722496536
C           -1.57319188546336        0.74390098550620        0.70217475899819
O           -0.95060641020122        1.49482795307361        1.64590442858433
C           -2.94318345657813        0.81069602124998        0.48495125980148
C           -3.53596233418427        0.03377379648840       -0.49455139269195
C           -2.77326930079169       -0.80251901459550       -1.28793693224369
C           -1.41220253876363       -0.85912513169816       -1.05944939596148
F           -0.65880915650104       -1.68080188607148       -1.82075724092906
H            0.82967506331268        2.07245592149498       -1.31015458310030
H            2.26280870266570        1.48067806233694       -2.16944199939502
H            0.70344536754818        0.66015025442751       -2.36135461793493
H            3.79213486204495        0.50522801648196       -0.68138569958513
H            4.32392208449246       -0.92369203297219        1.24472990544193
H            2.48775818584381       -1.95987286094304        2.56465821936752
H           -1.60677276346265        1.99697726000077        2.14819663713951
H           -3.54794204379027        1.46685672617843        1.09613004623308
H           -4.60296172275594        0.07905559571599       -0.63790715931418
H           -3.21555758076849       -1.41340674986157       -2.05877741595401
26
 energy: -46.466408988601 gnorm: 0.012914646319 xtb: 6.6.1 (8d0f1dd)
C            1.33441971728629        1.15809597927442       -1.65537447646842
C            1.66895840289061        0.28197875192773       -0.48895276270520
C            2.98807475395675        0.05075279179428       -0.12035252929664
C            3.30222215540895       -0.74304752315215        0.96784219810935
C            2.29839917509833       -1.32294405372428        1.72306524278019
C            0.98868132613383       -1.08793743181699        1.35635132761076
F           -0.00280510949489       -1.65176472503066        2.08356281019504
C            0.64988204345063       -0.30269481339907        0.26165333503498
C           -0.78593944105130       -0.12448401433222       -0.05542378729896
C           -1.57604787073486        0.73039301525944        0.71585849541043
O           -0.96228618760297        1.47465078743853        1.67188958668100
C           -2.94425652389690        0.81156268759408        0.48223724403634
C           -3.53315655096493        0.05046375245813       -0.51126535388353
C           -2.76641275498091       -0.78172423213800       -1.30412153188626
C           -1.40828554605756       -0.85289940445895       -1.05889298990499
F           -0.65395829037319       -1.66550895784184       -1.82572493074022
H            0.80566111138333        2.04681018388166       -1.31727987589357
H            2.23517817108293        1.46918165022348       -2.17319049650577
H            0.69131594626386        0.63553858618047       -2.35609348814329
H            3.78205199579628        0.50143298437411       -0.69712699407961
H            4.33473399035459       -0.91284357994906        1.23327048556154
H            2.51097372949547       -1.94544710166435        2.57709261231269
H           -1.61018584684547        1.98406612910533        2.15533817439751
H           -3.54722543550910        1.46695772541070        1.09487119504893
H           -4.59794469788889        0.10803773561825       -0.66993112835458
H           -3.20204726320076       -1.37862692303297       -2.08930236201762
26
 energy: -46.466543504050 gnorm: 0.004810193316 xtb: 6.6.1 (8d0f1dd)
C            1.32506730678434        1.14073473845836       -1.66096738995402
C            1.66551110236839        0.27376119696302       -0.48917957390941
C            2.98675232548023        0.04617917660425       -0.12546104056429
C            3.30780249400970       -0.74019220317165        0.96630399676526
C            2.30774080925799       -1.31584737870878        1.73000961919767
C            0.99594034011371       -1.08441953149465        1.36873308496791
F            0.00917795930951       -1.64680741676798        2.10417633157152
C            0.65023551668428       -0.30694111945019        0.27051020326712
C           -0.78563232059528       -0.12942047414522       -0.04520731015213
C           -1.57999525522033        0.71755542743550        0.73202117434190
O           -0.97108784250074        1.45053612625372        1.69961572695998
C           -2.94662171736235        0.80767642597370        0.48893880193240
C           -3.53188399113812        0.06184915093664       -0.51840033688872
C           -2.76140249624734       -0.76316358285489       -1.31577005208848
C           -1.40478061508380       -0.84307812540967       -1.06169281832620
F           -0.64852463897819       -1.64505235854756       -1.83853429351042
H            0.77059210071749        2.02018518297242       -1.32903108502801
H            2.22765832542022        1.47067691285885       -2.16859828338065
H            0.70142046800424        0.60079429269892       -2.37161265487616
H            3.77750350590087        0.49362708558199       -0.70986200427827
H            4.34210713645074       -0.90741854279420        1.22644854960991
H            2.52510155961093       -1.93271566603175        2.58710389704558
H           -1.62551535054502        1.99346294230766        2.15302900217076
H           -3.54972406312372        1.45875050650135        1.10595831065352
H           -4.59543038598136        0.12730111319938       -0.68575844082205
H           -3.19201127333627       -1.34803387936917       -2.11277341470463
26
 energy: -46.466613284073 gnorm: 0.004032853783 xtb: 6.6.1 (8d0f1dd)
C            1.31669375432651        1.13499332079518       -1.65956726922949
C            1.66271321260727        0.27018113091196       -0.48761813044582
C            2.98528764629077        0.04723222882032       -0.12716372008317
C            3.31210696634126       -0.73589645821981        0.96539688585684
C            2.31467727159996       -1.31311877774392        1.73057555737179
C            1.00106346863397       -1.08729678996289        1.37236273287355
F            0.01937616436047       -1.65393167870229        2.11070388478444
C            0.64971257073913       -0.31162706917868        0.27495695992290
C           -0.78614751909153       -0.13480296909744       -0.04044351946098
C           -1.58200045672423        0.71436898268470        0.73452937313563
O           -0.97336606445630        1.44148392375135        1.70618105837362
C           -2.94605801207073        0.81324711655840        0.48425567700509
C           -3.52964388238637        0.07393054654662       -0.52842212397216
C           -2.75918356935839       -0.75719214788602       -1.31909447119660
C           -1.40442424857341       -0.84608849772882       -1.05795884955709
F           -0.65020101033474       -1.65477926706954       -1.82979648381627
H            0.75791289744515        2.01181307102342       -1.32610792632250
H            2.21726603373464        1.46886694884374       -2.16955069638041
H            0.69439613185264        0.59127264129243       -2.37001568721425
H            3.77292330969196        0.49607402171774       -0.71471903073446
H            4.34736921434850       -0.89845535977315        1.22355099914467
H            2.53650535387062       -1.92812793925707        2.58794810597984
H           -1.62805671613561        1.98150466199318        2.16310048968952
H           -3.54922875370656        1.46698888786872        1.09842452963328
H           -4.59141362609319        0.14902551142443       -0.70396261046960
H           -3.18827913691169       -1.33966603961251       -2.11756573488829
26
 energy: -46.466695027175 gnorm: 0.002420410847 xtb: 6.6.1 (8d0f1dd)
C            1.30373050532164        1.12734322898184       -1.65737723594718
C            1.65849632057804        0.26516888601681       -0.48544203850622
C            2.98302660602120        0.04972304143501       -0.13005214147091
C            3.31789215651936       -0.72838680396271        0.96421286700038
C            2.32462877202370       -1.30882011295325        1.73142435788446
C            1.00795638744616       -1.09257064267819        1.37669988887632
F            0.03374832124616       -1.66530627109191        2.11915414664586
C            0.64871218774386       -0.31899384798615        0.28094879969900
C           -0.78723934157375       -0.14329281787240       -0.03406194039229
C           -1.58380727688277        0.71170890844537        0.73636015187674
O           -0.97488238781592        1.42788572630145        1.71509429235236
C           -2.94422330966291        0.82314547125223        0.47672434578160
C           -3.52557288047647        0.09272611562081       -0.54365676874581
C           -2.75592995895904       -0.74997131688660       -1.32455152729888
C           -1.40397569068714       -0.85274019094742       -1.05273955362084
F           -0.65277948977988       -1.67612075658496       -1.81454862726948
H            0.74403785376504        2.00124605436469       -1.32219064994045
H            2.19944013409198        1.46308486516529       -2.17415975053975
H            0.67926362723186        0.58202277659727       -2.36336091747378
H            3.76578986267120        0.50144562077142       -0.72173711258108
H            4.35450753074567       -0.88275234609305        1.22101638429621
H            2.55299186280552       -1.92074437115757        2.58956527284218
H           -1.62981869923508        1.95769874305958        2.18445665103422
H           -3.54833027343429        1.48244473938003        1.08513692354281
H           -4.58442364921035        0.18359462503937       -0.73118987859437
H           -3.18323817049370       -1.32953932421692       -2.12572593945102
26
 energy: -46.466733297504 gnorm: 0.002439702137 xtb: 6.6.1 (8d0f1dd)
C            1.29095541300049        1.11739684607528       -1.65759987847551
C            1.65370559820567        0.25982973313660       -0.48438379489071
C            2.98024944303887        0.05098596336367       -0.13363860999189
C            3.32190182912301       -0.72212465746466        0.96242494174620
C            2.33354851003180       -1.30389680037417        1.73485447193538
C            1.01419341299070       -1.09458206514094        1.38414054663365
F            0.04553727269891       -1.66951506846837        2.13187520743686
C            0.64824527257789       -0.32561706752383        0.28757557017192
C           -0.78798038215561       -0.15080597562685       -0.02626335047575
C           -1.58399226138032        0.70618396572920        0.74257142089844
O           -0.97707103337894        1.41129789544174        1.73075263912844
C           -2.94128797599799        0.82907386018476        0.47220696050325
C           -3.52028116986309        0.10875277141485       -0.55729303015305
C           -2.75225560585829       -0.73989308665472       -1.33274702261299
C           -1.40313558688229       -0.85393999447417       -1.05070491361006
F           -0.65357636107116       -1.68449978045737       -1.80721875913599
H            0.72257363296577        1.98669589083128       -1.32462451989097
H            2.18341248141598        1.46034326768733       -2.17533410296611
H            0.67140041380808        0.56457068671656       -2.36251359593543
H            3.75882885695318        0.50386071553952       -0.72992053435052
H            4.36007293163241       -0.87093953862360        1.21664082542206
H            2.56746286951576       -1.91215247357350        2.59421478372294
H           -1.63196034702669        1.94125011839783        2.20051993266284
H           -3.54569503191019        1.49101682068822        1.07764543515435
H           -4.57672562375102        0.21045907917962       -0.75391160989901
H           -3.17812555868284       -1.31375110600426       -2.13926901302829
26
 energy: -46.466756848276 gnorm: 0.001890796009 xtb: 6.6.1 (8d0f1dd)
C            1.27835739891641        1.10690365851984       -1.65880279022516
C            1.64850325051135        0.25497642506406       -0.48368027680047
C            2.97696771366421        0.05214488648298       -0.13703586066632
C            3.32440169327227       -0.71643375944685        0.96034610919198
C            2.34131836618054       -1.29911822353590        1.73883042989337
C            1.01969061016726       -1.09542015502294        1.39197963228950
F            0.05546168613659       -1.67053503282389        2.14512478945397
C            0.64793196389298       -0.33186585037888        0.29377160597977
C           -0.78849957759870       -0.15753825601187       -0.01917792278663
C           -1.58358911140539        0.70003347498378        0.74950633296127
O           -0.97982759902581        1.39485983018264        1.74661859252401
C           -2.93804383157458        0.83355917271741        0.46907341435306
C           -3.51448870371653        0.12238414338575       -0.56807165665401
C           -2.74780643702574       -0.72944241050934       -1.34165046390941
C           -1.40174033327241       -0.85361234426408       -1.04997584563885
F           -0.65251060596854       -1.68855465159684       -1.80297813933493
H            0.70021864350180        1.97063217597897       -1.32868726779827
H            2.16805895385445        1.45815648699651       -2.17558662710453
H            0.66560364414808        0.54606053530110       -2.36342922250086
H            3.75192417517711        0.50555813589868       -0.73751106845587
H            4.36407898964808       -0.86115122299934        1.21156130554462
H            2.58013784661832       -1.90342450099710        2.59954029995165
H           -1.63356186974990        1.92685507161149        2.21547999102759
H           -3.54232644696846        1.49790065900335        1.07183943013111
H           -4.56788380278582        0.23428803019118       -0.77356895924045
H           -3.17237561659750       -1.29721627873070       -2.15351583218610
26
 energy: -46.466780881400 gnorm: 0.000782019946 xtb: 6.6.1 (8d0f1dd)
C            1.27865285904612        1.10527109771317       -1.66082556418359
C            1.64825144904031        0.25528294799229       -0.48453296602077
C            2.97648967806193        0.05261954100593       -0.13656494979078
C            3.32281938831757       -0.71600078432147        0.96077435814749
C            2.33968618381884       -1.29819538944607        1.73953844365374
C            1.01858739450235       -1.09354971793057        1.39217817949521
F            0.05333661835655       -1.66636485222866        2.14557489429840
C            0.64792309038209       -0.33145357860614        0.29265937620079
C           -0.78830195691619       -0.15585301367047       -0.02096673640464
C           -1.58239175357276        0.70101293122346        0.74864364775568
O           -0.97804868142530        1.39448196623127        1.74568060181340
C           -2.93727230321432        0.83370752555637        0.46977212743438
C           -3.51367823734490        0.12245406106723       -0.56690901981648
C           -2.74775956691090       -0.72860894681113       -1.34165813842682
C           -1.40185205443276       -0.85191217690550       -1.05117369961680
F           -0.65198101920698       -1.68500443861546       -1.80507238809742
H            0.69258880719961        1.96409340856645       -1.33454417221180
H            2.16821231928372        1.46265687079479       -2.17213300134480
H            0.67552981673784        0.54049776526054       -2.36882790543431
H            3.75210556975916        0.50524650305287       -0.73664242530944
H            4.36232978215169       -0.86197469097549        1.21188698547551
H            2.57787242584871       -1.90188354337533        2.60063544629331
H           -1.63202208063934        1.91941668001049        2.22276553941699
H           -3.54105645949991        1.49756845763150        1.07352421394614
H           -4.56718818890092        0.23279754260403       -0.77076528779201
H           -3.17283208044214       -1.29630616582408       -2.15301755948134
26
 energy: -46.466827974897 gnorm: 0.002018980878 xtb: 6.6.1 (8d0f1dd)
C            1.28104375853224        1.10002040510515       -1.66826679969416
C            1.64881946682937        0.25599140593056       -0.48746888067797
C            2.97648950363101        0.05208383056226       -0.13663574865166
C            3.31936130221759       -0.71570669055977        0.96181700050221
C            2.33506521567749       -1.29493365327743        1.74178823951550
C            1.01518963383569       -1.08738188831367        1.39282712269248
F            0.04657943782381       -1.65373645830829        2.14674715692817
C            0.64810210837677       -0.32867908006613        0.28980757193570
C           -0.78780389894974       -0.15122864365073       -0.02512345058993
C           -1.58015970742008        0.70234567185140        0.74887656294396
O           -0.97352906473279        1.39351294274339        1.74491085043549
C           -2.93615748387748        0.83386886808177        0.47311689858289
C           -3.51312407318239        0.12251029037728       -0.56265074010879
C           -2.74830824458866       -0.72532929522592       -1.34221403903852
C           -1.40164636134777       -0.84551004614228       -1.05614059958643
F           -0.65043563018596       -1.67503159126352       -1.81201975214483
H            0.66539707177030        1.94191192571428       -1.35258335701102
H            2.17192228625075        1.48123714566506       -2.16006836365810
H            0.70896292170252        0.51976714682648       -2.38942075683687
H            3.75413426129240        0.50361810351905       -0.73477968040635
H            4.35832576913424       -0.86370916564137        1.21427163493679
H            2.57125208217687       -1.89690345291362        2.60434623664939
H           -1.62794577886487        1.89872711573053        2.24392380906335
H           -3.53876631452692        1.49597655794874        1.07981893372923
H           -4.56751784947415        0.22953756616050       -0.76254930847773
H           -3.17524941210015       -1.29295901085369       -2.15233054103275
26
 energy: -46.466853708767 gnorm: 0.002024860351 xtb: 6.6.1 (8d0f1dd)
C            1.28334960681575        1.09613833800189       -1.67303866727864
C            1.64983116278159        0.25551824589538       -0.48937800204891
C            2.97709824887890        0.05109355661829       -0.13701648037569
C            3.31827406149635       -0.71492802404029        0.96317136680878
C            2.33294800037278       -1.29223414565771        1.74340922075932
C            1.01358702196716       -1.08384628447094        1.39318564888441
F            0.04342685229691       -1.64761068872483        2.14719626528908
C            0.64819207857428       -0.32670089242914        0.28846016533842
C           -0.78767913013395       -0.14899347209310       -0.02646895860177
C           -1.57988478169907        0.70217896429259        0.75046318441620
O           -0.97230773109850        1.39180072653027        1.74686225445901
C           -2.93633383611107        0.83316143937570        0.47624524830434
C           -3.51364221866901        0.12307533169889       -0.56012638824392
C           -2.74887710760634       -0.72230038624303       -1.34264611346571
C           -1.40165092635713       -0.84152136269451       -1.05870145109489
F           -0.64999514472016       -1.66828288753140       -1.81722509014895
H            0.64908589428804        1.92715851566839       -1.36445661830619
H            2.17412544466055        1.49287975417901       -2.15319961441553
H            0.73038297088354        0.50702412753958       -2.40269698987022
H            3.75575854925663        0.50086550610136       -0.73519300490973
H            4.35690123580600       -0.86353676993365        1.21676755615665
H            2.56812585148875       -1.89316413550841        2.60698256152338
H           -1.62660059655508        1.88889203849319        2.25365300936536
H           -3.53889585189186        1.49318091802314        1.08524087853230
H           -4.56858335827248        0.22890746294107       -0.75830238385520
H           -3.17663529645247       -1.28875587603172       -2.15318759722184
26
 energy: -46.466890053039 gnorm: 0.001809039494 xtb: 6.6.1 (8d0f1dd)
C            1.28711682045909        1.08990819018966       -1.67994802086714
C            1.65159045756389        0.25421926515382       -0.49210464581002
C            2.97828840247226        0.04876113967001       -0.13823875010681
C            3.31753115477939       -0.71376694329621        0.96514003645382
C            2.33060339725382       -1.28777862006609        1.74586987381647
C            1.01180056212456       -1.07892994786993        1.39375362803884
F            0.04007875842342       -1.64031813653184        2.14775740355367
C            0.64825344289186       -0.32366063677282        0.28696714414646
C           -0.78758482781005       -0.14599096020179       -0.02761706690444
C           -1.58044289007923        0.70083304237364        0.75400956110462
O           -0.97207491934525        1.38811116984869        1.75179534290390
C           -2.93736550340921        0.83103146468166        0.48186229095807
C           -3.51503715885344        0.12401722395891       -0.55653046109946
C           -2.74967883732427       -0.71679548839206       -1.34367796741270
C           -1.40157276325893       -0.83492274722043       -1.06247717617971
F           -0.64983308408215       -1.65797490813566       -1.82524599969070
H            0.62778290188558        1.90561554247955       -1.38148696411169
H            2.17712279922442        1.50791666858126       -2.14424624142162
H            0.76041920885247        0.48914310972039       -2.42092256638967
H            3.75808420909539        0.49580908026591       -0.73705579276318
H            4.35567854882948       -0.86187664070670        1.22103815187960
H            2.56449369101177       -1.88679570392117        2.61124768172068
H           -1.62618774139550        1.87776338184222        2.26452677912713
H           -3.54034344955632        1.48748941394237        1.09431748896363
H           -4.57059777965745        0.22895402851902       -0.75297768620323
H           -3.17812440009549       -1.28076198811240       -2.15575604370644
26
 energy: -46.466932496611 gnorm: 0.005799567209 xtb: 6.6.1 (8d0f1dd)
C            1.29673941598264        1.07297148220380       -1.69754960699374
C            1.65595375631180        0.24976407678596       -0.49911643109738
C            2.98132523098515        0.04200804253310       -0.14210723484547
C            3.31660816236890       -0.71076352821251        0.96973606761444
C            2.32580391520808       -1.27506925975000        1.75275338529381
C            1.00815232569742       -1.06566169527016        1.39631306286345
F            0.03364503356181       -1.62083721494420        2.15185988655368
C            0.64828016995395       -0.31625679738918        0.28387102386346
C           -0.78738393228674       -0.13858813525678       -0.02964904551555
C           -1.58292867317033        0.69593529865804        0.76428155056417
O           -0.97395625702408        1.37575125427879        1.76778451709754
C           -2.94084866446946        0.82400280557856        0.49727650397441
C           -3.51891889277525        0.12694774136943       -0.54822759256388
C           -2.75124156402965       -0.70077103250155       -1.34756756938624
C           -1.40119173339365       -0.81693711123787       -1.07211781584207
F           -0.64966515301922       -1.62993673347903       -1.84670619637193
H            0.57672154420776        1.84980755809953       -1.42474362204977
H            2.18365676993774        1.54339740175516       -2.12227059313456
H            0.83575664008866        0.44454939560302       -2.46548734364222
H            3.76344931706372        0.48067179159635       -0.74434715722219
H            4.35371760635550       -0.85828028407871        1.23016121354149
H            2.55664345799541       -1.86827990689131        2.62330961835826
H           -1.62859549779390        1.85256200697836        2.28918002268105
H           -3.54564401506050        1.46996455671201        1.11931141134513
H           -4.57583266379610        0.23001525134987       -0.74077807868881
H           -3.18024529889956       -1.25696696449062       -2.16516997639700
26
 energy: -46.466965427540 gnorm: 0.003710927348 xtb: 6.6.1 (8d0f1dd)
C            1.29747509334407        1.07141678323538       -1.69855670798136
C            1.65616158111506        0.24859165092895       -0.49969996435495
C            2.98160267091766        0.04025080628561       -0.14345846333730
C            3.31728334958063       -0.71101771768435        0.96935746662000
C            2.32635464098062       -1.27324343493517        1.75367856218579
C            1.00852381230734       -1.06381113578136        1.39765594648779
F            0.03453677708579       -1.61801608043774        2.15461408151246
C            0.64821181111574       -0.31557645626349        0.28453842885859
C           -0.78746399858893       -0.13849176448491       -0.02882584125042
C           -1.58409836692567        0.69424531891481        0.76613509351789
O           -0.97613350797338        1.37270222631396        1.77142417904182
C           -2.94184967425874        0.82229323879443        0.49870128922642
C           -3.51939997738822        0.12725362697147       -0.54861654208999
C           -2.75081947988740       -0.69863496431109       -1.34891706710577
C           -1.40077189478232       -0.81513655263103       -1.07279023844274
F           -0.64925665866231       -1.62713094725942       -1.84852880356178
H            0.57978366701140        1.84739322283562       -1.42693505416562
H            2.18221316554295        1.54127654919815       -2.12390328396407
H            0.83641558078663        0.44525173316578       -2.46492610664609
H            3.76348168932374        0.47807300034515       -0.74664197413858
H            4.35445615023332       -0.85856541545226        1.22944567864820
H            2.55722892535042       -1.86528151487087        2.62508021657721
H           -1.63136375341860        1.85210459138514        2.28929798683532
H           -3.54734271449382        1.46666607191135        1.12164250712683
H           -4.57624630883109        0.23073513725165       -0.74172205615480
H           -3.17898157948482       -1.25334797342569       -2.16804933344479
26
 energy: -46.467012407737 gnorm: 0.002488616760 xtb: 6.6.1 (8d0f1dd)
C            1.30099468051818        1.06149642643166       -1.70691820307170
C            1.65712750890526        0.24452778099661       -0.50327837730540
C            2.98237911486654        0.03495956627470       -0.14737091331405
C            3.31793139181277       -0.71030712469877        0.96954380571827
C            2.32612911934963       -1.26438907337320        1.75838774233378
C            1.00838091031927       -1.05437241817765        1.40240371732950
F            0.03494465998573       -1.60307299352035        2.16406089542647
C            0.64799682419691       -0.31243967538490        0.28489643797100
C           -0.78748672253587       -0.13535290846943       -0.02807219668227
C           -1.58704589913914        0.68873195416576        0.77343331594078
O           -0.98169670965628        1.36018574272526        1.78537511275963
C           -2.94481243639774        0.81580941086032        0.50708935503952
C           -3.52073757415957        0.12948504915895       -0.54716529768756
C           -2.74969633019841       -0.68734996195770       -1.35395621172452
C           -1.39957911219784       -0.80408925581912       -1.07776903516599
F           -0.64776574262746       -1.60936138278798       -1.86026877044674
H            0.56620366670826        1.82209211635082       -1.44711881867036
H            2.18128210722399        1.54748362715228       -2.11863085466209
H            0.86468503408789        0.42836185806372       -2.47912413748491
H            3.76434017704921        0.46663046508390       -0.75491465942623
H            4.35502394062245       -0.85897601010926        1.22902083071605
H            2.55613166555838       -1.85119502092911        2.63361160891356
H           -1.63922805458270        1.84085012615180        2.29985160093429
H           -3.55228121023736        1.45295197346138        1.13553088785496
H           -4.57758693256066        0.23287026792190       -0.73991284602343
H           -3.17563307691133       -1.23553053957151       -2.17870498927248
26
 energy: -46.467069748108 gnorm: 0.002913142747 xtb: 6.6.1 (8d0f1dd)
C            1.30681272096568        1.04154533347060       -1.72387645394436
C            1.65828455490576        0.23724637398525       -0.51014389321253
C            2.98322488884788        0.02547580871853       -0.15437531138717
C            3.31803481232292       -0.70856483730281        0.97011119493868
C            2.32490158567779       -1.24781933128717        1.76758843234717
C            1.00754800187157       -1.03630916923861        1.41152908503833
F            0.03447517852770       -1.57375907552941        2.18161931279853
C            0.64757132089718       -0.30679435560443        0.28531282299218
C           -0.78749345024394       -0.12890366529022       -0.02716075993913
C           -1.59160229136277        0.67873782680952        0.78720650956385
O           -0.99060404724151        1.33657786973487        1.81090006303578
C           -2.94954612867593        0.80446291421302        0.52289767372328
C           -3.52240858592215        0.13421487399982       -0.54375501031887
C           -2.74738014735775       -0.66545022044113       -1.36352005688393
C           -1.39720461993554       -0.78220704187313       -1.08789801702715
F           -0.64409094389319       -1.57381924452338       -1.88314515156024
H            0.53069460164006        1.76966033408251       -1.48881945701714
H            2.18039487483706        1.56442978300794       -2.10507234947965
H            0.92532398782072        0.38959107881582       -2.51106155212478
H            3.76560210541815        0.44618044463565       -0.76917409347186
H            4.35495931304311       -0.85943509606411        1.22865797683206
H            2.55318377177905       -1.82473978977094        2.64986855697733
H           -1.65160893303045        1.81604873174687        2.32367050062748
H           -3.56009575774837        1.42828469618544        1.16193233111855
H           -4.57936375238345        0.23670742547106       -0.73498203158661
H           -3.16961206075945       -1.20136166795147       -2.19831032203970
26
 energy: -46.467098697188 gnorm: 0.003314002933 xtb: 6.6.1 (8d0f1dd)
C            1.30923851506067        1.02380952948031       -1.73765632751628
C            1.65746910125168        0.23055796522338       -0.51563745282924
C            2.98264791241492        0.01728488639108       -0.16082260868437
C            3.31774150333915       -0.70694752902127        0.96950329640951
C            2.32483676183237       -1.23345975470887        1.77584227798203
C            1.00758802718369       -1.02041973201948        1.42112299999207
F            0.03530917417919       -1.54684374389839        2.19952087838068
C            0.64704653806626       -0.30295722992327        0.28706620985441
C           -0.78769952212148       -0.12416591546006       -0.02511301952139
C           -1.59542572980630        0.66915346881177        0.79957444619970
O           -0.99907960343752        1.31412267652428        1.83357327471063
C           -2.95328537354005        0.79474997504684        0.53487495059476
C           -3.52234226447508        0.13902807176561       -0.54264891069071
C           -2.74389152594057       -0.64583684206578       -1.37300260049133
C           -1.39429375909706       -0.76312056657862       -1.09625786640914
F           -0.63865706711465       -1.54204856575106       -1.90130920350970
H            0.50349963944635        1.72716479661124       -1.52285413137790
H            2.17674102125863        1.57366273610178       -2.09664549768327
H            0.97034787432026        0.35772271703368       -2.53386375339183
H            3.76482205869793        0.42869870706435       -0.78208050114502
H            4.35486072222883       -0.86039830783672        1.22574615819319
H            2.55258412764988       -1.80136814088731        2.66392037291250
H           -1.66254073488419        1.79325375659889        2.34546055382070
H           -3.56627014714962        1.40756950796100        1.18215280374636
H           -4.57904461684366        0.24113316383957       -0.73365826297227
H           -3.16220163251952       -1.17034563030287       -2.21680808657396
26
 energy: -46.467114597986 gnorm: 0.002108337981 xtb: 6.6.1 (8d0f1dd)
C            1.30718968135327        1.01633472541234       -1.74187312463068
C            1.65515872081871        0.22729370822894       -0.51732624186789
C            2.98100764730629        0.01412642030589       -0.16388484193353
C            3.31746199541623       -0.70603887283093        0.96800826376170
C            2.32621481968652       -1.22757820382733        1.77944039573499
C            1.00867690259986       -1.01403916029526        1.42676648306975
F            0.03748206523363       -1.53486003383557        2.20969796845049
C            0.64665115346118       -0.30278387493520        0.28933697929691
C           -0.78803255937055       -0.12346977352591       -0.02281452425550
C           -1.59697473463924        0.66425936923117        0.80483819173422
O           -1.00367348273254        1.30262284001595        1.84348795677134
C           -2.95451047695237        0.79093497374609        0.53760552537635
C           -3.52065614145074        0.14198710393551       -0.54475214159824
C           -2.74077988127650       -0.63731788350256       -1.37829032346334
C           -1.39223225272847       -0.75582501271215       -1.09889246584913
F           -0.63420119698132       -1.52906058055424       -1.90631614494012
H            0.49965480719422        1.71538462111046       -1.53266837915830
H            2.17194834098468        1.56861634844097       -2.09872197337615
H            0.97667191452207        0.34847097907513       -2.53589773161379
H            3.76234422853199        0.42206736080101       -0.78810926929924
H            4.35503608922079       -0.86090881990110        1.22177353429825
H            2.55499363976475       -1.79119345369245        2.66962258962564
H           -1.66762030201959        1.78262502241725        2.35531124483970
H           -3.56837825812402        1.39993209876572        1.18713156084197
H           -4.57678515226031        0.24467019231118       -0.73724105510694
H           -3.15664656755843       -1.15625009418484       -2.22623247670834
26
 energy: -46.467125502012 gnorm: 0.001525940712 xtb: 6.6.1 (8d0f1dd)
C            1.30822843279331        1.00692332249353       -1.74908078960819
C            1.65476854722710        0.22393560415505       -0.52021957051489
C            2.98082220959383        0.00999551525378       -0.16726456285875
C            3.31722108460934       -0.70466228880140        0.96811424446031
C            2.32606795623008       -1.22039814060398        1.78362394528090
C            1.00849470015333       -1.00653253714730        1.43129070514814
F            0.03717248766188       -1.52203503479476        2.21742183975320
C            0.64638113433456       -0.30042984172332        0.29052015049016
C           -0.78834160688867       -0.12147601039311       -0.02125829667842
C           -1.59889666727304        0.65979690990066        0.81121166203514
O           -1.00735739535029        1.29206427041720        1.85413416095060
C           -2.95644611023660        0.78700772774838        0.54285749739057
C           -3.52058150352409        0.14504865854340       -0.54457410893442
C           -2.73892251476967       -0.62775741013521       -1.38298268657836
C           -1.39051022616617       -0.74693142129473       -1.10289565229411
F           -0.63066532311549       -1.51438633423556       -1.91409696306303
H            0.48648130029345        1.69389303215865       -1.55021498228696
H            2.16895759135925        1.57310218583511       -2.09667177202329
H            0.99786262481961        0.33276175729429       -2.54729208975137
H            3.76216524407384        0.41403790385558       -0.79400723386844
H            4.35482133208331       -0.85968530967707        1.22187147632398
H            2.55517986003467       -1.77971102680407        2.67646301107239
H           -1.67118744024632        1.76710020374832        2.37003178256653
H           -3.57147762788018        1.39106243829123        1.19594386147190
H           -4.57670869507079        0.24819621946194       -0.73786221405614
H           -3.15352839474616       -1.14092039354651       -2.23506341442733
26
 energy: -46.467134724482 gnorm: 0.001378155026 xtb: 6.6.1 (8d0f1dd)
C            1.30891162092011        0.99749229173258       -1.75604937123991
C            1.65446209733730        0.22078436471982       -0.52316262500606
C            2.98069767942341        0.00693356995762       -0.17024971425042
C            3.31708343167605       -0.70187243669696        0.96885493035359
C            2.32606298908821       -1.21298741708220        1.78752109203145
C            1.00835323741565       -0.99984517059951        1.43502269068073
F            0.03663299373474       -1.51104783440411        2.22314602161966
C            0.64610227231345       -0.29791079754301        0.29156617520226
C           -0.78887764460758       -0.12001048255812       -0.01938610200717
C           -1.60079473853749        0.65612269002124        0.81694782277157
O           -1.01043224557945        1.28257105093643        1.86340919165640
C           -2.95827331110325        0.78462241847599        0.54664362822946
C           -3.52022145889985        0.14964433796425       -0.54566986740204
C           -2.73702411718794       -0.61881264757178       -1.38726330347520
C           -1.38888729502648       -0.73981372381570       -1.10589905735765
F           -0.62728038174034       -1.50352300082434       -1.91874142997033
H            0.47608170485555        1.67394799131763       -1.56651469195009
H            2.16480598762354        1.57519432237245       -2.09784015581352
H            1.01491946633804        0.31842966375630       -2.55680244027791
H            3.76209066751757        0.40687627747232       -0.79963115141343
H            4.35465276372465       -0.85611007149015        1.22344708927879
H            2.55642150185296       -1.76850590917676        2.68247928270784
H           -1.67343049913312        1.74517241057081        2.38977993553694
H           -3.57451691221177        1.38454709878783        1.20241168673531
H           -4.57621830897415        0.25442420241993       -0.74118930250501
H           -3.15132050081972       -1.12632319874246       -2.24283033413515
26
 energy: -46.467138070464 gnorm: 0.000681351504 xtb: 6.6.1 (8d0f1dd)
C            1.30863029543488        0.99763753367529       -1.75582620106821
C            1.65454613847078        0.22103052064003       -0.52312062037472
C            2.98068052328228        0.00827920074638       -0.16964126963913
C            3.31726967923255       -0.70050467657441        0.96936058380273
C            2.32622144894926       -1.21262764034158        1.78725209761707
C            1.00851270483985       -1.00062725475339        1.43423263721624
F            0.03689620109955       -1.51302162785239        2.22176686793285
C            0.64609968903547       -0.29834820519738        0.29095224139923
C           -0.78893515666368       -0.12045000395117       -0.01974078456276
C           -1.60050265279849        0.65671281598932        0.81594500822721
O           -1.00962605278161        1.28323716231295        1.86218799707893
C           -2.95776541163674        0.78593659721283        0.54564101297651
C           -3.51989264046425        0.15116767100629       -0.54671301914009
C           -2.73728926805255       -0.61917993635219       -1.38695930521094
C           -1.38946620661673       -0.74147779460539       -1.10511831160974
F           -0.62867856730102       -1.50733611984964       -1.91663755084598
H            0.47848822604595        1.67540180572753       -1.56526780570643
H            2.16444779867887        1.57252460334335       -2.09984511782406
H            1.01142554669742        0.31926306196740       -2.55484509876411
H            3.76195384936641        0.40833419469227       -0.79903744005902
H            4.35481965378601       -0.85387087304187        1.22442711156924
H            2.55699304071975       -1.76831471777197        2.68202768190475
H           -1.67314864085574        1.73953706582725        2.39314868370942
H           -3.57386353659345        1.38656951555802        1.20086953195895
H           -4.57552983230986        0.25711252319066       -0.74304960229092
H           -3.15228582956482       -1.12698542159810       -2.24200932829690
