26
 energy: -46.445363929681 gnorm: 0.099594719845 xtb: 6.6.1 (8d0f1dd)
C           -1.02569200000000       -1.91322500000000       -0.60266600000000
C           -1.53683000000000       -0.57838200000000       -0.19524000000000
C           -2.88124400000000       -0.36805100000000       -0.03183000000000
C           -3.40192300000000        0.85559700000000        0.34576200000000
C           -2.50780400000000        1.87497900000000        0.55608500000000
C           -1.14770000000000        1.67731100000000        0.39492700000000
F           -0.28687000000000        2.69400800000000        0.60715800000000
C           -0.64265300000000        0.44041600000000        0.01491700000000
C            0.78353500000000        0.21286000000000       -0.15965000000000
C            1.51194700000000       -0.20978400000000        0.92905800000000
O            0.85947200000000       -0.39880400000000        2.13569500000000
C            2.87455500000000       -0.44174600000000        0.81821100000000
C            3.54478500000000       -0.26040700000000       -0.37193200000000
C            2.81545100000000        0.16305700000000       -1.46309300000000
C            1.43955800000000        0.39908500000000       -1.35811400000000
F            0.72121400000000        0.81519500000000       -2.42903800000000
H           -1.39409000000000       -2.64241600000000        0.15263600000000
H           -1.54866500000000       -2.18620700000000       -1.55565800000000
H            0.06018900000000       -1.90727500000000       -0.72430900000000
H           -3.54696200000000       -1.20402500000000       -0.20960600000000
H           -4.45712400000000        1.04311700000000        0.48019700000000
H           -2.88136700000000        2.86027100000000        0.85656400000000
H            1.22683700000000       -0.01823700000000        3.01987600000000
H            3.47422900000000       -0.77535100000000        1.65930900000000
H            4.62393000000000       -0.44447100000000       -0.45829800000000
H            3.32322100000000        0.31248400000000       -2.41096000000000
26
 energy: -46.458836178058 gnorm: 0.039907891783 xtb: 6.6.1 (8d0f1dd)
C           -1.05760644154856       -1.93544963287739       -0.61167049304827
C           -1.54730466205864       -0.58349411986009       -0.20244689536335
C           -2.90220075914574       -0.37070010947075       -0.03248405473483
C           -3.39997522268022        0.86220902351589        0.34675143739928
C           -2.50986924811583        1.89786252821923        0.56067965092849
C           -1.15524481825732        1.69213779631682        0.39176481304524
F           -0.29416265012611        2.70803448775605        0.61393704389291
C           -0.64997519315269        0.45612307682734        0.00827167306292
C            0.79808751756275        0.23919568354870       -0.14290667123960
C            1.53209909790628       -0.18020576239659        0.96205762213363
O            0.84984294733776       -0.39122823985287        2.13417128896924
C            2.89132942650669       -0.43191063275839        0.84238370344923
C            3.53818395815496       -0.25663142171183       -0.36980311378462
C            2.81871163653259        0.16803903711978       -1.47197628691314
C            1.45884938944842        0.40622280389260       -1.34989675700229
F            0.74686777366526        0.80880853360224       -2.42466771995432
H           -1.36833256744789       -2.67171098558993        0.13655551729811
H           -1.52965060033309       -2.22025924001496       -1.56150090811219
H            0.01876732581215       -1.95757121646882       -0.72757160222530
H           -3.57432721974241       -1.20059389726984       -0.20654354820006
H           -4.45534416467762        1.03682828446420        0.47874361196898
H           -2.86873253701417        2.87575081886091        0.86025841821612
H            1.27733384130934       -0.05322104305626        2.95865969274886
H            3.47125236581315       -0.77125086530429        1.68967716371045
H            4.60109020318805       -0.44382330821950       -0.45921698752971
H            3.31030960106286        0.31683740072778       -2.42322559871578
26
 energy: -46.462070642409 gnorm: 0.012094336660 xtb: 6.6.1 (8d0f1dd)
C           -1.07829666785084       -1.95247407032391       -0.62097893259689
C           -1.55619849976037       -0.59194773267681       -0.21351150579183
C           -2.91659937672791       -0.36952175914198       -0.03833179576543
C           -3.39523789315156        0.86948366501870        0.34408940475482
C           -2.51050436783695        1.91325073860516        0.56177675837213
C           -1.15993160318380        1.69044211759286        0.38968114702780
F           -0.29498638254729        2.70400359636381        0.61744140013421
C           -0.65848596834106        0.45444756445803        0.00029592279079
C            0.80146371172718        0.24138030300603       -0.13561658953463
C            1.53946355088196       -0.17138781032862        0.97878507148311
O            0.84350896478392       -0.37317647084409        2.13376193013978
C            2.90125527353142       -0.41484614237098        0.85940175383259
C            3.53387718717872       -0.24084071200324       -0.36133415569724
C            2.82160691420638        0.17541065961882       -1.47289611448009
C            1.46739214212131        0.40618838815876       -1.34234902834659
F            0.76162606196236        0.80037113147660       -2.42128903640708
H           -1.36655738556909       -2.68565780106364        0.12810155290596
H           -1.53106827635746       -2.23663725950502       -1.56707274518408
H            0.00064996294262       -1.98190618771425       -0.72871443764101
H           -3.59842191094669       -1.19096490766088       -0.20393703510017
H           -4.45234695361846        1.03270654276930        0.47956896446696
H           -2.85651946240902        2.88816545144808        0.86396957112685
H            1.34797519572133       -0.09587199672758        2.91146893631446
H            3.46707888832374       -0.74714097385916        1.71683365833166
H            4.58814874961348       -0.43976653692324       -0.45099926466730
H            3.30110714530609        0.31628920262725       -2.42814443046876
26
 energy: -46.463077335485 gnorm: 0.025017592065 xtb: 6.6.1 (8d0f1dd)
C           -1.09346378889416       -1.96334536918097       -0.62621755756955
C           -1.56420433785668       -0.59827683528879       -0.22076562642190
C           -2.92534428629229       -0.36583150770960       -0.04399300578449
C           -3.39376216561643        0.87608167769359        0.33985679763348
C           -2.51034749383405        1.92072818568844        0.55838500386329
C           -1.16194614699912        1.68505791753316        0.38466694517421
F           -0.29137489972604        2.69491873992195        0.61471566436952
C           -0.66556089919218        0.44776725005882       -0.00566935477934
C            0.79803399465543        0.23947395095717       -0.13535706018204
C            1.53855761661814       -0.16024408833986        0.98436946476890
O            0.84622822347056       -0.34759905574371        2.14047415454075
C            2.90289776609109       -0.39525157220616        0.86806561220510
C            3.53214272667263       -0.22893011287172       -0.35383419043822
C            2.82274486180758        0.17784696111490       -1.47056384309572
C            1.46712223737085        0.40391397559086       -1.33965867137198
F            0.76449278507066        0.79023083490163       -2.42328093716367
H           -1.37912581372337       -2.69503914763771        0.12459521219603
H           -1.54138374093658       -2.25024198198918       -1.57263750708451
H           -0.01225796701946       -1.99532307669132       -0.73172591543039
H           -3.61618405478036       -1.17959861284657       -0.20663520099683
H           -4.45232307060419        1.03535779249703        0.47588794130910
H           -2.84798231072062        2.89696884445959        0.86260230489200
H            1.43361239741403       -0.16633173758109        2.90668903389887
H            3.46327442884978       -0.71337179167710        1.73502043660603
H            4.58774987944127       -0.42449258310350       -0.43791334355543
H            3.29840305873353        0.31553034245013       -2.42707535758322
26
 energy: -46.464016854861 gnorm: 0.023650002632 xtb: 6.6.1 (8d0f1dd)
C           -1.11354527035166       -1.97588464026846       -0.63235658667366
C           -1.57441960424946       -0.60746518361671       -0.22622429372438
C           -2.93417518824580       -0.35974815416982       -0.04897855875132
C           -3.39060681785082        0.88561038657311        0.33702654886233
C           -2.50386343519669        1.92586754256959        0.55673738955061
C           -1.15781526719652        1.67294584342138        0.38204767863560
F           -0.27765721991522        2.67637120631008        0.61071590147299
C           -0.67076708330320        0.43210531524705       -0.00823673206850
C            0.79412263485202        0.22584116439710       -0.13600641507450
C            1.54197373974182       -0.14947645267081        0.98865600485721
O            0.85987132296373       -0.33299661869571        2.14853746331886
C            2.91112205514462       -0.36070552994511        0.87694086946236
C            3.53701456449130       -0.20610343346961       -0.34612222135208
C            2.82475671641457        0.18042444884670       -1.46753014849400
C            1.46446665649694        0.39382390539070       -1.33740057322093
F            0.76180923896756        0.76937606760536       -2.42541893315134
H           -1.40414623872649       -2.70652490269432        0.11910360274343
H           -1.56254786954877       -2.26211923642642       -1.57987882226420
H           -0.03055690703079       -2.01113876420396       -0.73822106433219
H           -3.63760146694845       -1.16260305299775       -0.21139409805097
H           -4.45014735747218        1.04582277986122        0.47245350963778
H           -2.83049607997726        2.90587736856865        0.86243302313781
H            1.48158963942371       -0.24012339432764        2.90138533857954
H            3.46941718594534       -0.66117836886627        1.75285287992255
H            4.59635608039126       -0.39354302306143       -0.42495093421023
H            3.29584497118048        0.31554372662305       -2.42616982881274
26
 energy: -46.464933914765 gnorm: 0.010985388016 xtb: 6.6.1 (8d0f1dd)
C           -1.13726890372900       -1.98739074607269       -0.63922124950711
C           -1.58647494149072       -0.61735076144476       -0.22968469550014
C           -2.94245640287792       -0.35220934775405       -0.05471285064517
C           -3.38751280861956        0.89657842850507        0.33375817331330
C           -2.49117536295449        1.92626220269092        0.55699983974547
C           -1.14758464195912        1.65595284957862        0.38405795572549
F           -0.25515627442963        2.65017417490172        0.60957350713549
C           -0.67318644161309        0.40986912523282       -0.00552831941322
C            0.79018680403120        0.20331361526833       -0.13511309992938
C            1.54694150201887       -0.14421351940818        0.99176564053532
O            0.88268638754796       -0.32376555757545        2.16122776154803
C            2.92164021883382       -0.32336353299866        0.88348081210437
C            3.54728322343981       -0.17532495032269       -0.33909937387222
C            2.82598515607909        0.18250522905157       -1.46308227340712
C            1.45953652541090        0.37557243642939       -1.33477476296712
F            0.75258207351627        0.73359846775103       -2.42735280719141
H           -1.44024304484930       -2.71824405065838        0.10982192559729
H           -1.59350088641435       -2.26787099639401       -1.58789991456611
H           -0.05451513717460       -2.02959176236715       -0.74750232302501
H           -3.65899996174166       -1.14290020833517       -0.22163115086803
H           -4.44681623027350        1.06500668952455        0.46576137210881
H           -2.80600678725374        2.91147399555190        0.86215574237695
H            1.50349937232429       -0.30732543177623        2.89735784954595
H            3.48500450503636       -0.59592685174116        1.76687739722804
H            4.61285535205946       -0.34134645265372       -0.41288987767175
H            3.29269570508272        0.31651595501639       -2.42434427840067
26
 energy: -46.464999035990 gnorm: 0.029536020181 xtb: 6.6.1 (8d0f1dd)
C           -1.16417637372301       -1.99720893217821       -0.64462780742718
C           -1.59994499096772       -0.62497156049506       -0.23262061347451
C           -2.95175657213924       -0.34428355291999       -0.06306465313836
C           -3.38702030712271        0.90832294792663        0.32551073932011
C           -2.47807786193643        1.92554679282369        0.55426087908436
C           -1.13727673403160        1.64137177648083        0.38588723579606
F           -0.23303266630383        2.62543263257786        0.60851647366192
C           -0.67529709498517        0.38991984159770       -0.00183315606238
C            0.78667864027570        0.18538914993046       -0.13160425095157
C            1.54996511241641       -0.13172217602467        0.99801774442722
O            0.90158947713032       -0.29270691721103        2.17854433855984
C            2.92819257516919       -0.28646630602807        0.89064422793878
C            3.55706184978088       -0.13814445703682       -0.33057692743810
C            2.82508891055224        0.18403510590209       -1.45804823316262
C            1.45404991891580        0.35123786878286       -1.33298667534268
F            0.74044209958429        0.67962081526979       -2.43240795479734
H           -1.48028092999945       -2.72757345861086        0.10065400579364
H           -1.62846377027462       -2.26946740728676       -1.59300520308344
H           -0.08376145372732       -2.05191883028712       -0.75521529934358
H           -3.67854596064704       -1.12446715273970       -0.23667213439735
H           -4.44493621275936        1.08921089954106        0.45127476275454
H           -2.78216185674175        2.91510680628400        0.85627046390851
H            1.56465010761935       -0.42537245013629        2.90412328165487
H            3.50041124218181       -0.52387509128252        1.77990576245645
H            4.62839380183983       -0.27296919492490       -0.39909389185072
H            3.28820804989350        0.31595185004499       -2.42185211488641
26
 energy: -46.465552285278 gnorm: 0.004678749138 xtb: 6.6.1 (8d0f1dd)
C           -1.16235543602804       -1.99464213705159       -0.64536500511633
C           -1.59759642015139       -0.62285167900741       -0.23040600984981
C           -2.94974819344047       -0.34552484981314       -0.06278812308049
C           -3.38714246531855        0.90645897541051        0.32583852907897
C           -2.47655261799535        1.92242801552574        0.55665858673803
C           -1.13530160187761        1.64273446615188        0.39041809054540
F           -0.23348268614698        2.62689610788041        0.61637137507253
C           -0.67182705828060        0.39173832380884        0.00190784776058
C            0.78968547665299        0.18393626806228       -0.12867934679753
C            1.55219507539081       -0.13895485639403        0.99887898308056
O            0.89977938702093       -0.30154233755272        2.17762415908377
C            2.92908596485798       -0.29511814288586        0.88883992280330
C            3.55745962488926       -0.13973232425625       -0.33294113752303
C            2.82394397357994        0.18337087302500       -1.45914221648195
C            1.45480204298784        0.34811741677423       -1.33280909030982
F            0.73849349669025        0.67560417375766       -2.42988259859124
H           -1.47738558362909       -2.72583984666221        0.09849933728923
H           -1.62600531788983       -2.26345137794316       -1.59414575211091
H           -0.08268950911604       -2.05117863245329       -0.75515970808598
H           -3.67224107093852       -1.12874074643931       -0.23919830429413
H           -4.44385604738367        1.09080303222038        0.45092738964827
H           -2.78347758410626        2.91053995343342        0.85933595941975
H            1.53519391209993       -0.38289539325782        2.89976763917410
H            3.50396839789640       -0.53831398076643        1.77247344999773
H            4.62712300574340       -0.27190729182271       -0.40473670643890
H            3.28793023449270        0.31806499025554       -2.42228627101204
26
 energy: -46.465667748474 gnorm: 0.002671271479 xtb: 6.6.1 (8d0f1dd)
C           -1.17134478691932       -1.99694175458756       -0.64821085185524
C           -1.60075457957597       -0.62385128141486       -0.23079031232965
C           -2.95235718815735       -0.34279230030058       -0.06686639767258
C           -3.38689568891840        0.91014862791573        0.32219306522920
C           -2.47148761827321        1.92123744972661        0.55732402310797
C           -1.13080688091052        1.63863936185462        0.39493272060840
F           -0.22680194637979        2.61910480055487        0.62394686513206
C           -0.67060273211030        0.38629467419360        0.00541760090805
C            0.79067740961990        0.17706174326737       -0.12506994238016
C            1.55622770651389       -0.13540734896062        1.00330852686728
O            0.90511043694650       -0.29297415396178        2.18313826370508
C            2.93346615461444       -0.28430400150588        0.89165639152870
C            3.56024919674128       -0.12717514511853       -0.33148329851228
C            2.82245804503037        0.18328527096522       -1.45881558570530
C            1.45294134669532        0.33612153970716       -1.33217723621662
F            0.73149873034928        0.64872787385646       -2.43029062672137
H           -1.48991956222691       -2.72838236961190        0.09365777907558
H           -1.63542660363722       -2.26086458161977       -1.59787237902127
H           -0.09226449085464       -2.05906623897534       -0.75717437182103
H           -3.67548232488096       -1.12450131100199       -0.24754789691788
H           -4.44243161492783        1.10103925311837        0.44423709129974
H           -2.77650430330848        2.90980374373508        0.86028832878350
H            1.54182071318638       -0.40534606016082        2.89904812571403
H            3.51286325766369       -0.52061061720840        1.77360390484749
H            4.63053284373643       -0.24696356642024       -0.40371454322367
H            3.28523347998343        0.31771539195314       -2.42273824442991
26
 energy: -46.465737505388 gnorm: 0.003163745306 xtb: 6.6.1 (8d0f1dd)
C           -1.18187664506814       -1.99926644715236       -0.65207883067640
C           -1.60404393300342       -0.62414990795375       -0.23229233066985
C           -2.95567872180696       -0.33839821479111       -0.07428895553742
C           -3.38649136776740        0.91524831194298        0.31592357252252
C           -2.46588273706994        1.92022456703804        0.55889521261129
C           -1.12562058345102        1.63350236476991        0.40333623390967
F           -0.21963307437665        2.60924631132998        0.63900485854034
C           -0.66915348353061        0.38011624356507        0.01074301495952
C            0.79204451715892        0.16923132639483       -0.11944565984170
C            1.56245496081456       -0.12841269200525        1.00994096698797
O            0.91331207801244       -0.27985731424248        2.19121579763951
C            2.93990471241968       -0.26891030083618        0.89536283627393
C            3.56216600196867       -0.11163477584946       -0.33054087107756
C            2.81932331993081        0.18210341819141       -1.45933895502702
C            1.44936578658248        0.31950667229848       -1.33112849627817
F            0.72003515286656        0.60889839792693       -2.43016741162815
H           -1.50641633160647       -2.73084726055339        0.08680263059103
H           -1.64415860372125       -2.25733059514843       -1.60383656971013
H           -0.10290386287891       -2.06851532965050       -0.75807648599704
H           -3.67886095483970       -1.11864954138362       -0.26152964076508
H           -4.44072618445589        1.11458425242472        0.43273467317582
H           -2.76906193558103        2.90919984166900        0.86290810457785
H            1.55271690121514       -0.43769514300922        2.89900036529841
H            3.52593656899665       -0.49545042751319        1.77560984068021
H            4.63310469978577       -0.21625071700403       -0.40403006941529
H            3.28014271940573        0.31350595954160       -2.42472283114421
26
 energy: -46.465749880212 gnorm: 0.001401286764 xtb: 6.6.1 (8d0f1dd)
C           -1.18165131848986       -1.99854918847788       -0.65291597888915
C           -1.60364681855291       -0.62340267298347       -0.23292033367119
C           -2.95574460875403       -0.33749228246655       -0.07691195666601
C           -3.38649006749102        0.91577024219125        0.31389379057847
C           -2.46589850186540        1.91999132344372        0.56015557191678
C           -1.12543570268260        1.63299122753140        0.40689789567675
F           -0.21984041684451        2.60810097918733        0.64599616969122
C           -0.66889650138678        0.38004907973533        0.01270933250327
C            0.79228395382974        0.16888460886047       -0.11764223673623
C            1.56382998906017       -0.12688632111349        1.01137024392950
O            0.91553835366299       -0.27726642888117        2.19335770907021
C            2.94118941387201       -0.26689641038142        0.89551004931087
C            3.56138829764272       -0.11064667584821       -0.33142717546243
C            2.81764358844342        0.18018143358382       -1.46026058066917
C            1.44781763399698        0.31621021080730       -1.33067504634036
F            0.71665399002121        0.60096163137703       -2.42907028118361
H           -1.50826166114626       -2.73025013823588        0.08487471959325
H           -1.64178511992300       -2.25565067772658       -1.60590636798132
H           -0.10239356946088       -2.06847420172582       -0.75655734335896
H           -3.67819528345198       -1.11786783996481       -0.26653500341298
H           -4.44072399225812        1.11616031012276        0.42876845167930
H           -2.76950816851433        2.90863751819996        0.86503346922780
H            1.55344229303587       -0.43744411690634        2.89928522774528
H            3.52855847461764       -0.49250499008855        1.77513072937476
H            4.63225259576056       -0.21422573016972       -0.40602008915712
H            3.27787214687837        0.30961810992945       -2.42613996676885
26
 energy: -46.465765128725 gnorm: 0.001775652266 xtb: 6.6.1 (8d0f1dd)
C           -1.17803746728111       -1.99562476870862       -0.65472800219097
C           -1.60193623438620       -0.62114176767723       -0.23475801523237
C           -2.95519694511036       -0.33588547712997       -0.08309428213128
C           -3.38693983756342        0.91601940120892        0.30941729498878
C           -2.46789192776847        1.91968997616635        0.56362103604869
C           -1.12681278702115        1.63296819357191        0.41496774259189
F           -0.22260638858174        2.60746042749721        0.66186385595401
C           -0.66897572370506        0.38166639375416        0.01704050066273
C            0.79225671540592        0.17092122411360       -0.11373745455203
C            1.56601325374659       -0.12195916596022        1.01416861822314
O            0.92034511619559       -0.26968401244882        2.19818378647798
C            2.94304758717561       -0.26354853546906        0.89525614315665
C            3.55891891298799       -0.11199892611752       -0.33398913372475
C            2.81339074607983        0.17378340562945       -1.46264782187539
C            1.44393818146713        0.31098840655150       -1.32961084422300
F            0.70950365132309        0.58744812096171       -2.42665443536311
H           -1.50965674682067       -2.72794823020829        0.08026346836611
H           -1.63204157563143       -2.25145231358444       -1.61100292298213
H           -0.09797459193143       -2.06562035554045       -0.75165046672752
H           -3.67600143551154       -1.11647706661839       -0.27797937586866
H           -4.44170763995308        1.11657482380788        0.41998662236433
H           -2.77303523157050        2.90716975004462        0.87093397548057
H            1.55767224185209       -0.43524066534172        2.90145828880032
H            3.53221668112319       -0.48802925252310        1.77396162332599
H            4.62958867815690       -0.21720434492193       -0.41127357239243
H            3.27192176732221        0.29712375894240       -2.42999562917748
26
 energy: -46.465779356641 gnorm: 0.001770931509 xtb: 6.6.1 (8d0f1dd)
C           -1.17367313357307       -1.99241881974024       -0.65731729427848
C           -1.60047280094736       -0.61911977820355       -0.23661031826671
C           -2.95454725828217       -0.33494341482432       -0.08881738891753
C           -3.38805037236232        0.91552145359860        0.30600770279724
C           -2.47075473267762        1.91897039095996        0.56776222546294
C           -1.12903650191489        1.63325644334893        0.42249568665284
F           -0.22607824462392        2.60751892211347        0.67564234335599
C           -0.66940405040431        0.38375858664302        0.02116122894960
C            0.79183988114428        0.17378687939052       -0.11020072347839
C            1.56761766139686       -0.11662181290447        1.01678381525165
O            0.92501318696729       -0.25982499411684        2.20310412267928
C            2.94431965103333       -0.26137806424994        0.89497411333291
C            3.55714290093037       -0.11613917916673       -0.33640393098669
C            2.80942886338374        0.16612905529718       -1.46451245201050
C            1.44036204918959        0.30704089153297       -1.32854585604284
F            0.70348849686518        0.57849923722703       -2.42481657865949
H           -1.51033269407115       -2.72636448856927        0.07388722343233
H           -1.62123955437156       -2.24629261521477       -1.61722180827369
H           -0.09291584082452       -2.06214260107639       -0.74701493603973
H           -3.67437966902059       -1.11513646891857       -0.28891517649659
H           -4.44355869231867        1.11492150682878        0.41278295749523
H           -2.77746116114386        2.90510930096570        0.87769132813992
H            1.56435719781816       -0.42916381114462        2.90423758735402
H            3.53483625324410       -0.48379484112300        1.77346511195944
H            4.62767754656732       -0.22459571487149       -0.41604431431969
H            3.26582001799573        0.28342293621796       -2.43357366909297
26
 energy: -46.465799559806 gnorm: 0.001464275673 xtb: 6.6.1 (8d0f1dd)
C           -1.16806537067188       -1.98785331165212       -0.66304123404337
C           -1.59873649438309       -0.61657231281173       -0.23942644230615
C           -2.95352723728650       -0.33424664136824       -0.09654343851061
C           -3.39009034897519        0.91395426176427        0.30274127460695
C           -2.47511364829878        1.91680768270253        0.57468903468849
C           -1.13247443300838        1.63330054860119        0.43307173365965
F           -0.23132792397999        2.60735986862381        0.69400260311313
C           -0.66991729126616        0.38659659305027        0.02682148236636
C            0.79129636294109        0.17769636684773       -0.10527516584685
C            1.57017912772845       -0.10762413817881        1.02090178197930
O            0.93220269198372       -0.24246576765583        2.21066630934106
C            2.94616279896998       -0.25803903494791        0.89496915443438
C            3.55545106651346       -0.12401714779406       -0.33948359242422
C            2.80421809484045        0.15374585033493       -1.46649980755708
C            1.43598336564660        0.30090486729781       -1.32686506864765
F            0.69627942488399        0.56798058453967       -2.42246627006352
H           -1.51299736673404       -2.72539483774582        0.06085349645088
H           -1.60571793743284       -2.23662812924435       -1.62892060245328
H           -0.08647303325469       -2.05794388449839       -0.74163820104913
H           -3.67238577416287       -1.11340235825353       -0.30409633638593
H           -4.44648809126884        1.11122125282812        0.40498435587850
H           -2.78411398077151        2.90083283102277        0.88894803006522
H            1.57460255325830       -0.41344008305489        2.90916105727341
H            3.53856715719284       -0.47699680031672        1.77305172513778
H            4.62532312269515       -0.23823336152312       -0.42239393766539
H            3.25716216484063        0.26245610143230       -2.43821094204187
26
 energy: -46.465830177869 gnorm: 0.001582545277 xtb: 6.6.1 (8d0f1dd)
C           -1.15568821976820       -1.97694624417284       -0.67785134347656
C           -1.59450553571763       -0.61072593617377       -0.24566543945665
C           -2.95083725602513       -0.33371535486735       -0.11225623048033
C           -3.39481506357378        0.90893856159672        0.29760166074428
C           -2.48520018212894        1.91065997949259        0.59081114416785
C           -1.14029007970967        1.63317540112242        0.45657293306024
F           -0.24423228387880        2.60748384575021        0.73412854601703
C           -0.67063558515186        0.39316712571437        0.03870861609679
C            0.79054593750451        0.18648275802462       -0.09457429118570
C            1.57589804465052       -0.08731854489838        1.02992551428011
O            0.94742380017325       -0.20049723637311        2.22713693086062
C            2.94967888931412       -0.25206837075595        0.89500241609872
C            3.55112341517121       -0.14451701654486       -0.34630848347553
C            2.79318981035589        0.12505463447890       -1.47081070778781
C            1.42766006082994        0.28769443009586       -1.32262006491045
F            0.68227529478482        0.54671670343319       -2.41687000923292
H           -1.52032440876866       -2.72385988418554        0.02717662469152
H           -1.56950831206557       -2.21139327325112       -1.65833698729646
H           -0.07231954201159       -2.04836816748046       -0.73031843427298
H           -3.66665268875562       -1.11136188531666       -0.33573198871640
H           -4.45291209034389        1.10127574891359        0.39124120937330
H           -2.79990922468688        2.88986247115146        0.91450505390290
H            1.59586168239977       -0.36831000425417        2.92114581500358
H            3.54667779123739       -0.46291439319180        1.77213358319968
H            4.61888593402352       -0.27276551066593       -0.43640204411937
H            3.23860881214107        0.21424916235786       -2.44834302308536
26
 energy: -46.465848873812 gnorm: 0.001501169430 xtb: 6.6.1 (8d0f1dd)
C           -1.14881100478191       -1.96907193886922       -0.69096491793524
C           -1.59188248469109       -0.60679432151102       -0.25027100851455
C           -2.94913469027659       -0.33346660540541       -0.12195381948062
C           -3.39777428978344        0.90507646370470        0.29581377672407
C           -2.49127844876859        1.90527195663545        0.60269943461158
C           -1.14496123746947        1.63194036632828        0.47275557220751
F           -0.25266353472833        2.60604152585974        0.76215702598105
C           -0.67081875200532        0.39667964370383        0.04622560551493
C            0.79019618101310        0.19092202224400       -0.08759872082511
C            1.58057017392096       -0.07172636561812        1.03635743393590
O            0.95864836490429       -0.16771886522610        2.23834891547280
C            2.95266482858448       -0.24581413465989        0.89587355332409
C            3.54842505901548       -0.15725089146185       -0.34960669616481
C            2.78571458522834        0.10401856590120       -1.47333855006463
C            1.42194135922331        0.27520537939884       -1.31995391371402
F            0.67224760813974        0.52745481886872       -2.41343857036023
H           -1.52915518244002       -2.72373910798602       -0.00268048768763
H           -1.54451775619347       -2.18991361516871       -1.68195629834209
H           -0.06492773138652       -2.04375842467495       -0.72409713681030
H           -3.66233129388133       -1.11034632153268       -0.35610884517537
H           -4.45661413646184        1.09503939536248        0.38464935868628
H           -2.80968340045386        2.88101400303354        0.93333212154072
H            1.61032141922281       -0.33289209436301        2.93028382418211
H            3.55329518701498       -0.45095622493711        1.77167473760837
H            4.61448239721456       -0.29500486326541       -0.44401131813832
H            3.22604577983948        0.17978863363855       -2.45419007657639
26
 energy: -46.465873731307 gnorm: 0.001263211584 xtb: 6.6.1 (8d0f1dd)
C           -1.14707980004760       -1.96460237583735       -0.70208423033750
C           -1.59085839306539       -0.60508777998678       -0.25357040033062
C           -2.94845639711274       -0.33367181501013       -0.12644323490570
C           -3.39907068999713        0.90217450118049        0.29701474536070
C           -2.49357364768103        1.90058245642362        0.61113947755837
C           -1.14662987465463        1.62925937833355        0.48289503299353
F           -0.25654413206820        2.60283562867820        0.77868013130865
C           -0.67055666068549        0.39701185207287        0.05008953560254
C            0.79025223448576        0.19159749096884       -0.08399059444703
C            1.58370112382037       -0.06190080141031        1.03984111457165
O            0.96561849617909       -0.14402770120883        2.24427845810622
C            2.95473062787425       -0.24081703070888        0.89676586761685
C            3.54691125892473       -0.16486245140534       -0.35075215367514
C            2.78180322645404        0.09057645586134       -1.47411816350692
C            1.41921904624955        0.26548528458524       -1.31806575575167
F            0.66671747599125        0.51190324112726       -2.41156929594164
H           -1.54124074379775       -2.72517587364768       -0.02893215371609
H           -1.52818297495304       -2.17161177798150       -1.70145469675650
H           -0.06344520717229       -2.04445161564372       -0.71970192970759
H           -3.65998303778374       -1.11015141846784       -0.36604983827797
H           -4.45795285311701        1.09157869977924        0.38469803859591
H           -2.81355557901595        2.87433961130669        0.94588682716855
H            1.61842673824484       -0.30380919250803        2.93625436676487
H            3.55836226094339       -0.43946023718938        1.77224415668531
H            4.61221638486715       -0.30582698278010       -0.44659296521297
H            3.21917011711729        0.15811145346833       -2.45646133976570
26
 energy: -46.465933928320 gnorm: 0.002786860593 xtb: 6.6.1 (8d0f1dd)
C           -1.14870275873643       -1.95861520906708       -0.72459828459775
C           -1.59061952540606       -0.60398611081532       -0.25932435806559
C           -2.94853684292225       -0.33426781727941       -0.13170933587727
C           -3.40002737212165        0.89742257894579        0.30238789210908
C           -2.49427516711745        1.89186382548223        0.62702549887014
C           -1.14688581793550        1.62214365995246        0.49953123424486
F           -0.25888757535682        2.59330876017169        0.80620752539833
C           -0.66986644683353        0.39417189489953        0.05559086907243
C            0.79055137503203        0.18887992439563       -0.07907573253597
C            1.58935260409363       -0.04386474181349        1.04600164230836
O            0.97654080521908       -0.10187348082555        2.25353030354524
C            2.95939128579207       -0.22648071456733        0.89999929912838
C            3.54592448651855       -0.17162967487440       -0.35088081136593
C            2.77667267067821        0.06772107514949       -1.47566963547915
C            1.41519085054552        0.24355519215018       -1.31625620728827
F            0.65806299946861        0.47663299575000       -2.41043338728088
H           -1.57502503344618       -2.73090454514140       -0.08431183331525
H           -1.49832766129112       -2.13488615625495       -1.74244005523557
H           -0.06544809895648       -2.05178194710250       -0.70847994282832
H           -3.65828852177467       -1.10955845900225       -0.38001266363247
H           -4.45860200075249        1.08752892861636        0.39020896676721
H           -2.81493233234195        2.86274832718147        0.96952396307269
H            1.62943337774655       -0.25025350866622        2.94747317677937
H            3.56750130919708       -0.41316553325526        1.77477740854251
H            4.61012458687261       -0.31604140684786       -0.44860432536539
H            3.20967780382830        0.12133114281796       -2.46046020697066
26
 energy: -46.466019178252 gnorm: 0.006521506938 xtb: 6.6.1 (8d0f1dd)
C           -1.15374333636337       -1.95078872250394       -0.76054612177989
C           -1.59158139464769       -0.60380119615096       -0.26885251446347
C           -2.94954066951711       -0.33540995963393       -0.13705137645336
C           -3.40023547598683        0.89047838474028        0.31371083195797
C           -2.49282279322270        1.87872629789591        0.65218873863597
C           -1.14539742282755        1.60974894049701        0.52330277448663
F           -0.25858497451140        2.57627059135468        0.84498063627940
C           -0.66900862063368        0.38768393867506        0.06151842207316
C            0.79087577185877        0.18233983047906       -0.07390086346611
C            1.59631370477657       -0.01825598971073        1.05374893839849
O            0.98960974025049       -0.04015802601786        2.26501808381500
C            2.96554619422455       -0.20361384621600        0.90513299105723
C            3.54523800658806       -0.17910786659482       -0.34993242274014
C            2.77111742919646        0.03464816119726       -1.47736987451725
C            1.41050841204814        0.20933646387190       -1.31473371661580
F            0.64756788821213        0.41981547109083       -2.41095639541671
H           -1.63111045806164       -2.73972565557287       -0.17329575907504
H           -1.45322079813763       -2.07966102015343       -1.80480186721344
H           -0.07257756273521       -2.06715448399632       -0.69203605996212
H           -3.65810806452384       -1.10814458749410       -0.39667771174749
H           -4.45822260974264        1.08205569618436        0.40395345931748
H           -2.81269787759167        2.84568648233089        1.00687864706462
H            1.64259155973228       -0.16599121419871        2.96307993833605
H            3.57949520691382       -0.36869463110273        1.78061510964717
H            4.60883668097857       -0.32461630217392       -0.44886002056332
H            3.19915046372273        0.06833224320280       -2.46511286705485
26
 energy: -46.466105225359 gnorm: 0.008136316888 xtb: 6.6.1 (8d0f1dd)
C           -1.16127904664972       -1.94558703722836       -0.79238880703944
C           -1.59390382709723       -0.60535761656321       -0.27754543878781
C           -2.95133276216265       -0.33715404720016       -0.13648498730280
C           -3.39871736088003        0.88458840104057        0.32807769065162
C           -2.48836381578292        1.86792927466537        0.67281585456933
C           -1.14179370820446        1.59804441477911        0.53814795031154
F           -0.25381441768512        2.55969807481624        0.86968337154375
C           -0.66840102750549        0.38003016648497        0.06161814858568
C            0.79114672115005        0.17404593418945       -0.07353161428553
C            1.59966279182895        0.00044263762204        1.05767456674206
O            0.99426440344409        0.00480451395183        2.26896259231709
C            2.96912149690513       -0.18303820452421        0.91072929463830
C            3.54617641433992       -0.17984138210821       -0.34567569868695
C            2.77038749145535        0.01081604721861       -1.47723199530435
C            1.40945555165630        0.18066137141294       -1.31539008909123
F            0.64449808127105        0.37291253759422       -2.41426224900783
H           -1.67300736566100       -2.74381222303444       -0.24652439361275
H           -1.42439017413015       -2.03866845978103       -1.85061438422649
H           -0.08510585844601       -2.08216135517658       -0.68900338830079
H           -3.66047116490796       -1.10735971906376       -0.40225723959116
H           -4.45587241585045        1.07790566822208        0.42434688431307
H           -2.80542080856993        2.83212437928169        1.03793275511823
H            1.64576203818126       -0.09421438880532        2.97324279683430
H            3.58492638539484       -0.33212187899907        1.78714100189492
H            4.60955039236282       -0.32490557266688       -0.44345317732637
H            3.19692098554293        0.03021746387181       -2.46600844495622
26
 energy: -46.466224527952 gnorm: 0.007152386147 xtb: 6.6.1 (8d0f1dd)
C           -1.17255315082292       -1.94252109469503       -0.82323839119239
C           -1.59841950465502       -0.60877101453533       -0.28788061997098
C           -2.95454012865990       -0.33918539806307       -0.13096910811675
C           -3.39489287328086        0.87924110690139        0.34782905261079
C           -2.47943538189099        1.85828772307039        0.69234621152311
C           -1.13491070257186        1.58530097738307        0.54608571414770
F           -0.24229394800003        2.54108567078583        0.88181268008560
C           -0.66804170414797        0.37006698754027        0.05516723886669
C            0.79128847438960        0.16285918065809       -0.07894323715973
C            1.59816312262461        0.01263812884125        1.05678382236582
O            0.98799260528099        0.03530420416771        2.26377863084805
C            2.96916305276152       -0.16374400145065        0.91666511940602
C            3.54884511922346       -0.17439425673818       -0.33784734736291
C            2.77557390390823       -0.00584536681328       -1.47463773752571
C            1.41271458338509        0.15469572143450       -1.31878471909852
F            0.64993677103993        0.32817281919991       -2.42196514736704
H           -1.70287926611015       -2.74091444291126       -0.30923516596588
H           -1.41066005894611       -2.00929898719016       -1.88265435135556
H           -0.10522749775761       -2.09837756811278       -0.70127041863542
H           -3.66690478092428       -1.10635737943589       -0.39666743719192
H           -4.45082688003192        1.07424578440279        0.45610467814406
H           -2.79078153583967        2.82042230238861        1.06775163377676
H            1.63674656773152       -0.02783431792078        2.97613082805830
H            3.58310675466653       -0.29608491459138        1.79630115580732
H            4.61350714839654       -0.31293088181687       -0.43071343698896
H            3.20532831023083        0.00393801750053       -2.46194864770825
26
 energy: -46.466325377928 gnorm: 0.003319769892 xtb: 6.6.1 (8d0f1dd)
C           -1.17074241198588       -1.94184001665861       -0.82194368442495
C           -1.59869850899787       -0.60817602008229       -0.28861171606713
C           -2.95443342209634       -0.33673868572833       -0.13494710613221
C           -3.39442527412800        0.88022946752371        0.34805234831065
C           -2.47931692430269        1.85877536227786        0.69645161811806
C           -1.13506794235135        1.58523238475427        0.55005078357707
F           -0.24056041255879        2.54165035968073        0.88194611199791
C           -0.66874528565780        0.37079389064088        0.05723472916076
C            0.79045727769809        0.16555662326259       -0.07970402690163
C            1.59613551021287        0.01527215859108        1.05545737367546
O            0.98533506503053        0.02774122060989        2.26383513058635
C            2.96777660840680       -0.15988638025928        0.91524079083382
C            3.54928619597663       -0.17205928970737       -0.33926135778270
C            2.77525153661092       -0.00986021489883       -1.47445954650089
C            1.41179414656116        0.15477002547344       -1.31986198572008
F            0.64872229805448        0.31327972848452       -2.42379980227840
H           -1.70837948581035       -2.74024806278241       -0.31384347084040
H           -1.40093391467644       -2.00462538210005       -1.88481856196688
H           -0.10355180523026       -2.09951578383275       -0.69193617002457
H           -3.66897506276200       -1.10186833887355       -0.40081926293664
H           -4.45077376663664        1.07306412194761        0.45698465133205
H           -2.79035671506685        2.81999958325348        1.07361623541419
H            1.63752885902784       -0.03540504329439        2.97215769976588
H            3.58108197575268       -0.28541633498326        1.79689008754681
H            4.61553626178315       -0.30614806564000       -0.43213448518179
H            3.20605419714568       -0.00457830765929       -2.46177538356055
26
 energy: -46.466398397928 gnorm: 0.002081265981 xtb: 6.6.1 (8d0f1dd)
C           -1.16877760447727       -1.94035014388607       -0.82147712537983
C           -1.59978093353681       -0.60745749726133       -0.28985854305832
C           -2.95466884505413       -0.33331432493675       -0.13865882734951
C           -3.39343310732605        0.88208161289185        0.35006660770551
C           -2.47856116464719        1.85934990965478        0.70368345429973
C           -1.13491741876797        1.58507915187414        0.55393156026328
F           -0.23695462745655        2.54024927496783        0.88442819428486
C           -0.67000457823246        0.37142657684893        0.05847038445607
C            0.78879808256756        0.16587356789042       -0.08158229891536
C            1.59368920916997        0.01814539203031        1.05322136593307
O            0.98243349612689        0.01689008804658        2.26358391637081
C            2.96656755297880       -0.15009348620901        0.91416644606502
C            3.55001709794328       -0.16439513767471       -0.34018408836808
C            2.77385062723879       -0.01660384591425       -1.47420677277868
C            1.40899676522270        0.14704941323918       -1.32242195121006
F            0.64665295849060        0.28990040418184       -2.42717903012279
H           -1.72005409786048       -2.73886178722121       -0.32684507648278
H           -1.38031889608139       -1.99637811345477       -1.89015635558971
H           -0.10370610565093       -2.10304793336730       -0.67360753854677
H           -3.67317871751552       -1.09322167591946       -0.40913557172813
H           -4.45029717185006        1.07305247125189        0.45804199333778
H           -2.78882936254600        2.81852285408139        1.08593367833273
H            1.64067317315174       -0.04424656080857        2.96565546793606
H            3.57861550441369       -0.26639248511141        1.79861093176847
H            4.61769019218962       -0.29359811486421       -0.43271032845138
H            3.20549697150873       -0.01966061033042       -2.46176949277180
26
 energy: -46.466436078931 gnorm: 0.002901976131 xtb: 6.6.1 (8d0f1dd)
C           -1.16895285217088       -1.93937315024879       -0.82320092220183
C           -1.60118764466418       -0.60717764218666       -0.29165753505537
C           -2.95546668078358       -0.33100228461250       -0.14112147290108
C           -3.39267913344441        0.88369150955232        0.35138553663082
C           -2.47731155902518        1.85889376521020        0.70912084751499
C           -1.13413715314416        1.58349217607128        0.55705790625792
F           -0.23397849858033        2.53684354425414        0.88867913745184
C           -0.67075568293923        0.37065243100126        0.05853555269253
C            0.78773348647759        0.16367833815005       -0.08276861734897
C            1.59301277958229        0.01923740222515        1.05201176766501
O            0.98211799565467        0.01379103327618        2.26327449679631
C            2.96673244343231       -0.14222500181854        0.91419867783864
C            3.55028737511086       -0.15908980068488       -0.34013611567695
C            2.77241312797054       -0.02194864800214       -1.47423461708859
C            1.40685378922718        0.13880086683271       -1.32409859384426
F            0.64492772284738        0.27303754003280       -2.42933831861721
H           -1.73302523712073       -2.73773839670260       -0.34262404561132
H           -1.36154950479412       -1.98881685096207       -1.89623560612514
H           -0.10718579148384       -2.10840575246589       -0.65762461840017
H           -3.67652522354887       -1.08758903058926       -0.41422974530100
H           -4.44959496159975        1.07436283846479        0.45954940027270
H           -2.78665737414871        2.81655518143579        1.09580296549678
H            1.64397175228795       -0.04499626080620        2.96206174778102
H            3.57848209504932       -0.25128123865243        1.79989090683903
H            4.61864453429385       -0.28249559258935       -0.43223202997502
H            3.20382919551359       -0.03089797618568       -2.46206570509049
26
 energy: -46.466506894308 gnorm: 0.004353170530 xtb: 6.6.1 (8d0f1dd)
C           -1.17133421596672       -1.93778927577385       -0.82940366901220
C           -1.60458338069151       -0.60732702188547       -0.29563830282347
C           -2.95772535914894       -0.32733935666225       -0.14501860007021
C           -3.39125090682615        0.88625776400421        0.35468765766168
C           -2.47399034237762        1.85650677299830        0.71985392267769
C           -1.13170136577867        1.57832214745893        0.56406996341510
F           -0.22798484908413        2.52732900838577        0.90025662165871
C           -0.67186916183099        0.36723826203048        0.05856183320222
C            0.78598975337915        0.15719954553213       -0.08432761876804
C            1.59313972096601        0.02253836172917        1.05055226447595
O            0.98355088259258        0.01576071715785        2.26290636050630
C            2.96827544692540       -0.12609390355435        0.91466337173448
C            3.55070188459934       -0.14931491600126       -0.33987717466214
C            2.76956213796299       -0.03293702541735       -1.47467656053889
C            1.40300470421150        0.12044417708257       -1.32656902131818
F            0.64114259486138        0.23973944703471       -2.43262200543233
H           -1.76593091574103       -2.73547604771192       -0.38357694703559
H           -1.31918113266523       -1.96989126614611       -1.91145341419075
H           -0.11848515638452       -2.12368027250271       -0.62241022899553
H           -3.68296005351887       -1.07816427785737       -0.42296292644582
H           -4.44790793947098        1.07810090037400        0.46340538652147
H           -2.78101750711698        2.81153345542108        1.11499579062264
H            1.65046982089940       -0.03788758363563        2.95749824410787
H            3.58040390029953       -0.22125142246581        1.80163220079570
H            4.61997065331773       -0.26115902551176       -0.43150397935631
H            3.19970978658686       -0.05266016408364       -2.46304216873019
26
 energy: -46.466584973505 gnorm: 0.006469401266 xtb: 6.6.1 (8d0f1dd)
C           -1.17627903035746       -1.93638500304346       -0.83966427412758
C           -1.60884898619688       -0.60842239078040       -0.30013677049299
C           -2.96078415828897       -0.32443897370116       -0.14798498917435
C           -3.38971507011938        0.88816228201580        0.35920545142711
C           -2.46934113507463        1.85211209545792        0.73182237977374
C           -1.12798683733447        1.57025274530281        0.57325407800346
F           -0.22117843539344        2.51394767410206        0.91625113577906
C           -0.67259874986170        0.36127525639083        0.05902440775808
C            0.78452862755058        0.14815172767393       -0.08492498593078
C            1.59467597167457        0.02838134831443        1.05015457036264
O            0.98702717705515        0.02729383324461        2.26319017301452
C            2.97099528922622       -0.10792735914097        0.91525427869845
C            3.55116397701134       -0.13981904557561       -0.33975231063517
C            2.76680205347990       -0.04553742047626       -1.47537182642505
C            1.39949448684782        0.09865643428472       -1.32792541417421
F            0.63656473451791        0.20202971714601       -2.43473561121195
H           -1.80860047493679       -2.73255740195557       -0.44034924720898
H           -1.26823685201379       -1.94445588167769       -1.93051973589886
H           -0.13687916569811       -2.14616623559222       -0.58260821620174
H           -3.68961793302933       -1.06983797478084       -0.43091580056190
H           -4.44572494543224        1.08305899855092        0.46880367308290
H           -2.77316667861597        2.80480776964722        1.13529689257464
H            1.65685751079320       -0.01958169605038        2.95585754818362
H            3.58467924587312       -0.18759843892944        1.80247892037647
H            4.62111076821919       -0.23966739476615       -0.43149585884843
H            3.19505761010370       -0.07573566566141       -2.46420746814256
26
 energy: -46.466701948135 gnorm: 0.005957535631 xtb: 6.6.1 (8d0f1dd)
C           -1.18274790678628       -1.93544560760703       -0.85209966209799
C           -1.61252560247611       -0.61024475938872       -0.30385486685773
C           -2.96364183825389       -0.32384979188563       -0.14835765509703
C           -3.38869568959752        0.88827882765595        0.36351108772919
C           -2.46483696148873        1.84656512772507        0.74077632224612
C           -1.12409925222384        1.56133768004104        0.58186748798958
F           -0.21614903256902        2.50034517254900        0.93254771909062
C           -0.67249026592753        0.35427624822922        0.05968976774946
C            0.78408118514802        0.13908206119688       -0.08380203066979
C            1.59753722174250        0.03529617739425        1.05156507603171
O            0.99199551512534        0.04799595914919        2.26444746784079
C            2.97415879789870       -0.09450975491985        0.91595265897142
C            3.55146954519626       -0.13506735828585       -0.33962792806117
C            2.76534255269368       -0.05553023145381       -1.47586144405064
C            1.39796882346436        0.08064255801028       -1.32689979937021
F            0.63296492581347        0.17385582405546       -2.43400731832808
H           -1.84282769946445       -2.72876298771013       -0.49447660607478
H           -1.22989282962437       -1.92215284874634       -1.94512345392998
H           -0.15842793816220       -2.16809602304581       -0.55817810037069
H           -3.69375082705607       -1.06641016668641       -0.43487848825799
H           -4.44378754995257        1.08768853867293        0.47372133950874
H           -2.76556398617504        2.79827201746632        1.14907455516700
H            1.66053831148200        0.00827181085291        2.95924158515989
H            3.59034738624331       -0.16277422177763        1.80186063874950
H            4.62140046140889       -0.22753806311878       -0.43221285627912
H            3.19163165354063       -0.09152718837278       -2.46487449678869
26
 energy: -46.466839684422 gnorm: 0.003154509164 xtb: 6.6.1 (8d0f1dd)
C           -1.19026874860604       -1.93463539789034       -0.86809697478876
C           -1.61535891893575       -0.61297066010572       -0.30690444020086
C           -2.96606721190344       -0.32541189694016       -0.14782346960289
C           -3.38829954363072        0.88556663168098        0.36839597738532
C           -2.46076721725067        1.83899109772381        0.74851933164309
C           -1.12034652941355        1.55088311103786        0.59202072182372
F           -0.21310099165358        2.48630937015466        0.94999294117870
C           -0.67156996195329        0.34562373004795        0.06271001282064
C            0.78461224521745        0.13087198904110       -0.08022762136296
C            1.60161855199713        0.04600740008418        1.05500296101253
O            0.99836517074532        0.07998455030122        2.26735836463884
C            2.97760547736456       -0.08510703472113        0.91591152629126
C            3.55198975881489       -0.13598973764432       -0.34050687353502
C            2.76508736548344       -0.06506067001861       -1.47625094356657
C            1.39812933965152        0.06600422776012       -1.32292027264799
F            0.62932706892389        0.15124746945598       -2.42981589185534
H           -1.87301377052008       -2.72167592556173       -0.55269133737075
H           -1.19792024294841       -1.89770642375712       -1.95719139103633
H           -0.18445015039390       -2.19216854202650       -0.54547112540397
H           -3.69519298312671       -1.06785182652845       -0.43642838838829
H           -4.44228749452734        1.09010793711767        0.47951660745159
H           -2.75842256529531        2.79103474943547        1.15810366263538
H            1.66164174132816        0.05077465525621        2.96799846757660
H            3.59757136450409       -0.14423226416298        1.79930207292955
H            4.62162588554677       -0.22753205101305       -0.43507663187733
H            3.18949136058112       -0.10306548872732       -2.46542628575004
26
 energy: -46.466697023074 gnorm: 0.014711202379 xtb: 6.6.1 (8d0f1dd)
C           -1.20040949552053       -1.93179717337626       -0.89454364407628
C           -1.62103559631430       -0.61702259528748       -0.31285326338913
C           -2.97038495951562       -0.32453035514205       -0.15197183444248
C           -3.38698334032342        0.88233321024560        0.37861833415689
C           -2.45386724869560        1.82622347716643        0.76983493181004
C           -1.11451522196830        1.53280452239605        0.61405788434050
F           -0.20523785559065        2.46143406979434        0.98230454568891
C           -0.67142523241679        0.33121225431695        0.07072506166605
C            0.78373198852706        0.11717703860767       -0.07548936337154
C            1.60706039562825        0.06713053070205        1.05853453362342
O            1.00833486903347        0.12562714030663        2.27208655296192
C            2.98322496962175       -0.05889361766650        0.91442292174126
C            3.55335101965312       -0.13096056425210       -0.34367309577641
C            2.76163066483999       -0.08969570809692       -1.47751105177381
C            1.39416702492915        0.03245769046793       -1.31885950340835
F            0.61911544544291        0.08935495782363       -2.42573669981677
H           -1.95029815264990       -2.70785550868750       -0.67663924995535
H           -1.10502730238974       -1.83922556417819       -1.98881823492000
H           -0.22943497099388       -2.24316134648185       -0.48756677228484
H           -3.70170008963466       -1.06194710072558       -0.44824560169940
H           -4.43962155688247        1.09280530060430        0.49150697135401
H           -2.74590709627754        2.77659774535197        1.18734171019291
H            1.66967332156173        0.11875117507674        2.97566731099803
H            3.60903333760052       -0.09280166693199        1.79602418334747
H            4.62394280591987       -0.21578362929922       -0.44139134564583
H            3.18258127641512       -0.14023528273482       -2.46782428132113
26
 energy: -46.466937194661 gnorm: 0.002050547102 xtb: 6.6.1 (8d0f1dd)
C           -1.19386890800251       -1.93183603495626       -0.88375287332650
C           -1.61700898333790       -0.61461001669184       -0.30994184154772
C           -2.96727248483327       -0.32590744090921       -0.14994941876829
C           -3.38823267150665        0.88163044925447        0.37485709745448
C           -2.45895983885179        1.83163412297517        0.76054391691303
C           -1.11890816931452        1.54240222442372        0.60411808552855
F           -0.21129757130116        2.47567858287007        0.96591306219888
C           -0.67147796801121        0.33926346820467        0.06818066701304
C            0.78441901462213        0.12652318163603       -0.07674428784057
C            1.60423764499293        0.05945156984839        1.05729698215170
O            1.00344355295608        0.10704024019614        2.27038864471858
C            2.98003520124618       -0.07369813257550        0.91484213349925
C            3.55291845208771       -0.13778346939804       -0.34234836521280
C            2.76341811279851       -0.08015158955824       -1.47628608205112
C            1.39634441751580        0.05098518735037       -1.31965728045183
F            0.62430142216175        0.12217350692579       -2.42630864646689
H           -1.90500988386719       -2.71041608841398       -0.61573671769605
H           -1.15503222021277       -1.86726527147621       -1.97122167122407
H           -0.20701974241174       -2.21640417819071       -0.52625787775916
H           -3.69684304032302       -1.06621896064829       -0.44373003062205
H           -4.44178137939652        1.08749267874064        0.48710261689744
H           -2.75450057175461        2.78277897845028        1.17373147455726
H            1.66560711804039        0.09393321530535        2.97228467811639
H            3.60303686222585       -0.12067780626928        1.79752472870617
H            4.62319129402408       -0.23130306765423       -0.43852802996793
H            3.18625934045299       -0.12471634943950       -2.46631996481968
26
 energy: -46.466967865189 gnorm: 0.001646373349 xtb: 6.6.1 (8d0f1dd)
C           -1.19332620347671       -1.92998730451693       -0.88816740900752
C           -1.61682266905188       -0.61436298972326       -0.31090803407979
C           -2.96706273074773       -0.32609312912916       -0.15058136730377
C           -3.38849975922037        0.87986463308149        0.37731981793994
C           -2.45963914496996        1.82952906956325        0.76502133260161
C           -1.11958225257180        1.54108913383178        0.60754369085134
F           -0.21203708725103        2.47445083987240        0.96974078881509
C           -0.67164877104026        0.33896421328490        0.06954557963104
C            0.78420831368436        0.12668592211109       -0.07603849002053
C            1.60478837863070        0.06374555843519        1.05751458027086
O            1.00508677752583        0.11443447718515        2.27112050536172
C            2.98047045966158       -0.07045893674681        0.91447852368609
C            3.55279772677624       -0.13982893040237       -0.34279255493921
C            2.76232610896174       -0.08620045383699       -1.47602905276751
C            1.39534658892816        0.04667716883387       -1.31906504076347
F            0.62311099309434        0.11456993614315       -2.42554305948226
H           -1.91334865282447       -2.70596164120779       -0.63637407610007
H           -1.13887469790826       -1.85695322414446       -1.97480789375859
H           -0.21276495918993       -2.22298789840311       -0.51945080687964
H           -3.69677411537403       -1.06550499091706       -0.44643227924939
H           -4.44216975319038        1.08467943123104        0.49020776727302
H           -2.75532813925675        2.77980246338693        1.18009743355613
H            1.66823862806846        0.10785734971770        2.97200350438693
H            3.60390836330742       -0.11428325085861        1.79709557760304
H            4.62305781470294       -0.23523752875708       -0.43917113464247
H            3.18453778273134       -0.13449091803450       -2.46632690298250
26
 energy: -46.466873222665 gnorm: 0.011680083975 xtb: 6.6.1 (8d0f1dd)
C           -1.18763558675696       -1.91444316445718       -0.92077948561485
C           -1.61536021329695       -0.61093100355916       -0.31947838071433
C           -2.96575325723337       -0.32782134059506       -0.15463815059091
C           -3.39119614045454        0.86661479561280        0.39612178062940
C           -2.46597082682886        1.81428879142636        0.79790421563544
C           -1.12555645379064        1.53325400837349        0.63114330346726
F           -0.21942926982884        2.46737178831410        0.99838865377242
C           -0.67316758158602        0.33972403582123        0.07663625919996
C            0.78237137687827        0.12922881408321       -0.07250648796011
C            1.60851308767606        0.09317908209440        1.05814822797735
O            1.01727907664890        0.16979093252122        2.27561118151731
C            2.98327740297435       -0.04921898981314        0.91233264746505
C            3.55077002229661       -0.15826120814639       -0.34519992576086
C            2.75387966488505       -0.13173644108051       -1.47427868354635
C            1.38801227673427        0.01577960991679       -1.31622970923834
F            0.61570664459373        0.06304916232617       -2.42209367327930
H           -1.96970888639808       -2.67181151982376       -0.78879857123761
H           -1.01514556672808       -1.78281126858586       -1.99987656640040
H           -0.25491355578249       -2.26811469177399       -0.46612934962990
H           -3.69586271539710       -1.06156580717027       -0.46385597583292
H           -4.44593715395277        1.06281151036183        0.51467012879288
H           -2.76393903484296        2.75693241854035        1.22878217490648
H            1.68873774775244        0.21025235600121        2.96809965936500
H            3.60961544143686       -0.06971582634037        1.79447919295259
H            4.62041673239556       -0.26598093951064       -0.44252008510826
H            3.17099576860514       -0.20986610453700       -2.46593138076692
26
 energy: -46.467050829944 gnorm: 0.002585959186 xtb: 6.6.1 (8d0f1dd)
C           -1.18760113917653       -1.91863039463608       -0.90912975961309
C           -1.61481327146873       -0.61098656997949       -0.31695416548848
C           -2.96541110044206       -0.32763350255406       -0.15321035453936
C           -3.39077222547141        0.87005427358233        0.39017307243520
C           -2.46549396612217        1.81974605019109        0.78666759434442
C           -1.12496505097321        1.53795819332034        0.62190489493352
F           -0.21897889092210        2.47299730150641        0.98653240568537
C           -0.67274235115057        0.34195522578449        0.07328489149845
C            0.78306549713727        0.13105724739171       -0.07436446800901
C            1.60672755640608        0.08308206063027        1.05737206927835
O            1.01253617828422        0.15028048294678        2.27359363163605
C            2.98166868573230       -0.05882929756475        0.91320529067806
C            3.55117341488319       -0.15510711360057       -0.34382884411306
C            2.75685476131657       -0.11689422793784       -1.47438712215433
C            1.39081621711353        0.02902991472106       -1.31765147014980
F            0.61966540746231        0.08615174785612       -2.42394806030686
H           -1.94264296407555       -2.68213294972212       -0.73061272426472
H           -1.06251533171606       -1.81096199692799       -1.98874856940023
H           -0.23725445013619       -2.24816245898560       -0.49041535977308
H           -3.69492986143656       -1.06383721511703       -0.45755953659477
H           -4.44544508580228        1.06727792365376        0.50752460741567
H           -2.76383348945872        2.76438649921896        1.21262891662995
H            1.68187324472613        0.17543310459294        2.96775173216133
H            3.60633705400938       -0.08904613624841        1.79582288791197
H            4.62079711891163       -0.26136277193657       -0.44029138611732
H            3.17588304236911       -0.18582639018591       -2.46535917408413
26
 energy: -46.467061013876 gnorm: 0.001461568494 xtb: 6.6.1 (8d0f1dd)
C           -1.18652998181447       -1.91747777553109       -0.90971269166190
C           -1.61457954597706       -0.61017100343590       -0.31758509069387
C           -2.96532184100038       -0.32813540076741       -0.15269312382257
C           -3.39116522477499        0.86917895942035        0.39121119736631
C           -2.46627745312525        1.81928715371413        0.78720110616721
C           -1.12554705232625        1.53862983547491        0.62168960297043
F           -0.22038651679036        2.47412139148914        0.98687214957447
C           -0.67277475636187        0.34338437721429        0.07221196773217
C            0.78302327868549        0.13231330334113       -0.07514488028857
C            1.60654438951066        0.08374292777488        1.05685721846507
O            1.01229956406365        0.15318120105770        2.27286945660524
C            2.98132397570377       -0.05991411969661        0.91323297913745
C            3.55074695739943       -0.15760471909946       -0.34350244113946
C            2.75693087586978       -0.11817812589725       -1.47444306719639
C            1.39114092598987        0.02953555303973       -1.31816343349003
F            0.62059129257637        0.08852293303728       -2.42491838664572
H           -1.94092799946386       -2.68074172757214       -0.73334036851179
H           -1.05888745052021       -1.81016713897298       -1.98796020602131
H           -0.23796521457134       -2.24741103253933       -0.48951198505740
H           -3.69427574042691       -1.06506505426936       -0.45637461375428
H           -4.44587570419888        1.06566137349503        0.50948813652640
H           -2.76525461902916        2.76333365306700        1.21390895095518
H            1.68146069306082        0.17812097911377        2.96688666840434
H            3.60574443440404       -0.09072759533403        1.79579744147469
H            4.62004531729620       -0.26513146079289       -0.43979174850179
H            3.17591639582048       -0.18828948733108       -2.46508383859382
26
 energy: -46.467075044125 gnorm: 0.001320848232 xtb: 6.6.1 (8d0f1dd)
C           -1.18274486499172       -1.91360611829431       -0.91162369555448
C           -1.61400992546733       -0.60746097451092       -0.31983692326231
C           -2.96507197410728       -0.32964042663049       -0.15100716831721
C           -3.39234713584632        0.86626231597825        0.39539594568291
C           -2.46867157493192        1.81760315132121        0.79013261238684
C           -1.12731376378977        1.54074493938740        0.62139961117441
F           -0.22469115731348        2.47775257130695        0.98792744571132
C           -0.67301061314890        0.34808044773943        0.06861121416296
C            0.78266047934289        0.13636978642988       -0.07828656594703
C            1.60552288060963        0.08649675467564        1.05460082943426
O            1.01080781761713        0.16250583514472        2.26978374525737
C            2.97992727348952       -0.06230893914277        0.91302105709202
C            3.54943710033865       -0.16527250673131       -0.34271806692458
C            2.75716187997352       -0.12319250222939       -1.47499646538543
C            1.39206272390766        0.03031779908804       -1.32035739637228
F            0.62351179802542        0.09420222757390       -2.42881387230678
H           -1.93963888735380       -2.67523068237603       -0.74772391543239
H           -1.03969885416799       -1.80499735723899       -1.98590875996436
H           -0.24219370660261       -2.24809686602981       -0.47992637985366
H           -3.69247770227991       -1.06868048770072       -0.45283450100771
H           -4.44717281975735        1.06015987972620        0.51704718701787
H           -2.76952846976966        2.75958879826175        1.21984125941433
H            1.67980531933545        0.18683025763208        2.96346329592906
H            3.60348444943104       -0.09389424281132        1.79580989665541
H            4.61793648011264       -0.27676278244501       -0.43834041512911
H            3.17625224734405       -0.19777187812454       -2.46465897446134
26
 energy: -46.467085206668 gnorm: 0.000920346176 xtb: 6.6.1 (8d0f1dd)
C           -1.17960889678912       -1.91122080706810       -0.91237679799666
C           -1.61341484613062       -0.60592575055257       -0.32057032419689
C           -2.96458045312151       -0.33068520026021       -0.14965646874736
C           -3.39305291570036        0.86406555185814        0.39860129806052
C           -2.47042531995320        1.81657624670139        0.79262547154276
C           -1.12869632420388        1.54245070714076        0.62133410342105
F           -0.22749575805171        2.48084697833254        0.98744070678284
C           -0.67330492575635        0.35115737681070        0.06693067807862
C            0.78227393285896        0.13948906628356       -0.08040952755074
C            1.60453535274700        0.08922310091368        1.05291238441051
O            1.00939941297935        0.16821775652699        2.26765813515872
C            2.97865309137766       -0.06335489293106        0.91235869069267
C            3.54854725846928       -0.17015739085729       -0.34286177417118
C            2.75704001701401       -0.12684507498062       -1.47568155403660
C            1.39232419135552        0.03089895376857       -1.32193142556035
F            0.62488002909504        0.09668874475991       -2.43130645015646
H           -1.94189991117906       -2.67108410509080       -0.76174957873181
H           -1.02065803980886       -1.79881549361977       -1.98456887012784
H           -0.24619021611626       -2.25083096189434       -0.46861821427543
H           -3.69116575792821       -1.07086206732856       -0.45074653375620
H           -4.44801086138291        1.05579677421782        0.52254878854424
H           -2.77237324842650        2.75736930770481        1.22415160830395
H            1.67850099173689        0.19217984190496        2.96136546757925
H            3.60155400080783       -0.09541732648806        1.79555377353137
H            4.61671508889268       -0.28549157301219       -0.43802751020531
H            3.17645310721392       -0.20427076284045       -2.46497507659361
26
 energy: -46.467096583587 gnorm: 0.001513970512 xtb: 6.6.1 (8d0f1dd)
C           -1.17219098104092       -1.90745409108771       -0.91091439616011
C           -1.61167905801135       -0.60300361708957       -0.32111988549963
C           -2.96306098666298       -0.33308520728347       -0.14599065644312
C           -3.39430928627894        0.85979261691596        0.40458869220540
C           -2.47414112320400        1.81589930704496        0.79545256234766
C           -1.13170629276840        1.54754665669695        0.61882912800773
F           -0.23307941728613        2.48954050454169        0.98170211141322
C           -0.67393577973300        0.35802787594361        0.06313320358919
C            0.78155495222611        0.14676001703285       -0.08523037522968
C            1.60201600762350        0.09309094394623        1.04915033859760
O            1.00546685420354        0.17551047889294        2.26301224785341
C            2.97545050926825       -0.06780322051565        0.91056331635745
C            3.54662785180017       -0.17945815043028       -0.34374516146402
C            2.75687552134640       -0.13090073684841       -1.47762211713538
C            1.39289557622641        0.03557060593950       -1.32570770053211
F            0.62748240881540        0.10601928641806       -2.43657213231762
H           -1.94528252236767       -2.66287692310888       -0.78536385367543
H           -0.98292591675460       -1.78881935666482       -1.97836059144736
H           -0.25294938114960       -2.25741710839522       -0.44224668250399
H           -3.68798402148011       -1.07607871155855       -0.44447997236228
H           -4.44957802614388        1.04679191840113        0.53302234402869
H           -2.77819347905032        2.75509926654720        1.22898297361682
H            1.67407173487517        0.19480754598263        2.95780869902604
H            3.59683215340421       -0.10308797112793        1.79494935730088
H            4.61426038943302       -0.30336349136271       -0.43751310925545
H            3.17748131270930       -0.21110943883067       -2.46632734031784
26
 energy: -46.467103002668 gnorm: 0.001133692338 xtb: 6.6.1 (8d0f1dd)
C           -1.16976083959557       -1.90757765385072       -0.90741910861926
C           -1.61091777273140       -0.60285493430625       -0.31908827755141
C           -2.96237615427194       -0.33418379751888       -0.14336340119574
C           -3.39447554075705        0.85920391682390        0.40532398955927
C           -2.47516588156913        1.81737097491537        0.79327918291992
C           -1.13260867554270        1.55045730764543        0.61554971029409
F           -0.23442972077163        2.49404985448900        0.97546902775188
C           -0.67415211086502        0.36024383420399        0.06207005287590
C            0.78140922740216        0.14923770264318       -0.08666707850090
C            1.60093174623933        0.09218244098635        1.04815386484870
O            1.00345405613474        0.17299282457717        2.26169602072266
C            2.97409250250838       -0.07115509802529        0.91008517964193
C            3.54591934779069       -0.18119756019871       -0.34418857143297
C            2.75697739983295       -0.12862602814280       -1.47846995067595
C            1.39314372278960        0.03969453822983       -1.32707455454576
F            0.62817839559870        0.11260916973803       -2.43806506250157
H           -1.94272515493516       -2.66342499677366       -0.78499198304563
H           -0.97595013477673       -1.78852781116208       -1.97416944366299
H           -0.25283974713492       -2.25624540215152       -0.43652461460549
H           -3.68684657240108       -1.07845855312792       -0.43990654816870
H           -4.44982485424173        1.04487145824594        0.53483555631457
H           -2.77977892969791        2.75699165413218        1.22550231891809
H            1.67137098722765        0.18727996916842        2.95755625589857
H            3.59473615350731       -0.11006271082831        1.79492216711071
H            4.61337676727823       -0.30757198319495       -0.43732574788073
H            3.17826078298179       -0.20730011651787       -2.46718798446910
26
 energy: -46.467112659923 gnorm: 0.000654676441 xtb: 6.6.1 (8d0f1dd)
C           -1.16449150723438       -1.90764169088476       -0.90059354975795
C           -1.60932172177798       -0.60215577884253       -0.31643757494657
C           -2.96101015559913       -0.33647175118933       -0.13816279285495
C           -3.39480030841709        0.85795996929418        0.40701169741260
C           -2.47724840274901        1.82071970567342        0.78801116739866
C           -1.13447830582381        1.55661877377033        0.60796677263288
F           -0.23707827393301        2.50344067231853        0.96172478111779
C           -0.67454081332829        0.36486418331178        0.05906473151155
C            0.78125837213379        0.15412950020354       -0.08955240911407
C            1.59884078258522        0.08917930808611        1.04617309626076
O            0.99954355066309        0.16698578469207        2.25914773906361
C            2.97142191310596       -0.07896651565823        0.90905715415768
C            3.54444102931526       -0.18437149058258       -0.34521741842075
C            2.75729752848335       -0.12264298555806       -1.48023223003040
C            1.39378362516968        0.04898180860726       -1.32983409538714
F            0.62971776867575        0.12754829127063       -2.44080280101935
H           -1.93857461855545       -2.66185670222479       -0.78417089073661
H           -0.96199301809269       -1.78956941470559       -1.96473353183757
H           -0.25253149165108       -2.25748952363275       -0.42107575549224
H           -3.68444451776490       -1.08389294274432       -0.42924926556005
H           -4.45029605672682        1.04092749238332        0.53909046706980
H           -2.78308371381500        2.76150952433978        1.21692564438011
H            1.66563659257790        0.17025146900614        2.95724205964158
H            3.59065558943059       -0.12582585840057        1.79463090330957
H            4.61146103356053       -0.31498739339278       -0.43705384861405
H            3.17983411976706       -0.19724543514101       -2.46892905018481
26
 energy: -46.467117764901 gnorm: 0.000507293382 xtb: 6.6.1 (8d0f1dd)
C           -1.16188985288716       -1.90792168566911       -0.89598549336996
C           -1.60870249472566       -0.60223533261839       -0.31402180704286
C           -2.96051865987018       -0.33810550741888       -0.13414227595977
C           -3.39500105235609        0.85754066183205        0.40778478855113
C           -2.47830134594367        1.82302838379854        0.78387783179802
C           -1.13543448517149        1.55990646126638        0.60331993946785
F           -0.23838324941704        2.50851079254495        0.95329564296873
C           -0.67479731954047        0.36697115648277        0.05772700988490
C            0.78110950794212        0.15611070627857       -0.09063984115800
C            1.59798446020777        0.08638194434204        1.04529834187078
O            0.99803249660451        0.16265455956139        2.25808669905484
C            2.97027475503433       -0.08390159312214        0.90836422131825
C            3.54357837259659       -0.18565258607524       -0.34602892864216
C            2.75722554449967       -0.11860298877844       -1.48123673135274
C            1.39383403798088        0.05407821094434       -1.33099641981073
F            0.63009657706017        0.13648396104201       -2.44165325698477
H           -1.93880253854737       -2.66096029406813       -0.78790352154512
H           -0.94950571108127       -1.78865098995856       -1.95845228746270
H           -0.25449341012968       -2.26011866934480       -0.40924619873281
H           -3.68341250498054       -1.08740015273607       -0.42160032518732
H           -4.45052996611737        1.03944218416015        0.54097518497693
H           -2.78492483977289        2.76499196926992        1.20959248115082
H            1.66302925398269        0.16000495311105        2.95697940546337
H            3.58907442991789       -0.13511715496161        1.79397359811522
H            4.61037352097569       -0.31732292404213       -0.43750361324558
H            3.18008347373816       -0.19011706584087       -2.46986344412622
26
 energy: -46.467122107197 gnorm: 0.000407299516 xtb: 6.6.1 (8d0f1dd)
C           -1.16220565977962       -1.90902999290886       -0.89336604258284
C           -1.60891866752863       -0.60320342231036       -0.31206325454990
C           -2.96068594266352       -0.33866389839812       -0.13230353452672
C           -3.39488192140207        0.85843204566711        0.40674506550453
C           -2.47806982563511        1.82474836709871        0.78039973675212
C           -1.13526151194456        1.56055333315733        0.60112591153640
F           -0.23784349342047        2.50934198207668        0.94962844117952
C           -0.67485976995944        0.36635321170491        0.05818938137027
C            0.78106806179660        0.15519184947505       -0.08992508289612
C            1.59804679063259        0.08338626455231        1.04570754372081
O            0.99817689274031        0.15696255809998        2.25867247142421
C            2.97045767734175       -0.08557309996698        0.90823388166922
C            3.54364179430776       -0.18373752141718       -0.34656925774996
C            2.75716032121897       -0.11495571493526       -1.48155963986246
C            1.39359275258652        0.05612132141465       -1.33066132097709
F            0.62945342899988        0.13978605653024       -2.44084578709120
H           -1.94027077034643       -2.66106859193378       -0.78857816799752
H           -0.94634602506906       -1.78913249235539       -1.95510308974129
H           -0.25639815660402       -2.26292779852465       -0.40437681625971
H           -3.68366113690110       -1.08856870564099       -0.41783612373746
H           -4.45036363253842        1.04094534253309        0.53949495251011
H           -2.78480801391562        2.76802210580021        1.20321694645380
H            1.66317909966019        0.15358490220642        2.95733502772981
H            3.58946818779351       -0.13853116600380        1.79349020548236
H            4.61053933346051       -0.31396821643219       -0.43860738180156
H            3.17978918716907       -0.18406971948933       -2.47044306555923
