26
 energy: -46.448013078639 gnorm: 0.082802242075 xtb: 6.6.1 (8d0f1dd)
C            0.60236400000000        1.87765500000000       -1.00604000000000
C            1.37940400000000        0.75517300000000       -0.41817200000000
C            2.75847700000000        0.75376400000000       -0.35508100000000
C            3.47528600000000       -0.28826900000000        0.19043600000000
C            2.79820700000000       -1.38190700000000        0.69829200000000
C            1.41572400000000       -1.38887000000000        0.63916500000000
F            0.78746600000000       -2.47529500000000        1.14566800000000
C            0.69424300000000       -0.34125600000000        0.09069000000000
C           -0.76884100000000       -0.37662800000000        0.04191500000000
C           -1.52276800000000        0.12960100000000        1.08130400000000
O           -0.84438800000000        0.66933700000000        2.16622200000000
C           -2.90097600000000        0.08721700000000        1.01691400000000
C           -3.58597100000000       -0.44597100000000       -0.05460200000000
C           -2.82958600000000       -0.95120100000000       -1.09200400000000
C           -1.45693000000000       -0.91171400000000       -1.03340800000000
F           -0.74650500000000       -1.41780000000000       -2.07182900000000
H           -0.08378700000000        1.53858300000000       -1.80674800000000
H            1.29722400000000        2.60171800000000       -1.48287600000000
H            0.00598500000000        2.39077900000000       -0.23979700000000
H            3.25776200000000        1.63282000000000       -0.76532400000000
H            4.57466700000000       -0.23121200000000        0.21207000000000
H            3.36447000000000       -2.20500400000000        1.12919900000000
H           -0.11958900000000        1.34283400000000        2.11904500000000
H           -3.50454100000000        0.48526500000000        1.83433500000000
H           -4.67907900000000       -0.47299100000000       -0.09228400000000
H           -3.36831500000000       -1.37662700000000       -1.94709100000000
26
 energy: -46.458772393216 gnorm: 0.038367373699 xtb: 6.6.1 (8d0f1dd)
C            0.61376400926027        1.88832628394953       -1.01875509065531
C            1.38506909924103        0.75533153923095       -0.42672631326769
C            2.76946002761171        0.76740931933632       -0.36291276913146
C            3.47999313677437       -0.28110378693529        0.18881556071940
C            2.80560282287187       -1.37739522371306        0.69735762419608
C            1.42419781127733       -1.39173502189029        0.63774039964347
F            0.78206897948016       -2.46903239349678        1.14068103681055
C            0.69850728210734       -0.34755481377004        0.08498891440840
C           -0.77559692574720       -0.38484169201638        0.04497676099668
C           -1.53119197709120        0.14880344118318        1.09096395502320
O           -0.90258467876264        0.67093951896761        2.19574394782321
C           -2.91291626590839        0.10716594168592        1.03756301055866
C           -3.57489064602870       -0.44749450514740       -0.04356798880356
C           -2.83515012437943       -0.95987465822099       -1.09751949925164
C           -1.46038136338174       -0.92597590297086       -1.03494102532649
F           -0.74757314026787       -1.42052111613908       -2.07452734902549
H           -0.07097929734713        1.53540763072919       -1.79573708291885
H            1.28860871084647        2.61913050713851       -1.47381757110590
H            0.01303316396134        2.39478993309627       -0.26160800259586
H            3.28133384131173        1.63304581170346       -0.76721598366119
H            4.56328704180294       -0.23700383849593        0.21500772406826
H            3.35140768533727       -2.20434923778567        1.12861577422325
H           -0.14690143913363        1.27569094208644        2.06924609945951
H           -3.49649918670251        0.50271238578422        1.85983548989050
H           -4.65503730210958       -0.47015451800123       -0.07884563252106
H           -3.34662826502380       -1.38171554630860       -1.95536298955667
26
 energy: -46.462745372395 gnorm: 0.029413326634 xtb: 6.6.1 (8d0f1dd)
C            0.62076882255978        1.90000907749948       -1.02805857982001
C            1.38848443789664        0.76222163395337       -0.42515398662941
C            2.77624918270110        0.78088708751442       -0.36848994038852
C            3.48187375804991       -0.27456814342668        0.18435772233801
C            2.81039756811264       -1.37217449068858        0.69241979189474
C            1.42943619678179       -1.38886199718194        0.63575309713520
F            0.77192391171407       -2.45669580844753        1.13287117902166
C            0.70014672978924       -0.34225428103033        0.08837231328337
C           -0.78273085088763       -0.38338805820349        0.05427067268011
C           -1.54083005985409        0.15447868553229        1.10548552199932
O           -0.96806244193466        0.69051854606906        2.21812941301358
C           -2.92725409993360        0.11246274843449        1.05414827444465
C           -3.56735287589708       -0.44846636954036       -0.03735099283499
C           -2.84042881153281       -0.96550822604836       -1.09756639403552
C           -1.46184855204566       -0.92613041279228       -1.02956959602130
F           -0.74282936275122       -1.41959722699043       -2.06180200832337
H           -0.05698817465500        1.53266476585575       -1.79352180931760
H            1.29116969208313        2.62596915871780       -1.46970437063987
H            0.01557206400311        2.40465588050222       -0.27577375500340
H            3.30372528987184        1.63267929335070       -0.76777865632413
H            4.55584275273762       -0.24248848918617        0.21813374195333
H            3.33638615410338       -2.20567894996384        1.12590207360323
H           -0.13702605873984        1.17607862363369        1.99636744174944
H           -3.49089354561502        0.51841428061623        1.87628172155176
H           -4.64143935350660       -0.47165783570136       -0.07011441511902
H           -3.32428937305104       -1.39356849247817       -1.95760946021125
26
 energy: -46.463730437612 gnorm: 0.022563790435 xtb: 6.6.1 (8d0f1dd)
C            0.62691175175716        1.90741143886838       -1.03628633696998
C            1.39162654712253        0.77018662688518       -0.42563933432498
C            2.77927182174633        0.78393160135734       -0.37088339493787
C            3.48052014715258       -0.27388602677618        0.18372357661646
C            2.80599678137807       -1.36858957296159        0.69269619817416
C            1.42493878936729       -1.37955724595528        0.63721563884154
F            0.76003695829456       -2.44262910750836        1.13352937473330
C            0.69887203392171       -0.32940718529990        0.09077919160767
C           -0.78531365024195       -0.37075555668599        0.05539308115425
C           -1.54509350413801        0.15788030622979        1.10664769556016
O           -0.98030687117853        0.69114565099966        2.22166544928793
C           -2.93365250280842        0.10693273736474        1.05672342064164
C           -3.56958227570981       -0.45375414466355       -0.03525294046989
C           -2.84152429680160       -0.96984425960856       -1.09342392171469
C           -1.46193777805363       -0.92098546267504       -1.02484958988239
F           -0.73901635082657       -1.41522119869235       -2.05308558947808
H           -0.04574883753128        1.53457753934822       -1.80446962968460
H            1.30152487236529        2.63150041033105       -1.47710005882099
H            0.01698152335094        2.41455514888030       -0.28836817230364
H            3.31554193956943        1.62935641710087       -0.77246865553132
H            4.55631595934582       -0.24927896481340        0.21697035420244
H            3.32508663409937       -2.20733071103536        1.12584863150202
H           -0.12808902690104        1.12284326391019        2.00111923814689
H           -3.49124436456445        0.51422789062888        1.88247234904784
H           -4.64545833907992       -0.47927942153118       -0.06730604077210
H           -3.31665496163587       -1.40402917369785       -1.95565153462579
26
 energy: -46.465382720401 gnorm: 0.025939553309 xtb: 6.6.1 (8d0f1dd)
C            0.64109560436196        1.92436658223031       -1.05336642987262
C            1.39685063498663        0.78840588894917       -0.42795649037329
C            2.78353900923495        0.78758148265711       -0.37529833154365
C            3.47502442552822       -0.27457570836426        0.18283856133276
C            2.79182978712310       -1.36114314593607        0.69599010647715
C            1.41034847926981       -1.35654352670103        0.64359916468968
F            0.73163110354010       -2.40951774408552        1.14180134594199
C            0.69337143234782       -0.29851716274966        0.09728483515035
C           -0.79193053609266       -0.34331317495596        0.06060542175465
C           -1.55751003685005        0.16248742383304        1.11152007952928
O           -0.99642931049116        0.70868845971654        2.21919635860415
C           -2.94926691965373        0.09463965996805        1.05895162923935
C           -3.57839378720855       -0.46813749605469       -0.03162339215599
C           -2.84186301426822       -0.97915366803212       -1.08422389776527
C           -1.46219454337337       -0.90963833583209       -1.01375885042303
F           -0.73051924148087       -1.39951931659487       -2.03741761307327
H           -0.01842041494013        1.54693522739133       -1.83350938930654
H            1.32597677605014        2.64590778961834       -1.49152584554890
H            0.01991887106035        2.43644704109072       -0.31683156423942
H            3.33603937542976        1.62201146771349       -0.78121414183562
H            4.55518706874309       -0.26319467661473        0.21406592171512
H            3.29928633590316       -2.20929593461965        1.12817159652649
H           -0.07519787708344        0.99003669848599        2.01174328927440
H           -3.49888861162729        0.49823566566438        1.89344886049262
H           -4.65797298823330       -0.50550466071868       -0.06243353049395
H           -3.30150862227627       -1.42768783605914       -1.95005869409649
26
 energy: -46.466314481682 gnorm: 0.018789909860 xtb: 6.6.1 (8d0f1dd)
C            0.65817833560531        1.93879066825308       -1.07054402323123
C            1.40340735494494        0.80343973951703       -0.43536314564689
C            2.78888887982246        0.78524335506878       -0.38157418576770
C            3.47006287100774       -0.28065496356823        0.18088079056908
C            2.77599078300295       -1.35726151143142        0.70046398869126
C            1.39442550245549       -1.33539920450445        0.64900580768220
F            0.70399623010926       -2.37719137765877        1.15604144163579
C            0.68908246480063       -0.27103327867715        0.09780351678614
C           -0.79493228098329       -0.31699293952530        0.05878300533799
C           -1.56362781266515        0.16120190304289        1.11480607372090
O           -0.99454742266136        0.72057680348169        2.21054160904269
C           -2.95619015953710        0.07424973148011        1.06514152450644
C           -3.58441442918133       -0.48601981183671       -0.02413915373581
C           -2.83973452233612       -0.98485076003301       -1.07705757297286
C           -1.46186793192565       -0.89577479613497       -1.01084738179894
F           -0.72596825963203       -1.37933841118173       -2.03512207610137
H            0.01061673526623        1.56348645493308       -1.86461694371994
H            1.35275721009476        2.65884435787629       -1.50382280067434
H            0.02710052533204        2.45267797366494       -0.34352570512186
H            3.35212482882267        1.61180719996949       -0.79199335635390
H            4.55305920419794       -0.27891654251851        0.21023949845866
H            3.27544821201433       -2.21038587883043        1.13461225178947
H           -0.06964617564637        0.90962177487943        2.04993019794201
H           -3.50394558855902        0.47221795230177        1.90577549860766
H           -4.66602665759200       -0.53478931655588       -0.05323975538865
H           -3.29423489675732       -1.44354812201199       -1.94218010425685
26
 energy: -46.466007926595 gnorm: 0.041546927227 xtb: 6.6.1 (8d0f1dd)
C            0.67467889758546        1.95481708815345       -1.08904716298684
C            1.40691779928429        0.81774016251676       -0.44568255974855
C            2.79218339494105        0.78442298084653       -0.39034656469399
C            3.46354777321985       -0.28420527763381        0.17856366248603
C            2.75950105225983       -1.34998266932060        0.70813010222604
C            1.37824176379529       -1.31183268666623        0.65936880049802
F            0.67648664770582       -2.34036409479410        1.17983720414001
C            0.68277657779213       -0.24462857490571        0.09936551468259
C           -0.80111920842670       -0.29418076121451        0.06051812954493
C           -1.57578103359729        0.17317920096908        1.11742890378380
O           -1.00922066566418        0.75654377796823        2.20085384680112
C           -2.96744209185216        0.06858579259602        1.06834736477770
C           -3.58937450864466       -0.50486549823843       -0.01724323140915
C           -2.83686439684810       -0.99284367879686       -1.07194765943066
C           -1.46187845167825       -0.88461363548562       -1.00838013650385
F           -0.72055596916298       -1.35716320166174       -2.03481383186013
H            0.04004822901830        1.58360368605669       -1.89548972676313
H            1.37633302743053        2.67540038051147       -1.50973531936539
H            0.03276243283492        2.46598326645373       -0.37126934281750
H            3.36319266138002        1.60280846516419       -0.80538512104518
H            4.54557377267025       -0.29103624047168        0.20545444544301
H            3.25095735306065       -2.20520343375605        1.14566162340304
H           -0.00887958642987        0.75767218646013        2.08070934914294
H           -3.51709996519423        0.45294581738657        1.91399931485349
H           -4.66946160252817       -0.57211873469555       -0.04450350969877
H           -3.28552090295175       -1.46066331744194       -1.93439509545968
26
 energy: -46.467084804701 gnorm: 0.006546700951 xtb: 6.6.1 (8d0f1dd)
C            0.66932146063044        1.94673635696060       -1.08176130728784
C            1.40450606474655        0.80742771003746       -0.44491029560924
C            2.79067294759913        0.78216197959886       -0.38864974730509
C            3.46662144523594       -0.28431081453880        0.17922051892358
C            2.76682356259299       -1.35354147596329        0.70734907706151
C            1.38614004700160       -1.32384542595030        0.65647922046502
F            0.69068256503295       -2.35682538589876        1.17641184542965
C            0.68577547403628       -0.26216805124073        0.09496998882539
C           -0.79797018975252       -0.31048600546723        0.05725521200962
C           -1.56837069372971        0.16830982431679        1.11665204744303
O           -1.00076772489441        0.73961034494326        2.20720704123712
C           -2.95822236421859        0.07422740464444        1.06959868320197
C           -3.58333721928609       -0.49784044958933       -0.01807565214755
C           -2.83763020691240       -0.98734680397825       -1.07738207529636
C           -1.46223293905900       -0.88903769600390       -1.01589970720720
F           -0.72589831433957       -1.36064978605542       -2.04623416799447
H            0.02812141053048        1.57796968354792       -1.88149965176034
H            1.36635117180393        2.66846749315992       -1.50162427090759
H            0.03290074439374        2.45562646398512       -0.35812498396024
H            3.35371027495280        1.60537855268466       -0.80257305969292
H            4.54617439802103       -0.28605484731141        0.20670187951143
H            3.26334744130950       -2.20386068431501        1.14651156876531
H           -0.04763631372023        0.84075741842989        2.06978352755232
H           -3.51284234442033        0.45743759566944        1.91101649854553
H           -4.66111126491000       -0.56187180953864       -0.04418165356443
H           -3.29512643264447       -1.44627059212728       -1.93824153623830
26
 energy: -46.467253046431 gnorm: 0.004450261997 xtb: 6.6.1 (8d0f1dd)
C            0.67234248737244        1.94799650828235       -1.08509708144417
C            1.40462128875839        0.80718057267463       -0.44878197293727
C            2.79120640161792        0.78001838442956       -0.39205083660795
C            3.46604646163593       -0.28558100395894        0.17862353629757
C            2.76467277294837       -1.35176961731082        0.71125806898154
C            1.38429465509127       -1.32026063328778        0.66003662409957
F            0.68792617975544       -2.35000530556549        1.18613029837616
C            0.68488146526424       -0.26089948510000        0.09331037029994
C           -0.79887637982516       -0.30917824812757        0.05554797065377
C           -1.56909684860964        0.17118276608502        1.11616247043881
O           -1.00102846954180        0.74750940422873        2.20390688160007
C           -2.95767210612051        0.07361861816894        1.07160338231188
C           -3.58233760638414       -0.50173308800001       -0.01556927108077
C           -2.83765079947474       -0.98667837759333       -1.07831473839240
C           -1.46278516066960       -0.88490401851382       -1.01959210666293
F           -0.72698947466509       -1.35099253606389       -2.05308096952139
H            0.03462302783879        1.58221872601344       -1.88861736525774
H            1.37069971509820        2.67173630761497       -1.49763862839801
H            0.03245000444657        2.45292656101963       -0.36185702613735
H            3.35302700563692        1.60240341213433       -0.80857924325803
H            4.54477557761766       -0.28835951727721        0.20497279825035
H            3.26114631239116       -2.19971256014271        1.15419333005139
H           -0.04272405558943        0.81693044124221        2.07878798850824
H           -3.51621339392615        0.45331652685091        1.91162628228450
H           -4.65878524250931       -0.57262315881038       -0.03928841469429
H           -3.29855081815768       -1.44433967899276       -1.93769334776163
26
 energy: -46.467426138868 gnorm: 0.007897489498 xtb: 6.6.1 (8d0f1dd)
C            0.67756401020592        1.94959328722798       -1.09298011385434
C            1.40478321508744        0.80629189905350       -0.45704532482251
C            2.79219988753433        0.77516640446168       -0.40081273373492
C            3.46512673771432       -0.28732058486420        0.17722758048255
C            2.76070470003378       -1.34601799227176        0.72181316281152
C            1.38081736672367       -1.31129616608527        0.66965009922396
F            0.68267082151318       -2.33392498743810        1.20962937076096
C            0.68287843483578       -0.25782659707596        0.09044062799993
C           -0.80107035008053       -0.30543061398230        0.05115336676355
C           -1.57009496212506        0.17692323361619        1.11422608971970
O           -0.99825058435100        0.76234716294257        2.19481509072598
C           -2.95642616601432        0.07182372236855        1.07549309039459
C           -3.58078430496904       -0.50847346379127       -0.01076198896046
C           -2.83911945158931       -0.98392539030034       -1.08031629076662
C           -1.46472035102456       -0.87405949786409       -1.02776368607910
F           -0.73002790265711       -1.32828105819598       -2.06758938326392
H            0.05139723106397        1.59040094848981       -1.90859754945107
H            1.37882722194055        2.68004459746949       -1.48702242573332
H            0.02604759128263        2.44345691350799       -0.37180563464104
H            3.35201011122364        1.59526416576517       -0.82455321039120
H            4.54324870067125       -0.29269464291267        0.20149757138213
H            3.25721358191044       -2.18839076106790        1.17491881422397
H           -0.02919152641742        0.75326505218137        2.10166338243338
H           -3.52295214870608        0.44581471365951        1.91248189417354
H           -4.65533601738078       -0.59422921310989       -0.02822003195826
H           -3.30751284642567       -1.43852013178406       -1.93754276743912
26
 energy: -46.467469117938 gnorm: 0.002937430999 xtb: 6.6.1 (8d0f1dd)
C            0.67631602187949        1.94768698255115       -1.09368636993634
C            1.40441736776130        0.80460846742565       -0.45809686234546
C            2.79187012636045        0.77447495154719       -0.40250994043441
C            3.46553869860864       -0.28650946883030        0.17724378741589
C            2.76180893243580       -1.34446346583272        0.72402419891198
C            1.38192702042354       -1.31119913446811        0.67127194935158
F            0.68449394305299       -2.33342897141475        1.21305104985848
C            0.68312287704705       -0.25950077868618        0.09003469375158
C           -0.80089750105097       -0.30685560226853        0.05042256962761
C           -1.56889408990298        0.17550616178246        1.11433303796645
O           -0.99551846951892        0.76055685403363        2.19436485588836
C           -2.95521698586619        0.07187728795680        1.07599522623220
C           -3.58027491590307       -0.50685114370748       -0.01078186895159
C           -2.84003537930911       -0.98164170245395       -1.08121438640740
C           -1.46531837347112       -0.87281072805458       -1.02915605833802
F           -0.73143691856500       -1.32558619672118       -2.06998014668442
H            0.05372586874003        1.58924060015728       -1.91228791918839
H            1.37696101451778        2.68088094913100       -1.48349840460631
H            0.02125720395279        2.43799603866401       -0.37323474990415
H            3.35103346726735        1.59440028225677       -0.82758097076415
H            4.54379427401927       -0.29156687893375        0.20163290946419
H            3.25885936434560       -2.18529468720672        1.17956435787737
H           -0.03118363980201        0.74824115294575        2.10396251108335
H           -3.52194189766749        0.44639281722188        1.91259885666573
H           -4.65485189212671       -0.59190917155939       -0.02748783039151
H           -3.30955311722849       -1.43424361553591       -1.93898549614274
26
 energy: -46.467505002405 gnorm: 0.001613431211 xtb: 6.6.1 (8d0f1dd)
C            0.67332934435621        1.94388048205704       -1.09638595670405
C            1.40356655889828        0.80215381299523       -0.46048583970755
C            2.79093765003694        0.77388869104483       -0.40614191773507
C            3.46604382964534       -0.28405342914117        0.17726454697159
C            2.76376163288604       -1.34054032347712        0.72850314155010
C            1.38380547855989       -1.30993656757352        0.67495093430618
F            0.68764739680547       -2.33121509038737        1.22032946366403
C            0.68342316720021       -0.26138973106011        0.08989514711894
C           -0.80070364446364       -0.30841148444347        0.04964681396802
C           -1.56722572474478        0.17406769478954        1.11431284877658
O           -0.99122401974724        0.75705751318695        2.19401386102693
C           -2.95379652385083        0.07361184850839        1.07588995578156
C           -3.57999348211840       -0.50234972696298       -0.01165475920850
C           -2.84155544978198       -0.97694230149430       -1.08271644115175
C           -1.46629225208113       -0.87058373877726       -1.03075401056755
F           -0.73356459661734       -1.32200683807654       -2.07258231276372
H            0.05919333186100        1.58581883160201       -1.92164673863677
H            1.37252923809720        2.68314090674049       -1.47757296211957
H            0.00990539282940        2.42653354505701       -0.37828129427981
H            3.34932637126542        1.59304158581015       -0.83394175990241
H            4.54462004480960       -0.28824376323969        0.20201964085113
H            3.26166833020077       -2.17865368910959        1.18842751881480
H           -0.02867919517765        0.72475570422456        2.11314073098190
H           -3.51985363001806        0.44864282576727        1.91282080058485
H           -4.65494856053644       -0.58541874019685       -0.02742900570276
H           -3.31191768831422       -1.42684701784347       -1.94162340591725
26
 energy: -46.467555914899 gnorm: 0.002545960410 xtb: 6.6.1 (8d0f1dd)
C            0.66256585422552        1.93205650281973       -1.10304182372763
C            1.40054292296740        0.79608595941331       -0.46486595567696
C            2.78757601946048        0.77480638519026       -0.41294490964900
C            3.46775559017085       -0.27586602881562        0.17784140607708
C            2.77085930945866       -1.33142252708368        0.73703065086685
C            1.39050983700923       -1.30926429632986        0.68228285020103
F            0.69899387961125       -2.33023565280093        1.23410463393399
C            0.68505906904426       -0.26762785678370        0.09094790604433
C           -0.79913739069591       -0.31463695623824        0.05053514228470
C           -1.56297440868685        0.16872261483817        1.11606464652369
O           -0.98288012355597        0.74312277264130        2.19835133255215
C           -2.95076538743298        0.08136604579883        1.07409223203583
C           -3.57989161288069       -0.48534728166604       -0.01637049363570
C           -2.84416239431219       -0.96365529397695       -1.08655907398726
C           -1.46753701117171       -0.86835606679715       -1.03193800524429
F           -0.73736600852758       -1.32155236771301       -2.07406064671378
H            0.06912193778919        1.57155947277940       -1.94276378466192
H            1.35612786178654        2.68647004294035       -1.46566058122887
H           -0.02145325218060        2.39621273423827       -0.39168143954699
H            3.34349292597080        1.59285395674028       -0.84608710129479
H            4.54678651149276       -0.27559455538637        0.20368020706571
H            3.27180838317588       -2.16372963720893        1.20453481477157
H           -0.02181108844526        0.66948166208314        2.13592348229280
H           -3.51270632587639        0.45966488950329        1.91242356447809
H           -4.65620846549906       -0.55711659135413       -0.03322772953209
H           -3.31430363289759       -1.40799692683170       -1.94861232422866
26
 energy: -46.467581524751 gnorm: 0.002878344001 xtb: 6.6.1 (8d0f1dd)
C            0.65542719128076        1.92463319142784       -1.10574708718757
C            1.39828119330020        0.79289574476166       -0.46554142193796
C            2.78522561434865        0.77657868124091       -0.41405350393761
C            3.46904064065932       -0.27102311774065        0.17838048723028
C            2.77593693827206       -1.32829699032402        0.73879730524564
C            1.39531057687161       -1.31115438979822        0.68451984637142
F            0.70740612889039       -2.33374082266731        1.23774405564275
C            0.68650863801341       -0.27237974588495        0.09251015162429
C           -0.79754616271400       -0.31996985034767        0.05314654087934
C           -1.56093805879153        0.16487718476744        1.11831063937174
O           -0.98043451746673        0.73240502743032        2.20424370494480
C           -2.94941419061668        0.08713790196371        1.07263966792714
C           -3.57995040300277       -0.47343341251133       -0.02016294876023
C           -2.84427273499119       -0.95638436004074       -1.08846669976119
C           -1.46712917118724       -0.86961897691348       -1.03079011909761
F           -0.73787737195802       -1.32657172975641       -2.07199840391388
H            0.07031593500473        1.56117605583085       -1.94974126450132
H            1.34483237456130        2.68518246921519       -1.46259165987509
H           -0.03665600632404        2.38147717028140       -0.39802230393483
H            3.33873762263930        1.59548483340656       -0.84835120486396
H            4.54796764768509       -0.26667502391288        0.20443576555568
H            3.27959400172427       -2.15843639511396        1.20701718303338
H           -0.02032535956953        0.65173465348000        2.14500606775739
H           -3.50919348280829        0.46820017932725        1.91110022632379
H           -4.65690486267109       -0.53623580361905       -0.04025678123182
H           -3.31393918114992       -1.39786147450244       -1.95212924290469
26
 energy: -46.467608160671 gnorm: 0.001498004994 xtb: 6.6.1 (8d0f1dd)
C            0.64760202635336        1.91626970946184       -1.10881449568134
C            1.39536625940328        0.78968470939076       -0.46551696247474
C            2.78235937242332        0.77894837734968       -0.41411002930488
C            3.47054215395850       -0.26584543065975        0.17866293270190
C            2.78182925285776       -1.32580797565998        0.73941634010113
C            1.40091469772719       -1.31360511530634        0.68690248107478
F            0.71749009804851       -2.33845390836454        1.24173200149085
C            0.68813454102840       -0.27778186526942        0.09507821387184
C           -0.79572186273529       -0.32626215964217        0.05733589762723
C           -1.55936426645955        0.16073035395745        1.12163099918914
O           -0.97918435368639        0.72052384454004        2.21192032677948
C           -2.94835773906671        0.09407593504979        1.07122949973430
C           -3.58000280318994       -0.45956139550256       -0.02453587543583
C           -2.84358761733831       -0.94846671334494       -1.09024635922230
C           -1.46617988842720       -0.87127081264212       -1.02871974729036
F           -0.73739330703597       -1.33317205556066       -2.06852601394727
H            0.07207488480222        1.54886493319180       -1.95756715512084
H            1.33280456143537        2.68328364835498       -1.45933625701285
H           -0.05373140055513        2.36535043993207       -0.40571898470361
H            3.33233928975533        1.59973222209128       -0.84923978572278
H            4.54925736033668       -0.25645841576605        0.20399087044324
H            3.28929183680391       -2.15404597990158        1.20669198747026
H           -0.01857236747300        0.63397939508084        2.15396327505889
H           -3.50713805605459        0.47857291191845        1.90868916277528
H           -4.65732220680216       -0.51258743636677       -0.04956417242177
H           -3.31344746610953       -1.38669621633211       -1.95534914997986
26
 energy: -46.467625876752 gnorm: 0.001048340453 xtb: 6.6.1 (8d0f1dd)
C            0.63694337599982        1.90436043800013       -1.11236661508680
C            1.39102516567419        0.78511535494454       -0.46413183791030
C            2.77810869489727        0.78209493622341       -0.41310782876169
C            3.47259917447689       -0.25918202543762        0.17879389204141
C            2.79014417077696       -1.32340119896077        0.73928712961637
C            1.40890869031373       -1.31756020349542        0.69009749574224
F            0.73209425677957       -2.34605377198452        1.24673895548251
C            0.69017642077888       -0.28549611379823        0.09958467114826
C           -0.79352779478187       -0.33508246038643        0.06380936954752
C           -1.55759824086666        0.15484680535105        1.12664531242413
O           -0.97724523387050        0.70275318803639        2.22296490194206
C           -2.94703442610164        0.10282889743350        1.06973020949335
C           -3.57966563697819       -0.44098135256056       -0.03040112952777
C           -2.84234124420368       -0.93761928247506       -1.09260123172220
C           -1.46486478550722       -0.87345066718709       -1.02532109374596
F           -0.73614028309590       -1.34140257897884       -2.06308287205294
H            0.07472414107838        1.53101827016249       -1.96767867513338
H            1.31685076100369        2.67951850832607       -1.45514950619513
H           -0.07725145608261        2.34412935767038       -0.41640944606624
H            3.32251747160477        1.60653585648345       -0.84856623066620
H            4.55116971863108       -0.24277486703436        0.20270944996982
H            3.30345493632911       -2.14947757863093        1.20412295114255
H           -0.01649926451386        0.61808510360494        2.16226015120525
H           -3.50592299198115        0.49197244668017        1.90500967337163
H           -4.65722207195977       -0.48068921823384       -0.06298857998707
H           -3.31340054840123       -1.37008684375285       -1.95995011627153
26
 energy: -46.467630343577 gnorm: 0.000733861713 xtb: 6.6.1 (8d0f1dd)
C            0.63504062892143        1.90125004393578       -1.11398494165064
C            1.38992753028186        0.78356869346825       -0.46431601842549
C            2.77706051703770        0.78185985422901       -0.41421014938604
C            3.47283558606299       -0.25799492428616        0.17843170458443
C            2.79159651372440       -1.32206920666267        0.74082728755773
C            1.41041710979767       -1.31735042194068        0.69260059290932
F            0.73494878878084       -2.34570053626645        1.25141161006449
C            0.69021665877152       -0.28685856065430        0.10104640098783
C           -0.79357005042949       -0.33661869294400        0.06508141792811
C           -1.55735086885494        0.15297394212457        1.12839052799176
O           -0.97641501294762        0.69947495351906        2.22483413436298
C           -2.94651949374911        0.10318405704277        1.07048990379595
C           -3.57882238173064       -0.43792993622292       -0.03113147500265
C           -2.84212728451968       -0.93398159516417       -1.09387895548821
C           -1.46476571181263       -0.87184069922181       -1.02558915141868
F           -0.73580829515872       -1.33838787517495       -2.06371605100471
H            0.07768521552405        1.52742010308298       -1.97212308229099
H            1.31368382397579        2.67901663778796       -1.45311783411247
H           -0.08347618923519        2.33784531649944       -0.42061986174661
H            3.31998696974396        1.60672383118413       -0.85087199693863
H            4.55140665433741       -0.24082687191045        0.20148405174187
H            3.30614232227357       -2.14704270360013        1.20633833292626
H           -0.01506845487640        0.61073091657499        2.16435765423100
H           -3.50661608836362        0.49236900066082        1.90494373759465
H           -4.65615105880148       -0.47609720711461       -0.06462809182094
H           -3.31425442875362       -1.36371711894647       -1.96205074739043
