26
 energy: -46.453495986832 gnorm: 0.086248372071 xtb: 6.6.1 (8d0f1dd)
C           -1.11457300000000       -0.69713700000000        1.89049000000000
C           -1.59118600000000       -0.24630500000000        0.54396900000000
C           -2.93105100000000       -0.09650900000000        0.24729700000000
C           -3.33651000000000        0.31936900000000       -0.99910200000000
C           -2.41559500000000        0.59025200000000       -1.96211000000000
C           -1.09174000000000        0.44576800000000       -1.67998000000000
F           -0.15695400000000        0.71305400000000       -2.63362200000000
C           -0.65475800000000        0.02829600000000       -0.43260900000000
C            0.77390300000000       -0.10734800000000       -0.19136600000000
C            1.50397300000000        0.96201900000000        0.28760400000000
O            0.82529600000000        2.15038500000000        0.52411500000000
C            2.87971800000000        0.84025300000000        0.52264700000000
C            3.50956700000000       -0.35879400000000        0.27310600000000
C            2.80407300000000       -1.42959000000000       -0.20143500000000
C            1.45322000000000       -1.28076500000000       -0.42308300000000
F            0.77519700000000       -2.34975600000000       -0.89160000000000
H           -1.89968800000000       -0.43822300000000        2.63161400000000
H           -0.92345700000000       -1.80486100000000        1.85981400000000
H           -0.15880400000000       -0.19765000000000        2.14758100000000
H           -3.66294300000000       -0.31463400000000        1.02146100000000
H           -4.39559200000000        0.43182800000000       -1.21499000000000
H           -2.70163300000000        0.91869100000000       -2.95078600000000
H            1.24271800000000        3.03660900000000        0.67723800000000
H            3.40768300000000        1.69693900000000        0.89505600000000
H            4.57948500000000       -0.44749400000000        0.45776300000000
H            3.27965000000000       -2.36439700000000       -0.39906900000000
26
 energy: -46.463058398089 gnorm: 0.032902834949 xtb: 6.6.1 (8d0f1dd)
C           -1.12878976785538       -0.69657558945986        1.89258095401320
C           -1.59514192813295       -0.24243122181584        0.54342168460516
C           -2.94252753934365       -0.09631384437090        0.25035065809650
C           -3.35646576462989        0.31880876578340       -1.00135546817623
C           -2.42942388572587        0.59605428570252       -1.98298237095246
C           -1.09387491463088        0.44794622420747       -1.69391612057306
F           -0.16573796990688        0.71926662475095       -2.64572644981637
C           -0.65611663145824        0.03088017283937       -0.44470996997712
C            0.78527704037027       -0.10077525962621       -0.19398499851348
C            1.51816870918249        0.98221795833385        0.28094780387636
O            0.81870795488269        2.13483553879435        0.51842447965819
C            2.88591248708906        0.86001871931596        0.52177154553551
C            3.52177624596490       -0.34360163453441        0.27875742398094
C            2.81636063787383       -1.42943739967524       -0.19893213281324
C            1.46213861218706       -1.28483102008376       -0.42272525953955
F            0.77301768577329       -2.35087954333428       -0.88466678125219
H           -1.88137029869678       -0.47715847296467        2.65097380055724
H           -0.94333880070868       -1.77823875951010        1.88321991258147
H           -0.19168341765171       -0.20751211794533        2.16464234130127
H           -3.67057632438344       -0.31278480641175        1.02118429786508
H           -4.41107915616251        0.43008951735339       -1.21141980319200
H           -2.71937864976686        0.92519837345575       -2.96923840566909
H            1.30435559490870        2.96296793687088        0.68217656611730
H            3.42232314853301        1.71578721362837        0.89613174703590
H            4.58415061654586       -0.43173780149628        0.46383767089041
H            3.29331531574255       -2.37179385980763       -0.39876012563976
26
 energy: -46.465586999689 gnorm: 0.013587231589 xtb: 6.6.1 (8d0f1dd)
C           -1.14197331130847       -0.70098155734236        1.89528805860242
C           -1.59819508232707       -0.24255524210673        0.54490386680171
C           -2.94852611370432       -0.09729917428323        0.25176376148771
C           -3.36775123697568        0.31756485322369       -1.00083409718456
C           -2.44081020786131        0.59820280354064       -1.99184635242669
C           -1.09943454832807        0.44911797600569       -1.69738512317721
F           -0.18093259886069        0.72415748482135       -2.65101770270060
C           -0.65856651027072        0.03056836180899       -0.44929048777502
C            0.79247928319976       -0.09898510034155       -0.19219906631567
C            1.52358582542797        0.99553854669209        0.28104075995016
O            0.81829901211066        2.12878440700769        0.50727445942329
C            2.88672095526992        0.87481967548080        0.51814118451382
C            3.52931770879357       -0.32816685006767        0.27936809571237
C            2.82697314889664       -1.42350198834120       -0.19477970691372
C            1.46996177609468       -1.28676041569395       -0.41995241194393
F            0.77456986552097       -2.35196800773829       -0.87375667710595
H           -1.89307969927294       -0.49737321728789        2.64987420783877
H           -0.95762846382847       -1.77153742632181        1.88043952811697
H           -0.21690245723974       -0.20650626462303        2.17514851031270
H           -3.67703308453537       -0.31037321937195        1.01874428089047
H           -4.42006334521211        0.42770584616952       -1.20861253653189
H           -2.73645730363273        0.92726496714966       -2.97524528566449
H            1.38535085179561        2.89634917881818        0.69079524212252
H            3.43528841301817        1.72914807180141        0.88833455056793
H            4.58744276310087       -0.41456451851790        0.46584861207979
H            3.30736336012885       -2.36864919048214       -0.39204267068089
26
 energy: -46.465965783943 gnorm: 0.011946225439 xtb: 6.6.1 (8d0f1dd)
C           -1.15072307533126       -0.70480482672804        1.89635484055909
C           -1.60050397664416       -0.24236804884964        0.54460684079698
C           -2.95031968574329       -0.09671378816304        0.25025351557420
C           -3.37039119771987        0.31739890750339       -1.00147434252280
C           -2.44429918995377        0.59766777378175       -1.99239937268901
C           -1.10259141705293        0.44924392087886       -1.69649950843273
F           -0.18815483550076        0.72572338123396       -2.65241380871646
C           -0.65989266593670        0.03057108330088       -0.44931629365458
C            0.79381261070627       -0.09971260034929       -0.19194722914776
C            1.52438536732759        0.99926790658816        0.27692825786802
O            0.82705068402248        2.13667049504000        0.50190459170628
C            2.88727944575596        0.87941780236504        0.51094078474098
C            3.53195929658178       -0.32281014725732        0.27650316585363
C            2.83054938768760       -1.42018913675679       -0.19133624394196
C            1.47233586903618       -1.28723920190758       -0.41623872706117
F            0.77681799050541       -2.35408625494932       -0.86391061435622
H           -1.91199613744686       -0.51024971648636        2.64591052192050
H           -0.95814991911108       -1.77598109031629        1.87582242793613
H           -0.23067757394278       -0.20446843286736        2.18765305543342
H           -3.68073032158111       -0.30862277208332        1.01617445134279
H           -4.42322703899840        0.42690391848114       -1.20927314789081
H           -2.74210468309038        0.92620679683734       -2.97505623759638
H            1.42421488797059        2.87556432521206        0.70495636483431
H            3.44138206883450        1.73363478104817        0.87594508837502
H            4.59091360006843       -0.40620223778831        0.46095602045115
H            3.31305950955653       -2.36482283776808       -0.38504140138260
26
 energy: -46.466199029517 gnorm: 0.005993222882 xtb: 6.6.1 (8d0f1dd)
C           -1.16164729020790       -0.71084816861099        1.89711391017059
C           -1.60376934347262       -0.24311125025044        0.54444895483164
C           -2.95237500989255       -0.09590927970457        0.24826693563561
C           -3.37191235428584        0.31811324048658       -1.00268259825626
C           -2.44552198947887        0.59771455997277       -1.99098222477476
C           -1.10452000049830        0.45045117478188       -1.69316250176757
F           -0.19265084388254        0.72744679063300       -2.65134436960210
C           -0.66098172624305        0.03118006446714       -0.44669630346038
C            0.79396506452505       -0.10021815255026       -0.18953813859428
C            1.52527888343396        1.00194395104221        0.27162936356799
O            0.84137889783702        2.15056998097090        0.49603838220438
C            2.88953077677499        0.88358881646948        0.49897302505700
C            3.53540955916422       -0.31842727975412        0.26975027218671
C            2.83295200083792       -1.41747290731972       -0.18719211529336
C            1.47339404462333       -1.28722822813689       -0.40909407704648
F            0.77830625089585       -2.35697286353360       -0.84801040996124
H           -1.93769029029311       -0.53141473480632        2.63859531231490
H           -0.95411722336677       -1.78182352256667        1.86887226514144
H           -0.25013894574881       -0.20119031519138        2.20517676095953
H           -3.68516273150084       -0.30761966981767        1.01306518315938
H           -4.42549722859184        0.42671029130708       -1.21148039903270
H           -2.74377806076735        0.92517994153906       -2.97381762936904
H            1.45841879745868        2.86072777328640        0.72121404958758
H            3.44845080434938        1.73856868207308        0.85608559265452
H            4.59609965748302       -0.39805468320223        0.45038316978435
H            3.31657730084693       -2.36190421158472       -0.37560941009746
26
 energy: -46.466274555545 gnorm: 0.003296412380 xtb: 6.6.1 (8d0f1dd)
C           -1.16778099011031       -0.71578236574121        1.89712449271185
C           -1.60643023386649       -0.24438998790736        0.54485592610914
C           -2.95440754932724       -0.09652557435600        0.24712087296565
C           -3.37252849583893        0.31827127967489       -1.00406350647869
C           -2.44444850745433        0.59831054146207       -1.98989040043409
C           -1.10414733861268        0.45208258313610       -1.69018176970716
F           -0.19147059649405        0.72936884219847       -2.64806885002823
C           -0.66173130810541        0.03242995557710       -0.44349193371528
C            0.79280116817749       -0.09854267729265       -0.18642348839616
C            1.52629620705764        1.00403447199512        0.26770951678469
O            0.85179168662193        2.16084707559811        0.49092540426290
C            2.89188149773876        0.88594244919946        0.49049843911811
C            3.53727472302976       -0.31681228504834        0.26423516680949
C            2.83209673182941       -1.41700612580118       -0.18422519214173
C            1.47190271729610       -1.28637266155709       -0.40213343518333
F            0.77618848007894       -2.35839805646219       -0.83393487245741
H           -1.95134509228944       -0.54958667410227        2.63394564122852
H           -0.94778820682881       -1.78439378850680        1.86380623692549
H           -0.26415412799593       -0.19824239927668        2.21510598926566
H           -3.68818856776736       -0.30962735524446        1.01088446844563
H           -4.42608496969032        0.42623937765091       -1.21412182024106
H           -2.74092770623668        0.92527494656138       -2.97352259621282
H            1.47509052491143        2.85731971434553        0.73186478022550
H            3.45236959973363        1.74241222065324        0.84104201899858
H            4.59908270101415       -0.39446818830611        0.44039012489401
H            3.31465665312870       -2.36238531845005       -0.36944821374925
26
 energy: -46.466327898219 gnorm: 0.002799299841 xtb: 6.6.1 (8d0f1dd)
C           -1.17276590741262       -0.72145735460429        1.89696199811067
C           -1.60956730991169       -0.24631890129015        0.54567692018202
C           -2.95710393264137       -0.09868605939680        0.24567283588389
C           -3.37296690261735        0.31802659034666       -1.00599918216454
C           -2.44232375490079        0.59981668910913       -1.98900727160032
C           -1.10270927060974        0.45501508521823       -1.68662468603731
F           -0.18754115667163        0.73301265013038       -2.64248583375169
C           -0.66263147714774        0.03466091775984       -0.43924583603118
C            0.79105871396633       -0.09496402408636       -0.18182228962897
C            1.52845906747312        1.00723852150494        0.26329277611200
O            0.86203054694133        2.17069830764210        0.48379017417727
C            2.89548942796088        0.88840528304410        0.48112567320349
C            3.53896170178634       -0.31587339663810        0.25788585519644
C            2.82930348175048       -1.41751214445886       -0.18067529116528
C            1.46867712235392       -1.28495603505103       -0.39283662572686
F            0.77053457593323       -2.35937297155493       -0.81539665617627
H           -1.96290329800824       -0.57278663745872        2.62990627982545
H           -0.93665631543229       -1.78602683712350        1.85715198590069
H           -0.27920640188693       -0.19316675091760        2.22443332638166
H           -3.69168013089751       -0.31424592425411        1.00789015751701
H           -4.42605988147716        0.42540823029029       -1.21784931410394
H           -2.73577258481005        0.92677003777404       -2.97368448910851
H            1.48779346211427        2.85715627998474        0.74164020599483
H            3.45690235729736        1.74689942555005        0.82428853458171
H            4.60161557411277       -0.39279698069206        0.42865679333752
H            3.30906129273503       -2.36494400082798       -0.36274304090980
26
 energy: -46.466367246210 gnorm: 0.003089097920 xtb: 6.6.1 (8d0f1dd)
C           -1.17576492327592       -0.72688354117059        1.89666155070789
C           -1.61235095571748       -0.24840705503290        0.54657026313577
C           -2.95956326504171       -0.10177272544295        0.24400267996698
C           -3.37293153916192        0.31766523710271       -1.00790707028648
C           -2.43993671886098        0.60238567309941       -1.98828713982861
C           -1.10085353630999        0.45911879837208       -1.68309441656315
F           -0.18278709655059        0.73867031387075       -2.63593288282556
C           -0.66343980432100        0.03741250830927       -0.43505346544552
C            0.78953990218368       -0.09087866491790       -0.17680263204366
C            1.53145108691279        1.01092828118884        0.25924980555041
O            0.86965727277362        2.17781165036796        0.47578998074902
C            2.89958053421147        0.89042937851019        0.47256230180107
C            3.54006122438714       -0.31581011949858        0.25244293060510
C            2.82555845938358       -1.41879106061806       -0.17667702155648
C            1.46473642901861       -1.28376307929077       -0.38298539274063
F            0.76269237237043       -2.35997549415110       -0.79583357759790
H           -1.97163603476670       -0.59761759648102        2.62659175469101
H           -0.92139824845345       -1.78663232125935        1.84976392912924
H           -0.29306622286204       -0.18617229053435        2.23277007766221
H           -3.69500011596593       -0.32048340645559        1.00425403978563
H           -4.42544519088689        0.42446131824806       -1.22176242830954
H           -2.73045137799209        0.93014383443874       -2.97365907781372
H            1.49431778277032        2.85943575384044        0.74659467788607
H            3.46198449677215        1.75083406211358        0.80873482016860
H            4.60329868490169       -0.39344477217026        0.41797461265555
H            3.30174578448116       -2.36866468243860       -0.35596531948329
26
 energy: -46.466404175230 gnorm: 0.002874386269 xtb: 6.6.1 (8d0f1dd)
C           -1.17737496190219       -0.73258167227970        1.89606785579235
C           -1.61472026282502       -0.25089013590983        0.54733459820438
C           -2.96159648881202       -0.10575730737836        0.24209714904356
C           -3.37242776377395        0.31728925457006       -1.00958151639715
C           -2.43756035814166        0.60649093928597       -1.98729567521471
C           -1.09889193819472        0.46490223119191       -1.67930656496996
F           -0.17815366795930        0.74745364895091       -2.62855738330720
C           -0.66416366991349        0.04058541337102       -0.43104406040080
C            0.78834013300341       -0.08698842095310       -0.17160760227441
C            1.53486937581834        1.01493719755549        0.25523424387383
O            0.87552846379350        2.18339496814256        0.46611231353404
C            2.90371059009085        0.89208601242749        0.46433533073100
C            3.54045301236264       -0.31651160382688        0.24804030367380
C            2.82118218359670       -1.42079138236136       -0.17148045833877
C            1.46025642563210       -1.28324882678424       -0.37227980940027
F            0.75323689068794       -2.36065526474381       -0.77486945421755
H           -1.97941714426001       -0.62614162550864        2.62275304591072
H           -0.90082900404542       -1.78631322495198        1.84125734878430
H           -0.30759274295544       -0.17678280879676        2.24166908928640
H           -3.69820353312213       -0.32852564344153        0.99984612069517
H           -4.42443006708774        0.42319217626632       -1.22566658111451
H           -2.72573140178189        0.93609134884900       -2.97276616216564
H            1.49789842564876        2.86376327887902        0.74560698630469
H            3.46785076852283        1.75413602854192        0.79330257668810
H            4.60418444645577       -0.39590215609672        0.40849303707090
H            3.29358128916207       -2.37323242499875       -0.34769173179227
26
 energy: -46.466445224235 gnorm: 0.002834267892 xtb: 6.6.1 (8d0f1dd)
C           -1.17797882402496       -0.73932523540802        1.89498595951309
C           -1.61661714420880       -0.25419476144769        0.54784542473887
C           -2.96309817740630       -0.11085213109251        0.24003076480889
C           -3.37148838190710        0.31706667305279       -1.01077855123111
C           -2.43525722679771        0.61297753936850       -1.98543792530856
C           -1.09691089086363        0.47315400379439       -1.67482294384753
F           -0.17403021968521        0.76096926181412       -2.62007173546121
C           -0.66473372734363        0.04413034687835       -0.42718870105539
C            0.78749608021128       -0.08380196030226       -0.16631182218279
C            1.53847192070357        1.01904023842283        0.25079771309206
O            0.88029730944682        2.18824777497757        0.45418074802143
C            2.90767234103001        0.89347382908331        0.45586650532673
C            3.54009774413756       -0.31804238428264        0.24487264730241
C            2.81632030029453       -1.42370920687070       -0.16420319191966
C            1.45529145431136       -1.28379520584450       -0.36024638322136
F            0.74263901502063       -2.36185098845349       -0.75200831501424
H           -1.98729681128277       -0.66053546672769        2.61724553319581
H           -0.87398250041345       -1.78516904130675        1.83125409160029
H           -0.32448629121844       -0.16502709644327        2.25219133249581
H           -3.70123692283019       -0.33897436760249        0.99463122408948
H           -4.42312513421864        0.42152056128875       -1.22929199149143
H           -2.72187967561046        0.94597042207759       -2.97018704820122
H            1.49989710797219        2.87062996900436        0.73532101624373
H            3.47461789989133        1.75674779772229        0.77706685456790
H            4.60428017932967       -0.39989017925790        0.40060682119105
H            3.28503957546225       -2.37876039244493       -0.33634502725307
26
 energy: -46.466500377524 gnorm: 0.003235462474 xtb: 6.6.1 (8d0f1dd)
C           -1.17804386133730       -0.74919874244563        1.89290903169878
C           -1.61835342831339       -0.25950170693307        0.54793432611990
C           -2.96434924289764       -0.11842969410681        0.23750747024866
C           -3.37027421272476        0.31695850365765       -1.01145389708403
C           -2.43294861754017        0.62377411718892       -1.98182639773318
C           -1.09486035223751        0.48608406617025       -1.66855043000618
F           -0.17026417607807        0.78327373751737       -2.60880573501668
C           -0.66528884955288        0.04856060261756       -0.42299213951069
C            0.78677007219251       -0.08101126312077       -0.16050141130011
C            1.54251782093140        1.02392421332469        0.24413675965007
O            0.88571324803101        2.19445217225797        0.43657523465741
C            2.91174468644934        0.89505674785154        0.44524313692612
C            3.53882755076954       -0.32058470218680        0.24288587751987
C            2.81020713837990       -1.42814314383707       -0.15251825429047
C            1.44901769772368       -1.28569602627928       -0.34441247229913
F            0.72968315836103       -2.36427957543298       -0.72270916974754
H           -1.99706402158246       -0.70847470116865        2.60793222310798
H           -0.83615563711933       -1.78309268026813        1.81792111930240
H           -0.34815001536191       -0.14984133250695        2.26676726585993
H           -3.70447770135456       -0.35457449979116        0.98775933924926
H           -4.42166475296347        0.41889100357575       -1.23282517089468
H           -2.71867812520581        0.96291018752328       -2.96467221599580
H            1.50434186531970        2.88140696332355        0.71164321553404
H            3.48324828304058        1.75932699746513        0.75620972687864
H            4.60347900653879       -0.40547813903726        0.39382738432256
H            3.27502146653171       -2.38631310535910       -0.31798181719716
26
 energy: -46.466572032491 gnorm: 0.004791622773 xtb: 6.6.1 (8d0f1dd)
C           -1.17795483121808       -0.76534330515009        1.88914545688907
C           -1.62007560662701       -0.26858656125736        0.54736636402235
C           -2.96546371949208       -0.13070540760027        0.23403890711812
C           -3.36878771943653        0.31695061846636       -1.01138842600134
C           -2.43042813393877        0.64224600067269       -1.97483944349611
C           -1.09255190626337        0.50747866120800       -1.65861907385701
F           -0.16656667189368        0.82140633853424       -2.59181771008431
C           -0.66575556617976        0.05469317394869       -0.41765265979885
C            0.78615964076280       -0.07826148004410       -0.15333083305520
C            1.54780877230009        1.03028998109256        0.23332680790425
O            0.89317721254905        2.20335080655783        0.40959932647211
C            2.91679834798789        0.89733277458502        0.43001480439637
C            3.53661317364089       -0.32460127757789        0.24241585735242
C            2.80194824422341       -1.43493921369950       -0.13309411728851
C            1.44055029539220       -1.28928467427212       -0.32149405184722
F            0.71288259760138       -2.36857360514864       -0.68138511032528
H           -2.00912283931099       -0.77788232071972        2.59212897267623
H           -0.78384388941974       -1.78026840764901        1.79976158063504
H           -0.38311020375076       -0.13279312247652        2.28745960838527
H           -3.70814224505617       -0.38001290208457        0.97778994707086
H           -4.42004072371316        0.41434982726997       -1.23641434105038
H           -2.71580413892310        0.99250192672525       -2.95385842589690
H            1.51253366266787        2.89904547496430        0.66307959493544
H            3.49546552296331        1.76239693213014        0.72622575197308
H            4.60168678094163       -0.41340886621153        0.38860911551630
H            3.26202294419258       -2.39738137226374       -0.28706490264583
26
 energy: -46.466639879288 gnorm: 0.005194184107 xtb: 6.6.1 (8d0f1dd)
C           -1.17783832865801       -0.77958472425935        1.88537399143863
C           -1.62032373322534       -0.27706021415707        0.54593149575702
C           -2.96543842787674       -0.14145397555811        0.23158343527638
C           -3.36821618049632        0.31689266986309       -1.01010204867462
C           -2.42986092216703        0.65878946886597       -1.96764261489049
C           -1.09193320918138        0.52600345198076       -1.65041544604074
F           -0.16631609518888        0.85587883444117       -2.57858087531743
C           -0.66574143298187        0.05868982116698       -0.41482318090730
C            0.78623933577966       -0.07738646150821       -0.15007397617568
C            1.55096751923382        1.03438151261119        0.22347311430205
O            0.89827695910196        2.20997267549290        0.38736568462417
C            2.91934255344360        0.89915635824587        0.41928548646578
C            3.53461952357139       -0.32748886349224        0.24528245698953
C            2.79682192926670       -1.43979187942986       -0.11588939018205
C            1.43538724128487       -1.29239946037999       -0.30499330105757
F            0.70347520024559       -2.37230874186917       -0.65273503299475
H           -2.01344385355470       -0.82466242968183        2.57812802363362
H           -0.75379539826543       -1.77911122193116        1.78921808993767
H           -0.40745923237237       -0.13059446648095        2.30022500885989
H           -3.70934070482357       -0.40210992630267        0.97043726806629
H           -4.41959939283032        0.41004498181170       -1.23706916287713
H           -2.71605814615431        1.01980701313702       -2.94251836599752
H            1.52239387282092        2.91354116364900        0.61243767402640
H            3.50362862925837        1.76419919410805        0.70458334421445
H            4.59968669659181       -0.41839531681681        0.39072597180036
H            3.25452459717743       -2.40500946350628       -0.25920465027701
26
 energy: -46.466698547670 gnorm: 0.005776095887 xtb: 6.6.1 (8d0f1dd)
C           -1.18125356158595       -0.79858333096107        1.88090602646752
C           -1.62155066796513       -0.28706822814485        0.54411732723047
C           -2.96640109518770       -0.15387904814311        0.22844501802452
C           -3.36885677347060        0.31830835907331       -1.00844181382388
C           -2.42973203960370        0.67806984603210       -1.95831033570247
C           -1.09195720363571        0.54685972855677       -1.63998337303872
F           -0.16679868246691        0.89284106129497       -2.56323465295841
C           -0.66588679273158        0.06369531742779       -0.41062705135212
C            0.78594002040976       -0.07540359964634       -0.14671073292493
C            1.55531410471969        1.03953414351668        0.20793471904473
O            0.90967850507601        2.22185477586125        0.35916776133903
C            2.92365380347059        0.90259334922152        0.40243079151410
C            3.53430036098169       -0.32946809696031        0.24671998266381
C            2.79159074776526       -1.44473139550380       -0.09427677269719
C            1.42994932193857       -1.29515850387855       -0.28362504403927
F            0.69442462982677       -2.37795646668263       -0.61438609642092
H           -2.02942582463109       -0.89155298561571        2.55917777254647
H           -0.71401202446990       -1.77980627848264        1.77149291256332
H           -0.44405398389060       -0.12384393670832        2.32156427945290
H           -3.71093438342383       -0.42555621482492        0.96266019209202
H           -4.42022336122116        0.40881265821515       -1.23653082737965
H           -2.71576762023916        1.05129758109851       -2.92874954265045
H            1.54277224983974        2.92525940558960        0.55846227129692
H            3.51361956639602        1.76857232539403        0.67286372645208
H            4.59948058524492       -0.42094615856907        0.39161093919993
H            3.24612911885386       -2.41374430716039       -0.22267447689985
26
 energy: -46.466765159158 gnorm: 0.002666520851 xtb: 6.6.1 (8d0f1dd)
C           -1.18522159525078       -0.81159070714208        1.87737263427161
C           -1.62125870866846       -0.29312031032848        0.54179781072813
C           -2.96632452877176       -0.15907929955023        0.22754497161146
C           -3.37096698382109        0.32144512770696       -1.00554474806801
C           -2.43201339764268        0.68890856836025       -1.95130110101969
C           -1.09420764396237        0.55624239357448       -1.63470213585534
F           -0.17102159825771        0.90948760087652       -2.55734054426637
C           -0.66548597768306        0.06427208718190       -0.41018637733835
C            0.78632334090047       -0.07535647864713       -0.14907396614910
C            1.55647129986175        1.04061147110207        0.19628475647804
O            0.91670517239072        2.22844295105735        0.34420341269103
C            2.92485965451853        0.90531642757569        0.39384783271401
C            3.53585102731223       -0.32823787569582        0.25054972072324
C            2.79230684687368       -1.44489028372561       -0.08151132012811
C            1.43083461333728       -1.29551725096898       -0.27538775985040
F            0.69827913695659       -2.38171815297601       -0.59997926545603
H           -2.03458013723468       -0.91329570165116        2.54767939807723
H           -0.71367355108128       -1.78601610818490        1.76600988379656
H           -0.45792068580378       -0.13839205945300        2.32745838158410
H           -3.70922364679368       -0.43544932319852        0.96102666999052
H           -4.42249757070693        0.41243850950669       -1.23166922733325
H           -2.71822940926018        1.06958579198141       -2.91870632593702
H            1.55818756926385        2.92621598193731        0.52310938366521
H            3.51545304141736        1.77212235696255        0.65743005212082
H            4.60057256498164       -0.41727301862556        0.40036844478829
H            3.24678016712422       -2.41515269767575       -0.19927758183865
26
 energy: -46.466794489270 gnorm: 0.002262285784 xtb: 6.6.1 (8d0f1dd)
C           -1.18681709420286       -0.82395806026032        1.87376750455525
C           -1.62243123846319       -0.29921397160134        0.54044109429282
C           -2.96743875527726       -0.16449590635630        0.22608132650140
C           -3.37190106278534        0.32413025459561       -1.00413385821620
C           -2.43216080933531        0.69970736472197       -1.94622270289134
C           -1.09444605412035        0.56629388105529       -1.62956473981205
F           -0.17063989893446        0.92623785079191       -2.54928130164008
C           -0.66592708881942        0.06612331324022       -0.40805890806448
C            0.78550109758414       -0.07320408272314       -0.14735887825927
C            1.55891737129761        1.04356947213453        0.18689837865422
O            0.92323506276120        2.23512046057485        0.32670989277287
C            2.92749184637667        0.90737691397556        0.38475805314611
C            3.53607165030095       -0.32849277020025        0.25200755195411
C            2.78937840044672       -1.44653185062613       -0.06938776436155
C            1.42827516521020       -1.29583286529878       -0.26321089423127
F            0.69423649688414       -2.38454081559815       -0.57808513739448
H           -2.03935251608797       -0.94525266973720        2.53702348598992
H           -0.69602743261121       -1.79005218139562        1.75787440868566
H           -0.47464215819137       -0.14091797751476        2.33537416961136
H           -3.71017994964311       -0.44868074296261        0.95713225959500
H           -4.42339607223085        0.41463507499577       -1.23032584707624
H           -2.71716619980983        1.08681456712429       -2.91152248847810
H            1.56826511741691        2.93183536122781        0.49637522159714
H            3.51925837383111        1.77633477041439        0.63897730206686
H            4.60068417083914       -0.41793511343462        0.40228642655417
H            3.24121057756359       -2.41907027714302       -0.17855155555190
26
 energy: -46.466820051024 gnorm: 0.001699631207 xtb: 6.6.1 (8d0f1dd)
C           -1.18729420592315       -0.83415982662918        1.87045511492418
C           -1.62329689620918       -0.30417826861569        0.53937993060065
C           -2.96832562549481       -0.16839788496967        0.22500427492324
C           -3.37244046108244        0.32712884447006       -1.00256890977936
C           -2.43210760310799        0.70799236414787       -1.94238798993199
C           -1.09443268883639        0.57324548470011       -1.62592556833352
F           -0.16961409550406        0.93672405605449       -2.54315965657310
C           -0.66634901057892        0.06731287531848       -0.40633904675836
C            0.78460034640024       -0.07080174751746       -0.14541375146830
C            1.56111739106427        1.04626912704099        0.17931371111415
O            0.92792175250395        2.23992481651126        0.31050067038591
C            2.92990498408898        0.90912175618480        0.37752800362938
C            3.53633828901383       -0.32820067729347        0.25366173569972
C            2.78689125935027       -1.44713071620580       -0.05961290301357
C            1.42640127170307       -1.29528736287559       -0.25289373605170
F            0.69092749256608       -2.38575985831809       -0.56037462422235
H           -2.04143464793703       -0.97015902187286        2.52940216044182
H           -0.68577964895434       -1.79441238969818        1.75100630501097
H           -0.48458467240351       -0.14645282214765        2.33983547405275
H           -3.71076308205296       -0.45825783453367        0.95426510361620
H           -4.42385472819280        0.41874371256330       -1.22841038746623
H           -2.71573393028447        1.09985847312929       -2.90615719472581
H            1.57387509510481        2.93643709913354        0.47681922097655
H            3.52131425946156        1.78052925600463        0.62419578699240
H            4.60077026354644       -0.41862221830669        0.40422371238520
H            3.23594789175840       -2.42146723627485       -0.16234443642890
26
 energy: -46.466848050309 gnorm: 0.001679212187 xtb: 6.6.1 (8d0f1dd)
C           -1.18809685416264       -0.84785856090978        1.86624572433607
C           -1.62397069072062       -0.31045183635155        0.53816386892642
C           -2.96905356359648       -0.17286508388254        0.22394622487098
C           -3.37271311463125        0.33170978830478       -0.99981640261311
C           -2.43210177057418        0.71746044514754       -1.93767444371629
C           -1.09446363844848        0.58033769371371       -1.62191847042053
F           -0.16865223260993        0.94720776333280       -2.53642729110975
C           -0.66680869645746        0.06824914285943       -0.40440121168986
C            0.78365645506866       -0.06809588214037       -0.14286763222058
C            1.56355721761985        1.04974552809921        0.16968966145113
O            0.93273092575514        2.24524963067816        0.28769790829214
C            2.93254540720254        0.91172165942364        0.36867041733724
C            3.53669313521081       -0.32706472726129        0.25689662146029
C            2.78450775094498       -1.44715123649250       -0.04717014195838
C            1.42483716655052       -1.29426711430912       -0.24043641386169
F            0.68775129041180       -2.38634865325419       -0.53982907848477
H           -2.04185062647034       -0.99642146729535        2.52100997345226
H           -0.67869464084691       -1.80251576379826        1.74104451098879
H           -0.49321414713404       -0.15876658508107        2.34363879108294
H           -3.71111105557591       -0.46754793272985        0.95130538529962
H           -4.42401043539071        0.42669194770492       -1.22466159090161
H           -2.71447637571584        1.11517868044674       -2.89935691654717
H            1.57885958793925        2.94194008529073        0.45379883000302
H            3.52272049102810        1.78618139653424        0.60691255481422
H            4.60086277474579       -0.41890433666957        0.40788671698718
H            3.23049463985719       -2.42341458136049       -0.14234459577865
26
 energy: -46.466865803961 gnorm: 0.001558692788 xtb: 6.6.1 (8d0f1dd)
C           -1.18898991471410       -0.85698847466581        1.86374441140791
C           -1.62381944857248       -0.31390647068354        0.53757766408853
C           -2.96889289180541       -0.17536901930603        0.22354670567429
C           -3.37239243825737        0.33486880219507       -0.99765708651397
C           -2.43196956269492        0.72423651222577       -1.93408037232099
C           -1.09438407887846        0.58597108041613       -1.61879915216732
F           -0.16884849787132        0.95614947289635       -2.53202690676006
C           -0.66671715027527        0.06927605827590       -0.40315402391337
C            0.78380243245832       -0.06727315293627       -0.14159711973058
C            1.56504724197013        1.05208784522469        0.16261216391867
O            0.93559232533108        2.24870186929177        0.27125818162361
C            2.93390983980879        0.91374633338063        0.36213838638091
C            3.53679430268381       -0.32626231485771        0.25905187716201
C            2.78354701260614       -1.44754055755949       -0.03816246148129
C            1.42400035163609       -1.29448130014961       -0.23222537351844
F            0.68565526191286       -2.38737871483012       -0.52550646093033
H           -2.04479995596879       -1.01651996774847        2.51496590066361
H           -0.67443953348783       -1.80742327587096        1.73301106521425
H           -0.49930951305338       -0.16728171530629        2.34824930929015
H           -3.71128144203351       -0.47311371583175        0.94925917814008
H           -4.42371048966320        0.43131217680812       -1.22217005984796
H           -2.71465373764159        1.12576673387628       -2.89403336065721
H            1.58159829383470        2.94579428095008        0.43653561626100
H            3.52484232025876        1.78923314134186        0.59490846689760
H            4.60086613791332       -0.41874540839439        0.41031056475533
H            3.22855213450345       -2.42486021874226       -0.12775411363651
26
 energy: -46.466881706528 gnorm: 0.001143356400 xtb: 6.6.1 (8d0f1dd)
C           -1.18976889325071       -0.86448995415513        1.86165772527694
C           -1.62348231481591       -0.31639580768992        0.53712358149575
C           -2.96853074451065       -0.17627026131004        0.22374060600800
C           -3.37205913614919        0.33777614292632       -0.99570541184379
C           -2.43185382312837        0.72953567608996       -1.93120645590948
C           -1.09431238959933        0.58996253226909       -1.61655237574243
F           -0.16945007604811        0.96264138888936       -2.52933419988526
C           -0.66648383922920        0.06934723658007       -0.40265781278758
C            0.78435537904778       -0.06786035934455       -0.14151713593263
C            1.56539404669260        1.05326317035521        0.15737329307700
O            0.93620499493007        2.25026831794818        0.25889661388655
C            2.93396556520913        0.91539599569222        0.35799164456330
C            3.53660338864816       -0.32525864215750        0.26113218114584
C            2.78366172421757       -1.44771570516392       -0.03140809865752
C            1.42396055075768       -1.29541413057490       -0.22708168087204
F            0.68530733788059       -2.38897130513671       -0.51605445716880
H           -2.04550864613743       -1.02590991763557        2.51062454603658
H           -0.67395183802789       -1.81358254725336        1.72769222057697
H           -0.50101698572764       -0.17681008324681        2.34960410723328
H           -3.71134121711479       -0.47540661879361        0.94842499780298
H           -4.42341064996466        0.43539576776947       -1.21989209794895
H           -2.71540583205657        1.13388879504231       -2.88968772623306
H            1.58127812550717        2.94840559108942        0.42308581375263
H            3.52613531893500        1.79103438468182        0.58717009254553
H            4.60058885775034       -0.41756135549531        0.41329805231593
H            3.22912009618416       -2.42526831137616       -0.11671502273587
26
 energy: -46.466895955596 gnorm: 0.001028988319 xtb: 6.6.1 (8d0f1dd)
C           -1.19008495450059       -0.87133540213608        1.85936574190859
C           -1.62308901742944       -0.31878448862129        0.53649930723356
C           -2.96811397430025       -0.17665777754341        0.22409299745153
C           -3.37179007645658        0.34079320308244       -0.99396528808703
C           -2.43159594203372        0.73487746915212       -1.92848959805933
C           -1.09407230640154        0.59384340142245       -1.61449429041650
F           -0.16968723822568        0.96891480795777       -2.52682390987745
C           -0.66612859247599        0.06891806660520       -0.40258973572149
C            0.78493948065191       -0.06895004738616       -0.14216530745523
C            1.56531962977913        1.05410295376562        0.15218772464017
O            0.93579696741712        2.25124834034277        0.24827524369965
C            2.93363827961562        0.91722702403366        0.35395440564924
C            3.53627797760885       -0.32411168900579        0.26260694973991
C            2.78387382432373       -1.44797543386230       -0.02504464507501
C            1.42398365968876       -1.29693976205354       -0.22220776536492
F            0.68557269123215       -2.39164510925996       -0.50654223314487
H           -2.04642488247723       -1.03444572714019        2.50694326296269
H           -0.67493329586664       -1.82017230202645        1.72304089100271
H           -0.50125529221598       -0.18569805698476        2.35025163745971
H           -3.71112790627166       -0.47681335987118        0.94814513729473
H           -4.42313298350075        0.43929294607000       -1.21775606425062
H           -2.71583720548715        1.14211923561871       -2.88555979534394
H            1.58040348265885        2.95043648024022        0.41057289943255
H            3.52709684433120        1.79281703661634        0.57971520234555
H            4.60023150797648       -0.41549350152554        0.41582810470161
H            3.23013832235922       -2.42556830749072       -0.10583787272593
26
 energy: -46.466907338222 gnorm: 0.000412865804 xtb: 6.6.1 (8d0f1dd)
C           -1.19005118976298       -0.87526389687965        1.85771851751080
C           -1.62318482104861       -0.32043974087673        0.53583148566667
C           -2.96815763558721       -0.17592958643014        0.22436177345839
C           -3.37174076668181        0.34323460726224       -0.99308934169371
C           -2.43137222289730        0.73723987026587       -1.92748851436443
C           -1.09386626749834        0.59434602999588       -1.61417908860018
F           -0.16922582391265        0.97008051912881       -2.52604206974941
C           -0.66605213943879        0.06748139098140       -0.40311092363113
C            0.78488951275098       -0.06961115404867       -0.14237185759724
C            1.56484179300484        1.05421069213471        0.15037228196556
O            0.93455071269511        2.25131063023044        0.24511023013283
C            2.93323638225978        0.91839874154481        0.35247387503955
C            3.53631545067940       -0.32296012011998        0.26323326621229
C            2.78428003974794       -1.44760848342879       -0.02210550925319
C            1.42443217143174       -1.29748372374398       -0.21976284371894
F            0.68666600616968       -2.39322725798220       -0.50166060709183
H           -2.04647179273034       -1.03430277991768        2.50765793684818
H           -0.67937693035156       -1.82738568286807        1.72000105879910
H           -0.49667206141048       -0.19215712478894        2.34699118739360
H           -3.71109975390121       -0.47649638807258        0.94842718091002
H           -4.42305282515491        0.44314917216778       -1.21623391887331
H           -2.71523788891390        1.14621296618148       -2.88391859480117
H            1.57917389134648        2.95116154940204        0.40426990884780
H            3.52621796368572        1.79477217473590        0.57631473767780
H            4.60022371590785       -0.41345058668459        0.41726103695249
H            3.23073347961039       -2.42528181818941       -0.10005820804063
26
 energy: -46.466924312949 gnorm: 0.000985366052 xtb: 6.6.1 (8d0f1dd)
C           -1.19020701725226       -0.88117211006523        1.85518007603884
C           -1.62344250145200       -0.32339622079808        0.53465877310234
C           -2.96826372204463       -0.17621737964049        0.22396836256518
C           -3.37155247573171        0.34652941174790       -0.99214725475693
C           -2.43086963543790        0.74140826892438       -1.92580465107491
C           -1.09344763299868        0.59643087302571       -1.61303468902436
F           -0.16838216589286        0.97309038621168       -2.52417615244554
C           -0.66594196283110        0.06577160563802       -0.40352592404450
C            0.78474098542780       -0.07090216805054       -0.14240995210763
C            1.56402324992181        1.05424361216840        0.14722643305292
O            0.93232864043861        2.25105443054498        0.24038921117436
C            2.93253524996010        0.92032726140343        0.34961071680931
C            3.53642510169619       -0.32101580242801        0.26428808664352
C            2.78504491865319       -1.44709767662477       -0.01685092890972
C            1.42511170345524       -1.29863325496324       -0.21500302874866
F            0.68854378459258       -2.39605820909452       -0.49342833076090
H           -2.04548739138509       -1.03053959627843        2.50990273520546
H           -0.69042331283961       -1.83964371203674        1.71623893294605
H           -0.48686653217954       -0.20487949015792        2.34058100617936
H           -3.71116737690614       -0.47686126949221        0.94811209494671
H           -4.42280532757333        0.44892254816673       -1.21430831727907
H           -2.71405781923072        1.15306368916399       -2.88129505344715
H            1.57694716847697        2.95208611441925        0.39416989529930
H            3.52463660360568        1.79799361635952        0.57049559127216
H            4.60047929882641       -0.40975387654619        0.41833240509205
H            3.23209716870083       -2.42475105159766       -0.09116703772830
26
 energy: -46.466949902736 gnorm: 0.001702162984 xtb: 6.6.1 (8d0f1dd)
C           -1.19106968404016       -0.89084459995817        1.85151853747301
C           -1.62383501083715       -0.32740489958507        0.53341834928092
C           -2.96841708752016       -0.17695997299658        0.22339778996233
C           -3.37107125454394        0.35121604618462       -0.99065143185539
C           -2.42987191127865        0.74815926767360       -1.92285659984905
C           -1.09264388046264        0.59994392408339       -1.61078044315750
F           -0.16704046254004        0.97952127514728       -2.52025827662503
C           -0.66572629474626        0.06386419175363       -0.40341117225783
C            0.78462326489259       -0.07265498941259       -0.14181329707587
C            1.56302581056981        1.05458991100166        0.14248158002952
O            0.92956784634166        2.25103707341697        0.23145734444425
C            2.93174075972789        0.92349725833519        0.34479098924412
C            3.53682796576737       -0.31775696474250        0.26557136594044
C            2.78629486820331       -1.44608000337446       -0.00862700381169
C            1.42611517335537       -1.30018811787284       -0.20725126163608
F            0.69104512019946       -2.40019739794983       -0.47947413555640
H           -2.04404518441206       -1.02178433789086        2.51391033412997
H           -0.71195346647278       -1.86023012977974        1.71045378616806
H           -0.46970109789018       -0.22779647969877        2.32956356355526
H           -3.71152600537437       -0.47967542120344        0.94649712420366
H           -4.42221347436631        0.45620434843111       -1.21206124185816
H           -2.71215332746966        1.16452139024716       -2.87661205082651
H            1.57399913447179        2.95391246815314        0.37742524325067
H            3.52279523164182        1.80310578182280        0.56057727060800
H            4.60106478739516       -0.40418790635717        0.41969698964212
H            3.23416717938796       -2.42381171542858       -0.07696035342296
26
 energy: -46.466980796039 gnorm: 0.002430668906 xtb: 6.6.1 (8d0f1dd)
C           -1.19294327381921       -0.90435319353619        1.84708510508486
C           -1.62430309859968       -0.33291537164301        0.53198739333827
C           -2.96863669512053       -0.17956474386589        0.22221076577953
C           -3.37035832746581        0.35608336542347       -0.98889072932760
C           -2.42840907749020        0.75739948301998       -1.91849839979884
C           -1.09147497617707        0.60596300441452       -1.60685105939961
F           -0.16527930013952        0.98884263713193       -2.51439382238039
C           -0.66540980600748        0.06242799675832       -0.40242462701287
C            0.78470043884153       -0.07397797546892       -0.14046916950667
C            1.56251747962092        1.05603667510429        0.13529605302676
O            0.92752090586199        2.25225737260764        0.21713458881303
C            2.93138740226588        0.92788201872178        0.33785119496943
C            3.53741347697834       -0.31355428616872        0.26767592876945
C            2.78754723351670       -1.44451356991002        0.00273763306673
C            1.42709014215724       -1.30149265936436       -0.19640183930020
F            0.69340851394677       -2.40444446660137       -0.46047553288753
H           -2.04249139423988       -1.01015834311478        2.51912830951535
H           -0.74279256083808       -1.88795686413000        1.70287004434979
H           -0.44744475190406       -0.26062621759052        2.31561111984549
H           -3.71222541981313       -0.48439994371471        0.94395631927277
H           -4.42132207806822        0.46446090265167       -1.20953393633369
H           -2.70972846977525        1.17973614619754       -2.86992378820878
H            1.57150146561157        2.95727592771175        0.35439853227792
H            3.52164455610078        1.80970685007760        0.54666486526583
H            4.60188218080902       -0.39772358421231        0.42143332055792
H            3.23620443374728       -2.42239116049976       -0.05817526977709
26
 energy: -46.467004058300 gnorm: 0.002482761870 xtb: 6.6.1 (8d0f1dd)
C           -1.19470027909661       -0.91466306528994        1.84392523058344
C           -1.62457521193289       -0.33675586076945        0.53115564659939
C           -2.96876548942270       -0.18158903714671        0.22144638095520
C           -3.36984006392334        0.35947918033385       -0.98742923838983
C           -2.42735777267134        0.76405917391767       -1.91512638979274
C           -1.09064897745621        0.61062879505275       -1.60368508174819
F           -0.16406216068158        0.99686899340899       -2.50941719504709
C           -0.66514976850013        0.06208123580815       -0.40123884842214
C            0.78485659588983       -0.07409189259108       -0.13919686143844
C            1.56275307082579        1.05773143858744        0.12957817240825
O            0.92738916633819        2.25414151917813        0.20508118769628
C            2.93169197029963        0.93106447534582        0.33228978576772
C            3.53786394394360       -0.31070900273018        0.26904299806386
C            2.78800806785125       -1.44330664626895        0.01118477696616
C            1.42738999324424       -1.30182398812733       -0.18811774542751
F            0.69413875773644       -2.40655832438063       -0.44586827999337
H           -2.04133798184849       -1.00374101537083        2.52206460878838
H           -0.76483187742739       -1.90715147808886        1.69750332206322
H           -0.43350004179001       -0.28526699108294        2.30650838163644
H           -3.71273624871673       -0.48954346207942        0.94150057142129
H           -4.42066325582017        0.46914601807808       -1.20804090442546
H           -2.70813019958674        1.19076215873021       -2.86476677775216
H            1.57115767355333        2.96035368671008        0.33691952803645
H            3.52185079631087        1.81421757790281        0.53571247396038
H            4.60237383921924       -0.39387011106998        0.42303921591572
H            3.23682445366184       -2.42146337805773       -0.04406195842539
26
 energy: -46.467038521494 gnorm: 0.002183631041 xtb: 6.6.1 (8d0f1dd)
C           -1.19771832042437       -0.93033972481218        1.83938881401030
C           -1.62491427294885       -0.34256779008456        0.53007503322286
C           -2.96894193143367       -0.18585974119185        0.21999874771931
C           -3.36912395699167        0.36328998841487       -0.98543414658347
C           -2.42589614630977        0.77404429547494       -1.90978373991711
C           -1.08952842467955        0.61872239733507       -1.59826388255150
F           -0.16247984369110        1.01006670193551       -2.50130334220226
C           -0.66475515737684        0.06260119709691       -0.39882768395611
C            0.78519955497813       -0.07327200994931       -0.13694648612956
C            1.56384207743668        1.06093095555058        0.12056234686949
O            0.92889283545921        2.25802816841086        0.18540528975244
C            2.93282134683269        0.93567523048106        0.32351811048728
C            3.53851643737892       -0.30688388573773        0.27137366980482
C            2.78812466579741       -1.44154315682767        0.02421037486447
C            1.42735392760504       -1.30161044039631       -0.17542899547816
F            0.69403452863320       -2.40852196123099       -0.42350109782798
H           -2.03999948445439       -0.99715026144559        2.52504356478301
H           -0.79616463159610       -1.93397241840619        1.68930825691830
H           -0.41581428901868       -0.32174798556202        2.29453470974257
H           -3.71347975426447       -0.49835203459170        0.93750709263438
H           -4.41975810014835        0.47487937966408       -1.20601355013639
H           -2.70605376161622        1.20700051280450       -2.85677759106764
H            1.57259868558675        2.96554157111576        0.31013512779369
H            3.52343903600025        1.82047347629587        0.51845585532535
H            4.60308323195234       -0.38915900128049        0.42542731432083
H            3.23672074729345       -2.42027346306347       -0.02266079239910
26
 energy: -46.467079833554 gnorm: 0.001861851762 xtb: 6.6.1 (8d0f1dd)
C           -1.20226880871521       -0.95266959912124        1.83303888941453
C           -1.62531031269859       -0.35075724119419        0.52863257946696
C           -2.96917521936970       -0.19254605022198        0.21782412251994
C           -3.36826539066475        0.36800668471303       -0.98256181824178
C           -2.42408993017023        0.78820739567416       -1.90190898240580
C           -1.08817580722812        0.63106125263729       -1.59005500722473
F           -0.16063665370724        1.03030917104661       -2.48907241984839
C           -0.66420613537898        0.06428397469000       -0.39493260955367
C            0.78574378765418       -0.07104918053566       -0.13344538926778
C            1.56617589197424        1.06606289003645        0.10720386845817
O            0.93288955960188        2.26453256906434        0.15610962024891
C            2.93516260212523        0.94191319581788        0.31049209075696
C            3.53943255143490       -0.30198845411133        0.27478013017935
C            2.78761495074997       -1.43911224996958        0.04314781957369
C            1.42671577245383       -1.30054871278420       -0.15689350688404
F            0.69260834167814       -2.40994073296993       -0.39141362180271
H           -2.03850670781255       -0.99193028731227        2.52758833351263
H           -0.83752646258316       -1.96932531852975        1.67733567620029
H           -0.39486325789398       -0.37212858563099        2.27969376316757
H           -3.71444927806160       -0.51252141777096        0.93127763314073
H           -4.41866710330833        0.48110699566144       -1.20351676144427
H           -2.70360276779924        1.22968294658510       -2.84518050191868
H            1.57700708915902        2.97327139247404        0.27152361698048
H            3.52704490373759        1.82860058751807        0.49312296086769
H            4.60401858664294       -0.38368076867346        0.42900614920019
H            3.23532879817984       -2.41884045709290        0.00820636490354
26
 energy: -46.467124232629 gnorm: 0.001799927249 xtb: 6.6.1 (8d0f1dd)
C           -1.21040545011951       -0.99100624350339        1.82183183629119
C           -1.62580115504025       -0.36509957796826        0.52588782844264
C           -2.96949097708442       -0.20517211544959        0.21370742981285
C           -3.36711447171051        0.37481699854849       -0.97767212754685
C           -2.42151304739547        0.81261800888639       -1.88780950663615
C           -1.08628963559609        0.65358494299848       -1.57518119012137
F           -0.15822068049102        1.06755569110994       -2.46693445436334
C           -0.66322230580460        0.06828192849031       -0.38787431083269
C            0.78672670539582       -0.06580433079704       -0.12735399239704
C            1.57120728372542        1.07524279288806        0.08365384181627
O            0.94227971145784        2.27649433084390        0.10441404524834
C            2.94018096123634        0.95180341545970        0.28739067498443
C            3.54098372570506       -0.29447513645442        0.28074628394375
C            2.78576700592468       -1.43490968116573        0.07636367169370
C            1.42489212284171       -1.29745600768536       -0.12466035971494
F            0.68853609219517       -2.41033802715510       -0.33551178137062
H           -2.03619048448074       -0.99069403499173        2.52925583919166
H           -0.90173180851199       -2.02454266932065        1.65644305105277
H           -0.36713057435929       -0.45497892659660        2.25711657136730
H           -3.71577770732196       -0.53905379639316        0.91982739347423
H           -4.41720624906374        0.48955995776615       -1.19936716957788
H           -2.70017267052000        1.26876343930037       -2.82444365570298
H            1.58813066766010        2.98629534166844        0.20381176723865
H            3.53508394134662        1.84106052603795        0.44795338573361
H            4.60549532593247       -0.37597302296312        0.43558814713521
H            3.23098267407850       -2.41657380355408        0.06281978083700
26
 energy: -46.467130927420 gnorm: 0.002333486104 xtb: 6.6.1 (8d0f1dd)
C           -1.21360037283908       -1.00423771614231        1.81719209773306
C           -1.62576400143401       -0.37065547672440        0.52435798616279
C           -2.96948397351918       -0.21059321536088        0.21176849527727
C           -3.36713217211299        0.37655614744472       -0.97566304507948
C           -2.42131543373134        0.82161446620226       -1.88182238547336
C           -1.08623477719262        0.66253960742920       -1.56905413889836
F           -0.15846108491507        1.08262162894046       -2.45799325372099
C           -0.66281884393193        0.07038234942665       -0.38519364826409
C            0.78710356492939       -0.06283213517372       -0.12527968598742
C            1.57390548673716        1.07818500171480        0.07464359006467
O            0.94786545185933        2.28044674465693        0.08517921876983
C            2.94286855013871        0.95404113448657        0.27838977562344
C            3.54159800731440       -0.29268186459578        0.28319488113905
C            2.78436570416643       -1.43308672378287        0.08921269944514
C            1.42377457671483       -1.29498293525601       -0.11272860868115
F            0.68624573213710       -2.40819779848359       -0.31556668068353
H           -2.03537948810915       -0.99960609975932        2.52643279061967
H           -0.91585708523342       -2.03675186036565        1.64861436412749
H           -0.36755612118074       -0.47924287616964        2.25194508175301
H           -3.71575011328219       -0.55051473304428        0.91481430271335
H           -4.41720801171793        0.49099015217880       -1.19758770118722
H           -2.69988596913256        1.28320383604850       -2.81561485583790
H            1.59549176458808        2.98943704000767        0.17765148099518
H            3.53945385449637        1.84332426886032        0.43019758361915
H            4.60598884539054       -0.37464986682286        0.43861197038922
H            3.22778490986008       -2.41530907571563        0.08430068538091
26
 energy: -46.467138997172 gnorm: 0.000536700254 xtb: 6.6.1 (8d0f1dd)
C           -1.21576434060490       -1.01484119159893        1.81363673880909
C           -1.62589057465631       -0.37436551226091        0.52350012099235
C           -2.96956276114829       -0.21390311083318        0.21052715579610
C           -3.36701405666463        0.37840138138996       -0.97426368153223
C           -2.42089048973895        0.82869748831071       -1.87751463665037
C           -1.08597002662308        0.66920905009076       -1.56455453987935
F           -0.15829140381126        1.09380189964790       -2.45137321793013
C           -0.66254762934685        0.07142456445024       -0.38328848506152
C            0.78732107538512       -0.06140847496188       -0.12357074335486
C            1.57526116754703        1.08039787516733        0.06793893076161
O            0.95052973539912        2.28315441138876        0.07110024248167
C            2.94429235311423        0.95663834490172        0.27159054012141
C            3.54218602097907       -0.29037869248459        0.28521479331663
C            2.78399858500849       -1.43155696515598        0.09942759185036
C            1.42343317633094       -1.29388106601368       -0.10314226647934
F            0.68567793222808       -2.40801554419677       -0.29976288250224
H           -2.03493325605624       -0.99727035857526        2.52730511376576
H           -0.93646504522799       -2.05368298632001        1.64139530709008
H           -0.35712865795456       -0.50372434946716        2.24454582368121
H           -3.71594103637926       -0.55853275892155        0.91112898588422
H           -4.41704541448826        0.49268464064165       -1.19651065221233
H           -2.69920132621021        1.29454610031820       -2.80926860469295
H            1.59901892929927        2.99215290992902        0.15776858452252
H            3.54158957385270        1.84653214758999        0.41681949116553
H            4.60662499153529       -0.37198782814551        0.44055585799366
H            3.22671147823169       -2.41409197489087        0.10079743206284
26
 energy: -46.467139507681 gnorm: 0.000202784822 xtb: 6.6.1 (8d0f1dd)
C           -1.21565628944877       -1.01467346692015        1.81345358084057
C           -1.62588894221651       -0.37420549673007        0.52338990439201
C           -2.96959635888437       -0.21432332944093        0.21028491126521
C           -3.36723744252467        0.37810409877852       -0.97442606877059
C           -2.42112829882411        0.82896873708709       -1.87740694854215
C           -1.08615196600580        0.66953528131589       -1.56452502199408
F           -0.15869539107468        1.09450028645415       -2.45133820802346
C           -0.66254318448283        0.07155148659100       -0.38345016058039
C            0.78728894902421       -0.06152269732818       -0.12369824960191
C            1.57520966915108        1.08020562001688        0.06815670680752
O            0.95055917523919        2.28296641133517        0.07185204040050
C            2.94434882438667        0.95653579848980        0.27145503243128
C            3.54234450356989       -0.29038142182983        0.28525943359963
C            2.78406401292052       -1.43156403775512        0.09977729617288
C            1.42353052542529       -1.29394516369122       -0.10319556197267
F            0.68603602269707       -2.40822874036577       -0.29971490399536
H           -2.03498672392450       -0.99674749048961        2.52747570757795
H           -0.93687527323379       -2.05398019919736        1.64120784481332
H           -0.35651677117062       -0.50365029048972        2.24414886347104
H           -3.71579751095536       -0.55889982053687        0.91099489957635
H           -4.41731330074306        0.49228223338081       -1.19658662999814
H           -2.69937464726136        1.29523644885822       -2.80897634137891
H            1.59936775809978        2.99171129791955        0.15720234553098
H            3.54158111388230        1.84653208428131        0.41614780791954
H            4.60678272659509       -0.37186132682075        0.44070824498769
H            3.22664781975959       -2.41414630291285        0.10180647507093
