26
 energy: -46.449267069477 gnorm: 0.083102072146 xtb: 6.6.1 (8d0f1dd)
C           -1.29089300000000        1.92636700000000       -0.18110300000000
C           -1.58408600000000        0.45863700000000       -0.09735500000000
C           -2.88472200000000        0.00240200000000       -0.21241700000000
C           -3.18969700000000       -1.34379500000000       -0.13979700000000
C           -2.17949900000000       -2.26452100000000        0.05205500000000
C           -0.87412200000000       -1.80419300000000        0.16733700000000
F            0.13067100000000       -2.69015700000000        0.35577100000000
C           -0.56092900000000       -0.45483300000000        0.09542100000000
C            0.81699400000000       -0.03159900000000        0.22215200000000
C            1.59967000000000        0.07099900000000       -0.90513300000000
O            1.08318500000000       -0.22638600000000       -2.16013500000000
C            2.92348200000000        0.47001800000000       -0.84945400000000
C            3.48382200000000        0.77627700000000        0.36958500000000
C            2.71763900000000        0.68163400000000        1.52356000000000
C            1.38045200000000        0.27521600000000        1.43798600000000
F            0.66909100000000        0.19604400000000        2.58511400000000
H           -0.30065700000000        2.12211800000000       -0.60053400000000
H           -2.12119400000000        2.37002800000000       -0.79454400000000
H           -1.43320300000000        2.33537800000000        0.83844600000000
H           -3.68608800000000        0.72952000000000       -0.36434900000000
H           -4.21278500000000       -1.71023000000000       -0.22970000000000
H           -2.42214800000000       -3.33031100000000        0.10940800000000
H            0.69559600000000       -1.12700100000000       -2.38215400000000
H            3.52356300000000        0.54583300000000       -1.73852300000000
H            4.51324400000000        1.09024700000000        0.44500900000000
H            3.20261300000000        0.93230700000000        2.45335400000000
26
 energy: -46.459497573172 gnorm: 0.033725354537 xtb: 6.6.1 (8d0f1dd)
C           -1.31766632396105        1.92282731355745       -0.17713715694179
C           -1.60005913260256        0.45226429166000       -0.10330669506828
C           -2.90294084221194       -0.00665141446867       -0.21478331792426
C           -3.19921186568150       -1.35395920766373       -0.13667404469856
C           -2.18619989132382       -2.27686860163071        0.05519896494636
C           -0.88849712236601       -1.81721318054520        0.17346102428731
F            0.11821200478983       -2.70535215781348        0.34572662428746
C           -0.57287986631044       -0.46693587444984        0.09834213610654
C            0.82956956189854       -0.04050292818242        0.21233105927891
C            1.62179125591044        0.04512582098489       -0.92926903323620
O            1.10434889788303       -0.21398623080401       -2.17909617725206
C            2.94022349124925        0.46494196584454       -0.85735194671802
C            3.48611468809629        0.78594454193614        0.37151292792773
C            2.72479751554477        0.68643604766141        1.52561678501066
C            1.40241636572306        0.28020233881798        1.43171452126405
F            0.67404942340636        0.20359666632968        2.56614431734846
H           -0.33492963061981        2.12696936290977       -0.58404800750662
H           -2.08328540068879        2.40911844544507       -0.79766964308319
H           -1.40049860262464        2.35434559999009        0.82619830604165
H           -3.69858390292081        0.71336916542350       -0.36605547071088
H           -4.21720472824713       -1.70689105526928       -0.22845857524705
H           -2.40729214404139       -3.33452808381253        0.11211447795570
H            0.68064737401197       -1.08842230472975       -2.31170197499251
H            3.53245837139712        0.54157757847614       -1.75299432523732
H            4.51541115184125        1.09723342125459        0.44705726669066
H            3.17920835184798        0.92735747907837        2.47312795747125
26
 energy: -46.462547082110 gnorm: 0.017849597779 xtb: 6.6.1 (8d0f1dd)
C           -1.32859508729911        1.92094226226082       -0.17552089604896
C           -1.61011089595100        0.45247366389767       -0.10386455967742
C           -2.91550767041494       -0.01153841509943       -0.21292900931353
C           -3.20658740473214       -1.36041319445888       -0.13362167237658
C           -2.19169661167419       -2.28346617162899        0.05668440991854
C           -0.89752431483249       -1.82062475325374        0.16613353174530
F            0.10941772977201       -2.71174011705811        0.32879449650217
C           -0.57963971527387       -0.46917014515796        0.09255685831036
C            0.83807346364582       -0.04019558801247        0.19569803761793
C            1.63761754626738        0.04178031893757       -0.95146154090055
O            1.13492157969624       -0.21343819481724       -2.19607368241576
C            2.95635076623343        0.46520971255401       -0.85772177547561
C            3.49441526469688        0.78623954314164        0.37583746603339
C            2.73049832973679        0.68839438917782        1.52522188977297
C            1.41636729350953        0.28201755606946        1.41725234838220
F            0.66527811012521        0.20760926578834        2.53641483640874
H           -0.34214256791912        2.11932791305287       -0.58140874891417
H           -2.06932599847830        2.41737936474110       -0.79237256212658
H           -1.37096717804312        2.35433561731872        0.82419439940724
H           -3.70964419815932        0.70194229165054       -0.36515779411611
H           -4.22426974164079       -1.70268519604015       -0.22321486075523
H           -2.39447029021095       -3.33862453922203        0.11947835936921
H            0.64306233169538       -1.05624930314557       -2.22552969703219
H            3.54346536624961        0.53701891985760       -1.75829436201434
H            4.52133308139349        1.10695308383579        0.44811402462102
H            3.14967981160758        0.92652071561061        2.49079050307797
26
 energy: -46.463528721373 gnorm: 0.025536148520 xtb: 6.6.1 (8d0f1dd)
C           -1.32569040208134        1.91769927840522       -0.17733758502743
C           -1.61150116556561        0.45074937722917       -0.10752971004707
C           -2.91817097584989       -0.01561676220846       -0.21110031759370
C           -3.20910233349152       -1.36462287551234       -0.12811035786736
C           -2.19366361931007       -2.28738463558256        0.05881927820918
C           -0.89902255100378       -1.82227606522690        0.15707420484282
F            0.10768811505114       -2.71625514027336        0.31093716454837
C           -0.57930791407416       -0.47117655736327        0.08148640492651
C            0.84279710269317       -0.04143957704973        0.18190421118448
C            1.64934190149963        0.04042920544317       -0.96196361155759
O            1.15851814054000       -0.22290769516877       -2.20506759296682
C            2.96791101323253        0.46747039708660       -0.85306989576854
C            3.49995836505421        0.79058585277080        0.38137008790305
C            2.72932835425088        0.69319185991875        1.52566236004832
C            1.41731159080458        0.28344062876807        1.40465901299025
F            0.64956813258447        0.20992611074433        2.51318955398596
H           -0.33723046000820        2.10554098929281       -0.59088475851146
H           -2.06287104632477        2.42762110652017       -0.78572011637021
H           -1.34642049787607        2.34865308118637        0.82377190112770
H           -3.71442326293052        0.69565488044234       -0.36019680805555
H           -4.22940746749866       -1.70142273677712       -0.21236218044541
H           -2.38761308767965       -3.34385660870055        0.12716823043768
H            0.58476104222089       -1.02161569020803       -2.17258986666147
H            3.55478585358484        0.53514934268248       -1.75485502992995
H            4.52693204696931        1.11271342907037        0.45321578220569
H            3.12552212520859        0.92974780451046        2.50152963839257
26
 energy: -46.464568772013 gnorm: 0.021560834298 xtb: 6.6.1 (8d0f1dd)
C           -1.31314764640667        1.91111133744687       -0.18329040597079
C           -1.60909943167818        0.44656208878801       -0.11254382693468
C           -2.91740700576424       -0.01932152746257       -0.20655064195375
C           -3.21193755327637       -1.36766330645560       -0.11686270530426
C           -2.19775323880455       -2.29171874421670        0.06395052038541
C           -0.90048876781763       -1.82681916288084        0.14623476731499
F            0.10409894324238       -2.72568330349639        0.29008505980416
C           -0.57681085922765       -0.47729619715935        0.06720391226553
C            0.84717119999877       -0.04984915773292        0.16798736362453
C            1.66051481711035        0.03645180907800       -0.96909121906324
O            1.18173549382999       -0.23565538965859       -2.21115755872814
C            2.97674007831254        0.47359960621915       -0.84572832833636
C            3.50244407789448        0.79721478167518        0.38919818742000
C            2.72279946108081        0.69964627129274        1.52750900804230
C            1.41270149592975        0.28316547512200        1.39152336796483
F            0.62711948458964        0.21261622576407        2.48878746116197
H           -0.32667272183298        2.08612480404182       -0.61484929601754
H           -2.05599202645789        2.43491897468703       -0.77564260983407
H           -1.30896332239351        2.33831964235538        0.82042629709126
H           -3.71602923566053        0.69167421089540       -0.35116339786886
H           -4.23673937616571       -1.69772674415062       -0.19059646350543
H           -2.38574163727057       -3.34981142163916        0.14138666364105
H            0.53268347727879       -0.96509954868341       -2.14269917452044
H            3.56513380304554        0.53711440430381       -1.74770903254931
H            4.52935552456099        1.12101008446379        0.46136303769776
H            3.09428396588248        0.93711378740292        2.51222901417306
26
 energy: -46.465628643125 gnorm: 0.017205041169 xtb: 6.6.1 (8d0f1dd)
C           -1.29488592593397        1.90321564817573       -0.19182905120943
C           -1.60196408684773        0.44069955685111       -0.11930460907948
C           -2.91132237784951       -0.02091471439959       -0.20117670238125
C           -3.21156003328576       -1.36812654423830       -0.10415072249535
C           -2.19972226740994       -2.29491428833452        0.06757139606125
C           -0.89865551132120       -1.83365552111691        0.13523524056934
F            0.10228804131300       -2.73739626573837        0.27143333094517
C           -0.57083759475212       -0.48607158148243        0.05192955453267
C            0.85011055908527       -0.05883018783936        0.15645143075179
C            1.67047651582685        0.03159636128210       -0.97220320058408
O            1.20281520022937       -0.25662426960231       -2.21400264200941
C            2.98402861490837        0.47501293334872       -0.83876658937482
C            3.49995135713597        0.80291454095257        0.39801391938625
C            2.71013127241256        0.70680781154840        1.53041382574878
C            1.40192652812572        0.28491592214813        1.38205267484936
F            0.60589895773962        0.21515641707635        2.47233832064215
H           -0.31861802311751        2.07282031020293       -0.64923610849252
H           -2.05380515774810        2.43407958781697       -0.76142189378015
H           -1.26708786733611        2.32396230437853        0.81487948203043
H           -3.71110816544235        0.69224215323982       -0.33916071048085
H           -4.24003462240872       -1.69334222029641       -0.16453987606883
H           -2.38855410355812       -3.35338694243475        0.15199486609019
H            0.47254661834213       -0.89984733748751       -2.13176985391084
H            3.57715360139772        0.54046720249628       -1.73771056467010
H            4.52506814821830        1.13147781733269        0.47477543288052
H            3.06575932227632        0.94774030612016        2.51818305004920
26
 energy: -46.466619427612 gnorm: 0.009239862492 xtb: 6.6.1 (8d0f1dd)
C           -1.27511990121749        1.89405621965372       -0.20239570960101
C           -1.59229411033520        0.43299853182435       -0.12547413472872
C           -2.90296834345781       -0.02001956793231       -0.19350765118745
C           -3.20998110983433       -1.36586791006098       -0.09002757241439
C           -2.20163195237968       -2.29755396500958        0.06993324015665
C           -0.89615972128260       -1.84445411200585        0.12553298181984
F            0.09930793454964       -2.75289892471658        0.25691193559981
C           -0.56381724002957       -0.49889577047226        0.03845802831123
C            0.85163293876728       -0.07013859637149        0.14840517747812
C            1.67830463506402        0.02424164936053       -0.97239871100421
O            1.22362645841611       -0.28569947630731       -2.21351860455819
C            2.98804952101764        0.47476812672834       -0.83421520016700
C            3.49112725225605        0.80996109185694        0.40590529715491
C            2.69245174440613        0.71477213693359        1.53316103756901
C            1.38750348348225        0.28594644808389        1.37711499652954
F            0.58712555414237        0.21806801763499        2.46399030175797
H           -0.31599766471638        2.06348249348564       -0.69191653375617
H           -2.05628887184000        2.42844430424125       -0.74285004303086
H           -1.21800697009151        2.30738431927757        0.80662609417316
H           -3.70136347308551        0.69756074185827       -0.32323881055168
H           -4.24052649537020       -1.68741704163585       -0.13569727917540
H           -2.39801465086528       -3.35469288492633        0.15772115484024
H            0.42711318859662       -0.82373845713285       -2.14276271334425
H            3.59056569605683        0.54217589141544       -1.72645739179172
H            4.51362134572729        1.14364204469677        0.49158858199024
H            3.04173975202341        0.96387368952016        2.51911152793036
26
 energy: -46.462820676577 gnorm: 0.070542339317 xtb: 6.6.1 (8d0f1dd)
C           -1.25280238816985        1.88098025344889       -0.21675790064344
C           -1.57897767210652        0.42111336880631       -0.13662044036805
C           -2.89167432791873       -0.02063552049199       -0.18391371540715
C           -3.20476900550567       -1.36526186605569       -0.07350498788691
C           -2.19969143738642       -2.30288295258780        0.06907673663484
C           -0.88939960518357       -1.86075569578306        0.10997058473720
F            0.09911473184964       -2.77384316179618        0.23578315148738
C           -0.55239812435480       -0.51709148821053        0.01664660221192
C            0.85706745773494       -0.08136187543683        0.13302517295415
C            1.70051519090516        0.00425174681768       -0.97598093927726
O            1.27562944941129       -0.34199355980117       -2.21767480187446
C            3.00544318093246        0.46100432244706       -0.82689071552486
C            3.48189699078503        0.81741274595113        0.41950822074988
C            2.66736031342150        0.72959814353400        1.53705612373838
C            1.36830097864075        0.29266987844987        1.36837613714442
F            0.55939883057002        0.22774651441916        2.44878342115943
H           -0.32162714134689        2.05470610519641       -0.75352479905442
H           -2.06263644712017        2.41996896317863       -0.71228944463139
H           -1.14555201308705        2.28272535320116        0.79365913031657
H           -3.68747423505908        0.70217153586348       -0.29967378674536
H           -4.23618506906808       -1.68311450888170       -0.09853089812923
H           -2.40632352584233       -3.35730220821331        0.15889234406145
H            0.28443616008371       -0.67988761944878       -2.13130026844253
H            3.62422809753365        0.53169701873173       -1.70708961281425
H            4.49844743942158        1.16375713569949        0.52163290745917
H            3.00767117085953        0.99432637096212        2.52134177814456
26
 energy: -46.467140198906 gnorm: 0.005282751751 xtb: 6.6.1 (8d0f1dd)
C           -1.26311447529996        1.88541284842365       -0.21207392053479
C           -1.58509804860580        0.42532443000230       -0.13135824999888
C           -2.89850477350786       -0.01942823486890       -0.18484813264685
C           -3.20858001730527       -1.36437248441274       -0.07887279276570
C           -2.20212195904718       -2.30100189717990        0.06834044692733
C           -0.89401669648541       -1.85624283115412        0.11592126615319
F            0.09785267533213       -2.76680034308339        0.24417622401709
C           -0.55936217930682       -0.51111220102016        0.02753566033695
C            0.85330040738154       -0.07667803741784        0.14319475693767
C            1.68662166287010        0.01407570535931       -0.97351178474191
O            1.23873692495754       -0.30384155246270       -2.21336205562200
C            2.99527432455162        0.46557669371943       -0.83119967376276
C            3.48336367751017        0.81309856903679        0.41311922108070
C            2.67674845722523        0.72433492907706        1.53529520868151
C            1.37626788753415        0.28816912819622        1.37552038774294
F            0.57109821045872        0.22350272407080        2.45895215356576
H           -0.32261934412223        2.05642913571985       -0.73382828568896
H           -2.06011956826533        2.42393679064460       -0.72175989763952
H           -1.16715674082306        2.29410811563166        0.79750121574694
H           -3.69323707506435        0.70259889070017       -0.30418510522474
H           -4.23918296675334       -1.68371353242172       -0.11081841435856
H           -2.40739023811638       -3.35576956072671        0.15512797439699
H            0.38488479017051       -0.75374693193347       -2.15307009170874
H            3.60920934815849        0.53245340080815       -1.71499299570865
H            4.50160751329889        1.15636686825482        0.50975287384441
H            3.02553720325400        0.98731837703691        2.51944401097063
26
 energy: -46.467249748088 gnorm: 0.003003748701 xtb: 6.6.1 (8d0f1dd)
C           -1.26572867462906        1.88545914796375       -0.21079656774506
C           -1.58629492839340        0.42515820817938       -0.12988491794082
C           -2.89984686523602       -0.01935334276933       -0.18413322168153
C           -3.20856727406600       -1.36448589477433       -0.08029590390202
C           -2.20167688350990       -2.30096982188990        0.06618647214536
C           -0.89407035252492       -1.85668652036562        0.11629131593985
F            0.09797646916662       -2.76615410707397        0.24513069213975
C           -0.56023005927145       -0.51103150361933        0.02890173126952
C            0.85302612787280       -0.07465733907533        0.14395479994657
C            1.68791635568705        0.01153969377702       -0.97317308289119
O            1.24682357099491       -0.31422591283159       -2.21358497980360
C            2.99649286521080        0.46208508209434       -0.83147312762691
C            3.48263963525377        0.81296874116109        0.41244625526712
C            2.67603165568857        0.72679084662770        1.53456149266990
C            1.37574819522533        0.29057220095287        1.37662184912526
F            0.57200105672233        0.22491532552871        2.46060681080138
H           -0.32905285722375        2.05795453065484       -0.73662588253594
H           -2.06371192512473        2.42497460478852       -0.71537658559197
H           -1.16394169835519        2.29318769925930        0.79601857988825
H           -3.69405849067047        0.70298366961441       -0.30160872507028
H           -4.23813567877916       -1.68518501220153       -0.11271855488530
H           -2.40853111512422       -3.35557644762923        0.14961070124202
H            0.38238899587707       -0.74358505417797       -2.15398702575663
H            3.61270791499480        0.52584446589019       -1.71359437483174
H            4.50067221508014        1.15577426509897        0.51030492274145
H            3.02942074513419        0.99170147481710        2.51661732708659
26
 energy: -46.467390191102 gnorm: 0.005386077624 xtb: 6.6.1 (8d0f1dd)
C           -1.27215132533870        1.88588311606345       -0.20794144009871
C           -1.58938978901409        0.42485379692706       -0.12685103122372
C           -2.90355420085547       -0.02013648658382       -0.18176001491041
C           -3.20856991436932       -1.36604080774832       -0.08469754461834
C           -2.19977478992501       -2.30158319695791        0.05939965471486
C           -0.89324743056471       -1.85731431226214        0.11516697426119
F            0.09970131187109       -2.76361063872351        0.24661397136161
C           -0.56189849663002       -0.51013904298818        0.03051068710222
C            0.85320241710131       -0.07072243820461        0.14568202747979
C            1.69283450946053        0.00045329698115       -0.97074911378188
O            1.26307742065761       -0.34083911510544       -2.21052537672006
C            3.00160280833606        0.44986428789945       -0.83020157862756
C            3.48289968565459        0.81164333891151        0.41235427264469
C            2.67442187575631        0.73466293545632        1.53378527197946
C            1.37431364671144        0.29813814660253        1.37880430644606
F            0.57072946458601        0.23523951471434        2.46258606822572
H           -0.34867537591021        2.05912972052574       -0.75776167137897
H           -2.08108064811672        2.42990995601734       -0.68936610308658
H           -1.13904451180265        2.28902300240276        0.79750353912035
H           -3.69706418294139        0.70237568027693       -0.29623989658119
H           -4.23606616679597       -1.69069761903671       -0.12015069052038
H           -2.40956446376796       -3.35618410746144        0.13515771383970
H            0.36697223385861       -0.70945687369431       -2.15730167627940
H            3.62320872456633        0.50390366067367       -1.70869292894575
H            4.50026774392735        1.15492220206346        0.51298210918636
H            3.03684845354507        1.00672098325070        2.51169247041097
26
 energy: -46.467442544882 gnorm: 0.003176795404 xtb: 6.6.1 (8d0f1dd)
C           -1.27414188293269        1.88665220036140       -0.20497680955757
C           -1.59052576232039        0.42538148062163       -0.12532293984011
C           -2.90432020102025       -0.02127892552161       -0.18285908875436
C           -3.20785761751443       -1.36763370208137       -0.08849771306021
C           -2.19792034561544       -2.30210842452224        0.05581950346604
C           -0.89200839999408       -1.85627599442871        0.11422487316651
F            0.10200663949524       -2.76124084978054        0.24627964250409
C           -0.56231174727452       -0.50835425082863        0.03183995943452
C            0.85319116392915       -0.06899088354739        0.14693754208867
C            1.69346432943761       -0.00413087997285       -0.96896658102795
O            1.26273422075784       -0.34876947546803       -2.20692295180462
C            3.00342376929867        0.44288191780817       -0.82913392638085
C            3.48473908700203        0.80856739143824        0.41215577400380
C            2.67499065706952        0.73794254542771        1.53341358991492
C            1.37429865945143        0.30299748403785        1.37916338617983
F            0.56913363719481        0.24532018269481        2.46223258060677
H           -0.35671931614338        2.06216336802848       -0.76445060649969
H           -2.08824182233029        2.43190107383277       -0.67564731519515
H           -1.13046266066842        2.28686795180683        0.79911148102130
H           -3.69857198480878        0.70074990532221       -0.29607045510560
H           -4.23516329910282       -1.69386146635007       -0.12583648096699
H           -2.40700352044951       -3.35708136083624        0.12951991736245
H            0.36081627490436       -0.69774703447184       -2.15717024134564
H            3.62577455579797        0.49134033298767       -1.70748399513471
H            4.50234005755115        1.15153948062597        0.51220555481936
H            3.03833450828527        1.01316693281582        2.51043530010521
26
 energy: -46.467525717906 gnorm: 0.002414969216 xtb: 6.6.1 (8d0f1dd)
C           -1.28036427890048        1.88989856157983       -0.19593545511503
C           -1.59399693768952        0.42782392803297       -0.12159094297517
C           -2.90587606468956       -0.02458130513356       -0.18618781308993
C           -3.20485292178100       -1.37242692512291       -0.09877129750117
C           -2.19161153047796       -2.30338030330552        0.04667389443859
C           -0.88772149320273       -1.85183124223032        0.11140283574681
F            0.10962288469091       -2.75328874527681        0.24485321381298
C           -0.56312441667037       -0.50205555888825        0.03489109600689
C            0.85224593537503       -0.06289188256157        0.14986996422089
C            1.69358429090722       -0.01332041687078       -0.96489572431287
O            1.25909129907580       -0.36571312429285       -2.19868813265433
C            3.00750072916113        0.42438115915275       -0.82637819953442
C            3.49018346074023        0.79847310980633        0.41152124854656
C            2.67710125180260        0.74560976536577        1.53220762231992
C            1.37399909931044        0.31783961091233        1.37912832305092
F            0.56473215999779        0.27564944483459        2.46049419236779
H           -0.37799612852783        2.07046698070550       -0.77936865727871
H           -2.10797799274039        2.43900264101174       -0.63930431418657
H           -1.10839179808816        2.28089008829803        0.80786120262995
H           -3.70286886425164        0.69471671455631       -0.30004608098307
H           -4.23125778324925       -1.70264479624874       -0.14352456996574
H           -2.39607991003907       -3.35965438832274        0.11629109113999
H            0.34446815781376       -0.67531782752845       -2.15175538474761
H            3.63041766127142        0.45856526485188       -1.70541784813436
H            4.50981450155501        1.13637437872149        0.50887039060391
H            3.03935768860663        1.02741386795304        2.50779934559381
26
 energy: -46.467578294279 gnorm: 0.002825388589 xtb: 6.6.1 (8d0f1dd)
C           -1.28842722954843        1.89450870766736       -0.18400422716587
C           -1.59815222047537        0.43126895695714       -0.11758967712731
C           -2.90716417485038       -0.02791716218471       -0.19144341914954
C           -3.20067351629140       -1.37759592434392       -0.11118034189391
C           -2.18401445153626       -2.30429495980913        0.03712140190599
C           -0.88265383970655       -1.84590760523380        0.10914757739256
F            0.11848543831790       -2.74352366558845        0.24405326148548
C           -0.56389587073336       -0.49436000172670        0.03892300647148
C            0.85052828852401       -0.05518683047103        0.15328794873203
C            1.69247868909947       -0.02136681118033       -0.96103481683620
O            1.25262958888270       -0.37892822126600       -2.19151514773709
C            3.01082293031151        0.40479965140596       -0.82453987526539
C            3.49628560154968        0.78607264007923        0.40988214652227
C            2.68066349524387        0.75253016433855        1.53003125109816
C            1.37412756353069        0.33465601672655        1.37875204643988
F            0.56215319354862        0.31024427302141        2.45930550563163
H           -0.39908289729100        2.08187432885090       -0.78439841801568
H           -2.12571965917574        2.44613964494539       -0.60502455830177
H           -1.09658496416394        2.27569073007045        0.81901482966534
H           -3.70772181873578        0.68758052958476       -0.30723268492901
H           -4.22579186736371       -1.71192335725308       -0.16382687808739
H           -2.38210624557896       -3.36206967954546        0.10298409709315
H            0.33045802068908       -0.66251871412450       -2.14409816612734
H            3.63328793193779        0.42500927378079       -1.70471865341721
H            4.51938507367303        1.11464972528591        0.50383868135007
H            3.04068194014256        1.04056729001275        2.50426511026569
26
 energy: -46.467613177099 gnorm: 0.003000415773 xtb: 6.6.1 (8d0f1dd)
C           -1.29766568734011        1.89924590453680       -0.17231505610673
C           -1.60287304134942        0.43468633331303       -0.11384076344962
C           -2.90905019256289       -0.03050731895629       -0.19577885716880
C           -3.19680099440021       -1.38205887156142       -0.12265172441876
C           -2.17696393603459       -2.30470483056807        0.02799370273433
C           -0.87808051600292       -1.84023090734733        0.10683697301869
F            0.12649091248119       -2.73400363973447        0.24344222833994
C           -0.56491658583854       -0.48715663587167        0.04231577199308
C            0.84844689838261       -0.04694190476176        0.15622286492171
C            1.69142433685645       -0.02762321128774       -0.95802025011851
O            1.24850885401737       -0.38986854215488       -2.18658262710088
C            3.01351760787585        0.38728983435954       -0.82361852394938
C            3.50144955691187        0.77409306987077        0.40812209768491
C            2.68409702232933        0.75867599222160        1.52731202334864
C            1.37405072777754        0.35071731830288        1.37814970432581
F            0.56132084743391        0.34262285744400        2.45866258862331
H           -0.41942010304289        2.09292341821991       -0.78713642078806
H           -2.14332589967219        2.45331312872654       -0.57356753393556
H           -1.08786173955885        2.27137233935709        0.83139637329518
H           -3.71283769121391        0.68107364436131       -0.31397373387641
H           -4.22009972825261       -1.72037288148900       -0.18271513861088
H           -2.36920039627063       -3.36372658284117        0.08994246439286
H            0.32225788530426       -0.65809273499455       -2.13607844041979
H            3.63625645594042        0.39477612434881       -1.70390489833199
H            4.52822127341886        1.09204473088715        0.49988640360474
H            3.04305313281007        1.05245236561897        2.49990077199215
26
 energy: -46.467642837787 gnorm: 0.002976946575 xtb: 6.6.1 (8d0f1dd)
C           -1.30723697564208        1.90393942738958       -0.16065674863437
C           -1.60737460452029        0.43802024317642       -0.11032331803386
C           -2.91076766013013       -0.03238645499691       -0.20011890726469
C           -3.19315893110259       -1.38564770006211       -0.13329087677064
C           -2.17058976551158       -2.30451847551046        0.01966195484193
C           -0.87396806751333       -1.83477210695480        0.10481947479539
F            0.13360075889875       -2.72506763502756        0.24275628152177
C           -0.56578885212438       -0.48048635228769        0.04560144815975
C            0.84665726323521       -0.03910039021604        0.15891489892927
C            1.69043846005053       -0.03245546331612       -0.95547125712130
O            1.24361332048806       -0.39557918520360       -2.18289650950577
C            3.01551522927759        0.37218130236817       -0.82363228114186
C            3.50630571066146        0.76265847480680        0.40606533063384
C            2.68817052494030        0.76352573541758        1.52405158708855
C            1.37462540367697        0.36495658031562        1.37733031778451
F            0.56276175318921        0.37203054527723        2.45840763662376
H           -0.43611333787545        2.10499203065111       -0.78118567440576
H           -2.15680263307141        2.45797361938552       -0.55005646019389
H           -1.09045223967842        2.26916620892353        0.84261338193587
H           -3.71751965393187        0.67549139723739       -0.32015068477561
H           -4.21457363986800       -1.72757763783593       -0.19972917785014
H           -2.35770103159347       -3.36454075692574        0.07798211275164
H            0.31804278697932       -0.66380861267051       -2.12855230938883
H            3.63855415147528        0.36897454603309       -1.70343815872264
H            4.53658222419571        1.06985671115484        0.49642802304356
H            3.04717880549456        1.06217294887066        2.49486991569951
26
 energy: -46.467664369071 gnorm: 0.001882995331 xtb: 6.6.1 (8d0f1dd)
C           -1.31737166958367        1.90822864897960       -0.14931488995475
C           -1.61210262639165        0.44098706930999       -0.10677017574329
C           -2.91317314526123       -0.03385578654227       -0.20272593574722
C           -3.19012007874956       -1.38879069615951       -0.14331900405312
C           -2.16472333541581       -2.30418523190507        0.01005865421375
C           -0.87020756318085       -1.82997920737216        0.10135530830930
F            0.14013229410446       -2.71677350087001        0.23992022549198
C           -0.56687417880384       -0.47438637453883        0.04755928841242
C            0.84516676551624       -0.03109406381325        0.16078461091522
C            1.69088659019024       -0.03812162950994       -0.95320700191349
O            1.24320353686285       -0.40508086523240       -2.17953970053411
C            3.01848980510589        0.35681847231027       -0.82347073033550
C            3.51061897078273        0.75212416974194        0.40460459093825
C            2.69092246680006        0.77004900488087        1.52065973515894
C            1.37430649967446        0.37975472970104        1.37617336064102
F            0.56306401974760        0.40191264605349        2.45731602325709
H           -0.45540372360233        2.11664532831159       -0.78175839368974
H           -2.17501152078373        2.46386104385964       -0.52096055105052
H           -1.08590107299338        2.26558679038230        0.85509436004798
H           -3.72246912977267        0.67086646316517       -0.32260925795985
H           -4.20953103327885       -1.73461334036460       -0.21538626902822
H           -2.34800688453040       -3.36503157214515        0.06344899884033
H            0.31495909192995       -0.67053178943251       -2.12078896689839
H            3.64372760475715        0.34140355063486       -1.70137770596159
H            4.54370230027459        1.04965226556751        0.49509312160999
H            3.05171501660168        1.07455287498746        2.48916030503349
26
 energy: -46.467681462485 gnorm: 0.003133616127 xtb: 6.6.1 (8d0f1dd)
C           -1.32387193291090        1.91115790981895       -0.13992295528386
C           -1.61470910850347        0.44321961544384       -0.10374790989787
C           -2.91467571456142       -0.03335637686378       -0.20238885972610
C           -3.18907977773849       -1.38902538026191       -0.14832338232233
C           -2.16226110927603       -2.30295841103468        0.00285874294282
C           -0.86868289040035       -1.82699794744136        0.09690197321249
F            0.14300897938369       -2.71260366920283        0.23301270610288
C           -0.56758172870244       -0.47081325380890        0.04752577394414
C            0.84461167115037       -0.02655556129302        0.16059820493612
C            1.69100253840591       -0.03963454202472       -0.95299097004987
O            1.24229846969773       -0.40772412481662       -2.17874440599927
C            3.01943747575582        0.35044080664074       -0.82434883336259
C            3.51259168886748        0.74754062602797        0.40323305696040
C            2.69221449623524        0.77478632833036        1.51739234329962
C            1.37410262939392        0.38833222607938        1.37406106013866
F            0.56362789949970        0.41955277835843        2.45484476923248
H           -0.46360162981560        2.12504711696364       -0.77197120722234
H           -2.18309465050072        2.46555552457919       -0.50745808984380
H           -1.09170797053201        2.26505608922629        0.86566518272866
H           -3.72505259991795        0.67008163590548       -0.32064909925210
H           -4.20745244787993       -1.73660034018271       -0.22338458637875
H           -2.34401421629173       -3.36415250189149        0.05232488849444
H            0.32467482890799       -0.70009803354984       -2.11339821792368
H            3.64654203276431        0.32783776311213       -1.70021450123563
H            4.54687957188393        1.03951013134976        0.49471067560271
H            3.05479249508484        1.08240059053574        2.48441364090274
26
 energy: -46.467695674801 gnorm: 0.001928298054 xtb: 6.6.1 (8d0f1dd)
C           -1.32418599713390        1.91145517167544       -0.13656668787602
C           -1.61454158414295        0.44353275187727       -0.10200327042535
C           -2.91487620477642       -0.03274547094850       -0.20038224959534
C           -3.18945393388692       -1.38835522920325       -0.14859332749454
C           -2.16239287491350       -2.30266471580788       -0.00033894740842
C           -0.86867413691577       -1.82712619972246        0.09369661888292
F            0.14312757565642       -2.71304914344843        0.22705783407991
C           -0.56755282604845       -0.47067823845479        0.04674477028706
C            0.84512568095944       -0.02660661037287        0.15975039385244
C            1.69247525745516       -0.04249555372233       -0.95306922977273
O            1.24469076143191       -0.41307650961872       -2.17805700335172
C            3.02066295047653        0.34858582730818       -0.82418299673817
C            3.51255306756101        0.74863293142708        0.40303445685274
C            2.69095460629927        0.77813244732355        1.51653835875134
C            1.37315469981075        0.39092522955430        1.37308075236964
F            0.56131553736396        0.42409506842104        2.45273923210950
H           -0.46481088524286        2.12686077920171       -0.76903857823571
H           -2.18379733078563        2.46544747755093       -0.50281021265921
H           -1.09183221315208        2.26457181647537        0.86804963162331
H           -3.72507405323024        0.67136823168689       -0.31586554097663
H           -4.20797945872035       -1.73605749086926       -0.22324184744456
H           -2.34492881001716       -3.36391857594889        0.04691408754947
H            0.32647044913436       -0.70988897213847       -2.11245197076642
H            3.64893089223697        0.32388731585856       -1.69915126017889
H            4.54640307110169        1.04146957131655        0.49519796352986
H            3.05423475947864        1.08769709057899        2.48294902303550
26
 energy: -46.467733733447 gnorm: 0.003908172253 xtb: 6.6.1 (8d0f1dd)
C           -1.32195670801294        1.91183269207508       -0.12579127109993
C           -1.61306911304077        0.44430212151983       -0.09554339846777
C           -2.91541570508673       -0.03005028324287       -0.19014859499620
C           -3.19177712453692       -1.38519416653272       -0.14676991000365
C           -2.16430122119951       -2.30202225856833       -0.01166652213739
C           -0.86959734402954       -1.82880551400154        0.07973801384044
F            0.14230377839247       -2.71689528564028        0.20103080117827
C           -0.56740178489736       -0.47158703370462        0.04207091575828
C            0.84652800041961       -0.02877998145899        0.15540373968575
C            1.69792694146097       -0.05383676341327       -0.95385524511168
O            1.25623049058719       -0.43784999490690       -2.17594227123382
C            3.02490412074201        0.34372844717191       -0.82238223171776
C            3.51030384647399        0.75637762390772        0.40308227244809
C            2.68341575026457        0.79133118734227        1.51433305526467
C            1.36762080084954        0.39974782082867        1.36879310259630
F            0.54849005840389        0.43777309584506        2.44320470658897
H           -0.46836668558171        2.12910198729880       -0.76753730232019
H           -2.18626027872459        2.46836357418640       -0.48118275714667
H           -1.07812792411567        2.26047974743724        0.87756824898735
H           -3.72459633797263        0.67723564447775       -0.29511570289093
H           -4.21149809839762       -1.73204191544111       -0.21796766582579
H           -2.34969304623507       -3.36346974473054        0.02790338607702
H            0.33881870850322       -0.74544363294143       -2.11103647579316
H            3.65713484206214        0.31284138079801       -1.69474201832769
H            4.54241566140955        1.05445468228583        0.49725487491798
H            3.04596737226178        1.10840556940806        2.47929824972948
26
 energy: -46.467767954651 gnorm: 0.004338685966 xtb: 6.6.1 (8d0f1dd)
C           -1.31925649993313        1.91218547740586       -0.11627246740148
C           -1.61218271391135        0.44491631955250       -0.08992666626483
C           -2.91570199554797       -0.02773566155047       -0.18165554497573
C           -3.19345562721504       -1.38257936757934       -0.14507509750962
C           -2.16612596662606       -2.30155165027194       -0.02067036205563
C           -0.87071482836116       -1.83021596298970        0.06800560521703
F            0.14112898667551       -2.72018447687033        0.17932208162005
C           -0.56731724448485       -0.47278995829833        0.03827748618035
C            0.84685303822162       -0.03104091428808        0.15187881022492
C            1.70170903941548       -0.06353797906945       -0.95413290530330
O            1.26654152489663       -0.46016452122580       -2.17426860450784
C            3.02740562113298        0.33960461310262       -0.82059565655388
C            3.50735906576639        0.76299886609349        0.40288927809108
C            2.67701888686386        0.80197115959017        1.51210016724988
C            1.36293359132015        0.40690877517847        1.36457973568515
F            0.53866750995718        0.44941878008767        2.43517389373804
H           -0.47076491906408        2.12956832693304       -0.76484190338006
H           -2.18524771877680        2.47123605904613       -0.46337829506679
H           -1.06544361165658        2.25707460769813        0.88595522145732
H           -3.72420143400583        0.68153159304823       -0.27926317871501
H           -4.21391880749435       -1.72808476153163       -0.21343573644529
H           -2.35280570714557       -3.36305846084300        0.01289693852402
H            0.35069933065486       -0.77274747252500       -2.11029277019757
H            3.66210894346349        0.30458818477045       -1.69121610327636
H            4.53821757269695        1.06555308733997        0.49795362216504
H            3.03649296315749        1.12613433719638        2.47599245150050
26
 energy: -46.467790280780 gnorm: 0.001826990781 xtb: 6.6.1 (8d0f1dd)
C           -1.31825311173716        1.91205733824804       -0.11416416097543
C           -1.61225772160900        0.44478888732260       -0.08942784786312
C           -2.91551080010106       -0.02722721666632       -0.18044308285680
C           -3.19348316374984       -1.38210181518159       -0.14481886882102
C           -2.16678940409602       -2.30142618064749       -0.02186749285869
C           -0.87133597085058       -1.83049095813237        0.06628007624433
F            0.14014265590204       -2.72082569201939        0.17624740680131
C           -0.56724695563103       -0.47360304070459        0.03744515861792
C            0.84618239839508       -0.03179830661346        0.15129387314730
C            1.70222575032421       -0.06571544610066       -0.95354048370782
O            1.26946310369875       -0.46528173168773       -2.17362351753608
C            3.02730505148634        0.33826700173475       -0.81995637888994
C            3.50614879495934        0.76395858412925        0.40270713179948
C            2.67570441511730        0.80411152126101        1.51091998069521
C            1.36194751217706        0.40821966390547        1.36295049474706
F            0.53819359752064        0.45190843189967        2.43365289451459
H           -0.47118801679566        2.12974052218260       -0.76334833974572
H           -2.18351469090497        2.47257196437218       -0.45839372535271
H           -1.06295990285129        2.25509799819311        0.88821487049685
H           -3.72406160479535        0.68177708352183       -0.27768784023265
H           -4.21378729564204       -1.72682125164668       -0.21286330314202
H           -2.35296875128365       -3.36277642113243        0.01095032262943
H            0.35476467142106       -0.77565535572515       -2.11194819656013
H            3.66206405766008        0.30331586731147       -1.69033948221998
H            4.53680685870241        1.06750473572058        0.49744409938477
H            3.03240752268312        1.13040281645533        2.47431641168382
26
 energy: -46.467812438211 gnorm: 0.002784339071 xtb: 6.6.1 (8d0f1dd)
C           -1.31495366147324        1.91145280810441       -0.10704361178602
C           -1.61231138846289        0.44442129259672       -0.08714649811890
C           -2.91531947061691       -0.02555670547665       -0.17699240872452
C           -3.19462315656638       -1.38068860418121       -0.14448487535339
C           -2.16946950856860       -2.30135499388587       -0.02641562887361
C           -0.87327044197149       -1.83173643167200        0.05996881293358
F            0.13713744482804       -2.72360719965462        0.16547230503604
C           -0.56715820579138       -0.47603729529259        0.03482096977716
C            0.84492380653303       -0.03439183489308        0.14912253623461
C            1.70479320166592       -0.07275541072872       -0.95260644000751
O            1.27870531347700       -0.48096946965126       -2.17251321599592
C            3.02819397514762        0.33498778627767       -0.81867018588961
C            3.50364159215041        0.76852669864037        0.40226476965877
C            2.67156510945676        0.81236583249060        1.50787706058997
C            1.35873801456270        0.41294924483929        1.35834224362811
F            0.53515472364329        0.46096822665955        2.42873659474810
H           -0.47151964826134        2.12976178387538       -0.75928018787386
H           -2.18001264502886        2.47578980444161       -0.44282509491554
H           -1.05385537167392        2.24844246114368        0.89592869158477
H           -3.72406506473191        0.68334425705302       -0.27096346003223
H           -4.21529614403495       -1.72304442200319       -0.21070584320283
H           -2.35476740697785       -3.36257279987972        0.00430785378666
H            0.36523972079614       -0.78685386459234       -2.11689817320592
H            3.66395309834627        0.29761188225961       -1.68792931366939
H            4.53374609107980        1.07467493641566        0.49657420196324
H            3.02082902247256        1.14427101711368        2.47105889770821
26
 energy: -46.467823624989 gnorm: 0.002421584418 xtb: 6.6.1 (8d0f1dd)
C           -1.31371489392244        1.91106798559519       -0.10373909523522
C           -1.61207888281717        0.44420963215125       -0.08582410200656
C           -2.91532409176291       -0.02494609360917       -0.17536485168603
C           -3.19540732702824       -1.38010866050127       -0.14450714518371
C           -2.17064542408677       -2.30141241620757       -0.02877689069478
C           -0.87396471246785       -1.83249263433294        0.05702806596101
F            0.13598953818880       -2.72524903110430        0.16042305866188
C           -0.56713471646608       -0.47697722264254        0.03377982214320
C            0.84495838192004       -0.03544615400850        0.14816688209047
C            1.70622040154662       -0.07582007854710       -0.95252808132509
O            1.28209124683324       -0.48715684953989       -2.17208989370500
C            3.02914203039420        0.33352762752973       -0.81825803853907
C            3.50320478414680        0.77057600782448        0.40213368543010
C            2.66986501368036        0.81624273764236        1.50678356639831
C            1.35743940865334        0.41529546488526        1.35674652513774
F            0.53305252593847        0.46535666642209        2.42655214832986
H           -0.47169233982084        2.12987165620185       -0.75785971109722
H           -2.17939080622249        2.47666073338126       -0.43627854726902
H           -1.04965992149334        2.24595403877565        0.89918797543054
H           -3.72396916586084        0.68434953999097       -0.26767764355219
H           -4.21648699061575       -1.72165162866493       -0.21033517191071
H           -2.35615555345528       -3.36268554824212        0.00076695782566
H            0.36804274129165       -0.79261021680710       -2.11778741543708
H            3.66560167608658        0.29455155770304       -1.68695210699872
H            4.53283961813982        1.07830222665207        0.49641755622768
H            3.01717645919988        1.15058965945224        2.46999245100394
26
 energy: -46.467848968646 gnorm: 0.001009680896 xtb: 6.6.1 (8d0f1dd)
C           -1.31099673455886        1.91005192447827       -0.09624317160380
C           -1.61121514088417        0.44367170836068       -0.08217501402294
C           -2.91524163847978       -0.02361503747901       -0.17132245238590
C           -3.19716304324884       -1.37867367149587       -0.14486972743274
C           -2.17311748174231       -2.30149986999428       -0.03481168486703
C           -0.87536306030652       -1.83441482660609        0.04989963544307
F            0.13350645576110       -2.72939591097922        0.14794347511100
C           -0.56701722300997       -0.47908345272859        0.03168837734697
C            0.84545325889727       -0.03781774721497        0.14621654244957
C            1.70947663385978       -0.08288910762730       -0.95234100932480
O            1.28898659398813       -0.50088933946298       -2.17073389831680
C            3.03137924789518        0.33022517014671       -0.81724725859876
C            3.50220520338249        0.77548694869194        0.40179067064697
C            2.66584519826554        0.82533789755626        1.50437691857220
C            1.35448082198674        0.42093808721242        1.35353566919040
F            0.52756858093011        0.47564717546571        2.42155775905575
H           -0.47274603885826        2.13007525439578       -0.75565916858031
H           -2.17853733743459        2.47808643151808       -0.42123805993967
H           -1.03933021351863        2.24093463430340        0.90597790778387
H           -3.72337365043872        0.68701821111271       -0.25935090210788
H           -4.21919376813220       -1.71854994583775       -0.20979471042206
H           -2.35973739375179       -3.36287044403380       -0.00842987467030
H            0.37355385679061       -0.80696053041629       -2.11784573521145
H            3.66971381859171        0.28729079271320       -1.68451714581704
H            4.53074516115347        1.08656165492646        0.49632301189869
H            3.01011689286228        1.16533299299454        2.46726984580299
26
 energy: -46.467887683483 gnorm: 0.002944190489 xtb: 6.6.1 (8d0f1dd)
C           -1.30511885452962        1.90809237265092       -0.07840279608575
C           -1.60916395999152        0.44268112535055       -0.07352397291992
C           -2.91496414459084       -0.02039955766516       -0.16125994617325
C           -3.20074143736158       -1.37507895362399       -0.14573638507312
C           -2.17819793699665       -2.30137383382781       -0.04985948631714
C           -0.87832508873816       -1.83849977220900        0.03269761882455
F            0.12823617983831       -2.73831175326202        0.11727030097772
C           -0.56664805243892       -0.48359965134400        0.02682776210082
C            0.84643714903390       -0.04289434699487        0.14187687939309
C            1.71666622490659       -0.09956727786466       -0.95162045001719
O            1.30464405965752       -0.53426895044739       -2.16678840468259
C            3.03626744222208        0.32170294219230       -0.81466977249763
C            3.49925957819536        0.78625873589064        0.40081669770194
C            2.65615028605720        0.84672435153758        1.49850894996652
C            1.34738322963935        0.43458312991713        1.34606214273841
F            0.51443694229796        0.50029808575032        2.40955443764371
H           -0.47661433238768        2.13134246172184       -0.75055218366935
H           -2.17695573191310        2.48153150763332       -0.38487608443023
H           -1.01530270741581        2.22979688851070        0.92187988761531
H           -3.72173939887104        0.69338708475766       -0.23880783431183
H           -4.22454509853119       -1.71143657524196       -0.20877492619774
H           -2.36748415956678       -3.36282057181449       -0.03218606153152
H            0.38785619137188       -0.84355697260678       -2.11571921631856
H            3.67917934815162        0.26950321383059       -1.67836651723676
H            4.52529811346203        1.10499080028875        0.49605523185248
H            2.99398515849887        1.20091451686981        2.45959412864804
26
 energy: -46.467907212832 gnorm: 0.003029519891 xtb: 6.6.1 (8d0f1dd)
C           -1.30325917480696        1.90775127436893       -0.07006865648450
C           -1.60850849657611        0.44262889090678       -0.06947929058446
C           -2.91488892686520       -0.01893115945923       -0.15645248190111
C           -3.20186349216878       -1.37339154049165       -0.14639942319469
C           -2.17983548081071       -2.30093503897857       -0.05737325866939
C           -0.87938419316639       -1.83957587408256        0.02457465700388
F            0.12647573701650       -2.74094839365605        0.10274177015986
C           -0.56648955701010       -0.48493283537020        0.02471221135573
C            0.84661684412534       -0.04453982172107        0.14003955338195
C            1.71969083539811       -0.10728718279708       -0.95090484667337
O            1.31166951757007       -0.55043228168933       -2.16427928762837
C            3.03828864984811        0.31714861534609       -0.81336191758300
C            3.49757405475211        0.79052357893346        0.40005516257647
C            2.65177255897097        0.85632860400537        1.49544342364002
C            1.34416301629162        0.44109150912074        1.34247072962913
F            0.50873004611967        0.51170303822496        2.40380403248649
H           -0.47932138119121        2.13300584583726       -0.74720944060670
H           -2.17666870590481        2.48313617520046       -0.36818845049203
H           -1.00617477811128        2.22535725114995        0.92926395968221
H           -3.72113651695518        0.69598946025782       -0.22888814684417
H           -4.22611603261548       -1.70858807664159       -0.20838468109832
H           -2.37007200464489       -3.36229987670378       -0.04430844476036
H            0.39565018175752       -0.86223912536440       -2.11335413807779
H            3.68340438330142        0.26041616863245       -1.67515168433257
H            4.52272010749169        1.11190248451657        0.49567327567340
H            2.98696180818369        1.21711731045464        2.45502537334173
26
 energy: -46.467941339271 gnorm: 0.002129557734 xtb: 6.6.1 (8d0f1dd)
C           -1.30216443142405        1.90819778842273       -0.05735313215172
C           -1.60801170219647        0.44323076587081       -0.06322648504412
C           -2.91500467407346       -0.01678104769318       -0.14866190385660
C           -3.20291431784797       -1.37090275994306       -0.14744345534939
C           -2.18119797326679       -2.29979976246011       -0.06949612340246
C           -0.88037253589965       -1.84002269292445        0.01176885714818
F            0.12508528909508       -2.74281981711639        0.07970930172905
C           -0.56628451994740       -0.48567680063606        0.02149683452476
C            0.84668385924388       -0.04589886311001        0.13735522107035
C            1.72407881112664       -0.11915895974229       -0.94943952379711
O            1.32202321947269       -0.57561368020533       -2.15970602889111
C            3.04142931866157        0.30889855952078       -0.81116104544271
C            3.49510007034370        0.79552012140779        0.39872256139892
C            2.64553052512484        0.87033939083863        1.49054885620731
C            1.33944745667248        0.45150457615200        1.33694178089826
F            0.50038038933928        0.52969172954621        2.39479645770350
H           -0.48505980653201        2.13710610076884       -0.74110833639585
H           -2.17781629665424        2.48553332956392       -0.34346134817646
H           -0.99555160437451        2.22001253721813        0.94059707652340
H           -3.72068226703652        0.69942186420967       -0.21299839004991
H           -4.22739330540234       -1.70512070745948       -0.20788605786761
H           -2.37245144266963       -3.36096829095937       -0.06433286358041
H            0.40854683267622       -0.89265039762649       -2.10804073581221
H            3.69003428453699        0.24480955977846       -1.66975975592750
H            4.51920341369678        1.11992999956801        0.49502082714446
H            2.97736040733461        1.24121645701025        2.44711741139701
26
 energy: -46.467982590931 gnorm: 0.000878339999 xtb: 6.6.1 (8d0f1dd)
C           -1.30282315724862        1.91006276689012       -0.03731983168429
C           -1.60805973816651        0.44495200389915       -0.05339305925765
C           -2.91562619578859       -0.01374092193882       -0.13656135859551
C           -3.20398146316227       -1.36748199910864       -0.14952438025856
C           -2.18213322348561       -2.29771287568897       -0.08882571356523
C           -0.88118800718781       -1.83934022681917       -0.00825522379318
F            0.12449614612622       -2.74331489318515        0.04373235665769
C           -0.56612021002215       -0.48525088819614        0.01663178151488
C            0.84664359715231       -0.04671312816385        0.13324739743985
C            1.73078783481956       -0.13784685491681       -0.94687743412211
O            1.33767576765986       -0.61475363312631       -2.15212247553455
C            3.04669633030390        0.29431086534592       -0.80763296798091
C            3.49214513720289        0.80136575880644        0.39652448212156
C            2.63694104542321        0.89136069188187        1.48278632929079
C            1.33268095266098        0.46846792392625        1.32830469640035
F            0.48827054528943        0.55932685824611        2.38080521159245
H           -0.49537058672726        2.14534176717468       -0.72977178305724
H           -2.18203552905725        2.48931838043872       -0.30644149954023
H           -0.98381789266856        2.21339984427538        0.95908179985010
H           -3.72094716984990        0.70377243851845       -0.18829616166671
H           -4.22849629494183       -1.70102565864873       -0.20780082480972
H           -2.37417149258740       -3.35862658662103       -0.09639995235637
H            0.42867784666516       -0.94053592378732       -2.09902454758059
H            3.70066994882827        0.21779567201355       -1.66114513295276
H            4.51509990714307        1.12914420290472        0.49383324678174
H            2.96398490161862        1.27772341587954        2.43444504510626
26
 energy: -46.468011690895 gnorm: 0.001482656937 xtb: 6.6.1 (8d0f1dd)
C           -1.30731074926451        1.91392491305063       -0.00943486247307
C           -1.60940111576997        0.44820367694419       -0.03979750606145
C           -2.91715275384217       -0.01043392060797       -0.12077596864857
C           -3.20489620007555       -1.36376614635523       -0.15331298802009
C           -2.18203464512385       -2.29434746065896       -0.11544499135708
C           -0.88145378396502       -1.83621542345904       -0.03520531651662
F            0.12557357440972       -2.74046431675271       -0.00443202838667
C           -0.56621872013308       -0.48232053050656        0.01049838708242
C            0.84649818091420       -0.04589967082937        0.12774508178760
C            1.73982771590927       -0.16300269135558       -0.94280706001143
O            1.35828187971697       -0.66673594850783       -2.14081963283526
C            3.05464431667561        0.27223566177297       -0.80256102886600
C            3.49026849079230        0.80625011062649        0.39321860370521
C            2.62745973747285        0.91873904214521        1.47150307652408
C            1.32473576705481        0.49263484331804        1.31611792705392
F            0.47381057558178        0.60222679739874        2.36168023960158
H           -0.51058014633010        2.15925537063893       -0.71020184394494
H           -2.19126629672181        2.49377043210232       -0.25937121167260
H           -0.97641257136404        2.20706811551816        0.98574479205567
H           -3.72287988357461        0.70760718740361       -0.15573025246331
H           -4.22922049604086       -1.69748421524895       -0.20947318258531
H           -2.37381164157052       -3.35499500430062       -0.14048252799137
H            0.45518601115991       -1.00507613919230       -2.08577126220132
H            3.71566099432239        0.17679407309374       -1.64888430507970
H            4.51234895442579        1.13657414134908        0.49150704475118
H            2.94834180534014        1.32545610241295        2.41649081655321
26
 energy: -46.468023557529 gnorm: 0.001090124392 xtb: 6.6.1 (8d0f1dd)
C           -1.31189902931410        1.91577097406959       -0.00380510986039
C           -1.61082485915645        0.44956117040392       -0.03734521261485
C           -2.91800547360318       -0.01076481406565       -0.11915708824547
C           -3.20457029336550       -1.36401594105829       -0.15541341284901
C           -2.18080180407731       -2.29307423083467       -0.12032972801742
C           -0.88082169576588       -1.83334948634433       -0.03909661068606
F            0.12719094535533       -2.73645066461560       -0.01095295209950
C           -0.56652883406199       -0.47951159844580        0.01014427724982
C            0.84643373124058       -0.04393967269463        0.12706468126833
C            1.74111487656687       -0.16697381057930       -0.94124917700225
O            1.36084638049989       -0.67413973567155       -2.13739148388910
C            3.05664475441946        0.26630807513997       -0.80134616185858
C            3.49230252741825        0.80426566600188        0.39200559641880
C            2.62846947203794        0.92227249464879        1.46836813528450
C            1.32510379124538        0.49768673402689        1.31343055273021
F            0.47442213939176        0.61152838709922        2.35847986969070
H           -0.51360299676540        2.16425214965531       -0.70123383952383
H           -2.19627639153390        2.49345153058808       -0.25574524534097
H           -0.98538829298721        2.20863153982356        0.99248944258490
H           -3.72463000450414        0.70601991390452       -0.15198022821027
H           -4.22862822105701       -1.69871490908483       -0.21248829929239
H           -2.37117563381462       -3.35366790817055       -0.14839029364908
H            0.45866143878847       -1.01536648626393       -2.08183638585519
H            3.71830105779292        0.16564246994732       -1.64612933070939
H            4.51496134968801        1.13291077819980        0.48984581492779
H            2.94870006556147        1.33166637432020        2.41206218954877
26
 energy: -46.468038218288 gnorm: 0.000869493201 xtb: 6.6.1 (8d0f1dd)
C           -1.31843695983819        1.91840594967909        0.00529983186809
C           -1.61291952093385        0.45149600007536       -0.03341522695428
C           -2.91934196726516       -0.01088858168497       -0.11631623942462
C           -3.20425281251206       -1.36435297889490       -0.15856746396813
C           -2.17899737394352       -2.29179071358140       -0.12802270636762
C           -0.87977192971841       -1.82993443776311       -0.04521929453455
F            0.12946177419518       -2.73198621700141       -0.02110324528796
C           -0.56691193354521       -0.47591226930219        0.00955430136202
C            0.84622572549594       -0.04104448432644        0.12608981443630
C            1.74293758826316       -0.17360868710131       -0.93943214470698
O            1.36495399571844       -0.68697352294226       -2.13314848042429
C            3.05964583718019        0.25666542344268       -0.79985809294226
C            3.49537402423381        0.80182569033352        0.39025839037178
C            2.62985008931309        0.92863301073020        1.46398492571928
C            1.32547932883598        0.50634057003944        1.30965751877304
F            0.47533479574036        0.62749054614014        2.35425627592259
H           -0.51592598867242        2.17068995916669       -0.68600309104595
H           -2.20314951639421        2.49379060635098       -0.25159808578116
H           -0.99985739519280        2.21011759886382        1.00481806471132
H           -3.72736585126346        0.70442296557516       -0.14606229893403
H           -4.22798907838460       -1.69996168153361       -0.21737834344918
H           -2.36701433146817       -3.35260348944498       -0.16057456705328
H            0.46317622525489       -1.02942947054153       -2.07792964662943
H            3.72198833380758        0.14806028427095       -1.64286862279519
H            4.51888586501581        1.12818155588317        0.48731205234738
H            2.94862007607732        1.34236537356685        2.40626637478719
26
 energy: -46.468056758942 gnorm: 0.000848390364 xtb: 6.6.1 (8d0f1dd)
C           -1.32642901751426        1.92128154523082        0.01406458647319
C           -1.61562464942413        0.45352406422847       -0.03023467995844
C           -2.92085798842811       -0.01191471438524       -0.11595174106051
C           -3.20315827776999       -1.36582966724939       -0.16288392539872
C           -2.17583150025273       -2.29088775386110       -0.13386247318012
C           -0.87774862596667       -1.82598559210761       -0.04860967486623
F            0.13309507246483       -2.72651885574479       -0.02597269022775
C           -0.56732551218486       -0.47143951301664        0.01019924199374
C            0.84591183509530       -0.03673644763413        0.12576188538083
C            1.74355942164263       -0.17824398213926       -0.93812033988070
O            1.36610352070609       -0.69600651745099       -2.12987460950320
C            3.06203195507558        0.24717788804972       -0.79943668564803
C            3.49983298848090        0.79634386729162        0.38805158682174
C            2.63333239087877        0.93266001558362        1.45977157335512
C            1.32711805721209        0.51494102170095        1.30659682270864
F            0.47812531832261        0.64482096548486        2.35125292993705
H           -0.51247068483710        2.17704777939978       -0.66273901423664
H           -2.20884540163230        2.49359075373828       -0.25817546326563
H           -1.02690364931559        2.21376429230816        1.01958424810750
H           -3.73083988290445        0.70145403464113       -0.14369248348965
H           -4.22634667606366       -1.70292039655979       -0.22404686015751
H           -2.36048670430039       -3.35222904801501       -0.16974354197620
H            0.46287108313124       -1.03541545164044       -2.07559834397407
H            3.72436162538719        0.12982026126985       -1.64136424976523
H            4.52482640510885        1.11833387250567        0.48391886171413
H            2.95169789708782        1.34936657837139        2.40110504009676
26
 energy: -46.468075299206 gnorm: 0.001340581531 xtb: 6.6.1 (8d0f1dd)
C           -1.33739576100103        1.92512198821298        0.02686674930121
C           -1.61917898264862        0.45627700060189       -0.02611390620885
C           -2.92281104388410       -0.01347745778702       -0.11513853700577
C           -3.20086994119383       -1.36814033110499       -0.16858338521238
C           -2.17037780793839       -2.28992558846473       -0.14142490876460
C           -0.87406751063394       -1.82075099327072       -0.05282563164091
F            0.13931507875966       -2.71875461516746       -0.03086470215767
C           -0.56759988562536       -0.46524795490774        0.01088414108539
C            0.84561896934484       -0.03048161054393        0.12510116754237
C            1.74410637366397       -0.18505740460328       -0.93686900273398
O            1.36560687660845       -0.70767859442961       -2.12605124432203
C            3.06522983991126        0.23253747533868       -0.79953678216257
C            3.50557419877833        0.78762385826413        0.38469885580031
C            2.63792404946976        0.93841955022147        1.45376286925914
C            1.32898649123393        0.52815221777275        1.30202454867392
F            0.48058712802450        0.67096289966356        2.34571987194348
H           -0.50276698472823        2.18477290207869       -0.62384888397992
H           -2.21421960591468        2.49389126675692       -0.27287428925101
H           -1.07124945431024        2.21804797363763        1.04272264598964
H           -3.73514002494171        0.69718214158443       -0.14227367721802
H           -4.22291857075336       -1.70799946465649       -0.23414090683114
H           -2.35055666808692       -3.35197694099680       -0.18120500649947
H            0.45888683853064       -1.03877631187699       -2.07284533275230
H            3.72718121239258        0.10432371016599       -1.64018549693968
H            4.53299515720335        1.10206888929160        0.47967819094865
H            2.95713902773881        1.35888439421894        2.39332265313631
26
 energy: -46.468083143836 gnorm: 0.001151919290 xtb: 6.6.1 (8d0f1dd)
C           -1.34209618634065        1.92665080195734        0.03421260759703
C           -1.62058478286866        0.45744545029190       -0.02381759312605
C           -2.92345062649412       -0.01429173828726       -0.11515265361781
C           -3.19926184535100       -1.36925329221530       -0.17192969910099
C           -2.16733284213512       -2.28964345489601       -0.14536450312780
C           -0.87191756080662       -1.81863391427904       -0.05519275685354
F            0.14288278944137       -2.71526541982607       -0.03403503383296
C           -0.56754180175863       -0.46249488562086        0.01103898456232
C            0.84559254320374       -0.02752904116450        0.12438569506234
C            1.74421719418995       -0.18841370746553       -0.93677637443109
O            1.36470128893180       -0.71428933394319       -2.12454719145025
C            3.06658609684875        0.22519893864390       -0.79989739966492
C            3.50769509396730        0.78267850244918        0.38297556614287
C            2.63951928387506        0.94153837638973        1.45054958372502
C            1.32932870136586        0.53517983685044        1.29930006919976
F            0.48002981442886        0.68567894659111        2.34125099981557
H           -0.49539455823704        2.18792128457626       -0.59975481214904
H           -2.21362995111328        2.49441906722015       -0.28229272232591
H           -1.09656264796674        2.21960383430810        1.05512170601408
H           -3.73696157626567        0.69555278451587       -0.13985183824524
H           -4.22069872222088       -1.71072195758963       -0.23845941469488
H           -2.34588556383033       -3.35198319506927       -0.18720787136813
H            0.45575724307325       -1.03967259950762       -2.07158046868607
H            3.72918410535340        0.09069166284065       -1.63938162533851
H            4.53616161264085        1.09368998698943        0.47802281871021
H            2.95966189806819        1.36594206624013        2.38838392718409
26
 energy: -46.468088459695 gnorm: 0.000488536173 xtb: 6.6.1 (8d0f1dd)
C           -1.34306870244849        1.92683269961200        0.03864914019424
C           -1.62065978691060        0.45763603092637       -0.02277094041233
C           -2.92343290182630       -0.01459483622025       -0.11418708048307
C           -3.19830795751736       -1.36949370952034       -0.17263096134256
C           -2.16585945318779       -2.28961515488311       -0.14707801294283
C           -0.87080486236913       -1.81827168423723       -0.05663106934385
F            0.14455252048102       -2.71420840568414       -0.03550235454980
C           -0.56725732808133       -0.46184010584023        0.01054887482204
C            0.84580170957120       -0.02680603441569        0.12356023168899
C            1.74449996441141       -0.19098043576897       -0.93712850060133
O            1.36379413336268       -0.71773724250873       -2.12427739161338
C            3.06719045610716        0.22113595965634       -0.80031929189291
C            3.50768446663227        0.78069381977594        0.38186271497437
C            2.63910311807316        0.94434511868646        1.44841435718751
C            1.32868327108537        0.53920504411877        1.29731647415924
F            0.47803419933399        0.69343279462704        2.33730407098970
H           -0.48834866312785        2.18843448954143       -0.58327839885911
H           -2.20984303671122        2.49475721692009       -0.28913996602376
H           -1.11193782726674        2.21898229630939        1.06249593691634
H           -3.73685538357238        0.69504387513196       -0.13900725908230
H           -4.21927425575231       -1.71192941189229       -0.24029375388811
H           -2.34442087447596       -3.35192592854460       -0.18996498708375
H            0.45326895497377       -1.03825960863516       -2.07135143021803
H            3.73036435247825        0.08456427711557       -1.63884232124519
H            4.53665663154191        1.08968773013742        0.47765013266316
H            2.96043625519492        1.37091020559184        2.38460178598685
26
 energy: -46.468090462298 gnorm: 0.000286179199 xtb: 6.6.1 (8d0f1dd)
C           -1.34223885949661        1.92644203733912        0.03991320913997
C           -1.62007911385559        0.45730027836654       -0.02295824872595
C           -2.92301448555684       -0.01463239747035       -0.11442972703760
C           -3.19801941770603       -1.36934711694298       -0.17301621030282
C           -2.16585218308371       -2.28968232727386       -0.14709885037825
C           -0.87075927837727       -1.81877569714624       -0.05673294051304
F            0.14448698696537       -2.71467276603540       -0.03551378718747
C           -0.56700729195125       -0.46234219200591        0.01018182225263
C            0.84599400664764       -0.02729287687229        0.12308247246752
C            1.74451455321324       -0.19130009659622       -0.93754603032154
O            1.36338098086403       -0.71813718849340       -2.12453066303000
C            3.06720326033188        0.22057316845490       -0.80062213267253
C            3.50712240477516        0.78043523966045        0.38134828132592
C            2.63849556261701        0.94486921941486        1.44754121893831
C            1.32824230737169        0.53942228241636        1.29653445971556
F            0.47678971907023        0.69449275870396        2.33547125582796
H           -0.48282742719003        2.18767250001626       -0.57541331214939
H           -2.20636414111522        2.49460435228794       -0.29412054141764
H           -1.11899632556385        2.21793716731161        1.06564883196261
H           -3.73622953759971        0.69539352370019       -0.13804599225648
H           -4.21897900414477       -1.71186766028545       -0.23976126858550
H           -2.34518069618836       -3.35177027017808       -0.18964245503004
H            0.45236611217862       -1.03662193927840       -2.07168004626576
H            3.73095981997483        0.08382388929444       -1.63862856825274
H            4.53594565222971        1.08990631143385        0.47738907254783
H            2.96004539558944        1.37356880017800        2.38263014994854
