26
 energy: -46.447201001340 gnorm: 0.094762976056 xtb: 6.6.1 (8d0f1dd)
C           -1.06225600000000       -1.58149100000000       -1.15531400000000
C           -1.55501700000000       -0.37086800000000       -0.43561400000000
C           -2.90768900000000       -0.12055700000000       -0.36576900000000
C           -3.38049600000000        0.99308400000000        0.29503100000000
C           -2.43259800000000        1.83861200000000        0.87923000000000
C           -1.08181000000000        1.58514400000000        0.80730700000000
F           -0.22161800000000        2.43619400000000        1.38947000000000
C           -0.61959700000000        0.47404900000000        0.14742500000000
C            0.80647000000000        0.15059500000000        0.03692700000000
C            1.45268100000000       -0.62578200000000        0.97462300000000
O            0.75388500000000       -1.13414200000000        2.07438700000000
C            2.78801900000000       -0.88634300000000        0.80504700000000
C            3.52166800000000       -0.40676600000000       -0.26468200000000
C            2.85694100000000        0.36834900000000       -1.19239500000000
C            1.50635300000000        0.64651900000000       -1.04382600000000
F            0.87867500000000        1.41758300000000       -1.98117300000000
H           -0.03322800000000       -1.81915300000000       -0.87273800000000
H           -1.71933200000000       -2.41872200000000       -0.86915500000000
H           -1.08385700000000       -1.42731700000000       -2.26182100000000
H           -3.64237200000000       -0.77268800000000       -0.81661800000000
H           -4.43432400000000        1.22351800000000        0.37142600000000
H           -2.81590500000000        2.70636600000000        1.39320900000000
H            1.15240100000000       -0.94119000000000        3.00593400000000
H            3.33847100000000       -1.49626000000000        1.52314700000000
H            4.57495400000000       -0.61956500000000       -0.38705800000000
H            3.35958000000000        0.78083200000000       -2.05700300000000
26
 energy: -46.458543392443 gnorm: 0.041467340089 xtb: 6.6.1 (8d0f1dd)
C           -1.07851634780701       -1.60771327285753       -1.16170389197855
C           -1.55885948069297       -0.38681305194693       -0.44031545303315
C           -2.91364860940814       -0.11744328805934       -0.36539881646192
C           -3.37347730891073        1.00495416987122        0.30038629872993
C           -2.45257070428665        1.86086977266937        0.89115399229211
C           -1.10339099814533        1.59290433770574        0.81395119286049
F           -0.23309572860400        2.43929299794868        1.39912844998868
C           -0.63402624117018        0.47114149393343        0.15283456933579
C            0.80957068865671        0.17699778116484        0.05067036223866
C            1.46952931752280       -0.59448465249190        1.00174928980891
O            0.74658140389852       -1.10762198770371        2.05980352975210
C            2.81133203156569       -0.88145518495879        0.82790160489114
C            3.52099227796720       -0.40288750311903       -0.26286341500839
C            2.86862307995181        0.37497371795433       -1.20127062300535
C            1.52302245484255        0.65055426567509       -1.03845696772973
F            0.89174092270781        1.40362496168328       -1.97204476406085
H           -0.05651755799570       -1.85727019902044       -0.88748812748294
H           -1.72415821898594       -2.45127391585788       -0.91787108631486
H           -1.10439978843830       -1.44734486016786       -2.24553053305113
H           -3.63562705659343       -0.77961076793340       -0.82138600701878
H           -4.42560692578606        1.22754096494504        0.37267121727040
H           -2.81318060865397        2.73529510503898        1.41037297292000
H            1.18321151693216       -0.96356911745890        2.93488824027453
H            3.33869557080768       -1.49683685497325        1.54852747500901
H            4.56852544221040       -0.62390085331991       -0.38466404309932
H            3.37524986841510        0.78007694127886       -2.06504846712679
26
 energy: -46.461813215233 gnorm: 0.009827034351 xtb: 6.6.1 (8d0f1dd)
C           -1.09636614117548       -1.62674717771406       -1.17270310873335
C           -1.56493573240191       -0.40449299601129       -0.44274050962001
C           -2.92035571047595       -0.11541328161382       -0.35928733253069
C           -3.36764740629561        1.01294962981928        0.30605375452513
C           -2.46405963921533        1.87344789286486        0.90256168354478
C           -1.11640605524237        1.58642522790072        0.81660758749942
F           -0.23130736980597        2.42385901175466        1.40256645354039
C           -0.64596504444706        0.46070162848377        0.15154108680674
C            0.80776217607552        0.18814374891302        0.04910500382109
C            1.47566151271753       -0.57753406856835        1.00961546243512
O            0.73899790524203       -1.06751018765945        2.05029633109312
C            2.82587512456304       -0.86767632309444        0.84815691093969
C            3.51987348433121       -0.38875967269869       -0.25094636993616
C            2.87938754661522        0.38333403792114       -1.20387776836456
C            1.53492777911041        0.65235004525463       -1.03836807947724
F            0.90135462047755        1.39164613320567       -1.97027274264104
H           -0.07857108436975       -1.88341283882617       -0.89401234894789
H           -1.74408526446582       -2.46987868933605       -0.95146187377897
H           -1.12345719724933       -1.45051063517838       -2.24521628785431
H           -3.63269313027149       -0.78243842079600       -0.82157420453119
H           -4.42189465678498        1.22924972290661        0.36892405729739
H           -2.79781639784724        2.75590232566762        1.42679403269980
H            1.23043574116219       -0.99414669847810        2.87624935599195
H            3.33402612420867       -1.47610446331881        1.58174181857594
H            4.56419754547966       -0.62566120257376       -0.37125303608386
H            3.39306027006528        0.77227825117538       -2.06850287627129
26
 energy: -46.462902823605 gnorm: 0.028410332098 xtb: 6.6.1 (8d0f1dd)
C           -1.11456551278618       -1.63721911402840       -1.18136133761801
C           -1.57114984919072       -0.41320315357837       -0.44519742417786
C           -2.92610764471020       -0.11344886337915       -0.35400019500017
C           -3.36660396139946        1.01731056623567        0.30957497559539
C           -2.46641225597343        1.87843019581013        0.90723094001248
C           -1.12035652629518        1.58056353708435        0.81267822241127
F           -0.22513778545701        2.41111729903950        1.39776920443303
C           -0.65182908878485        0.45598991203880        0.14326021008691
C            0.80551035490090        0.19730847902234        0.04068822763920
C            1.47383833117137       -0.55579290437340        1.01307821505120
O            0.73130107062880       -1.02505687864104        2.05318390728152
C            2.82803657177394       -0.84599596338505        0.86457379691049
C            3.51901467912283       -0.37745479156532       -0.23857806414814
C            2.88622068993961        0.38598983311254       -1.20417528830597
C            1.54063037861510        0.65344272907331       -1.04540673052427
F            0.90751904197799        1.38093505987313       -1.98467325975902
H           -0.10083903812702       -1.90804155286709       -0.89970281178211
H           -1.77230025503909       -2.47674479493374       -0.97399739918252
H           -1.13627003304470       -1.44981423300536       -2.25195281615297
H           -3.63616903753084       -0.78281427134850       -0.81588555926343
H           -4.42299980955520        1.23074065327049        0.36599086907464
H           -2.78279370074412        2.76508451461837        1.43472573943097
H            1.30181217164969       -1.07484579998572        2.85521467249662
H            3.32615615393985       -1.44282339643280        1.61374421486705
H            4.56476698429241       -0.61768403215565       -0.34952289508816
H            3.40872707062546        0.76402797050093       -2.06726241428812
26
 energy: -46.463875185423 gnorm: 0.023408552051 xtb: 6.6.1 (8d0f1dd)
C           -1.13621079556232       -1.64371580165235       -1.19312464454082
C           -1.57910326455299       -0.42041624746902       -0.44810444552618
C           -2.93237227163807       -0.11100965172900       -0.34706536818108
C           -3.36468976552699        1.02069292329046        0.31751295561284
C           -2.45845814948496        1.87684516403662        0.91382531929000
C           -1.11482119636961        1.56774522443228        0.80945933263111
F           -0.20915564138512        2.39126711165178        1.39063560176222
C           -0.65310406342179        0.44493481640431        0.13382706539855
C            0.80401630318089        0.18999438120641        0.02676177092311
C            1.47555223651001       -0.54327486712773        1.01308631671475
O            0.73516612040575       -1.00597876295727        2.05432613343472
C            2.83525069352649       -0.81518135631763        0.88288293432271
C            3.52533726110303       -0.35930901033705       -0.22400451198513
C            2.89263202920080        0.38643612092291       -1.20353904516766
C            1.54317652737475        0.64514227407976       -1.05623226331689
F            0.90942567040596        1.36218464459711       -2.00454545110134
H           -0.12720595002036       -1.93230030409131       -0.90825573528698
H           -1.80908534116789       -2.47659173616583       -0.99860123023780
H           -1.14803268110384       -1.44351152031534       -2.26417107981516
H           -3.64598986116713       -0.77845653852803       -0.80604758503799
H           -4.42203148340100        1.23555694871884        0.37203314150360
H           -2.75921620353057        2.76612388035147        1.44537480129250
H            1.31333833898087       -1.12154167187661        2.83735633369839
H            3.32974470973030       -1.39778451202979        1.64666817113530
H            4.57416700450108       -0.59509184688551       -0.32493028975172
H            3.42166877341267        0.75724133779050       -2.06513122777103
26
 energy: -46.465052780960 gnorm: 0.010023403516 xtb: 6.6.1 (8d0f1dd)
C           -1.16612999577980       -1.64575387515971       -1.21207371922372
C           -1.59180486027561       -0.42444697651042       -0.45710678942187
C           -2.94164952836829       -0.10715870166767       -0.34051053864211
C           -3.36280537089756        1.02379952867011        0.33066177833684
C           -2.44035398139533        1.86874529233682        0.92222144672481
C           -1.10121687142250        1.54841625744980        0.80481344203380
F           -0.18463856944965        2.36292131440676        1.38103363182152
C           -0.65187374987623        0.42876434331154        0.11827647267824
C            0.80218120199739        0.17006471814336        0.00698413755034
C            1.47571220858535       -0.53317846204270        1.01249804981861
O            0.74275145612063       -0.98244893125536        2.06363431255499
C            2.84162677541716       -0.77583652271888        0.90466852941311
C            3.53810026762435       -0.33226605546697       -0.20236162660534
C            2.89946986120141        0.38181972986056       -1.20111757334645
C            1.54355094203100        0.62344003286470       -1.07333498809909
F            0.90959657762375        1.32251951354539       -2.03942023619324
H           -0.16673943143684       -1.96148100124322       -0.91855536204945
H           -1.86323476747296       -2.46496767616781       -1.03660818586479
H           -1.15593236341086       -1.43242974264652       -2.28336531488616
H           -3.66600903022040       -0.76819288816046       -0.79301518465506
H           -4.41888617598729        1.24455409036336        0.39193241081903
H           -2.72586480127672        2.75750550444927        1.46083307423987
H            1.31535399635671       -1.17658289432939        2.81627820952249
H            3.34079931177578       -1.32720557111068        1.69108524840359
H            4.59385207464826       -0.54677038584488       -0.28554654815790
H            3.43414382388820        0.74617035892297       -2.06190767677203
26
 energy: -46.464931065977 gnorm: 0.038378699871 xtb: 6.6.1 (8d0f1dd)
C           -1.20097051403009       -1.64725132237231       -1.23591135115299
C           -1.60768565361033       -0.42707860336822       -0.47127038735558
C           -2.95351902107496       -0.10240022066067       -0.33464300639249
C           -3.36074117856397        1.02757420556778        0.34713912821863
C           -2.42140623473598        1.86133721174069        0.93060094045159
C           -1.08763444772072        1.53115071425168        0.79611593376236
F           -0.15950171162863        2.33614054842420        1.36623047838106
C           -0.65256491824701        0.41379303371547        0.09698126796655
C            0.79986780997854        0.15272934573151       -0.01374839674139
C            1.47365110304882       -0.51081895847357        1.01870031209701
O            0.74125233594698       -0.93053270308878        2.08028119115671
C            2.84506449361439       -0.72879670879776        0.93361060878315
C            3.55152407256932       -0.29788367551679       -0.17286011647473
C            2.90780262313124        0.37371379345203       -1.19884006900499
C            1.54502060054683        0.59291951681038       -1.09568963359719
F            0.91194242321423        1.26181048838717       -2.08755092101372
H           -0.21564192389098       -1.99486832118415       -0.92792864277373
H           -1.92544916297988       -2.44883139793061       -1.08655628381470
H           -1.16145858495886       -1.42034642297802       -2.30462770330194
H           -3.69054536796597       -0.75635043657737       -0.77863411231529
H           -4.41421916813763        1.25464542652624        0.42255417307937
H           -2.69135544469957        2.74825100603254        1.47861576224827
H            1.35400071539456       -1.29174842888538        2.78508791065350
H            3.34920470910762       -1.24147111342672        1.74560455206308
H            4.61511723253653       -0.48401619893447       -0.23277531631847
H            3.44824421315543        0.72833022155506       -2.06048931860409
26
 energy: -46.465907618952 gnorm: 0.005605391193 xtb: 6.6.1 (8d0f1dd)
C           -1.19861843098735       -1.64422741178334       -1.23946489448209
C           -1.60728105864155       -0.42519293569222       -0.47311277413818
C           -2.95259329240998       -0.10230021637397       -0.33765322825803
C           -3.35900484039865        1.02600138738496        0.34946678704091
C           -2.41806427001183        1.85781140405248        0.93198924268223
C           -1.08406389830052        1.53110698740245        0.79829196081504
F           -0.15860751506260        2.33677980216088        1.36935674603236
C           -0.65103207140224        0.41206513835738        0.09936875432496
C            0.80127196778423        0.14509097827535       -0.00962952610605
C            1.47575616126305       -0.52024280730639        1.01973475356922
O            0.74412417882649       -0.94586864495421        2.08070611870793
C            2.84619009816040       -0.73456115803896        0.93074390093337
C            3.55367498979408       -0.29702618007362       -0.17357670905993
C            2.90660665867252        0.37119680704479       -1.19839689031678
C            1.54396381617011        0.58502092320078       -1.09391295027270
F            0.91008390352701        1.25114521955028       -2.08551390850993
H           -0.21454267819933       -1.99069396819022       -0.93042141415338
H           -1.92049047664674       -2.44591613120014       -1.09098852017260
H           -1.15845080871842       -1.41742552182681       -2.30670965806174
H           -3.69191157591281       -0.75262531383153       -0.78275053123700
H           -4.41059856693608        1.25613042846287        0.43230895987236
H           -2.69447075750988        2.74271223284757        1.48091010177193
H            1.32431073721277       -1.24414730344837        2.78950981060214
H            3.35460423787507       -1.24902411966932        1.73585010536420
H            4.61705089749262       -0.47609513981292       -0.23448743198932
H            3.44209159435957        0.73028654346217       -2.06162180495893
26
 energy: -46.466080418604 gnorm: 0.004151927501 xtb: 6.6.1 (8d0f1dd)
C           -1.20712309082397       -1.64294618205637       -1.24979091523992
C           -1.61155573971258       -0.42529204152420       -0.47818995358836
C           -2.95549529824433       -0.10028323422240       -0.33756344807463
C           -3.35673362248733        1.02623310036469        0.35636863545027
C           -2.41187892671983        1.85446637173503        0.93691605094903
C           -1.07892430174240        1.52653093861554        0.79782084054240
F           -0.15059266259176        2.33002877378228        1.36616926272943
C           -0.65145588973250        0.40712861629016        0.09510688604591
C            0.80113719360443        0.13832783906598       -0.01249041045000
C            1.47693555802380       -0.51354429511252        1.02494365450743
O            0.74433644922200       -0.93257957781837        2.08713090485888
C            2.84834448731792       -0.72070365894313        0.94032543298762
C            3.55707758781896       -0.28582884690407       -0.16498840938437
C            2.90820869213985        0.36646193693268       -1.19862467867039
C            1.54382787502370        0.57016938187315       -1.10023940387244
F            0.90815721535781        1.21862600837987       -2.10223008761006
H           -0.22920752789817       -2.00025446449530       -0.93365443914888
H           -1.93753571963242       -2.43925701347208       -1.11463943509886
H           -1.15478540504423       -1.40811959493473       -2.31451544312993
H           -3.69869766160257       -0.74641508554225       -0.78212725833857
H           -4.40680474908434        1.25906571008445        0.44758326702807
H           -2.68686035990418        2.73819080649771        1.48900929810573
H            1.32574357736400       -1.26516978038479        2.78088325352321
H            3.35957747896533       -1.22414399883640        1.75014914466243
H            4.62220406756918       -0.45308852539150       -0.21894193392029
H            3.44209977281353        0.72239781601649       -2.06441381486371
26
 energy: -46.466215449181 gnorm: 0.005059898559 xtb: 6.6.1 (8d0f1dd)
C           -1.21646293082207       -1.63840686780734       -1.26651550088996
C           -1.61683045926422       -0.42458399094197       -0.48518232699258
C           -2.95902934655670       -0.09691400106868       -0.33776490828731
C           -3.35277708378651        1.02588925634404        0.36695917563760
C           -2.40404984141961        1.84945949229648        0.94657218881182
C           -1.07202012145392        1.52044767943905        0.79997618821922
F           -0.13941960399283        2.32096605361255        1.36374941580166
C           -0.65278088567363        0.40089740713135        0.09135989162773
C            0.80044956677704        0.12998817889453       -0.01441156632391
C            1.47898942816263       -0.50093529620885        1.03458241527608
O            0.74582938066535       -0.91083406907807        2.09911221451165
C            2.85164784645242       -0.69873016693707        0.95525105006489
C            3.55992532556783       -0.26938545347248       -0.15325746969956
C            2.90874481182098        0.35645133651150       -1.20092807291642
C            1.54189814570706        0.54449653239985       -1.11019975668038
F            0.90193147875308        1.16016912706005       -2.12889262710330
H           -0.24996060705710       -2.01405121973935       -0.93702720994873
H           -1.96059719283399       -2.42584618959116       -1.15727862284658
H           -1.14063812225277       -1.38825263367617       -2.32593072521989
H           -3.70665134502957       -0.73630106393520       -0.78395766900103
H           -4.40078962361961        1.26229924576747        0.46954537499958
H           -2.67836554537091        2.73116986455919        1.50322399247776
H            1.32822996167546       -1.29730244034795        2.76880943909452
H            3.36719757556111       -1.18484114356400        1.77261575490960
H            4.62686123623983       -0.42067112021163       -0.19787299640723
H            3.43866695175056        0.70482248256379       -2.07254064911523
26
 energy: -46.466254788397 gnorm: 0.002256618313 xtb: 6.6.1 (8d0f1dd)
C           -1.21501082512321       -1.63486564836473       -1.27077287926150
C           -1.61678527638033       -0.42340707701472       -0.48628513559302
C           -2.95899019795471       -0.09587545644018       -0.33876489583551
C           -3.35201129272592        1.02520479349514        0.36882533334153
C           -2.40376933871699        1.84797899401251        0.95019516859666
C           -1.07150391762968        1.51951406294623        0.80323976976279
F           -0.13863739530521        2.31933580980049        1.36701725581986
C           -0.65328760060135        0.40056935430858        0.09305708893768
C            0.79993155152976        0.12902393534134       -0.01277561966910
C            1.47958736265300       -0.49795824615931        1.03746797720994
O            0.74760904447641       -0.90629721629931        2.10379857619732
C            2.85237212774694       -0.69470212855855        0.95777324033707
C            3.55904460204606       -0.26761903838683       -0.15262161464456
C            2.90686921760794        0.35132452686291       -1.20313606226315
C            1.53984022921452        0.53688038796842       -1.11212678437638
F            0.89780252076951        1.14237784570758       -2.13440971815231
H           -0.25253009867986       -2.01564794774565       -0.93606060332253
H           -1.96261159462464       -2.41993741338773       -1.17148416191419
H           -1.12999614217656       -1.37914711722070       -2.32792563801019
H           -3.70653602134900       -0.73373359993666       -0.78694923873499
H           -4.39980161814840        1.26185307225029        0.47264846746332
H           -2.67940255415787        2.72872842553209        1.50796216858611
H            1.32782042881578       -1.29623091252568        2.76872878147283
H            3.36902869362665       -1.17740971836643        1.77615948378056
H            4.62615177976975       -0.41634815768238       -0.19634505770852
H            3.43481531531730        0.69638946986320       -2.07721890201973
26
 energy: -46.466300673387 gnorm: 0.002822855952 xtb: 6.6.1 (8d0f1dd)
C           -1.20988291731604       -1.62755683088024       -1.27656014260766
C           -1.61560276955491       -0.42069188389456       -0.48724146312291
C           -2.95831685191600       -0.09404248325438       -0.34097525119028
C           -3.35190026012814        1.02407551243115        0.37022370208702
C           -2.40549841775024        1.84574403373959        0.95644923941715
C           -1.07265679294052        1.51828573850913        0.81070163492430
F           -0.14016634956541        2.31665700877413        1.37659768094668
C           -0.65419049423708        0.40155225197059        0.09757430009781
C            0.79875081287346        0.12971334026250       -0.00913523671278
C            1.48073765741962       -0.49135102908989        1.04252558036777
O            0.75187242633008       -0.89705045247523        2.11273855147737
C            2.85354816706999       -0.68833954564010        0.96097394998146
C            3.55676907999003       -0.26707918905389       -0.15356672814762
C            2.90221374409878        0.34108484470292       -1.20825466826755
C            1.53513446558401        0.52544570360029       -1.11524115990857
F            0.88909778496372        1.11496154930877       -2.14262794588533
H           -0.25510476232284       -2.01796411459071       -0.93081114053711
H           -1.96416831570375       -2.40824326288189       -1.19653114471491
H           -1.10606749904936       -1.36190136479993       -2.32966024845987
H           -3.70457303038194       -0.73026461373691       -0.79335078274237
H           -4.39996161101510        1.26019182558932        0.47285780724030
H           -2.68337365392367        2.72464996140237        1.51606256118472
H            1.33092586641548       -1.29448172234559        2.77145581833299
H            3.37142676801381       -1.16674207791374        1.78076945937837
H            4.62389896680905       -0.41505542508358       -0.19789879247326
H            3.42708698623688        0.67840322534979       -2.08707858066575
26
 energy: -46.466358411070 gnorm: 0.004790546023 xtb: 6.6.1 (8d0f1dd)
C           -1.20000914130967       -1.61617497777282       -1.28341730832046
C           -1.61287202923825       -0.41595150537536       -0.48832431984894
C           -2.95675992316593       -0.09153272558095       -0.34531156440820
C           -3.35346695243849        1.02234468365638        0.37011695470285
C           -2.41062683315397        1.84222539720558        0.96522723400628
C           -1.07676479342226        1.51652659178553        0.82326743041931
F           -0.14630878881862        2.31248058952730        1.39564205859757
C           -0.65531838411086        0.40443733574103        0.10519072036783
C            0.79704879147020        0.13260131958892       -0.00313864440469
C            1.48265299973894       -0.48166091336565        1.04960545811820
O            0.75896393600167       -0.88143431307009        2.12654661971152
C            2.85506100118420       -0.68185011504327        0.96351849321483
C            3.55294988561780       -0.27125101610551       -0.15805205957790
C            2.89438140745409        0.32501673842833       -1.21655325655664
C            1.52787233494753        0.51206306194454       -1.11866798561459
F            0.87631697387731        1.08361847363687       -2.15112056027746
H           -0.25683575278076       -2.01999490130846       -0.92030070707326
H           -1.96326974197772       -2.39065812976088       -1.23174950764796
H           -1.06756313290068       -1.33742309924380       -2.33044241952020
H           -3.70014215256302       -0.72635035894871       -0.80434813228875
H           -4.40251438502727        1.25679372906208        0.46821566431629
H           -2.69184879136838        2.71806142323731        1.52788022860523
H            1.33914121136766       -1.28482069795078        2.77907946683995
H            3.37466527783677       -1.15525770196422        1.78517820351733
H            4.61986054806092       -0.42177833784708       -0.20580762359247
H            3.41538543471869        0.64997044952363       -2.10223744328568
26
 energy: -46.466438932777 gnorm: 0.006304368633 xtb: 6.6.1 (8d0f1dd)
C           -1.18475401537711       -1.59877727804076       -1.29393342956520
C           -1.60852182167400       -0.40805564180919       -0.49103906564198
C           -2.95422640087954       -0.08784713682649       -0.35328550741780
C           -3.35730480611921        1.01933731527539        0.36881535066924
C           -2.42003737677311        1.83555827259032        0.97845194573048
C           -1.08455772157661        1.51297175357824        0.84304338440178
F           -0.15861828048576        2.30490339841540        1.42846133623386
C           -0.65666661226461        0.40935369001856        0.11621874489776
C            0.79492660274970        0.13781278341608        0.00595114260471
C            1.48636175686483       -0.46586119211984        1.06088892887790
O            0.77059931770934       -0.85360286100638        2.14851101321106
C            2.85760889479578       -0.67328835544986        0.96658807887200
C            3.54765327924550       -0.28175018500020       -0.16655608635553
C            2.88246178037953        0.29951395704745       -1.22926449747384
C            1.51736755403811        0.49405688277589       -1.12307504351762
F            0.85833434268838        1.04460980701726       -2.16112273305103
H           -0.25979180534373       -2.02253839127943       -0.90490930595722
H           -1.96001406253913       -2.36343303159180       -1.28425566000604
H           -1.00970370300775       -1.30256914807088       -2.33086400315355
H           -3.69304422463308       -0.72060407454445       -0.82276680624092
H           -4.40798127161300        1.25085886741306        0.45940152859137
H           -2.70623985395884        2.70604287930914        1.54681164153696
H            1.35424158884736       -1.26258650470647        2.79424725918088
H            3.38015006497210       -1.13991409082872        1.79046935213838
H            4.61370310423110       -0.43926205110645       -0.22164058551606
H            3.39805266972364        0.60507133552405       -2.12514998304962
26
 energy: -46.466537184657 gnorm: 0.006619998403 xtb: 6.6.1 (8d0f1dd)
C           -1.16698019883029       -1.57910992119251       -1.30584530134187
C           -1.60302182231835       -0.39819958635976       -0.49560381127451
C           -2.95077875097654       -0.08393781483679       -0.36425086066067
C           -3.36307446924390        1.01504239272218        0.36581281337474
C           -2.43268380517348        1.82612888990417        0.99310715487529
C           -1.09516596758510        1.50790868789232        0.86594451162860
F           -0.17629182659329        2.29527253672407        1.46947963196171
C           -0.65766242430062        0.41565663188116        0.12793465845672
C            0.79324354656124        0.14490853131338        0.01628137219207
C            1.49129378674113       -0.44741921555740        1.07351576727047
O            0.78461283852914       -0.81761026838578        2.17378236363973
C            2.86038489753670       -0.66657047027939        0.96820683265850
C            3.54168928225527       -0.29992638987193       -0.17871061909618
C            2.86911176804103        0.26958013644161       -1.24324471037260
C            1.50662671681493        0.47732181711213       -1.12610126325855
F            0.84062163048292        1.01314677768554       -2.16688807884127
H           -0.26247639058490       -2.02300232793168       -0.89159509860636
H           -1.95134137163393       -2.33247323588321       -1.33904356959524
H           -0.94901575522642       -1.26758613772133       -2.32974211913676
H           -3.68397558497589       -0.71435507630033       -0.84609427779356
H           -4.41561703535120        1.24262002021312        0.44749002234111
H           -2.72474750572958        2.68964110970536        1.56912311921271
H            1.37349329132190       -1.22488783462521        2.81649196553175
H            3.38683091206977       -1.12615408312276        1.79407919037694
H            4.60597591971561       -0.46927809388161       -0.24434880513441
H            3.37894731845375        0.55328392435457       -2.14978388840844
26
 energy: -46.466646952146 gnorm: 0.005894582458 xtb: 6.6.1 (8d0f1dd)
C           -1.14991354920775       -1.55950589313186       -1.31949652608852
C           -1.59713442054255       -0.38779784822817       -0.50187106480856
C           -2.94651448530523       -0.07983126506878       -0.37838252958290
C           -3.36967376990871        1.00908300525601        0.36197493429469
C           -2.44670231046767        1.81294989628288        1.00866388409643
C           -1.10697879015049        1.50023999401950        0.88995124602202
F           -0.19748196872398        2.28345625958183        1.51391216360477
C           -0.65806420781892        0.42120457344056        0.13948855268349
C            0.79266598280311        0.15241315007896        0.02705175988118
C            1.49818253104930       -0.42642761897877        1.08747212871601
O            0.80136134867723       -0.77260762801862        2.20141500360097
C            2.86390763815557       -0.66071476819546        0.96929837355457
C            3.53587969494272       -0.32387402279964       -0.19252018845810
C            2.85543023719029        0.23689333820055       -1.25726014863451
C            1.49677393480509        0.46193853286754       -1.12756405182188
F            0.82475770076345        0.99085326535643       -2.16876902784499
H           -0.26865163428491       -2.02676716005401       -0.87960054033245
H           -1.94492286888484       -2.29940075267017       -1.39881850849454
H           -0.88761196258371       -1.23081519867129       -2.32777591871962
H           -3.67394811540834       -0.70671342575521       -0.87378317358714
H           -4.42364230792540        1.23240182067762        0.43608334474131
H           -2.74528445505367        2.66794133562858        1.59412761423399
H            1.39644648308513       -1.17147543233770        2.84523204211322
H            3.39572557729905       -1.11260446734306        1.79627212562439
H            4.59701024875916       -0.50901979764645       -0.27077422247134
H            3.35838246873597        0.49818110750866       -2.17433027232256
26
 energy: -46.466695366324 gnorm: 0.006277715272 xtb: 6.6.1 (8d0f1dd)
C           -1.13915962193927       -1.54676951462199       -1.33030494580265
C           -1.59262393928970       -0.38011354383334       -0.50854319910283
C           -2.94275901767876       -0.07788404020143       -0.39039516678105
C           -3.37541596078044        1.00261983874718        0.35822323401940
C           -2.45811580155836        1.79961401667943        1.01919844128696
C           -1.11654108183179        1.49247384199653        0.90541018727491
F           -0.21628423627666        2.27331808063401        1.54603084714105
C           -0.65750904560885        0.42488273400811        0.14509843536170
C            0.79356216879025        0.15817630588990        0.03340346587218
C            1.50393272842757       -0.41196874191598        1.09587877652500
O            0.81400328498021       -0.73384843826711        2.21936714529269
C            2.86579929628089       -0.66193715358782        0.96754896545012
C            3.53151814266309       -0.35007495211352       -0.20408100014151
C            2.84703595994307        0.21358557980315       -1.26514776596873
C            1.49279551998602        0.45708551381810       -1.12552075094333
F            0.82015004025164        0.99869786505263       -2.16136037743198
H           -0.27301863652649       -2.02479747843451       -0.88330102197142
H           -1.93181894412380       -2.27698194792853       -1.42956494512620
H           -0.85879656330374       -1.21423473074136       -2.32504236465190
H           -3.66581424455831       -0.70084919620550       -0.89680655646014
H           -4.42992377300735        1.22275085451782        0.42796002301731
H           -2.76156479468281        2.64681243770108        1.61345918354841
H            1.41450599314506       -1.11067030628272        2.87425678034893
H            3.40231800266489       -1.10919277582488        1.79421491086940
H            4.58863818319409       -0.55232136907281       -0.29268992883038
H            3.34508534083947        0.46162812018347       -2.18729537279603
26
 energy: -46.466764608813 gnorm: 0.006518227736 xtb: 6.6.1 (8d0f1dd)
C           -1.13333068685946       -1.53151448169557       -1.35032854101201
C           -1.59114922870700       -0.37356536007951       -0.51680570291827
C           -2.94107017548105       -0.07367997235869       -0.40268702725476
C           -3.37844402788626        0.99581751781276        0.36061274659638
C           -2.46446610613754        1.78285076442984        1.03676911000009
C           -1.12160581472409        1.47992409217909        0.92412937469187
F           -0.22738018638017        2.25680644257791        1.57693774806980
C           -0.65803150767776        0.42296091996879        0.15183389666158
C            0.79343752405824        0.15767399120520        0.03937497180632
C            1.51123126256258       -0.39161488111321        1.10946546597032
O            0.83013631559265       -0.68361473387056        2.24584517451801
C            2.87042949746496       -0.64967493648695        0.97403330161185
C            3.52793992283164       -0.36578529754075       -0.21013536174405
C            2.83715351658765        0.18357161729819       -1.27645577201992
C            1.48574623842338        0.43529245513679       -1.13019972316687
F            0.80893169998913        0.96935889219015       -2.17068477144382
H           -0.29403980093584       -2.04200984963595       -0.87420415737701
H           -1.94559086558952       -2.24411402927950       -1.50205825164941
H           -0.80150008163999       -1.17462466319137       -2.32942604162952
H           -3.66213483592666       -0.68873151010578       -0.92153896730475
H           -4.43250654519912        1.21501061712842        0.43121903093357
H           -2.77219761503710        2.62129622545837        1.64189948381394
H            1.43424789601215       -1.05975671451752        2.89862854459095
H            3.41470767769632       -1.08106097227005        1.80525170288925
H            4.58243908350155       -0.57475681599793       -0.30340694843311
H            3.32704584346121        0.41394168275776       -2.20807228620052
26
 energy: -46.466816533538 gnorm: 0.003054087925 xtb: 6.6.1 (8d0f1dd)
C           -1.14297163198836       -1.54119727208598       -1.34557892133464
C           -1.59453029963671       -0.37909130683124       -0.51477297203580
C           -2.94362166070348       -0.07574172838763       -0.39534109144630
C           -3.37433153931092        0.99794725356165        0.36411900853661
C           -2.45613860561228        1.78813479609213        1.03066242097903
C           -1.11438985886119        1.48262550464639        0.91202556222035
F           -0.21438927632564        2.26087958966151        1.55339522241058
C           -0.65799537018696        0.41920053648772        0.14510829568079
C            0.79351095464431        0.15278881174983        0.03315263098751
C            1.50720630741613       -0.40185341354876        1.10213952793292
O            0.82106976345993       -0.70398640043245        2.23165149856020
C            2.86837893926384       -0.65137100653572        0.97449033858919
C            3.53059298424866       -0.35286484603085       -0.20187949374599
C            2.84493365536874        0.19972780920031       -1.26912497805865
C            1.49145282055145        0.44147062879730       -1.13005348420320
F            0.81848447208970        0.97851296041186       -2.17131003859447
H           -0.29258208248661       -2.04074288495050       -0.88369367962176
H           -1.95033047391360       -2.25929649464717       -1.47428658014065
H           -0.83400158902603       -1.19360233626906       -2.33190450599971
H           -3.66793501433356       -0.69192070866442       -0.90736052861691
H           -4.42775590562734        1.21935092894397        0.43968778582868
H           -2.76026207659790        2.63026482983898        1.63175791830149
H            1.42114033418853       -1.08172467100317        2.88508184199407
H            3.40938699398588       -1.08574534081359        1.80519403829591
H            4.58675100244809       -0.55322252308343       -0.28746613211622
H            3.33832615694521        0.44145828389222       -2.19569668440313
26
 energy: -46.466853715589 gnorm: 0.002615529678 xtb: 6.6.1 (8d0f1dd)
C           -1.14327772023876       -1.53759887894674       -1.35342140224168
C           -1.59498275857143       -0.37826550117495       -0.51865336664508
C           -2.94414550982349       -0.07517206794403       -0.39730277998481
C           -3.37377948897062        0.99499512379030        0.36733996812127
C           -2.45546205749413        1.78280095775390        1.03717166724707
C           -1.11340215382495        1.47842603324670        0.91575982923902
F           -0.21256546847575        2.25412706491333        1.55858807319134
C           -0.65854464260183        0.41748258347072        0.14443558763209
C            0.79278102800568        0.15069623152426        0.03241200207195
C            1.50709506108749       -0.39737452431874        1.10400639178145
O            0.82227138518892       -0.69050035616784        2.23674579117386
C            2.86852050035440       -0.64746647198092        0.97683775344661
C            3.52949628093674       -0.35570154091632       -0.20217100886308
C            2.84467784849361        0.19293724529403       -1.27147457272996
C            1.49119115406703        0.43443623031017       -1.13223593764175
F            0.81886965394844        0.97015151601182       -2.17472231858228
H           -0.29910392153360       -2.04367767780944       -0.88894161188080
H           -1.95247944852024       -2.25006647641984       -1.49027813350748
H           -0.82571274931365       -1.18775395197353       -2.33545866957697
H           -3.66854078160633       -0.68862510688442       -0.91245511289790
H           -4.42731292259916        1.21624406540833        0.44458879893874
H           -2.75981068638397        2.62207805378595        1.64220050674259
H            1.42127290225957       -1.06164858950022        2.89356214251592
H            3.40999168704424       -1.07659454761043        1.80949615282835
H            4.58578928378867       -0.55634249634942       -0.28661674286244
H            3.33716252478302        0.43241408248725       -2.19941600751613
26
 energy: -46.466931553011 gnorm: 0.004266065403 xtb: 6.6.1 (8d0f1dd)
C           -1.14569248170333       -1.52601535685029       -1.37859168555705
C           -1.59627032850283       -0.37524657615557       -0.53140373702131
C           -2.94536678003979       -0.07265713358650       -0.40379232935461
C           -3.37188972778093        0.98558486760843        0.37815729761822
C           -2.45291532348959        1.76497763044560        1.05757202462271
C           -1.11050689852958        1.46363582522222        0.92794093764141
F           -0.20726619020433        2.23120008656819        1.57569924377360
C           -0.65968191036648        0.41162620481065        0.14165488002475
C            0.79110963696987        0.14403881540031        0.02917993952515
C            1.50802645490889       -0.38120607968449        1.10990270179102
O            0.82713391252438       -0.64558374707226        2.25189216548128
C            2.86968318990269       -0.63371086629972        0.98438208612685
C            3.52773891003351       -0.36231490120334       -0.20063847047094
C            2.84358819007850        0.17060269708455       -1.27789682076372
C            1.48996921004286        0.41164027835720       -1.13937792061041
F            0.81806760760095        0.93871534237411       -2.18805888853345
H           -0.32397824900014       -2.05862749299691       -0.90296713902728
H           -1.96596981021967       -2.21877373570883       -1.54989991074272
H           -0.79657226115088       -1.16458850152772       -2.34521754094618
H           -3.67055120460806       -0.67779973922476       -0.92724711025019
H           -4.42552850459979        1.20581621584873        0.46188335734567
H           -2.75755998388431        2.59491216013852        1.67523850055799
H            1.42419823048374       -0.99726803079700        2.91985968530877
H            3.41291893642130       -1.04504744434191        1.82399317939496
H            4.58401835323311       -0.56530559257627       -0.28247325378235
H            3.33329602187982        0.40139607416695       -2.20979419215230
26
 energy: -46.466979066391 gnorm: 0.001958498225 xtb: 6.6.1 (8d0f1dd)
C           -1.14900121268528       -1.52536641101804       -1.38095734021598
C           -1.59733773474457       -0.37542858192659       -0.53212459463845
C           -2.94603153810235       -0.07207339709280       -0.40273335887042
C           -3.37145489582214        0.98602214214872        0.38001606031505
C           -2.45097101625106        1.76448657544784        1.05817848821998
C           -1.10951532805563        1.46184018798441        0.92746844435348
F           -0.20513372845518        2.22809963412755        1.57558871822865
C           -0.65923204606949        0.41038718645177        0.13996501805164
C            0.79150695568585        0.14245768573807        0.02725709431830
C            1.50784389496797       -0.38125660484090        1.10910678222561
O            0.82384055838625       -0.65213688037312        2.24769162027107
C            2.87025983499351       -0.62990010845845        0.98626607564529
C            3.53027029075369       -0.35729145237068       -0.19779985509877
C            2.84496373880540        0.17049054368405       -1.27673168176154
C            1.49065193145038        0.40985944547717       -1.14063881116101
F            0.81788497196236        0.92790126632155       -2.19212300788468
H           -0.32864494928808       -2.06024962000509       -0.90573317762577
H           -1.97004225159125       -2.21617149204447       -1.55510931778897
H           -0.79807381087212       -1.16186883103359       -2.34647479898686
H           -3.67254301136144       -0.67735967888927       -0.92447920053887
H           -4.42483901914136        1.20595790638208        0.46554829356028
H           -2.75395970812296        2.59404606529260        1.67684422103052
H            1.42407568281884       -0.99179712325635        2.92138097709986
H            3.41239672299166       -1.04127531543485        1.82672104410121
H            4.58713362709480       -0.55837088263399       -0.27883538328769
H            3.33595104065210        0.39899874032229       -2.20829530956201
26
 energy: -46.467030365835 gnorm: 0.004807547752 xtb: 6.6.1 (8d0f1dd)
C           -1.15975328459928       -1.52323779320556       -1.39045501934038
C           -1.60171830230418       -0.37651299374556       -0.53527997334721
C           -2.94914959516760       -0.07116128545096       -0.39801243843637
C           -3.37015471049479        0.98617100108544        0.38828479806400
C           -2.44407000153122        1.76173643322047        1.06214166945346
C           -1.10513149690977        1.45505768197472        0.92580249130840
F           -0.19610906098939        2.21694572088897        1.57435881184929
C           -0.65818672550363        0.40505381624495        0.13383524691370
C            0.79209999983879        0.13505629822579        0.01979642992898
C            1.50646380585314       -0.38356139326685        1.10586640291211
O            0.81382689921568       -0.66942736505947        2.23573294684219
C            2.87118760068308       -0.62014142903976        0.99211134806432
C            3.53696485850681       -0.34397308641942       -0.18878360671987
C            2.84967204361760        0.16840971894825       -1.27371468850542
C            1.49237845061128        0.39900878754691       -1.14737516073830
F            0.82011969764143        0.89876236788003       -2.20534302522407
H           -0.34504915725990       -2.06741298787158       -0.91613718119052
H           -1.98440099445808       -2.20644450828007       -1.57490114897923
H           -0.80136162777723       -1.15335293120471       -2.35149435460023
H           -3.67989829746690       -0.67525179701194       -0.91574819202559
H           -4.42266730793634        1.20671729357298        0.47890651525893
H           -2.74115412568417        2.59106724137382        1.68364810916871
H            1.42262347481370       -0.96764220970249        2.92704374069517
H            3.41103810472111       -1.02534919475337        1.83742708795873
H            4.59656895679647       -0.53325311500165       -0.26430318784558
H            3.34585979578335        0.39273672905097       -2.20341062146535
26
 energy: -46.467049479102 gnorm: 0.002935929499 xtb: 6.6.1 (8d0f1dd)
C           -1.16163800998133       -1.52345101916401       -1.39266974603629
C           -1.60255505266636       -0.37700425852715       -0.53632494774547
C           -2.94975784267903       -0.07114443783919       -0.39767068346717
C           -3.36956482815579        0.98590585886006        0.38964221681795
C           -2.44270452208004        1.76070313174265        1.06340574286607
C           -1.10387264556303        1.45346337954984        0.92573725825853
F           -0.19392526116658        2.21478156536668        1.57377372860437
C           -0.65823635623817        0.40359346790054        0.13290707697812
C            0.79200188900608        0.13357314998949        0.01875578600137
C            1.50623629785455       -0.38349932709884        1.10571926335221
O            0.81389466472451       -0.66694329745717        2.23630507755627
C            2.87124157453319       -0.61882221776897        0.99314898269632
C            3.53714815648303       -0.34296094421959       -0.18754819346051
C            2.85049413529420        0.16788538009231       -1.27356377458663
C            1.49289310999736        0.39694873499455       -1.14842873637764
F            0.82149802424255        0.89704913594111       -2.20702037504114
H           -0.34844591933596       -2.06979657102601       -0.91818835431693
H           -1.98748262300857       -2.20494292224212       -1.57851898174871
H           -0.80174219799707       -1.15338198932117       -2.35288978104575
H           -3.68109704249694       -0.67453624637881       -0.91526021526530
H           -4.42195361401968        1.20683716657408        0.48145683842204
H           -2.73892561620962        2.59000080904742        1.68549588485949
H            1.42096711326198       -0.96509076610078        2.92696684363411
H            3.41131704036183       -1.02138435852588        1.83952365583982
H            4.59711692880059       -0.53013179399828       -0.26164012766209
H            3.34709159703825        0.39234936960912       -2.20311743913316
26
 energy: -46.467078972312 gnorm: 0.001226647919 xtb: 6.6.1 (8d0f1dd)
C           -1.16745379059049       -1.52370309542916       -1.39997393147652
C           -1.60515445170034       -0.37830467977407       -0.54002423106259
C           -2.95163575664023       -0.07108916616350       -0.39670524673299
C           -3.36773021259935        0.98451813603485        0.39452305338943
C           -2.43844134265405        1.75693040731772        1.06782956425739
C           -1.10002020954184        1.44826601751168        0.92554691965440
F           -0.18725749253196        2.20742613599734        1.57228862125824
C           -0.65841297148705        0.39915418848230        0.12949669232880
C            0.79161530064048        0.12877550328234        0.01507027710837
C            1.50540702101917       -0.38231284392986        1.10529509790507
O            0.81313937641110       -0.65952624913181        2.23743695087490
C            2.87150798199309       -0.61352211578517        0.99671951623961
C            3.53806087208775       -0.33972119964680       -0.18364805662948
C            2.85314523504250        0.16582516282477       -1.27320937521023
C            1.49458236433508        0.39043248772009       -1.15174876743085
F            0.82555338672614        0.89063472517106       -2.21259082064592
H           -0.35963812862731       -2.07729873651178       -0.92442445567612
H           -1.99714293453117       -2.19936019103782       -1.59127467801796
H           -0.80171454350036       -1.15252510404657       -2.35714226607618
H           -3.68489987348044       -0.67195636165682       -0.91421498196960
H           -4.41967629576329        1.20676250539760        0.48997021974696
H           -2.73199091676315        2.58564003524289        1.69222792362009
H            1.41661624748003       -0.95390606671272        2.92875621532153
H            3.41174950460170       -1.00938396832302        1.84597020296565
H            4.59894859545609       -0.52202913343845       -0.25378281420713
H            3.35084203461787        0.39027460660484       -2.20239462953501
26
 energy: -46.467098473793 gnorm: 0.002545389634 xtb: 6.6.1 (8d0f1dd)
C           -1.17530072340651       -1.52326281279021       -1.40977737028410
C           -1.60843299631259       -0.37958564400716       -0.54493871210940
C           -2.95395097537715       -0.07056571809613       -0.39576495354678
C           -3.36548474532049        0.98276022146003        0.40089952772661
C           -2.43295340097171        1.75170606064849        1.07371780842874
C           -1.09539601684593        1.44129614485582        0.92558433775023
F           -0.17914071908559        2.19716821758812        1.57129210933719
C           -0.65845944584097        0.39375560434131        0.12477629487855
C            0.79135022158032        0.12282860646351        0.01012449733206
C            1.50450086806982       -0.37989207941474        1.10479195380316
O            0.81092406992094       -0.65181646500606        2.23746295417251
C            2.87198010798883       -0.60581607368433        1.00146967003168
C            3.54013542694505       -0.33496062830116       -0.17844722080252
C            2.85661844678591        0.16253729252867       -1.27265008882665
C            1.49680518741751        0.38193209212752       -1.15593485633432
F            0.82975361126657        0.87818070244498       -2.22057532774344
H           -0.37502335678527       -2.08671224161432       -0.93267415582971
H           -2.00979363662693       -2.19084365986310       -1.60960157035054
H           -0.80092282215146       -1.14979837353801       -2.36251655806005
H           -3.68994660865493       -0.66828569258700       -0.91292242799961
H           -4.41682647999422        1.20611557562189        0.50146010440538
H           -2.72301562509092        2.57885245331642        1.70192062685003
H            1.41255337022569       -0.93651661965673        2.93299356839006
H            3.41200462133410       -0.99341714618175        1.85458579882841
H            4.60227958477974       -0.51156527687143       -0.24387197671990
H            3.35574103615015        0.38590646021531       -2.20140703332772
26
 energy: -46.467110391726 gnorm: 0.001646397750 xtb: 6.6.1 (8d0f1dd)
C           -1.17952255385838       -1.52246691199969       -1.41507424171004
C           -1.60999434137837       -0.37990025244905       -0.54758757787066
C           -2.95500053832585       -0.06994214738989       -0.39559719495640
C           -3.36444447193451        0.98177544517765        0.40422977383840
C           -2.43023531423953        1.74861494940157        1.07704037773886
C           -1.09330912035027        1.43745528819085        0.92599471902307
F           -0.17542574589429        2.19123962462671        1.57172581276208
C           -0.65836184301908        0.39117380334570        0.12231771512783
C            0.79137414453624        0.11992130039019        0.00768346926565
C            1.50433329871705       -0.37773802091605        1.10483528586440
O            0.80949136014222       -0.64830824323628        2.23705507071709
C            2.87243239610068       -0.60089074511254        1.00409138343149
C            3.54173712943610       -0.33197876740906       -0.17569684016930
C            2.85831813517280        0.16023479950349       -1.27236219819661
C            1.49786130341730        0.37705080012677       -1.15801926461205
F            0.83114861810916        0.86876676319435       -2.22510556394638
H           -0.38371585874316       -2.09148343370957       -0.93713531098747
H           -2.01645159568652       -2.18528419762683       -1.62024284115022
H           -0.79990633182934       -1.14749360065106       -2.36515944562797
H           -3.69246542020533       -0.66581739154219       -0.91283847223241
H           -4.41541876494749        1.20560779854650        0.50720490563424
H           -2.71855229749473        2.57443473102615        1.70770116880157
H            1.41152235736745       -0.92633898643163        2.93594502668132
H            3.41209768154835       -0.98454532561313        1.85918129862610
H            4.60442106840596       -0.50629374682370       -0.23914209053547
H            3.35806570495350        0.38220746738067       -2.20104796551724
26
 energy: -46.467125644561 gnorm: 0.000841723101 xtb: 6.6.1 (8d0f1dd)
C           -1.18907853108401       -1.51996841680303       -1.42751090560277
C           -1.61325559255125       -0.38006245127997       -0.55386423197664
C           -2.95713397195062       -0.06778631450652       -0.39620054769395
C           -3.36233556686904        0.97974071299372        0.41119941644124
C           -2.42452793409130        1.74103301526149        1.08515449658061
C           -1.08908532394683        1.42822411848242        0.92806034611339
F           -0.16784939471865        2.17684709445150        1.57470381257728
C           -0.65806971782042        0.38540362277856        0.11730787405445
C            0.79153530915070        0.11356084527952        0.00283240888835
C            1.50460722779350       -0.37154840742619        1.10579865872066
O            0.80743666263606       -0.63861945505011        2.23736816248156
C            2.87396940810995       -0.58839934639418        1.01031928405782
C            3.54557940109786       -0.32512973680821       -0.16971586279673
C            2.86165214379672        0.15370320424750       -1.27201868950998
C            1.49980551037567        0.36484237923534       -1.16262295293501
F            0.83322469811514        0.84399527830658       -2.23563147777591
H           -0.40421810633021       -2.10239980547767       -0.94756335228805
H           -2.03183431292825       -2.17103053562451       -1.64568698590043
H           -0.79671328664152       -1.14150780229355       -2.37116490600282
H           -3.69775065586665       -0.65910430063927       -0.91434421712854
H           -4.41249271292999        1.20453084973951        0.51920801784562
H           -2.70914609667070        2.56322982529565        1.72200162969535
H            1.41068752753434       -0.90410227218200        2.94240338476431
H            3.41310143203228       -0.96243144215147        1.87005613327528
H            4.60946726047576       -0.49428076009076       -0.22906375669975
H            3.36242362328142        0.37126110065558       -2.20102873918546
26
 energy: -46.467129715824 gnorm: 0.000453465177 xtb: 6.6.1 (8d0f1dd)
C           -1.19205395775966       -1.51842880055607       -1.43225801824821
C           -1.61411624603332       -0.37968856008239       -0.55611678700299
C           -2.95767760978209       -0.06659224807692       -0.39709225489841
C           -3.36188047365436        0.97914511640631        0.41304777029768
C           -2.42313613923296        1.73805885227283        1.08839934864241
C           -1.08807852794230        1.42473284134568        0.92977171222391
F           -0.16606929678727        2.17143888013204        1.57747375864833
C           -0.65797250676115        0.38341591993657        0.11643308153535
C            0.79157485079825        0.11148190503560        0.00204313355663
C            1.50521171489542       -0.36870563000057        1.10692774046828
O            0.80840026118154       -0.63292351220363        2.23932123875607
C            2.87493029522390       -0.58329281717915        1.01269807079203
C            3.54664908563301       -0.32307836578187       -0.16796092496373
C            2.86214997555094        0.15010704570324       -1.27223444497664
C            1.49990859494493        0.35938224486959       -1.16410840950946
F            0.83335127871119        0.83389779994796       -2.23904406181255
H           -0.41093510188720       -2.10549118510618       -0.95217320606664
H           -2.03671157171685       -2.16529952885002       -1.65458158260834
H           -0.79579068739533       -1.13902605405731       -2.37371980349116
H           -3.69900743932872       -0.65594037843537       -0.91645046744003
H           -4.41180838112544        1.20438637792870        0.52203854804821
H           -2.70677749292754        2.55880020009410        1.72752053011746
H            1.41161997413842       -0.89832448290095        2.94396923123915
H            3.41441228032771       -0.95292088695153        1.87414898709842
H            4.61090377459122       -0.49014101341389       -0.22616365782434
H            3.36290234633763        0.36500727992318       -2.20189253258153
