26
 energy: -46.449066261365 gnorm: 0.096378823926 xtb: 6.6.1 (8d0f1dd)
C            0.94692600000000        2.00920800000000        0.40850600000000
C            1.44989800000000        0.63980800000000        0.19561400000000
C            2.83417300000000        0.47446200000000        0.13097400000000
C            3.40681800000000       -0.74594800000000       -0.06243300000000
C            2.61756300000000       -1.87481500000000       -0.20253700000000
C            1.25290900000000       -1.70104600000000       -0.13725400000000
F            0.46317300000000       -2.79339700000000       -0.27204100000000
C            0.65844000000000       -0.47258200000000        0.05796100000000
C           -0.78613800000000       -0.29659100000000        0.12596200000000
C           -1.50100200000000       -0.04251900000000       -1.02394800000000
O           -0.78002800000000        0.03447000000000       -2.22571900000000
C           -2.86971000000000        0.13356900000000       -1.02610700000000
C           -3.58535900000000        0.05944900000000        0.15055800000000
C           -2.88281900000000       -0.19437000000000        1.30989600000000
C           -1.49632100000000       -0.37188600000000        1.30595700000000
F           -0.82520900000000       -0.61788400000000        2.43851400000000
H           -0.10757800000000        2.15139800000000        0.16345600000000
H            1.16525000000000        2.26018000000000        1.48729100000000
H            1.59290700000000        2.72455300000000       -0.16858000000000
H            3.50100500000000        1.33927900000000        0.23648800000000
H            4.49136500000000       -0.86951700000000       -0.11221900000000
H            3.10065100000000       -2.81184100000000       -0.35231400000000
H           -1.09886700000000        0.69054700000000       -2.91202500000000
H           -3.43056400000000        0.33311400000000       -1.92987600000000
H           -4.66933500000000        0.19604600000000        0.16911000000000
H           -3.44814700000000       -0.25368800000000        2.24476800000000
26
 energy: -46.460228750412 gnorm: 0.042084555935 xtb: 6.6.1 (8d0f1dd)
C            0.96509886157180        2.02718053947437        0.42323678132934
C            1.48253622148517        0.65144837599285        0.19207631593872
C            2.86382712934515        0.47977865313402        0.12971329639155
C            3.42611885363682       -0.75774407138969       -0.06218276774167
C            2.62101262095744       -1.88159475693516       -0.20245468575762
C            1.25611265206605       -1.70649213862546       -0.13664686833583
F            0.45672491219602       -2.79101527205490       -0.26978778263137
C            0.66856006769963       -0.46490045169840        0.06030582475837
C           -0.79593599037147       -0.30309046352702        0.11316930903481
C           -1.50345527211637       -0.03056864168074       -1.05266109849978
O           -0.76950576251041        0.04399314037181       -2.22138579356635
C           -2.87611017872800        0.14395689633706       -1.04267975398485
C           -3.57573718484314        0.05789189350776        0.15109942583216
C           -2.88827163789920       -0.19978562289507        1.32247496833726
C           -1.51475653739870       -0.38371891997393        1.29751523005399
F           -0.84765284350998       -0.61705370348552        2.43922489620213
H           -0.08537160252408        2.14727673900320        0.18293494835503
H            1.12026179505625        2.28878299118644        1.48326006986252
H            1.55534864158958        2.74366346413273       -0.16492959917803
H            3.51311316822686        1.34233031775718        0.23501449173749
H            4.50077647522566       -0.87741495107830       -0.11235884590505
H            3.07726717568281       -2.84118186401356       -0.35634729209478
H           -1.15011551488408        0.65019165424867       -2.88694197896962
H           -3.42228848752864        0.34503514860440       -1.95289926990070
H           -4.64846157543113        0.19207545202321        0.17140523746777
H           -3.42909498699405       -0.25904540841593        2.25984694126453
26
 energy: -46.463463705883 gnorm: 0.017739056004 xtb: 6.6.1 (8d0f1dd)
C            0.97428268503638        2.04048873898420        0.43389813904483
C            1.51075776975400        0.66230622669272        0.19659871643437
C            2.88872221409134        0.48240175495681        0.13035350042864
C            3.43999085519863       -0.76795138004897       -0.06428201681409
C            2.62022967157968       -1.87998166864521       -0.19951396399572
C            1.25516043690470       -1.69942837532422       -0.13238522001134
F            0.44650408879836       -2.77501724617040       -0.26450268582579
C            0.67774641960067       -0.44903238162114        0.06745695542676
C           -0.79761478167625       -0.29811934908810        0.10684970577655
C           -1.49688604748631       -0.01906470633772       -1.07204362954359
O           -0.75667708666984        0.06760802276728       -2.21278590666049
C           -2.87430707927856        0.15113365585597       -1.05091578961179
C           -3.56375039532686        0.05427543027173        0.14816817004601
C           -2.89109406428410       -0.20979413573148        1.32806593813390
C           -1.52246069589716       -0.38657813500309        1.28876096627237
F           -0.86042834843582       -0.62203766076822        2.43763810023364
H           -0.08089191390768        2.12344904890383        0.18709464531208
H            1.09476878840956        2.30161221243805        1.48291067393209
H            1.53279844283218        2.75996601722562       -0.15696201207499
H            3.52959985270116        1.34299471418131        0.23348955348431
H            4.50964949044833       -0.88772045509771       -0.11334899346468
H            3.04342921233067       -2.86107095217441       -0.35578799119248
H           -1.22639332464916        0.59297743837525       -2.88429985568582
H           -3.40691397485324        0.36173729612037       -1.96657372944294
H           -4.63162138097587        0.19021616993611        0.16485468088555
H           -3.41459983424481       -0.27537128069861        2.26726404891263
26
 energy: -46.464232453745 gnorm: 0.022396111651 xtb: 6.6.1 (8d0f1dd)
C            0.97792799273240        2.04562365162782        0.43935654918217
C            1.52552383045679        0.66845259575734        0.20287263763628
C            2.90155979686341        0.48156498720149        0.13434286712505
C            3.44541380302027       -0.77417585106238       -0.06289628777008
C            2.61768311953374       -1.87728600477155       -0.19633518467839
C            1.25257038663218       -1.68989155324774       -0.12925785377309
F            0.43834702788038       -2.75981260315882       -0.26253251643322
C            0.68316873884863       -0.43636300996878        0.07157079309427
C           -0.79359129679675       -0.28801020161582        0.10642980674335
C           -1.48975133914338       -0.00765512753964       -1.07637349980420
O           -0.75497105602118        0.08670400017139       -2.21243361877629
C           -2.86898350244647        0.15986145008430       -1.04966250734337
C           -3.55764689406142        0.05385881435575        0.14677663535246
C           -2.89065416669819       -0.21798468977453        1.32801009910180
C           -1.52023883155497       -0.38655638580235        1.28433020831231
F           -0.85988347952758       -0.62952284382022        2.43497499136614
H           -0.07802082510404        2.10424838878328        0.18172980411834
H            1.07942415687879        2.30882649295747        1.49011730281085
H            1.52433727397865        2.77476417619064       -0.15059867232452
H            3.54536352069157        1.34048785974944        0.23518894917166
H            4.51494968277158       -0.89697406134387       -0.11501940948077
H            3.02037818920173       -2.86793556607635       -0.35357844617988
H           -1.28088571343305        0.53861952322104       -2.90620984356962
H           -3.39630078137069        0.37579243380604       -1.96793999074682
H           -4.62675369330678        0.18778549743248        0.15882572874831
H           -3.40896494002559       -0.29442297315647        2.26831345811728
26
 energy: -46.464830400422 gnorm: 0.014259398652 xtb: 6.6.1 (8d0f1dd)
C            0.97912200537423        2.04982956583452        0.44110277876608
C            1.53700865069033        0.67515018274621        0.20686937290228
C            2.91118079070274        0.48084209222257        0.13736260716490
C            3.44828479150744       -0.77900244952577       -0.06101988785487
C            2.61421807755735       -1.87365924120104       -0.19190161129036
C            1.24885152976260       -1.67846070731126       -0.12579997500515
F            0.43019814831868       -2.74367598444594       -0.26011907535537
C            0.68693503020642       -0.42295454485496        0.07263460854022
C           -0.78955975699752       -0.27810814424241        0.10460199711079
C           -1.48595845699848        0.00146330602015       -1.07915761303018
O           -0.76336919678304        0.09792060867546       -2.21797563957597
C           -2.86532902331480        0.17260320426965       -1.04458182003249
C           -3.55435808825266        0.05443531081293        0.14790092542078
C           -2.88931112885112       -0.22830885268654        1.32687296595465
C           -1.51559158950239       -0.38691911472377        1.27879538895461
F           -0.85441732172406       -0.63832396511577        2.42915385601889
H           -0.07489181128542        2.08939182561649        0.17009052368370
H            1.06491363547940        2.31390341383703        1.49491647683815
H            1.52083166008487        2.78953877483200       -0.14217242446547
H            3.56148339204781        1.33702214923486        0.23742263980213
H            4.51869538511781       -0.90577979682068       -0.11523089847469
H            2.99683668925293       -2.87175363256859       -0.34805870695879
H           -1.30674969847900        0.48717860912644       -2.92234413768455
H           -3.39001958712692        0.39311950401856       -1.96430492662535
H           -4.62575644436588        0.18489753897803        0.15623562944349
H           -3.40324668242128       -0.32035065272826        2.26870894575255
26
 energy: -46.465173137119 gnorm: 0.017295425619 xtb: 6.6.1 (8d0f1dd)
C            0.98389050248752        2.05463364119360        0.44193833357544
C            1.54309786949185        0.68196573248830        0.20836311680982
C            2.91569363323446        0.48043312392047        0.14094075619767
C            3.44776516962644       -0.78159998220767       -0.05690665843874
C            2.61018652290947       -1.87176356231580       -0.18851273630368
C            1.24487365215703       -1.66876012827664       -0.12425570614530
F            0.42297549274786       -2.73108349231863       -0.26085520560271
C            0.68887150869097       -0.41164464882726        0.07141106887387
C           -0.78540079391759       -0.26461980547579        0.10342110032167
C           -1.48394056319973        0.01151895506738       -1.07866001860956
O           -0.76826620109853        0.11894279082813       -2.22274783585679
C           -2.86389941299875        0.17661243213342       -1.04102109931495
C           -3.55510365246887        0.04939889454294        0.14883977266091
C           -2.88736518072591       -0.23814390777005        1.32400932205467
C           -1.51117152193787       -0.38632982161882        1.27512996912711
F           -0.84801927696291       -0.64324551903573        2.42349066222793
H           -0.06465870339717        2.09636907660780        0.16064792618896
H            1.06211888087285        2.31283792805883        1.49839936259726
H            1.53430187890140        2.79774275550844       -0.12937882616404
H            3.57366635584725        1.33190804105538        0.24366453733131
H            4.51854359525128       -0.91310950990499       -0.10990478275333
H            2.98198888385500       -2.87219324767861       -0.34278371718844
H           -1.34297197419559        0.43263871108458       -2.94825293757618
H           -3.38940825485321        0.40318316480473       -1.95936776581778
H           -4.62745175466644        0.17866360130709        0.15668245665096
H           -3.40031565565076       -0.34435622317119        2.26571090515388
26
 energy: -46.465501626633 gnorm: 0.008681744857 xtb: 6.6.1 (8d0f1dd)
C            0.99103954412749        2.06064358474414        0.43869306230135
C            1.54426434487463        0.68839101651478        0.20537083844252
C            2.91579261855166        0.48042852796969        0.14348843093700
C            3.44460026626700       -0.78261128732540       -0.05078364510616
C            2.60570464889589       -1.87146368121091       -0.18470704499501
C            1.24073576928122       -1.66134400789086       -0.12463509844147
F            0.41666397923524       -2.72255577649892       -0.26238116821431
C            0.68850185701034       -0.40311348038992        0.06597403410227
C           -0.78346101813668       -0.25355294821434        0.09959429148474
C           -1.48779399039596        0.01806019096546       -1.07809573318656
O           -0.77799135142298        0.13814037157569       -2.22912695834532
C           -2.86752980991645        0.17726761784754       -1.03799201050287
C           -3.55967813549652        0.04187187116949        0.15132165004315
C           -2.88479659474641       -0.24828550743690        1.32084733565754
C           -1.50729438601800       -0.38706627969155        1.27127671319888
F           -0.83974681407026       -0.64523395071537        2.41593295167565
H           -0.05060136842670        2.11707702254315        0.14441917775908
H            1.06274901861706        2.30851874448086        1.49917665843485
H            1.56067255279425        2.80293664765261       -0.11680599675877
H            3.58132314826194        1.32661737587734        0.24910042273391
H            4.51539501786010       -0.91877421166139       -0.09959941428094
H            2.97364660443880       -2.87128729067422       -0.33494569474575
H           -1.35461739390443        0.39761906138626       -2.95737322893871
H           -3.39790123779970        0.40645450226321       -1.95287437920748
H           -4.63235635544694        0.16742015236294        0.16201069510882
H           -3.39731991443451       -0.36615926564352        2.26211611084358
26
 energy: -46.465677895841 gnorm: 0.009576662286 xtb: 6.6.1 (8d0f1dd)
C            1.00347251621989        2.06915540728318        0.43847575743303
C            1.54800162681630        0.69447086080908        0.20347685067293
C            2.91870443480283        0.48018132104780        0.14714267019679
C            3.44322034423868       -0.78505608002709       -0.04442702176546
C            2.60099073083414       -1.87213124394410       -0.18255702914078
C            1.23686653937712       -1.65545017436869       -0.12741662649628
F            0.40869005562016       -2.71420059041601       -0.26770291665902
C            0.68880755665182       -0.39490093116917        0.06130433695336
C           -0.78304585040153       -0.24181859900754        0.09585647964120
C           -1.49179060535432        0.03043356184838       -1.07862901259281
O           -0.78223124887609        0.16476429126873       -2.22903216271516
C           -2.87254661440757        0.17716964409752       -1.03809277402097
C           -3.56294649537439        0.03284494283670        0.15252521506683
C           -2.88289561906908       -0.25645964055486        1.31957237717602
C           -1.50564247615530       -0.38630421899691        1.26850540475703
F           -0.83503126421060       -0.64627418178886        2.41016347656956
H           -0.03357943206067        2.13933760351683        0.12741080102295
H            1.06126900488027        2.30709386733023        1.50274250902256
H            1.59082290360409        2.80929495502915       -0.10194130700033
H            3.58819777835756        1.32207104356058        0.25495716708319
H            4.51307166205877       -0.92580584455252       -0.08791601420464
H            2.96698734878510       -2.87323297084981       -0.33058092826736
H           -1.38171032317983        0.35557635762213       -2.96915562112884
H           -3.40770862359725        0.40259477036293       -1.95070329367323
H           -4.63578554361201        0.14863977037316        0.16584397207149
H           -3.39418740594801       -0.38199492131095        2.26017968999790
26
 energy: -46.465806013111 gnorm: 0.004269263289 xtb: 6.6.1 (8d0f1dd)
C            1.01423322194106        2.07518184318773        0.43743840786481
C            1.54857984962416        0.69626904773046        0.20061573590353
C            2.91958771250503        0.47932225575070        0.14891875883809
C            3.44212558350897       -0.78700631240053       -0.03988372685281
C            2.59776174450677       -1.87387846207429       -0.18217145717469
C            1.23475654696394       -1.65466834039585       -0.13189320205004
F            0.40332407971525       -2.71155802783612       -0.27501544983825
C            0.68788783988879       -0.39249353409395        0.05677490796586
C           -0.78514437197237       -0.23676090289599        0.09258771962698
C           -1.49749018778341        0.03803241242376       -1.07955004644161
O           -0.78623741832821        0.17967051912012       -2.22758294669735
C           -2.87937787787436        0.17272658585691       -1.04010099393785
C           -3.56554801048168        0.02424355637437        0.15324861033271
C           -2.88160379728606       -0.25849438475966        1.32060296151068
C           -1.50554967951722       -0.38352258220367        1.26807800822258
F           -0.83279826272222       -0.64366831711471        2.40754977097002
H           -0.01995471090963        2.16046784251679        0.11293150038170
H            1.05862767991872        2.30679078166372        1.50345205682640
H            1.61585862576924        2.81159001237767       -0.09149530731430
H            3.58842738747205        1.31995025202963        0.25867134136949
H            4.51102859310093       -0.93048611670645       -0.07753494996658
H            2.96881415938262       -2.87489653718659       -0.32916274206205
H           -1.38734839747644        0.34618003074505       -2.96564214649758
H           -3.41918110549411        0.39077457166347       -1.95133309975104
H           -4.63850403822170        0.12998039181944        0.16963511831140
H           -3.39227416623004       -0.38374758559213        2.26086317045991
26
 energy: -46.465846320114 gnorm: 0.002735191854 xtb: 6.6.1 (8d0f1dd)
C            1.02150875957357        2.07895090185138        0.43773494434535
C            1.55037655270362        0.69771248178598        0.20002356463976
C            2.92162977771562        0.47787174814022        0.15126816626676
C            3.44152970382243       -0.78943826027356       -0.03658378312516
C            2.59435102703019       -1.87402313989822       -0.18250131699218
C            1.23232332156808       -1.65204356754210       -0.13594560537131
F            0.39748212604419       -2.70601066994233       -0.28327669064025
C            0.68756368142733       -0.38853665456944        0.05383849014374
C           -0.78583194586244       -0.23112999035778        0.09075090420185
C           -1.50043011779575        0.04357361987597       -1.08022391254523
O           -0.79148734674416        0.18827709114416       -2.22876435355876
C           -2.88340110454296        0.16875173890263       -1.04044255674038
C           -3.56633428785438        0.01728165815894        0.15385506404925
C           -2.88031323705308       -0.25884300342617        1.32194441661867
C           -1.50388555428432       -0.37838354158335        1.26786982821413
F           -0.82938260326229       -0.63909667418423        2.40606407070665
H           -0.00872151636728        2.17318580090238        0.10166837299837
H            1.05240029179073        2.30533971958461        1.50499784511811
H            1.63321477895260        2.81463230900912       -0.08013990979223
H            3.59083340181796        1.31782315478138        0.26389267256523
H            4.51017428928464       -0.93607494231572       -0.07025943179321
H            2.96746188190814       -2.87498749248649       -0.32986691031420
H           -1.39454984826177        0.33402670725100       -2.96829482638156
H           -3.42569917161242        0.38176355750914       -1.95148673863624
H           -4.64028964176184        0.11456257851096        0.17137741031565
H           -3.39052221823634       -0.38518613082864        2.26250228570721
26
 energy: -46.465878023334 gnorm: 0.002000475231 xtb: 6.6.1 (8d0f1dd)
C            1.02785460294809        2.08209834147420        0.43911832551416
C            1.55304973245162        0.69933515957783        0.20094521939742
C            2.92442896837842        0.47598983569392        0.15514615164275
C            3.44080196087810       -0.79234617552518       -0.03330755969146
C            2.58998964401328       -1.87341867574110       -0.18440332051257
C            1.22907589811940       -1.64808815167506       -0.14150160832876
F            0.39031029835508       -2.69807923544491       -0.29444172114305
C            0.68738183711064       -0.38310321699522        0.05096100993936
C           -0.78617036581405       -0.22482990905594        0.08898736226290
C           -1.50292600668391        0.04595824981032       -1.08156513373292
O           -0.79728436790726        0.19437405890623       -2.23128327415913
C           -2.88701303882500        0.16215064506321       -1.04034847758568
C           -3.56658374912853        0.00930420224246        0.15473279585183
C           -2.87862222040452       -0.25811578413881        1.32382469966920
C           -1.50140006288021       -0.37129683618993        1.26766044706601
F           -0.82426451104705       -0.62842560010961        2.40531871330117
H            0.00347390180935        2.18329462766247        0.08696268327185
H            1.04112867555018        2.30186568144219        1.50803065176777
H            1.65107187425173        2.81793669225252       -0.06424097519014
H            3.59434166269404        1.31523014146655        0.27121618790215
H            4.50919172315186       -0.94286741574467       -0.06367376597446
H            2.96384308180914       -2.87432185174742       -0.33329505896964
H           -1.40140817902281        0.32281391203274       -2.97144399334247
H           -3.43109506824768        0.36962254160689       -1.95177654678711
H           -4.64166551836437        0.09838655126596        0.17305388130979
H           -3.38750977319547       -0.38346878812978        2.26532530652104
26
 energy: -46.465913847402 gnorm: 0.003823452139 xtb: 6.6.1 (8d0f1dd)
C            1.03741541990433        2.08726522398757        0.44397566883789
C            1.55885223572159        0.70326232315694        0.20454352786072
C            2.92980718314916        0.47279669753509        0.16356316776712
C            3.43906502778119       -0.79741375607424       -0.02848643478427
C            2.58160479209056       -1.87174942777873       -0.19058461116662
C            1.22249814789031       -1.63944747145823       -0.15295614950422
F            0.37691102311325       -2.68197165239533       -0.31679827798272
C            0.68752115557062       -0.37183792585326        0.04613809067662
C           -0.78585876980573       -0.21218481559238        0.08589891795663
C           -1.50661969950106        0.04678141841932       -1.08460140252010
O           -0.80682449112279        0.20087370960167       -2.23676868318610
C           -2.89242368710056        0.14827686183609       -1.04001863460238
C           -3.56703219828444       -0.00507060101783        0.15665028133783
C           -2.87480817192349       -0.25548555162891        1.32708473513607
C           -1.49626683796657       -0.35644413266426        1.26716802245387
F           -0.81344389836963       -0.60149129182914        2.40474632860909
H            0.02591046958303        2.19933237065170        0.05803130783807
H            1.01543844948096        2.29261561719182        1.51618952995729
H            1.68316437051045        2.82520569908288       -0.02834175008878
H            3.60236773825248        1.30932935363559        0.28718034187261
H            4.50676316969437       -0.95531862005339       -0.05376074628259
H            2.95341017531607       -2.87292842469451       -0.34383178215267
H           -1.41426413216435        0.29834370591507       -2.97966757255216
H           -3.43938541085210        0.34418477897336       -1.95252290109727
H           -4.64360407953133        0.07140272341138        0.17630050500370
H           -3.38019698143620       -0.37832781235843        2.27087052061235
26
 energy: -46.465943648127 gnorm: 0.005609963100 xtb: 6.6.1 (8d0f1dd)
C            1.03899499650598        2.08788073687822        0.44921605830368
C            1.56120007873151        0.70449605717393        0.20801249433257
C            2.93168213599492        0.47135410345503        0.16811283335034
C            3.43794551019161       -0.79922045326104       -0.02834849871786
C            2.57810802162636       -1.87054784420317       -0.19701657452682
C            1.21963270432008       -1.63563848938193       -0.16017921435409
F            0.37177359758054       -2.67484957853984       -0.32991869903875
C            0.68768338796774       -0.36745159240534        0.04455778170526
C           -0.78546816104537       -0.20759587066807        0.08494127788703
C           -1.50774299919344        0.04149639431174       -1.08663415153867
O           -0.81007954221270        0.19349862715835       -2.24004660870056
C           -2.89388003086515        0.13852595081172       -1.04044329388842
C           -3.56671435812837       -0.01040341853128        0.15745106579725
C           -2.87261678535509       -0.24997055299053        1.32902287732105
C           -1.49379589430364       -0.34625307100992        1.26773856038677
F           -0.80817381395228       -0.58020271521045        2.40651560104417
H            0.03542831613678        2.20385220551756        0.04673862516537
H            0.99907653710364        2.28573257848336        1.52154104171723
H            1.69370686822250        2.82780064953414       -0.00624941958283
H            3.60553677167711        1.30624739458398        0.29634767244176
H            4.50521163021690       -0.95999662801397       -0.05249545863350
H            2.94775812431963       -2.87167645586142       -0.35460392451257
H           -1.41417509661314        0.29287352983615       -2.98192442406743
H           -3.44162791037558        0.32663336398861       -1.95415021901583
H           -4.64356398380035        0.06188182720524        0.17734709753977
H           -3.37589910475009       -0.36846774886122        2.27446949958506
26
 energy: -46.466011333416 gnorm: 0.005427281323 xtb: 6.6.1 (8d0f1dd)
C            1.04429587214916        2.09098777699510        0.46287999917307
C            1.56702193012549        0.70901066862660        0.21591813229826
C            2.93592924426861        0.46870660818017        0.17912931110668
C            3.43531006045727       -0.80289167750074       -0.02823164192451
C            2.57064997435668       -1.86790539519187       -0.21238677870488
C            1.21326384044894       -1.62589049116525       -0.17698479211356
F            0.36055320092214       -2.65838406088183       -0.35957688465457
C            0.68850260700890       -0.35667946045189        0.04007692178904
C           -0.78397667335128       -0.19509931730975        0.08206744423291
C           -1.51088647309823        0.03119834091250       -1.09118339007987
O           -0.81672568176171        0.17849939510222       -2.24702412945820
C           -2.89760113099049        0.11725192790832       -1.04181091606233
C           -3.56702863947779       -0.02183477649551        0.15949204881304
C           -2.86720040462339       -0.23781808539456        1.33244985843438
C           -1.48812626458258       -0.32244458685395        1.26849332968817
F           -0.79626278629829       -0.53244941786525        2.40922426399227
H            0.05997041645660        2.21948233271880        0.01831252674094
H            0.95922997319612        2.26771505362079        1.53725677297067
H            1.72332072445825        2.83587925442772        0.05049345674709
H            3.61455940982865        1.29797907337643        0.31785537792529
H            4.50146520283133       -0.97000361036592       -0.04991664973663
H            2.93326454954418       -2.86952456560686       -0.37984098611883
H           -1.42105320234294        0.26500788657446       -2.99128406993299
H           -3.44859948988811        0.28727483311984       -1.95726872114378
H           -4.64418137154524        0.04064579049120        0.18057778568663
H           -3.36569388809215       -0.34871449697098        2.28128373033168
26
 energy: -46.466097220352 gnorm: 0.004627124563 xtb: 6.6.1 (8d0f1dd)
C            1.04785830345711        2.09267260105062        0.48305146035879
C            1.57213160491755        0.71325913187858        0.22631478551151
C            2.93903675187974        0.46648176609972        0.19091076823770
C            3.43275157412944       -0.80529076261346       -0.03161996236006
C            2.56501182412659       -1.86440019670846       -0.23331746945492
C            1.20808868888685       -1.61588983002885       -0.19740719607187
F            0.35205340513694       -2.64275775127111       -0.39415075402655
C            0.68963476610124       -0.34746375346312        0.03555351585847
C           -0.78209263466486       -0.18361255229890        0.07918919668481
C           -1.51393718071774        0.01503221837031       -1.09633594992161
O           -0.82141782904476        0.14934091578884       -2.25463685305595
C           -2.90063525325667        0.09214849028944       -1.04456590482987
C           -3.56730558252004       -0.03038994259540        0.16121982523318
C           -2.86155631784912       -0.21872671674309        1.33570873558670
C           -1.48267933873337       -0.29274566431938        1.26993449360777
F           -0.78546247987541       -0.47455376915826        2.41321644989817
H            0.08680742251659        2.23764751181566       -0.00600783770753
H            0.91327492005582        2.24416884686626        1.55648701936470
H            1.75073973945462        2.84295766029158        0.12070080701435
H            3.62342337495915        1.28858242843464        0.34233232685547
H            4.49795197341887       -0.97723916784290       -0.05165009163030
H            2.91884827133051       -2.86637211382930       -0.41363016798753
H           -1.42716859642830        0.23120447819307       -3.00133883326984
H           -3.45552583876160        0.24064430263657       -1.96162277428214
H           -4.64439561864117        0.02308856292501        0.18344930317653
H           -3.35543494987786       -0.31778769376831        2.28821710720997
26
 energy: -46.466175056109 gnorm: 0.004774645345 xtb: 6.6.1 (8d0f1dd)
C            1.04631335488216        2.09041426762361        0.50048050225530
C            1.57269602290915        0.71374171968912        0.23403313187297
C            2.93849186412935        0.46616948975581        0.19685161733068
C            3.43230012634700       -0.80403027160076       -0.03795876215337
C            2.56592642654604       -1.86145306810139       -0.24972327349563
C            1.20832074866864       -1.61209616692689       -0.21091626727630
F            0.35340923870355       -2.63846219725256       -0.41510628425175
C            0.69040622386406       -0.34680151029351        0.03357288019540
C           -0.78097248964533       -0.18173071406805        0.07805348579381
C           -1.51486116132850       -0.00070324653030       -1.09909610566697
O           -0.82097643850019        0.11500733809951       -2.25892399720410
C           -2.90071653366518        0.07690619188363       -1.04743894387031
C           -3.56701454214218       -0.02860407281452        0.16138386019295
C           -2.85917415187380       -0.19999800911139        1.33679233856624
C           -1.48092285216799       -0.27287618602182        1.27131447981777
F           -0.78302721739844       -0.43702202527916        2.41642859792853
H            0.10002246263381        2.24679702426368       -0.00902060689412
H            0.88490837382367        2.22566751558488        1.56998716617882
H            1.75752381509735        2.84312011113004        0.16739296947276
H            3.62558341730919        1.28408176478744        0.35567089902744
H            4.49743131489534       -0.97514544898119       -0.05927362604464
H            2.91517542778607       -2.86281972031947       -0.43952061245379
H           -1.42776533733362        0.21124092128210       -3.00525565763724
H           -3.45774401717266        0.21197063160412       -1.96493250139604
H           -4.64357971768962        0.02339155625991        0.18404525834636
H           -3.35175335867770       -0.28676689466307        2.29116145136517
26
 energy: -46.466195113006 gnorm: 0.011093826847 xtb: 6.6.1 (8d0f1dd)
C            1.05012653917463        2.08890805267977        0.53209975283233
C            1.57532823975532        0.71529789218615        0.24748504696739
C            2.93980775430222        0.46402164078679        0.21150063196306
C            3.43172886929954       -0.80370310830347       -0.04589100943695
C            2.56478906930431       -1.85545587574877       -0.28125404724365
C            1.20695316817425       -1.60250744720387       -0.24180562050000
F            0.35074705095318       -2.62504013328875       -0.46437792577452
C            0.69145188999566       -0.34184179574412        0.02516509626998
C           -0.77963938702548       -0.17383794473836        0.07334168090059
C           -1.52032596031208       -0.02706481967567       -1.10518458247890
O           -0.82851981726055        0.05602417072798       -2.27016573411897
C           -2.90583103380939        0.04381283945751       -1.05211384876007
C           -3.56701851854162       -0.03157426036374        0.16334601287496
C           -2.85276097530941       -0.16373073841144        1.34103260255689
C           -1.47478077042498       -0.23057355358852        1.27326682630335
F           -0.77272534211250       -0.35964129882608        2.42027134720012
H            0.13793901536012        2.27714986465700       -0.04125147835010
H            0.81082937807048        2.18221026360921        1.60050135659976
H            1.79730148087733        2.84724220756545        0.27705033759909
H            3.63132866609176        1.27456136045155        0.38692593950125
H            4.49672294620441       -0.97595308600940       -0.06596856716961
H            2.90937448331063       -2.85491198992088       -0.48896110628131
H           -1.43751667276466        0.16251043355536       -3.01343942152377
H           -3.46958408208493        0.14894443321739       -1.96998729000388
H           -4.64379236212673        0.01051069930656        0.18869992869295
H           -3.34193262910130       -0.22535880637789        2.29971607137989
26
 energy: -46.466322552366 gnorm: 0.005101698280 xtb: 6.6.1 (8d0f1dd)
C            1.04604321027703        2.08467852108941        0.53193304105878
C            1.57156066524520        0.71161844273927        0.24519655974961
C            2.93731743243161        0.46595243708635        0.20555377920346
C            3.43423750286927       -0.80012495299823       -0.04862764938732
C            2.57017840449054       -1.85516000337973       -0.27730780513493
C            1.21165297362081       -1.60769307618289       -0.23596940495457
F            0.35868322979673       -2.63409702890925       -0.45388748350201
C            0.69093931619495       -0.34868439012806        0.02758243761930
C           -0.78058291870855       -0.18201964800095        0.07448499394148
C           -1.51872131509237       -0.02629391149870       -1.10345836331483
O           -0.82653942401848        0.05183219795088       -2.26835955746711
C           -2.90399878867860        0.05317052047300       -1.05222048997174
C           -3.56647984003795       -0.02225679070501        0.16115569606776
C           -2.85577217754733       -0.16350609797039        1.33862435136308
C           -1.47760703883454       -0.23946524501747        1.27227771913249
F           -0.77890478209594       -0.37684490592720        2.41862725338504
H            0.12560155473651        2.26919463002838       -0.01847653157647
H            0.82986634881960        2.18551415201260        1.59630065830387
H            1.78021487363525        2.84094654857864        0.25975754083710
H            3.62497163267227        1.28032960932636        0.37782479630289
H            4.50015595158477       -0.96759830333297       -0.07076170308231
H            2.92044583418327       -2.85329101564701       -0.48212167549122
H           -1.43641983482865        0.16471707981083       -3.01013398560495
H           -3.46584840726971        0.16549281009300       -1.96940502646845
H           -4.64316743082688        0.02726309070954        0.18587174241213
H           -3.34782597261861       -0.22367567020066        2.29554110657880
26
 energy: -46.466403194520 gnorm: 0.004594757077 xtb: 6.6.1 (8d0f1dd)
C            1.04485180748011        2.08020584744232        0.54779583105004
C            1.57084676332963        0.70965865996627        0.25003586736006
C            2.93712972358985        0.46642536339817        0.20829776276655
C            3.43621994212983       -0.79739287751890       -0.05357421384039
C            2.57290079670641       -1.85140897687138       -0.28901797223432
C            1.21411732576724       -1.60620946641460       -0.24687419001556
F            0.36236501811717       -2.63274920930906       -0.47082978332832
C            0.69109928330211       -0.34989910141834        0.02517303046141
C           -0.78058510744850       -0.18352982765996        0.07229997720392
C           -1.52016731035049       -0.03878372413237       -1.10630920757075
O           -0.83095151930746        0.02380702681214       -2.27393045770577
C           -2.90542625382847        0.04481043947706       -1.05425391768915
C           -3.56561444541851       -0.01666826733731        0.16043878101867
C           -2.85435583790206       -0.14633903658344        1.33880828269388
C           -1.47587808044435       -0.22605351304553        1.27145354703393
F           -0.77642875682619       -0.35186448105498        2.41840022391756
H            0.13575878507855        2.27741687790712       -0.01654806614695
H            0.80738693769680        2.16565775814299        1.60771873102501
H            1.78655065462649        2.83740426020049        0.30222309653335
H            3.62302722235241        1.28122788796431        0.38665018434899
H            4.50263249549932       -0.96260010924543       -0.07615480022092
H            2.92595737637479       -2.84767403152240       -0.49970467302941
H           -1.44458070931702        0.13439201097834       -3.01340481248618
H           -3.46830058160666        0.14936981068768       -1.97155447852005
H           -4.64238267432661        0.03524575824883        0.18628513282172
H           -3.34617185527417       -0.19445007911230        2.29657812455253
26
 energy: -46.466599658923 gnorm: 0.005559952160 xtb: 6.6.1 (8d0f1dd)
C            1.04116974180711        2.06798282664572        0.58968325945532
C            1.56990137950295        0.70491097874431        0.26372859285460
C            2.93765652294460        0.46759323509784        0.21801817608187
C            3.44111474659616       -0.79007242477579       -0.06496289109257
C            2.57880697015573       -1.84076917635900       -0.31985718531480
C            1.21983549260335       -1.60095173128078       -0.27744503576348
F            0.37080156492874       -2.62646326269325       -0.51833272541468
C            0.69173681685385       -0.35075870968630        0.01726303609711
C           -0.78002575723935       -0.18531277195626        0.06506359844826
C           -1.52388250940052       -0.07141940481860       -1.11502424538236
O           -0.84505616004402       -0.04549529206265       -2.29013307044536
C           -2.90936904701379        0.02338233805426       -1.05839337452917
C           -3.56277593613581       -0.00090169525203        0.16004270115500
C           -2.84863142066156       -0.10103227663207        1.33967268478552
C           -1.46968362545422       -0.18982965041507        1.26790271856543
F           -0.76630541965829       -0.28560255534938        2.41587343898837
H            0.16576884180327        2.29956846425318       -0.01915664479102
H            0.73832011149311        2.10876624865645        1.63928760627661
H            1.80516528498364        2.82733939924748        0.42091494178859
H            3.61809673219446        1.28426298535960        0.41123733907935
H            4.50832097356598       -0.95105474552227       -0.08877464925379
H            2.93998159099595       -2.83187768718758       -0.54529704942724
H           -1.46848973041591        0.04113614682178       -3.02466729810005
H           -3.47463980918833        0.10739282599960       -1.97653228554882
H           -4.63974891406772        0.05895709341441        0.18987773956925
H           -3.33806744114909       -0.11975215830394        2.30001262191782
26
 energy: -46.466733245731 gnorm: 0.007942904575 xtb: 6.6.1 (8d0f1dd)
C            1.03195003071809        2.05320809568396        0.63063960482455
C            1.56718798777090        0.69904962220902        0.27839862445980
C            2.93664605232131        0.47006803974050        0.22673280293795
C            3.44556454340200       -0.78037482886954       -0.07785888501459
C            2.58621885584112       -1.83031516007734       -0.34872391931170
C            1.22677589296545       -1.59809469480489       -0.30398370652458
F            0.38232980137529       -2.62369794299914       -0.56012183592795
C            0.69249581138895       -0.35410750163208        0.01131262180413
C           -0.77896304455226       -0.18978196780032        0.05892827632559
C           -1.52539817761072       -0.10308313205706       -1.12244765330793
O           -0.85511579639103       -0.11227675907541       -2.30302604489184
C           -2.91074214232164        0.00727873536760       -1.06198343636842
C           -3.55967536561520        0.02117103092095        0.15917758238374
C           -2.84291479649673       -0.05663175550163        1.33921120205893
C           -1.46454842466042       -0.15865910108780        1.26406895511738
F           -0.75804693138178       -0.23076861894726        2.41275456124254
H            0.18498595262940        2.31158082385949       -0.01007748017307
H            0.68043652230326        2.05655738357924        1.66817004385455
H            1.80763542284156        2.81377041702009        0.52456969706698
H            3.61062673017368        1.28979061435671        0.43139435485309
H            4.51335160749998       -0.93639197134423       -0.10618343947422
H            2.95656124697702       -2.81565717926271       -0.58805286842642
H           -1.48450328934033       -0.05390848913418       -3.03478297252445
H           -3.47685766204362        0.07439229175975       -1.98163602760942
H           -4.63636669126366        0.09506592795596        0.19200015051567
H           -3.32963313653024       -0.04818487986006        2.30152179210942
26
 energy: -46.466832884467 gnorm: 0.002798775135 xtb: 6.6.1 (8d0f1dd)
C            1.02872380373595        2.05171067930279        0.63178085725838
C            1.56688236669484        0.69907451836323        0.28040437229004
C            2.93587866109484        0.46982176309135        0.22853894800843
C            3.44417129834928       -0.77909474664304       -0.08030022345763
C            2.58596991413368       -1.82962740629894       -0.35200325291445
C            1.22625888620884       -1.59743964665366       -0.30543668455314
F            0.38220260408989       -2.62201847633159       -0.56399492018109
C            0.69300808018553       -0.35420542159642        0.01118893965970
C           -0.77797976011714       -0.18836387424978        0.05926378208127
C           -1.52475968551423       -0.10341266878931       -1.12079499176897
O           -0.85217361875928       -0.11297354812040       -2.29906383483245
C           -2.90957563075660        0.00519665486487       -1.06105544464839
C           -3.55949760232275        0.02357261259654        0.15930510628726
C           -2.84138622025424       -0.05355744779778        1.33828102123866
C           -1.46417921299655       -0.15617874842249        1.26361111275271
F           -0.75740994115826       -0.22979379686512        2.41180175498171
H            0.18640750715420        2.31215559692116       -0.00812804188175
H            0.67693286217810        2.05551922950068        1.66465898323901
H            1.80020429964702        2.81166900964047        0.53082215609312
H            3.61116822960215        1.28718001528934        0.43541124122721
H            4.51163467722108       -0.93581400314588       -0.10957627206208
H            2.95421893678277       -2.81415532185216       -0.59401721753453
H           -1.47851641902459       -0.06589972076807       -3.03229174827094
H           -3.47600864168023        0.07026648338292       -1.98021754150690
H           -4.63556411676179        0.09913137007998        0.19134568000671
H           -3.32661027773211       -0.04276410549907        2.30046821848785
26
 energy: -46.466866995766 gnorm: 0.001243456802 xtb: 6.6.1 (8d0f1dd)
C            1.02536174619771        2.05038861276693        0.63497014084904
C            1.56641417598609        0.69933184082428        0.28299410651070
C            2.93507011150388        0.47007985863249        0.23093138167749
C            3.44292974099787       -0.77765369851053       -0.08234826817953
C            2.58599331816593       -1.82831162205117       -0.35721164211902
C            1.22587044774653       -1.59641672905367       -0.30873349686351
F            0.38226457595080       -2.62014958587502       -0.56976537418089
C            0.69351575656573       -0.35434293364743        0.01120598444010
C           -0.77701553679626       -0.18769898794878        0.06007008578252
C           -1.52404359346190       -0.10498800928881       -1.11944109261866
O           -0.84900829868277       -0.11621961739272       -2.29569247695538
C           -2.90841951067268        0.00350744043723       -1.06044416173609
C           -3.55924620685992        0.02698201599523        0.15950138540223
C           -2.84006731837928       -0.04813511385809        1.33802689122437
C           -1.46374706924153       -0.15297721335559        1.26402980539486
F           -0.75686039089081       -0.22677475612563        2.41206533202217
H            0.18736843136362        2.31085761165934       -0.00780596809206
H            0.67013891934491        2.05150065011892        1.66462456381323
H            1.79556878133267        2.81017882387122        0.53933180162802
H            3.61181067760846        1.28526762553553        0.44030096931815
H            4.51025404437859       -0.93470315557488       -0.11378753877211
H            2.95233394611252       -2.81200483441935       -0.60320912827853
H           -1.47226657800575       -0.08288766283781       -3.03130240586866
H           -3.47526918125959        0.06508225622839       -1.97941497291577
H           -4.63482685462254        0.10404623194755        0.19066031647912
H           -3.32412313438185       -0.03396004807799        2.30044576203797
26
 energy: -46.466897227928 gnorm: 0.002356386479 xtb: 6.6.1 (8d0f1dd)
C            1.02081243453958        2.04819671921143        0.64142798072824
C            1.56581844148688        0.69908901320982        0.28766656030602
C            2.93415330727623        0.47037326782653        0.23486121027029
C            3.44189169894265       -0.77560876053115       -0.08595795668540
C            2.58657226831060       -1.82575262012161       -0.36694563992866
C            1.22580169536267       -1.59482290312482       -0.31543194059692
F            0.38284404684192       -2.61736822013374       -0.58124944723206
C            0.69415621614231       -0.35491669270974        0.01149543221719
C           -0.77585827724781       -0.18758280069445        0.06166034824918
C           -1.52315282807379       -0.10931476188578       -1.11795216670319
O           -0.84522697370933       -0.12471114527418       -2.29214601065878
C           -2.90702983438561        0.00073080524933       -1.05985847168364
C           -3.55851878123856        0.03242043904954        0.15991392167986
C           -2.83854270571820       -0.03806282431655        1.33840201106262
C           -1.46294618036725       -0.14678954712547        1.26540908045271
F           -0.75619495870408       -0.21914454673925        2.41367832340631
H            0.18944813336163        2.30958206971364       -0.00884974495154
H            0.65607111800980        2.04389702250172        1.66712632227982
H            1.79139253887538        2.80848890472972        0.55601440059330
H            3.61254723562166        1.28294532227729        0.44870425207258
H            4.50921499245065       -0.93281519853670       -0.11932991014679
H            2.95108746671012       -2.80808250665280       -0.61984625324059
H           -1.46475650902218       -0.11243581741128       -3.03134003170656
H           -3.47442859120481        0.05712269385716       -1.97880371969999
H           -4.63360963844263        0.11229373924048        0.19004974490860
H           -3.32154531581732       -0.01773265160948        2.30130370500720
26
 energy: -46.466918365920 gnorm: 0.001890289104 xtb: 6.6.1 (8d0f1dd)
C            1.01915988923165        2.04655195444860        0.64610800926745
C            1.56558168330341        0.69829037799846        0.29066585272854
C            2.93389559231844        0.47028560269820        0.23727583638925
C            3.44205772897199       -0.77464942726509       -0.08788592919908
C            2.58725343423613       -1.82390629741745       -0.37309859057322
C            1.22623235811751       -1.59386800614574       -0.32031886923726
F            0.38366419078839       -2.61586943715902       -0.58964306182420
C            0.69427640901049       -0.35547186924956        0.01163765543641
C           -0.77562742900754       -0.18815819011493        0.06249062640343
C           -1.52302840382809       -0.11334102748861       -1.11761618931840
O           -0.84462480892430       -0.13280570606674       -2.29157458853541
C           -2.90672459903844       -0.00125648751362       -1.05977213234612
C           -3.55786326690187        0.03560811328520        0.16015819052239
C           -2.83804592582532       -0.03145755346691        1.33892003144006
C           -1.46243361668741       -0.14237152960490        1.26627703584791
F           -0.75591051363290       -0.21205859556787        2.41495054769687
H            0.19237243406834        2.31049415682786       -0.01004392868432
H            0.64607645213431        2.03882722266871        1.66947126988149
H            1.79117616549017        2.80709157458184        0.56887312682500
H            3.61241492470226        1.28217556988598        0.45371873857540
H            4.50950714176031       -0.93133645959886       -0.12175268032403
H            2.95188740613801       -2.80519459585892       -0.63036765967781
H           -1.46314605890294       -0.13012368160983       -3.03174951546090
H           -3.47430612288805        0.05243274976003       -1.97881499406840
H           -4.63288650845067        0.11714449205476        0.19012631866186
H           -3.32095755618331       -0.00703395008191        2.30196689957291
26
 energy: -46.466957709644 gnorm: 0.001753003316 xtb: 6.6.1 (8d0f1dd)
C            1.01687423968923        2.04239560561665        0.65746841338483
C            1.56504794490908        0.69582693300340        0.29767316841924
C            2.93349733533505        0.46981703370031        0.24271134006233
C            3.44313575868736       -0.77251251293970       -0.09208874904871
C            2.58899031601927       -1.81933520118868       -0.38707282604902
C            1.22766179110977       -1.59155590116786       -0.33211501888108
F            0.38611886007346       -2.61247519444291       -0.61013302496235
C            0.69417195389839       -0.35681342230556        0.01174196486246
C           -0.77562685166425       -0.18984068921416        0.06388184538157
C           -1.52335989095252       -0.12419200553978       -1.11734256172857
O           -0.84546984692580       -0.15493574949543       -2.29170612479014
C           -2.90675345744443       -0.00681209390196       -1.05977647174480
C           -3.55641124452339        0.04239969037361        0.16062434009762
C           -2.83719897051571       -0.01619633137915        1.34004632306723
C           -1.46127609220302       -0.13124752561684        1.26776388987027
F           -0.75526413387962       -0.19289487601194        2.41745000325896
H            0.20259683476121        2.31542141595064       -0.01331297544665
H            0.62221346864645        2.02663976666423        1.67440030073215
H            1.79349124700228        2.80216567776141        0.60204883840330
H            3.61113285059318        1.28107171999600        0.46520175322918
H            4.51091707581743       -0.92740808559100       -0.12622735835284
H            2.95524636883938       -2.79792725440968       -0.65385662073029
H           -1.46352003323560       -0.16823080697223       -3.03216177685282
H           -3.47458152090388        0.04110276092945       -1.97906778450157
H           -4.63142743353477        0.12773103259072        0.19074200599445
H           -3.32020556959792        0.01780501359018        2.30310910632509
26
 energy: -46.466986738686 gnorm: 0.002089953614 xtb: 6.6.1 (8d0f1dd)
C            1.01633593377340        2.03904954965101        0.66775508503895
C            1.56461093834972        0.69395413616960        0.30291526266124
C            2.93324935714413        0.46939239360656        0.24657233342447
C            3.44406676245686       -0.77061624264538       -0.09540235325348
C            2.59018386594872       -1.81560815462962       -0.39741898941556
C            1.22882621477720       -1.58940233462339       -0.34109940084649
F            0.38818765353936       -2.60945755225924       -0.62582892612031
C            0.69394372693937       -0.35743451476245        0.01123101363579
C           -0.77580081076964       -0.19075727773857        0.06385428501452
C           -1.52416945664972       -0.13356558552189       -1.11766648448816
O           -0.84780041994342       -0.17522378331531       -2.29268723552542
C           -2.90738267948183       -0.01272194520604       -1.06014792707205
C           -3.55574852375642        0.04717698766091        0.16041557904207
C           -2.83643321144098       -0.00406486882385        1.34001575410742
C           -1.46045867156353       -0.12177748864745        1.26764933957766
F           -0.75449961965506       -0.17569060533137        2.41787672941387
H            0.21231965844567        2.32130988008065       -0.01218063571629
H            0.60693985625203        2.01672646237430        1.67891322472889
H            1.79631288447213        2.79675720095144        0.62971146272322
H            3.60964915418567        1.28038345871496        0.47394266848470
H            4.51202154284073       -0.92403153498711       -0.12994848059729
H            2.95808051405906       -2.79190688763930       -0.67086181020434
H           -1.46703179539702       -0.19528154866405       -3.03183484379762
H           -3.47548447685671        0.02972546338373       -1.97955071654391
H           -4.63070467054443        0.13509975443899        0.19087170906843
H           -3.31921272712459        0.03796403776262        2.30290535665957
26
 energy: -46.467010139127 gnorm: 0.001720733232 xtb: 6.6.1 (8d0f1dd)
C            1.01703762762182        2.03717888148499        0.67558866220819
C            1.56445597368401        0.69304861023495        0.30622971939747
C            2.93324057852165        0.46906272668643        0.24908701440098
C            3.44460845523950       -0.76926393580156       -0.09761300196035
C            2.59070660210884       -1.81312604127010       -0.40373933713128
C            1.22945048619287       -1.58752656606833       -0.34692600900957
F            0.38933677265064       -2.60695028511502       -0.63546590933436
C            0.69380000479180       -0.35715443861093        0.01020226149698
C           -0.77592067005646       -0.19070691087406        0.06280372176655
C           -1.52517201581071       -0.14039903659449       -1.11843392323587
O           -0.85056357577614       -0.19001451141665       -2.29407535318583
C           -2.90833308134320       -0.01817077680205       -1.06067381715860
C           -3.55578491542022        0.04942266185469        0.15982722770649
C           -2.83575612737694        0.00404696069195        1.33922524304484
C           -1.45990910374616       -0.11470241086616        1.26650576413539
F           -0.75362811340032       -0.16301065017577        2.41680837323507
H            0.21945306070198        2.32648058278890       -0.00847912767269
H            0.60002618175079        2.00994320656268        1.68295714657497
H            1.79919458187737        2.79259254625761        0.64850962708997
H            3.60876879146380        1.27982171213726        0.47966982680515
H            4.51259086051260       -0.92202184234196       -0.13246733883805
H            2.95954977216787       -2.78802769782425       -0.68066475844894
H           -1.47167789892354       -0.21058579192844       -3.03149884180573
H           -3.47681179157909        0.01979855373477       -1.98001553358545
H           -4.63064634971270        0.13862363736180        0.19064732455626
H           -3.31801510613929        0.05163981589354        2.30199303894832
26
 energy: -46.467048412928 gnorm: 0.000979588261 xtb: 6.6.1 (8d0f1dd)
C            1.01971652557796        2.03403472330434        0.69338692893734
C            1.56455668418152        0.69199217142050        0.31297874859117
C            2.93355241601202        0.46831677714417        0.25445601929605
C            3.44537159363025       -0.76655894012763       -0.10219838517905
C            2.59116364215775       -1.80804765160292       -0.41655429737756
C            1.23018897170251       -1.58280376444696       -0.35906909387565
F            0.39078819054393       -2.60051907372375       -0.65505200943148
C            0.69365073106133       -0.35521557840836        0.00709960265617
C           -0.77598292944783       -0.18921415457531        0.05935298060238
C           -1.52769520744192       -0.15487158317105       -1.12071294138675
O           -0.85731677090732       -0.22161343953077       -2.29770488912385
C           -2.91087499280513       -0.03172082531712       -1.06202423802161
C           -3.55646246172360        0.05265597830935        0.15818753477661
C           -2.83401803997071        0.02124472045627        1.33672602699371
C           -1.45865637259745       -0.09879216803347        1.26292043918333
F           -0.75112672861189       -0.13427328614574        2.41300888301923
H            0.23503053800448        2.33883185221619        0.00236009017949
H            0.58867912746579        1.99552838020971        1.69320296652194
H            1.80658470904444        2.78391575696304        0.68890647171598
H            3.60785541659351        1.27790487005639        0.49220387996101
H            4.51328466667185       -0.91875831745126       -0.13811492809550
H            2.96109491399779       -2.78039594857779       -0.70024772439204
H           -1.48313266811213       -0.24049205876059       -3.03134129387117
H           -3.48058577241376       -0.00538870454177       -1.98105082215057
H           -4.63110314767213        0.14318774181399        0.18984935195095
H           -3.31456203494038        0.08105152252035        2.29943269851983
26
 energy: -46.467064956837 gnorm: 0.000655035484 xtb: 6.6.1 (8d0f1dd)
C            1.02172790547876        2.03262652822453        0.70580779622559
C            1.56513498447003        0.69209563683234        0.31785122118773
C            2.93403242073538        0.46778572096252        0.25832399447409
C            3.44526617182965       -0.76504008384509       -0.10579171745098
C            2.59072397377903       -1.80460259734344       -0.42592113051642
C            1.22983303014021       -1.57886013233602       -0.36740058748544
F            0.39030101030925       -2.59491719732844       -0.66799406263659
C            0.69376432372067       -0.35283209194083        0.00513462712414
C           -0.77573481092473       -0.18703906823851        0.05718273389204
C           -1.52915441562826       -0.16413589857956       -1.12206997160582
O           -0.86073825882502       -0.24079653683065       -2.29935066181265
C           -2.91241263633095       -0.04188209464312       -1.06280020691097
C           -3.55709547919904        0.05357529161410        0.15698730242316
C           -2.83291087656501        0.03310856970808        1.33481952366833
C           -1.45786485216866       -0.08730226767353        1.26057338183760
F           -0.74955244105712       -0.11454899337604        2.41048017644951
H            0.24480963137146        2.34699838789667        0.01055366816434
H            0.58166329712800        1.98654733961274        1.70117232681871
H            1.81152660691120        2.77915868993483        0.71564238341376
H            3.60885734551442        1.27542585717730        0.50109215808227
H            4.51307022009186       -0.91782727236031       -0.14277289156436
H            2.95990876637780       -2.77571055975860       -0.71465551115211
H           -1.48824273531480       -0.26232739671998       -3.03195190734908
H           -3.48317335695711       -0.02487679633176       -1.98143718246390
H           -4.63164027934202        0.14400433047039        0.18888560324293
H           -3.31209854554403        0.10137163487221        2.29764093394415
26
 energy: -46.467073695749 gnorm: 0.000581413864 xtb: 6.6.1 (8d0f1dd)
C            1.02364942276584        2.03248961342404        0.71290758201118
C            1.56583779462341        0.69267435177597        0.32080076245695
C            2.93449520040099        0.46741247468386        0.26017464427286
C            3.44470276631571       -0.76455925308624       -0.10816474671792
C            2.58961706917362       -1.80259270138305       -0.43133368086468
C            1.22879753429821       -1.57601361437849       -0.37168785506340
F            0.38861301030427       -2.59068023837821       -0.67473874218030
C            0.69374597491264       -0.35070066572004        0.00464894325311
C           -0.77566708833552       -0.18501498462900        0.05648575446047
C           -1.52966316264405       -0.16849970836800       -1.12252379486990
O           -0.86147093229084       -0.24948560440096       -2.29944659012017
C           -2.91306755112102       -0.04809526817182       -1.06330884577063
C           -3.55766229634907        0.05292031935263        0.15597797937612
C           -2.83291716916765        0.03918413289620        1.33348868815009
C           -1.45791875125158       -0.08093438574498        1.25949698590247
F           -0.74955952604436       -0.10348059519695        2.40948969789862
H            0.24888398832976        2.35087088900141        0.01748715496850
H            0.58153882752278        1.98349232970118        1.70687420701511
H            1.81435211049390        2.77744739192816        0.72746958523999
H            3.61051542568048        1.27323519396310        0.50559478425517
H            4.51240069077538       -0.91818347369644       -0.14616725123823
H            2.95742026735123       -2.77323945324904       -0.72329800970384
H           -1.48852183916476       -0.27498134275194       -3.03235127821297
H           -3.48428245149992       -0.03726375231711       -1.98171489615538
H           -4.63228163521180        0.14207092501352        0.18761160096695
H           -3.31155667986662        0.11192641973206        2.29622932066987
26
 energy: -46.467080988762 gnorm: 0.000608025263 xtb: 6.6.1 (8d0f1dd)
C            1.02589637374593        2.03293252949297        0.71833214936750
C            1.56659479576003        0.69348078831742        0.32306375454178
C            2.93495285291620        0.46698929074291        0.26154601595750
C            3.44392607842678       -0.76445192911725       -0.11039076765550
C            2.58800524035279       -1.80104169055017       -0.43565524204367
C            1.22734620743637       -1.57338412663125       -0.37466309702760
F            0.38625334698251       -2.58670379246311       -0.67939908460474
C            0.69355597575106       -0.34846506919066        0.00464062594285
C           -0.77577140663233       -0.18268147827414        0.05650998363488
C           -1.52977987440153       -0.17129469783627       -1.12258512517336
O           -0.86098356412657       -0.25449610563774       -2.29881857371211
C           -2.91336453600376       -0.05344144468861       -1.06391152840040
C           -3.55833821730096        0.05121482605671        0.15488231423961
C           -2.83355698187963        0.04311475325935        1.33237184439951
C           -1.45844300292131       -0.07564522877218        1.25903630529219
F           -0.75047558831083       -0.09469125649526        2.40930871256976
H            0.25087058164935        2.35336714235684        0.02424348736798
H            0.58472477342621        1.98207014573560        1.71253768466529
H            1.81733761227501        2.77700612823719        0.73396114956335
H            3.61225694466040        1.27122207531472        0.50844166771103
H            4.51147647951106       -0.91891455697940       -0.14950622501958
H            2.95424768530093       -2.77143205542436       -0.73020869481461
H           -1.48694443889246       -0.28515829721403       -3.03235145744903
H           -3.48459109319218       -0.04729756946420       -1.98224807175971
H           -4.63308067324711        0.13889701470538        0.18599624143586
H           -3.31211457128488        0.11880360451941        2.29486793097128
26
 energy: -46.467089659112 gnorm: 0.000738704300 xtb: 6.6.1 (8d0f1dd)
C            1.02924205417331        2.03383369443227        0.72457014000565
C            1.56769199179331        0.69455760694694        0.32553784066836
C            2.93569024951262        0.46642429498969        0.26222786414469
C            3.44291491727888       -0.76469360381222       -0.11317015607266
C            2.58560408246405       -1.79947288507142       -0.44027581905083
C            1.22525711895210       -1.57024139443614       -0.37751268887546
F            0.38278341385173       -2.58191165311160       -0.68385248030100
C            0.69318463378634       -0.34560472199661        0.00522312387654
C           -0.77606342960098       -0.17965430510284        0.05704870822149
C           -1.52961909521226       -0.17361285602241       -1.12249092740425
O           -0.85962958594513       -0.25888669914392       -2.29783029277935
C           -2.91347055907501       -0.05899781340013       -1.06491782285048
C           -3.55928112473764        0.04857732840226        0.15319464922038
C           -2.83498926552153        0.04660427876307        1.33094411916059
C           -1.45957472123426       -0.06998322325342        1.25883195308803
F           -0.75243506621318       -0.08424858356869        2.40971324431737
H            0.25111338179197        2.35523163220239        0.03455711853739
H            0.59284251945704        1.98225070081226        1.72078486184581
H            1.82095113525955        2.77751255935261        0.73716757418499
H            3.61452131987800        1.26884991346260        0.51091804494141
H            4.51026146336049       -0.92025872247374       -0.15369444349498
H            2.94998308380651       -2.76964323696390       -0.73782983132219
H           -1.48423894116317       -0.29626714161564       -3.03208366681517
H           -3.48441230813424       -0.05848336435795       -1.98345824590279
H           -4.63428005656081        0.13323148257892        0.18341191292894
H           -3.31404621196656        0.12488571238751        2.29298721972760
26
 energy: -46.467101180285 gnorm: 0.000628740256 xtb: 6.6.1 (8d0f1dd)
C            1.03484056600675        2.03533998869653        0.73370369029488
C            1.56937102568407        0.69614828816136        0.32919981446186
C            2.93687312441051        0.46541353480863        0.26352329165345
C            3.44141259806479       -0.76520085402751       -0.11725207175706
C            2.58175795302594       -1.79725320610746       -0.44680212260781
C            1.22201541595719       -1.56560061995209       -0.38124072392096
F            0.37733187488188       -2.57485940511291       -0.68963754137580
C            0.69250331108811       -0.34122494245744        0.00630452235031
C           -0.77663597316246       -0.17491280281494        0.05799850094744
C           -1.52928082407344       -0.17701512368343       -1.12239548954188
O           -0.85749283661449       -0.26475679336102       -2.29647694207661
C           -2.91353846751646       -0.06749601695297       -1.06677452336041
C           -3.56083750950934        0.04356465469884        0.15029486000787
C           -2.83754988271023        0.05098277140286        1.32864552845027
C           -1.46156707801183       -0.06108410879656        1.25858269005151
F           -0.75592586531370       -0.06850217382902        2.41044214519884
H            0.24962087697516        2.35696977441838        0.05171890924916
H            0.60872321209414        1.98327681225501        1.73451890202431
H            1.82691496789613        2.77897272016017        0.73868970009425
H            3.61766105096826        1.26572363172491        0.51346318982548
H            4.50843477718183       -0.92240627165715       -0.16015866441372
H            2.94362684692344       -2.76712583209941       -0.74831773925263
H           -1.48062227136322       -0.31162843343641       -3.03130243635739
H           -3.48361491736670       -0.07371286900877       -1.98571556270596
H           -4.63622774480468        0.12410651867193        0.17913612307737
H           -3.31779323071043        0.13227975829840        2.28985394968333
26
 energy: -46.467111460556 gnorm: 0.000432501901 xtb: 6.6.1 (8d0f1dd)
C            1.04126915165485        2.03668951063398        0.74450061075244
C            1.57115560263341        0.69771053813729        0.33315797395864
C            2.93819191548881        0.46436500326355        0.26423703806854
C            3.43985098047351       -0.76566909141541       -0.12188259588544
C            2.57755538644879       -1.79481217366251       -0.45378481096659
C            1.21855598036289       -1.56056750367125       -0.38541825101803
F            0.37148380442443       -2.56725017483188       -0.69608764386478
C            0.69167009265724       -0.33652050623314        0.00747736907434
C           -0.77736469331022       -0.16996524726959        0.05885201595334
C           -1.52881621660962       -0.18073917425910       -1.12245561340208
O           -0.85531827737601       -0.27230093005877       -2.29536625749408
C           -2.91348413193848       -0.07614685472496       -1.06909724783596
C           -3.56250216976916        0.03883477705032        0.14678255187105
C           -2.84058468425976        0.05584463265162        1.32576514762882
C           -1.46398459574112       -0.05151966096125        1.25798819809088
F           -0.76002456158057       -0.04988980020928        2.41095270804124
H            0.24517994160483        2.35713916333005        0.07443903866654
H            0.63069840336171        1.98490751598013        1.75217834260058
H            1.83279661352189        2.78115766949730        0.73684897979299
H            3.62083524574193        1.26241282284322        0.51680157141895
H            4.50649322405722       -0.92465235904996       -0.16715877053513
H            2.93707135536683       -2.76420365808581       -0.75974626528497
H           -1.47739702676847       -0.32843496446541       -3.03028721420658
H           -3.48251895259045       -0.09065318147599       -1.98873656352611
H           -4.63836743091871        0.11376365283050        0.17410087079185
H           -3.32244395693447        0.14049899415628        2.28594081730970
26
 energy: -46.467117733596 gnorm: 0.000333617484 xtb: 6.6.1 (8d0f1dd)
C            1.04548590666660        2.03701848708447        0.75282986402631
C            1.57217572407665        0.69840419728411        0.33636351052162
C            2.93897966682389        0.46350445787147        0.26560555195226
C            3.43897347354803       -0.76578122111836       -0.12488817688663
C            2.57500756168822       -1.79292579730451       -0.45908796264612
C            1.21651894646790       -1.55723865790903       -0.38872078130194
F            0.36804927767099       -2.56230619026511       -0.70109303261243
C            0.69109577487918       -0.33361099784232        0.00819842173156
C           -0.77787933148346       -0.16687343542653        0.05915360005344
C           -1.52855410278526       -0.18430010810760       -1.12278749770507
O           -0.85415097403706       -0.27895410197904       -2.29497396337641
C           -2.91345833752970       -0.08260913635875       -1.07101108873395
C           -3.56363693117058        0.03553562109176        0.14395673356162
C           -2.84264067011225        0.06010616044040        1.32343303146910
C           -1.46562731561574       -0.04399643387711        1.25724195083889
F           -0.76293824619662       -0.03631111044451        2.41086539318874
H            0.23904228386485        2.35515144931953        0.09398623614843
H            0.64967489867347        1.98594845671116        1.76667344939211
H            1.83557432250151        2.78305862522619        0.73282536009458
H            3.62247094062437        1.26041060960255        0.51922429606500
H            4.50538762236860       -0.92569611705999       -0.17214698022537
H            2.93332208588250       -2.76179686496934       -0.76816799946805
H           -1.47599213121415       -0.34096543973147       -3.02960848734926
H           -3.48152339724530       -0.10155163525231       -1.99100000905858
H           -4.63969378231794        0.10818715254261        0.17029790557369
H           -3.32566226602731        0.14759103047169        2.28283267474665
26
 energy: -46.467122882229 gnorm: 0.000438627401 xtb: 6.6.1 (8d0f1dd)
C            1.04743110422703        2.03633329057232        0.75897937118646
C            1.57238113952172        0.69833965709176        0.33855928923526
C            2.93917116419157        0.46305152099290        0.26677105074728
C            3.43863664891164       -0.76534845671094       -0.12681878072393
C            2.57404170396531       -1.79148393605552       -0.46273153550134
C            1.21580772043792       -1.55547608921085       -0.39139095408384
F            0.36695119963626       -2.55975230468230       -0.70541519169036
C            0.69072691201924       -0.33243126476977        0.00823109440160
C           -0.77820138810593       -0.16576581920612        0.05885605376568
C           -1.52847357754190       -0.18730222505209       -1.12328090929167
O           -0.85389573105326       -0.28539201700174       -2.29513868280217
C           -2.91342405070640       -0.08605004359207       -1.07236120991298
C           -3.56409425934052        0.03553379938280        0.14205084921133
C           -2.84361001628721        0.06407520595118        1.32162204192394
C           -1.46648683054112       -0.03920684404693        1.25626429276208
F           -0.76444414906261       -0.02702832797518        2.41015998078022
H            0.23149199802353        2.35116493562389        0.11024101664677
H            0.66525331272989        1.98588388035830        1.77823568182214
H            1.83535677001748        2.78454714035063        0.72743820844152
H            3.62275809952274        1.25936323176198        0.52220198546871
H            4.50494629336211       -0.92552090125887       -0.17484786132969
H            2.93217348202033       -2.75969806610351       -0.77406823473574
H           -1.47595876541102       -0.35010890821502       -3.02925887971101
H           -3.48104862939552       -0.10856957691664       -1.99265503619940
H           -4.64025459251565        0.10679420711984        0.16788095445615
H           -3.32723455862419        0.15404691159192        2.28047740513321
26
 energy: -46.467129578878 gnorm: 0.000509146524 xtb: 6.6.1 (8d0f1dd)
C            1.04761499566403        2.03432481061967        0.76555402344643
C            1.57193232197947        0.69746220028978        0.34084360836152
C            2.93890903771557        0.46271393368244        0.26874213297047
C            3.43884648748918       -0.76437694770249       -0.12785120397274
C            2.57444979412445       -1.78992374993104       -0.46655356332912
C            1.21623574194989       -1.55455891515639       -0.39488755334305
F            0.36786237722769       -2.55859193956689       -0.71100137764238
C            0.69052782784530       -0.33256844075413        0.00766863017035
C           -0.77835987801528       -0.16605423905763        0.05789431907687
C           -1.52865314568043       -0.19133896467363       -1.12421378167263
O           -0.85448633969197       -0.29397576702288       -2.29592685975327
C           -2.91354655558056       -0.08882614476359       -1.07376101347507
C           -3.56421479913319        0.03734016077974        0.14015565577760
C           -2.84375956426492        0.06958348658785        1.31972362224223
C           -1.46667914599943       -0.03466101100002        1.25482162589110
F           -0.76491704868011       -0.01880456669269        2.40872083483357
H            0.21986492938502        2.34393918968487        0.12940379482583
H            0.68241278534509        1.98492696530511        1.79117206878267
H            1.83164709074128        2.78601411568020        0.71933702181327
H            3.62185964889377        1.25884179118527        0.52650792027180
H            4.50519521318475       -0.92403650318462       -0.17647329232768
H            2.93325346628389       -2.75711932882068       -0.78034785859814
H           -1.47728300467302       -0.36043035090342       -3.02939499689632
H           -3.48094168271217       -0.11343567462574       -1.99408809298454
H           -4.64026702470641        0.11011130628528        0.16574590044371
H           -3.32750252869042        0.16344358375560        2.27821043508775
26
 energy: -46.467135765697 gnorm: 0.000588088351 xtb: 6.6.1 (8d0f1dd)
C            1.04632865934752        2.03149986596349        0.77209973064389
C            1.57091104915842        0.69604254060718        0.34328895104633
C            2.93820377015748        0.46252756534015        0.27167454934833
C            3.43941016278900       -0.76284394433171       -0.12858664430523
C            2.57597373565285       -1.78816135734230       -0.47065389425531
C            1.21754109202318       -1.55424782029059       -0.39898847542888
F            0.37036776004884       -2.55838230604988       -0.71787168653030
C            0.69046718090419       -0.33370524554893        0.00650147698863
C           -0.77838543862391       -0.16759200356596        0.05635423734729
C           -1.52916228431235       -0.19629558195071       -1.12545776128074
O           -0.85586811417468       -0.30456666732325       -2.29712722463179
C           -2.91387052883002       -0.09060604728134       -1.07494569663534
C           -3.56393009788348        0.04194693068481        0.13863239232902
C           -2.84305537032283        0.07665270102848        1.31789567987394
C           -1.46623317219047       -0.03059760933456        1.25304053331311
F           -0.76430986235177       -0.01217960066769        2.40674183089747
H            0.20665967708734        2.33516901088281        0.14878433136115
H            0.69837860323848        1.98290504526636        1.80384611770221
H            1.82577737318200        2.78709977010787        0.71134815305689
H            3.62012408179532        1.25866000575551        0.53203535615641
H            4.50591110844984       -0.92157478774248       -0.17695155789069
H            2.93592576480210       -2.75415134839239       -0.78680809137578
H           -1.47938496660946       -0.37156420035377       -3.02997432948406
H           -3.48159594303574       -0.11774464240658       -1.99515847773794
H           -4.63984758204466        0.11683932292742        0.16418484239709
H           -3.32633565825565        0.17486940401808        2.27609765709453
26
 energy: -46.467139653000 gnorm: 0.000481931684 xtb: 6.6.1 (8d0f1dd)
C            1.04436734287582        2.02851215779151        0.77794174582782
C            1.56969819402005        0.69454400870180        0.34524134698786
C            2.93728507598899        0.46256677585023        0.27410677164815
C            3.44003613556991       -0.76124696045096       -0.12853549487861
C            2.57793095174819       -1.78645316372547       -0.47421671404812
C            1.21915388010484       -1.55415626138168       -0.40322970086495
F            0.37347139664319       -2.55853080869384       -0.72506458490560
C            0.69046933739928       -0.33522511356047        0.00510922300771
C           -0.77834360854757       -0.16956948830652        0.05470617755488
C           -1.52980108920564       -0.20099944307251       -1.12663433454248
O           -0.85748900972724       -0.31473178324659       -2.29822702684525
C           -2.91428897520466       -0.09224911234836       -1.07579464804432
C           -3.56350485361814        0.04642459744937        0.13744855337977
C           -2.84198643448830        0.08334996024516        1.31631820163604
C           -1.46548812387968       -0.02753790829095        1.25125463304664
F           -0.76314585871251       -0.00735293576432        2.40471013311931
H            0.19464017016398        2.32668691297505        0.16590120725163
H            0.71134196502858        1.98065090416730        1.81465468884190
H            1.81920963179194        2.78766685964114        0.70466296839617
H            3.61821707544820        1.25851379855619        0.53787901206408
H            4.50675072781819       -0.91876083939166       -0.17652280363703
H            2.93909090780823       -2.75118541968328       -0.79298185398218
H           -1.48153225361708       -0.38260471172866       -3.03076410963400
H           -3.48250655631200       -0.12079136649071       -1.99557057891963
H           -4.63912151393401        0.12556771294895        0.16312936300269
H           -3.32445351516102        0.18691062780928        2.27447982453778
