26
 energy: -46.441051453503 gnorm: 0.103986673725 xtb: 6.6.1 (8d0f1dd)
C           -0.90225200000000       -1.48821400000000        1.52356000000000
C           -1.42567600000000       -0.38463100000000        0.69950000000000
C           -2.75179500000000       -0.02933700000000        0.84899900000000
C           -3.31540100000000        0.99628300000000        0.11087200000000
C           -2.51986300000000        1.67521400000000       -0.79647300000000
C           -1.19180900000000        1.35692400000000       -0.98058000000000
F           -0.41099100000000        2.03860500000000       -1.88513500000000
C           -0.68103200000000        0.32619300000000       -0.21884000000000
C            0.70870900000000       -0.03940100000000       -0.38172900000000
C            1.65955600000000        0.56793400000000        0.39066300000000
O            1.32277200000000        1.55109200000000        1.35215900000000
C            2.97903900000000        0.20423600000000        0.21896300000000
C            3.38472900000000       -0.74432400000000       -0.69626400000000
C            2.39310400000000       -1.33080400000000       -1.45344700000000
C            1.06524700000000       -0.98651500000000       -1.30303800000000
F            0.10706700000000       -1.60992300000000       -2.09314100000000
H            0.19028000000000       -1.44807400000000        1.67712300000000
H           -1.34112400000000       -1.38160100000000        2.54097100000000
H           -1.25396900000000       -2.49200500000000        1.17333000000000
H           -3.37624400000000       -0.56506300000000        1.56376600000000
H           -4.36090000000000        1.27762500000000        0.22760400000000
H           -2.91943400000000        2.49489500000000       -1.40460100000000
H            1.82034400000000        2.40477700000000        1.44462000000000
H            3.73456900000000        0.68227900000000        0.82801000000000
H            4.43439500000000       -0.99274700000000       -0.79069300000000
H            2.65067800000000       -2.08341700000000       -2.18951900000000
26
 energy: -46.457628389297 gnorm: 0.046225384300 xtb: 6.6.1 (8d0f1dd)
C           -0.91538940366961       -1.48084901860259        1.55145487539665
C           -1.45602266303609       -0.37956558859506        0.71019269511766
C           -2.78748743960266       -0.01822605434128        0.84873792532649
C           -3.33599335197462        1.00854713331634        0.10178666873151
C           -2.54960538532589        1.69456432722573       -0.80628673093867
C           -1.22424460410062        1.35132312234144       -0.96671258262727
F           -0.44125345138819        2.02353045231709       -1.85423943580028
C           -0.69037679469354        0.32172802940938       -0.21099347811889
C            0.72246265074791       -0.03302351511980       -0.38131647585316
C            1.69128787100570        0.59136473031644        0.38571838914774
O            1.30303490009213        1.52457262953561        1.33558748360653
C            3.01695904633394        0.22336096099208        0.22642564815865
C            3.39417233811135       -0.74174178627412       -0.69378271207291
C            2.41850382954304       -1.34676024914013       -1.46524356600177
C            1.09692831437366       -0.99226505237876       -1.30025258122216
F            0.14317196933349       -1.60152700765129       -2.06830760391827
H            0.17242551737958       -1.45863378185101        1.64404727076471
H           -1.33845156984271       -1.39768854675299        2.56109464981591
H           -1.21883776231549       -2.46197485199459        1.16025587315078
H           -3.40507044819766       -0.55043158055558        1.56147167000974
H           -4.37193424551304        1.28611298332949        0.22173625067138
H           -2.94588233006503        2.50637039528908       -1.40610747588288
H            1.84695111031870        2.32819829304161        1.41106003730480
H            3.76905559605731        0.70023431750800        0.83831343738887
H            4.43452087698571       -1.00016150663797       -0.79682228512011
H            2.67107442944265       -2.09705783472714       -2.20113794703506
26
 energy: -46.462727332264 gnorm: 0.014602887609 xtb: 6.6.1 (8d0f1dd)
C           -0.92979890571473       -1.48009874912615        1.56382209152362
C           -1.48400302495556       -0.37375850851790        0.72059422066540
C           -2.81862844367675       -0.00706489896201        0.85066190131496
C           -3.35655812476209        1.01813143839008        0.09556005980661
C           -2.57405793866250        1.70839255892718       -0.81284006319475
C           -1.25007579463379        1.34240487323383       -0.94861886583087
F           -0.46546171104235        2.00738319907934       -1.82340853824340
C           -0.69625782815506        0.31325376828344       -0.20019964811881
C            0.73033037364969       -0.03458892446425       -0.37798915175756
C            1.71103183985507        0.60005999453518        0.38639562854699
O            1.28506576488038        1.51369750727245        1.30290760234409
C            3.04413842085657        0.24134481803729        0.22885145895271
C            3.40254774948026       -0.72840932062308       -0.69423267399497
C            2.44333612915863       -1.35412307574184       -1.47219640395234
C            1.12244466424708       -0.99637187004018       -1.29672055180034
F            0.17525299479751       -1.59964342490567       -2.04316472764769
H            0.15495750333013       -1.44543032341822        1.62016071076342
H           -1.33805326525942       -1.41351152901105        2.56759464729268
H           -1.21168794141600       -2.44596701868409        1.14669332308821
H           -3.43465270696078       -0.53739894300655        1.55991804619766
H           -4.39104654574639        1.29073757355034        0.21687554772933
H           -2.96744448192455        2.51529741482523       -1.40746662699849
H            1.91593546299799        2.24661748356669        1.39087524958198
H            3.79597060993386        0.72392333157744        0.83510854777163
H            4.43924203629273       -0.99895943366507       -0.80116692589510
H            2.69747216343005       -2.10591694111244       -2.20133485814495
26
 energy: -46.463637043375 gnorm: 0.020762736706 xtb: 6.6.1 (8d0f1dd)
C           -0.94158326651030       -1.48068644360519        1.56499190823911
C           -1.49734431398142       -0.36954159420528        0.72638916404427
C           -2.83247834270931       -0.00063490699426        0.85244422235018
C           -3.36811442950703        1.02237054172028        0.09335545924926
C           -2.58173444425207        1.70971342724554       -0.81441304298028
C           -1.25804740613610        1.33681639627320       -0.94155382513821
F           -0.47190185171123        2.00099183660844       -1.81510340299659
C           -0.69937962980881        0.30780088722175       -0.19466297536014
C            0.73009217012556       -0.04066948828366       -0.37681724361563
C            1.71483192130127        0.60298019325458        0.38028163268489
O            1.28865930619077        1.52013402490107        1.28764424156874
C            3.05117888197769        0.25465380980211        0.21916553195523
C            3.40893813937236       -0.71848096383552       -0.69763543660126
C            2.45352424062820       -1.35611446832965       -1.46978568024318
C            1.12905537232344       -1.00429711304145       -1.29198575321895
F            0.18473347271106       -1.61699511423396       -2.02998891687182
H            0.14265987397888       -1.43358469328354        1.61412826185226
H           -1.34650333547435       -1.42917560345889        2.57163402150198
H           -1.21644716369140       -2.44314566715820        1.13356650912262
H           -3.45218629375641       -0.52758121527163        1.56151333709950
H           -4.40517954941955        1.29369749792897        0.21167317456810
H           -2.97329364123236        2.51581631852827       -1.41151780454162
H            1.97543661807076        2.20391645465951        1.42108293791521
H            3.80457199145985        0.74738330273121        0.81666201777229
H            4.44751691709615       -0.98612259656966       -0.80944919257443
H            2.71299376295435       -2.10924382260403       -2.19493914578153
26
 energy: -46.464555836507 gnorm: 0.021586835560 xtb: 6.6.1 (8d0f1dd)
C           -0.96169594657319       -1.48513326857267        1.56416786847722
C           -1.51475989215151       -0.36498130121416        0.73490106511645
C           -2.84878608487062        0.00950933102789        0.85548186823552
C           -3.38031570386653        1.03051317247352        0.09093200559085
C           -2.58416559612967        1.71025656828961       -0.81471743255644
C           -1.26126687092575        1.32938470834961       -0.93047348394562
F           -0.47237573972599        1.99180971117844       -1.80601406191372
C           -0.70155715480034        0.29926290637027       -0.18399741828064
C            0.72915139703950       -0.05386887598415       -0.37019398050463
C            1.71981024895564        0.60628752057866        0.36993718728808
O            1.30177701580041        1.52974725506225        1.27165160393073
C            3.06025033031744        0.27977308492087        0.19493321989293
C            3.42022036714761       -0.69979333887942       -0.71052631322205
C            2.46523679716662       -1.35800108924109       -1.46423738160801
C            1.13521718872751       -1.01955783963568       -1.27983604915634
F            0.19387352109523       -1.65285467012839       -2.00516483937252
H            0.12109833714149       -1.42287457388627        1.61631733028236
H           -1.36979112922871       -1.45720090180349        2.57256021029923
H           -1.22859355988447       -2.44271476447807        1.11364100914327
H           -3.47621249503081       -0.51118162055205        1.56409048352239
H           -4.42060953184926        1.30259483990968        0.20233144024754
H           -2.97051457547314        2.51586826954358       -1.41816243863339
H            2.03431860258213        2.14801314033989        1.47599142050093
H            3.81622198768730        0.78971198227656        0.77728822802663
H            4.46208479203047       -0.95912779649336       -0.83183698979243
H            2.73138269481864       -2.11544144945200       -2.18238455156833
26
 energy: -46.465190459872 gnorm: 0.010827011460 xtb: 6.6.1 (8d0f1dd)
C           -0.97955634513888       -1.49354998725632        1.56271968259981
C           -1.52517190998457       -0.36548515559324        0.74000795767133
C           -2.85673400452844        0.01580573175790        0.85694746151807
C           -3.38283916608893        1.03809404797435        0.08972695444114
C           -2.57718396991573        1.71075072268029       -0.81304391048093
C           -1.25555825592535        1.32494138304000       -0.92175536570444
F           -0.46328979548056        1.98575075572185       -1.79905204867247
C           -0.70112542261266        0.29263289742871       -0.17402646122258
C            0.72851294015432       -0.06477445467304       -0.36011752644683
C            1.72257115156572        0.60873843320727        0.36426679034612
O            1.31434607005016        1.53911116332149        1.26349567706544
C            3.06492229915160        0.30069388054058        0.17312491682092
C            3.42840432641643       -0.68291511264547       -0.72582599358125
C            2.46998670103149       -1.35907095331129       -1.45819782166741
C            1.13721907089336       -1.03277481104501       -1.26486441851827
F            0.19719438383529       -1.68615280040526       -1.97824824931010
H            0.10179460212886       -1.42565166086071        1.62923675574740
H           -1.39954035412639       -1.48219828965044        2.56758891026269
H           -1.23965229620708       -2.44662070827446        1.09737770642608
H           -3.49079067515125       -0.49999833471957        1.56430746465803
H           -4.42345130324680        1.31409963753829        0.19527324079646
H           -2.95663140691056        2.51682537278312       -1.42180584277252
H            2.05314907364413        2.11475182497780        1.51060110473960
H            3.82254245264077        0.82769417223110        0.73961613786079
H            4.47265808547372       -0.92953006480030       -0.85965563851481
H            2.73822274833136       -2.12116668996760       -2.17101748406222
26
 energy: -46.465576673279 gnorm: 0.021170485304 xtb: 6.6.1 (8d0f1dd)
C           -0.99941150480627       -1.50662980291659        1.56102551728159
C           -1.53327344042056       -0.37108082979210        0.74129526937649
C           -2.86087532229444        0.01920854156899        0.85628317128579
C           -3.37960811425773        1.04544030364325        0.08801226312785
C           -2.56529035411352        1.71078840738002       -0.81206480870991
C           -1.24608635141935        1.32094138544745       -0.91655192109967
F           -0.44968001812035        1.97929598395018       -1.79485878932333
C           -0.70160971310269        0.28576997903012       -0.16641811820606
C            0.72599674770258       -0.07120708538023       -0.35089918266496
C            1.72004997826705        0.62066731470150        0.35378057275352
O            1.31927245907604        1.56694527251849        1.24143203139410
C            3.06261988153911        0.32620225426886        0.14965181961124
C            3.43247160983075       -0.66139960835296       -0.74453456664905
C            2.46960820221272       -1.36083449760638       -1.44900103492916
C            1.13627378277420       -1.04847829736112       -1.24369154880845
F            0.19780253361988       -1.72936776366896       -1.93863124337124
H            0.07989425428019       -1.43860333553075        1.65617510636949
H           -1.44419372660489       -1.51088332484772        2.55469599418204
H           -1.24611707230221       -2.45410526971536        1.07973306354474
H           -3.50014356649570       -0.49210173184179        1.56217757347286
H           -4.41737869410221        1.32837180108876        0.18912504760088
H           -2.93547200881931        2.51746682471519       -1.42549963176147
H            2.09959209851593        2.06533737296586        1.57076298452182
H            3.81992828970990        0.87628363230920        0.69489453843656
H            4.47855673724492       -0.88728604351599       -0.89592802384872
H            2.73707231208594       -2.13074048305786       -2.15428608358693
26
 energy: -46.465982123522 gnorm: 0.007654498625 xtb: 6.6.1 (8d0f1dd)
C           -1.00745166142485       -1.51749141332796        1.56044249771529
C           -1.53079354921665       -0.37857308055218        0.73962529061226
C           -2.85659879313362        0.01670860555948        0.85377021384454
C           -3.36936830245137        1.04853359781334        0.08829415690922
C           -2.55247615847619        1.71310146117338       -0.80917235726870
C           -1.23417538943378        1.32215694355456       -0.91453604571162
F           -0.43386046313061        1.97810007634987       -1.79014667789902
C           -0.69930186321897        0.28421186707252       -0.16244097855306
C            0.72666648514354       -0.07154127470587       -0.34219272041368
C            1.71934276904381        0.62794079066506        0.35275239006067
O            1.31991981437427        1.58115836402994        1.23488248124755
C            3.05999561704255        0.33551118341513        0.14025197189373
C            3.43075026638875       -0.65314862761773       -0.75486116433405
C            2.46439371630461       -1.36205580609269       -1.44471569945548
C            1.13345877900550       -1.05488268119011       -1.22934833878541
F            0.19324892286401       -1.74356433308513       -1.91449269191716
H            0.07124677563655       -1.45434460399811        1.67803115415320
H           -1.47250977935256       -1.52486505669862        2.54403901410098
H           -1.24386110957537       -2.46265120740436        1.06997824949167
H           -3.49761158446356       -0.49544493284410        1.55648994798788
H           -4.40371244812934        1.33738800803688        0.18930691895590
H           -2.91740749517683        2.52183413090154       -1.42198445530125
H            2.08177809182664        2.06508759481856        1.56768692657094
H            3.81601540218832        0.89182817428472        0.67769912132722
H            4.47581416187253       -0.86922217373713       -0.91468895471010
H            2.72649679549262       -2.13577460642090       -2.14799025052151
26
 energy: -46.466097348010 gnorm: 0.004689620284 xtb: 6.6.1 (8d0f1dd)
C           -1.01449480133890       -1.52424404367033        1.55980910564245
C           -1.53186765460200       -0.38213353872146        0.73950136436628
C           -2.85770164828189        0.01587665763348        0.85134033991839
C           -3.36595370916499        1.05102901094823        0.08755215906156
C           -2.54768900347593        1.71640993692621       -0.80781676835390
C           -1.22953448445683        1.32260629364634       -0.91184245852841
F           -0.42592701553657        1.97530564173585       -1.78459578150309
C           -0.69900381425428        0.28258671938060       -0.15948330990075
C            0.72740198873172       -0.07178405955823       -0.33786867722171
C            1.72065364531745        0.63765553362219        0.34665380445715
O            1.32021411349918        1.59501863249503        1.22202352401068
C            3.06103525473965        0.34665122710483        0.13004995018810
C            3.42977883613434       -0.64646732053943       -0.76118339448239
C            2.46336629146583       -1.36476339471043       -1.44130980818625
C            1.13286616539899       -1.06166561360986       -1.21877206798072
F            0.19036311300231       -1.75850231521858       -1.89095428886898
H            0.06271549228030       -1.45735825477647        1.69285034198017
H           -1.49442324276289       -1.54026670335535        2.53654384226605
H           -1.23732104348222       -2.46773993283431        1.05748389932007
H           -3.50073815898534       -0.49727365000021        1.55115484876508
H           -4.39937818182446        1.34281011426371        0.18855157511051
H           -2.91003105925144        2.52684109080338       -1.41955163072763
H            2.09099464681241        2.05107547685992        1.58254976707845
H            3.81740186882293        0.90842163179496        0.66082289725675
H            4.47432090971951       -0.85776016754840       -0.92566750357113
H            2.72295049149313       -2.14232797267157       -2.14116173009673
26
 energy: -46.466154704753 gnorm: 0.002856658044 xtb: 6.6.1 (8d0f1dd)
C           -1.01787406258832       -1.52958661456673        1.55701161360366
C           -1.53191847406935       -0.38555398280328        0.73775491370341
C           -2.85876946808948        0.01322797633299        0.84745287777068
C           -3.36332698490739        1.05194141708554        0.08700557686368
C           -2.54484642563930        1.72137029128362       -0.80511561102007
C           -1.22635896056860        1.32584708792538       -0.90857448556446
F           -0.41931403659838        1.97633217849411       -1.77672212659828
C           -0.69890053632873        0.28275733376868       -0.15784619218880
C            0.72877804561522       -0.07003957302786       -0.33537414333146
C            1.72249532389751        0.64698021666280        0.34076394339190
O            1.32177262855725        1.60876081711465        1.20957721408274
C            3.06252906339094        0.35375433271498        0.12273723061610
C            3.42728886725221       -0.64424712662700       -0.76385255109128
C            2.46186120630033       -1.36895602922278       -1.43762571294151
C            1.13187001464007       -1.06670438040263       -1.21031695407312
F            0.18557359566850       -1.77038595502743       -1.86769081573381
H            0.05694841631515       -1.45574691000645        1.70569427041674
H           -1.51145433191472       -1.55552749119487        2.52660483924204
H           -1.22531942514660       -2.47169970366944        1.04605579646052
H           -3.50366041662726       -0.50284244603760        1.54332195696060
H           -4.39697016370549        1.34473019403052        0.18831084419492
H           -2.90670406818534        2.53443671144884       -1.41356797804554
H            2.09503017520854        2.04654912862566        1.58807487565268
H            3.82055710530495        0.91898670474051        0.64769490244482
H            4.47144915506937       -0.85430423031726       -0.93064687654645
H            2.71926275714894       -2.15007894732482       -2.13404740826970
26
 energy: -46.466189282180 gnorm: 0.002576832165 xtb: 6.6.1 (8d0f1dd)
C           -1.01698180156986       -1.53180186107439        1.55310973958110
C           -1.53148018320331       -0.38728984355960        0.73552958615848
C           -2.85955492884147        0.00973650423085        0.84381938373442
C           -3.36283339640627        1.05093986231268        0.08677435796125
C           -2.54438867525008        1.72553996817031       -0.80175020152047
C           -1.22547113204530        1.33078432911984       -0.90533935177216
F           -0.41648294321607        1.98210409697033       -1.76949325674288
C           -0.69898940107147        0.28495641952403       -0.15718540684877
C            0.72953891820123       -0.06735031338983       -0.33485614160634
C            1.72365495591368        0.65273370392757        0.33686690654168
O            1.32461011225328        1.61947807310084        1.20069651782800
C            3.06343062692948        0.35580769052167        0.11959390282689
C            3.42493104423956       -0.64592721232869       -0.76325901623366
C            2.45954819497200       -1.37384085766827       -1.43335353213490
C            1.12997644071970       -1.06963671801645       -1.20500169438960
F            0.18077082114079       -1.77662248435386       -1.85299106689912
H            0.05558802723637       -1.44956865563780        1.71316527352385
H           -1.52007217670887       -1.56741082922388        2.51763901436013
H           -1.21065532085003       -2.47309766888606        1.03482195037178
H           -3.50546064334162       -0.50969614649178        1.53633021815240
H           -4.39728919353029        1.34259240802325        0.18801413665828
H           -2.90733673995576        2.54104003864409       -1.40643607918845
H            2.09682318693760        2.05157488821692        1.58440995617056
H            3.82327528268060        0.92122428167451        0.64177935776578
H            4.46899646182513       -0.85840711371508       -0.92941990644483
H            2.71585146294100       -2.15786156009110       -2.12678464785341
26
 energy: -46.466241083300 gnorm: 0.004110663444 xtb: 6.6.1 (8d0f1dd)
C           -1.01319605744856       -1.53465651691277        1.54439251974971
C           -1.53117447339880       -0.38944936690137        0.73093094012983
C           -2.86095238996025        0.00352340748424        0.83801886209867
C           -3.36375256441483        1.04860368851818        0.08690897678775
C           -2.54488207636161        1.73242931825602       -0.79480650185722
C           -1.22532824213581        1.34066659340962       -0.89896779581484
F           -0.41430438976828        1.99669542683742       -1.75673226991970
C           -0.69929704695135        0.28997158137119       -0.15648568269702
C            0.72999063339023       -0.06233650271602       -0.33493333857804
C            1.72509318195658        0.66139360073581        0.33008671016831
O            1.33016566636762        1.63811320936696        1.18495577542506
C            3.06444065950185        0.35764317244246        0.11547406490559
C            3.42146283641723       -0.65133813801642       -0.75997923145717
C            2.45488492177812       -1.38335752090015       -1.42394360054173
C            1.12606644039209       -1.07442837151163       -1.19625979962065
F            0.17310569835214       -1.78638266503967       -1.83165802174004
H            0.05524529882328       -1.43648164466733        1.72367452619137
H           -1.53147752596231       -1.58865103934213        2.50020384675055
H           -1.18289306799998       -2.47373669146573        1.01394946601129
H           -3.50808189770379       -0.52198471984980        1.52499028563401
H           -4.39969689202858        1.33694909669274        0.18735322312788
H           -2.91009091898868        2.55202121275822       -1.39286719820783
H            2.10172670233070        2.06375472354637        1.57464017316536
H            3.82734089715459        0.92316401806724        0.63337462370370
H            4.46555143180447       -0.86910764442229       -0.92432609516489
H            2.71005217485401       -2.17301722774105       -2.11131445824996
26
 energy: -46.466310603720 gnorm: 0.005941761186 xtb: 6.6.1 (8d0f1dd)
C           -1.00687648210216       -1.53860360121757        1.53087842616798
C           -1.53112118688514       -0.39162310426462        0.72437444132760
C           -2.86283660833292       -0.00501798688561        0.83070249946538
C           -3.36647666871671        1.04519592898637        0.08771655549911
C           -2.54661464247725        1.74169792950887       -0.78397236414027
C           -1.22601145130590        1.35525955412052       -0.88878258362687
F           -0.41379088391611        2.02092223550560       -1.73818451401419
C           -0.69945350696357        0.29798678156848       -0.15534872929199
C            0.72988489725332       -0.05528844466547       -0.33513233012154
C            1.72727011502974        0.67290747797639        0.32029965287670
O            1.33809259188429        1.66377761506983        1.16207427680241
C            3.06583735165227        0.35960147400839        0.11025128435178
C            3.41754391201024       -0.66109417061003       -0.75328442102609
C            2.44798007904634       -1.39735530238486       -1.40872960277545
C            1.12040141327755       -1.08090065245302       -1.18364523494519
F            0.16357928672931       -1.79842048405778       -1.80573135939421
H            0.05515260220856       -1.41783559154728        1.73665427011958
H           -1.54547347980502       -1.62009951950034        2.47411508926304
H           -1.14205366681275       -2.47325758645967        0.98165328403085
H           -3.51097298949928       -0.53915173862851        1.51026915472028
H           -4.40423603027515        1.32822518791148        0.18665215729525
H           -2.91464358097196        2.56658705167836       -1.37326434669068
H            2.10962844885045        2.08380895277472        1.55567410494369
H            3.83245304679072        0.92570269829958        0.62234492222726
H            4.46119597749467       -0.88705034576753       -0.91447463613163
H            2.70154045583656       -2.19597335896616       -2.08642999693280
26
 energy: -46.466410381188 gnorm: 0.007030297875 xtb: 6.6.1 (8d0f1dd)
C           -0.99722010722449       -1.54457972951960        1.51013862276019
C           -1.53103146011573       -0.39412852987038        0.71453864393956
C           -2.86484091075197       -0.01659356947751        0.82146205989435
C           -3.37138965797095        1.04046909161710        0.08985554734173
C           -2.55049591818021        1.75413733456461       -0.76774002522292
C           -1.22804899792400        1.37607878935187       -0.87358320410901
F           -0.41626762041799        2.05817080760358       -1.71178684177137
C           -0.69933125737009        0.30993425122029       -0.15437090981803
C            0.72916019830770       -0.04515642078312       -0.33596067213273
C            1.73065255857254        0.68841065855757        0.30625368018051
O            1.34884748996039        1.69799548043020        1.12974366026014
C            3.06776287630742        0.36155633946403        0.10391072752836
C            3.41312115517768       -0.67689742787649       -0.74112655128130
C            2.43850746077716       -1.41709620500876       -1.38543396349012
C            1.11291905411480       -1.08878006238223       -1.16629321003182
F            0.15199420484605       -1.81251983308096       -1.77432254848439
H            0.05478617733411       -1.39556382486207        1.75038358773962
H           -1.55990648485208       -1.66347941295136        2.43544392075422
H           -1.08725594601488       -2.47035474742877        0.93746356652968
H           -3.51334913431778       -0.56311741200528        1.49103919899791
H           -4.41146888779303        1.31533292805438        0.18661834370112
H           -2.92194713051618        2.58583737446219       -1.34547811638672
H            2.12125790637887        2.11536144996514        1.52285896190832
H            3.83862486949275        0.92916822266164        0.60819885194766
H            4.45552078703315       -0.91501157925101       -0.89669384890942
H            2.68939777514685       -2.22917297345490       -2.04843948184561
26
 energy: -46.466530513319 gnorm: 0.007117352764 xtb: 6.6.1 (8d0f1dd)
C           -0.98451610670479       -1.55216322329195        1.48297243249404
C           -1.53004413032253       -0.39627933128045        0.70199823612290
C           -2.86593398940747       -0.03040450563666        0.81130861004291
C           -3.37810001269795        1.03465539271489        0.09405052260700
C           -2.55737836746034        1.76836599497152       -0.74686349474383
C           -1.23204448584938        1.40158068389454       -0.85451329937330
F           -0.42395066328945        2.10547679893178       -1.68047577173773
C           -0.69873657379438        0.32567514335494       -0.15408005354963
C            0.72777390417811       -0.03198420943225       -0.33783421884273
C            1.73527009317680        0.70665970926914        0.28895262124392
O            1.36160224693453        1.73717724111002        1.09029115332228
C            3.06991720534187        0.36262381990239        0.09789863633746
C            3.40852270234654       -0.69864820230012       -0.72229017754736
C            2.42720409545825       -1.44118422654442       -1.35437584935069
C            1.10444534006114       -1.09618928111194       -1.14568654173155
F            0.13964564485841       -1.82479625640647       -1.74214479889429
H            0.05380057460401       -1.37409780568294        1.76090053476390
H           -1.57115098990192       -1.71549294470838        2.38629271081452
H           -1.02333059734594       -2.46364135471477        0.88231265006640
H           -3.51309182190462       -0.59203697411846        1.46974209653722
H           -4.42064511925374        1.29916361910313        0.18917453384034
H           -2.93252399633400        2.60735875413649       -1.31157034271408
H            2.13640283450669        2.15864823776143        1.47409400332645
H            3.84472373239011        0.93272774132691        0.59324161438275
H            4.44854903555815       -0.95271478367600       -0.86851199013264
H            2.67358844485212       -2.27047903757215       -1.99820381728439
26
 energy: -46.466628357872 gnorm: 0.005198776948 xtb: 6.6.1 (8d0f1dd)
C           -0.97587508506583       -1.55954237511792        1.46055045795786
C           -1.52855277562855       -0.39776967412769        0.69210484436304
C           -2.86500614363018       -0.03949945085795        0.80557179416945
C           -3.38270752171050        1.03147769318505        0.09959267492863
C           -2.56374046137147        1.77769205702711       -0.73033781400977
C           -1.23595693725422        1.41894587276354       -0.84055912760759
F           -0.43372590740827        2.13907037412445       -1.65942601428944
C           -0.69795349876440        0.33711443418116       -0.15502272651279
C            0.72632224586912       -0.02250773790735       -0.33960035224464
C            1.73898211714250        0.71899368936244        0.27643604627486
O            1.37023530309948        1.76272974955152        1.06145141306786
C            3.07121150479544        0.36330270753326        0.09473384847944
C            3.40640524045581       -0.71484480826782       -0.70504636756517
C            2.41993066973160       -1.45814096010803       -1.32856697567214
C            1.09950447940676       -1.09990207728430       -1.13048661197289
F            0.13311964702139       -1.82994153956794       -1.72431045118131
H            0.05110572494252       -1.36880951086330        1.76204576781940
H           -1.57387419470411       -1.75258618020547        2.34706059001710
H           -0.98506680121417       -2.45550871103695        0.84251417839977
H           -3.50947280801314       -0.61174976183187        1.45695374619665
H           -4.42634259696140        1.28903018986599        0.19515586547709
H           -2.94029185590094        2.62117343631066       -1.28679162263610
H            2.14896965735249        2.19428722011494        1.42884920398338
H            3.84740148535989        0.93716529374286        0.58328123298318
H            4.44404725400760       -0.97995702443404       -0.84217066419392
H            2.66133025844280       -2.30022190615211       -1.95730293623211
26
 energy: -46.466584131475 gnorm: 0.011246920936 xtb: 6.6.1 (8d0f1dd)
C           -0.96885210121623       -1.57546357891425        1.42695805871093
C           -1.52692127422449       -0.40202345358303        0.67872416128796
C           -2.86461354853671       -0.05379941981883        0.79539251072260
C           -3.38643195043594        1.02925163145339        0.10839513760020
C           -2.56888895379119        1.79438249093604       -0.70367652754452
C           -1.23760323489364        1.44501670361850       -0.81730206524182
F           -0.44182705665161        2.18453551840956       -1.62480948562039
C           -0.69631261831111        0.35363623881828       -0.15255158076787
C            0.72490283234845       -0.00895252756320       -0.33795929703401
C            1.74592191123221        0.74356658245214        0.25418222842237
O            1.38585833832097        1.81121995108208        1.01018319343557
C            3.07409165769680        0.37200138975145        0.08174093978266
C            3.40227903955325       -0.73422660552237       -0.68444504516553
C            2.40792159957650       -1.48623769356209       -1.28653095723252
C            1.09133670486997       -1.11079449930381       -1.09892580596261
F            0.12009330431275       -1.84998021439075       -1.67871259107269
H            0.03948658408919       -1.35465319855930        1.78675065852160
H           -1.60831718983108       -1.83089483619218        2.27961109871478
H           -0.91136921802113       -2.44803534874512        0.76033934333295
H           -3.50674496052106       -0.64163618445633        1.43484864132924
H           -4.43092426864323        1.27976500571601        0.20572767344870
H           -2.94505277225253        2.64593668414635       -1.24762875902037
H            2.17341109464407        2.24216978445138        1.36533202162411
H            3.85324630087885        0.95687963364489        0.55330637106894
H            4.43640167655093       -1.01151353223903       -0.81196929799883
H            2.63890710325631       -2.35014952162949       -1.89030062534169
26
 energy: -46.466739237856 gnorm: 0.003580198243 xtb: 6.6.1 (8d0f1dd)
C           -0.97642617649115       -1.57423789976580        1.43802079192492
C           -1.52746693195063       -0.40207202001908        0.68420580338924
C           -2.86349260277701       -0.04643269913077        0.80177728174171
C           -3.38261383932994        1.03305316031163        0.10854026827884
C           -2.56555019220587        1.78774127056971       -0.71237395702656
C           -1.23592740322011        1.43134738045690       -0.82697130380776
F           -0.43874907384356        2.16023323307616       -1.64020431380423
C           -0.69692443997385        0.34445482800291       -0.15392885182617
C            0.72559194807294       -0.01619362605464       -0.33752351936271
C            1.74323489776698        0.73380281468190        0.26297921745684
O            1.37818865187184        1.79040973295033        1.02965538884310
C            3.07280098385894        0.37150701186241        0.08567151656076
C            3.40522349012315       -0.72351277505578       -0.69121341699677
C            2.41520129218178       -1.47399407098924       -1.30025408986760
C            1.09708734326193       -1.10665333703049       -1.10941738658141
F            0.12884591377662       -1.84175446740767       -1.69853775193851
H            0.03847805354187       -1.37462799484374        1.77460040756401
H           -1.59721181106808       -1.80196666227717        2.30126093997189
H           -0.95125485369226       -2.45164380710328        0.79123677539069
H           -3.50599584946918       -0.62685528146153        1.44683063442625
H           -4.42560942503740        1.28952870959995        0.20844375265906
H           -2.93909519963397        2.63641850211028       -1.26228266373510
H            2.16370633890150        2.22764464953776        1.37902471924883
H            3.84922331850658        0.95571660352195        0.56168983820000
H            4.44065918596091       -0.99274386494489       -0.82162476298326
H            2.64807538086826       -2.32916839059752       -1.91292531772627
26
 energy: -46.466777284442 gnorm: 0.003112457061 xtb: 6.6.1 (8d0f1dd)
C           -0.97891183528690       -1.58047525659737        1.43138987164286
C           -1.52810711646062       -0.40468066174338        0.68225609604532
C           -2.86381327364082       -0.04762105242148        0.80144550330716
C           -3.38171927704190        1.03481792816727        0.11192253054079
C           -2.56439998427492        1.79174650202355       -0.70695371711626
C           -1.23486434288276        1.43405024744061       -0.82354007323391
F           -0.43669607718331        2.16461840906454       -1.63367727175756
C           -0.69717941085558        0.34438722969243       -0.15364180440437
C            0.72580387347992       -0.01566253882544       -0.33675588432255
C            1.74359933874256        0.73838510684617        0.25889432476697
O            1.37927591526960        1.79888655872517        1.02095208619793
C            3.07336356650587        0.37581790509679        0.08135081810763
C            3.40539154931954       -0.72406887445495       -0.68898552831637
C            2.41573723642539       -1.47859323291848       -1.29316406588953
C            1.09760362913427       -1.11009205931631       -1.10323540347747
F            0.12904391768631       -1.84776437737800       -1.68914578534992
H            0.03280846658674       -1.38003615030687        1.77844309840444
H           -1.60628957683956       -1.81680980137854        2.28717189017906
H           -0.94540528854013       -2.45296969876222        0.78041429739402
H           -3.50711845273410       -0.63010383877919        1.44422226869615
H           -4.42469752483005        1.29199553269859        0.21364470045154
H           -2.93679882815776        2.64284435285191       -1.25431305535747
H            2.16499464596280        2.23951135146251        1.36427558023956
H            3.84992846110264        0.96302001034665        0.55328711691986
H            4.44119629018434       -0.99367721195892       -0.81826315116644
H            2.64725309832872       -2.33752537957475       -1.90131444250168
26
 energy: -46.466882091747 gnorm: 0.003618620379 xtb: 6.6.1 (8d0f1dd)
C           -0.99106467289038       -1.59936711742353        1.41562790348092
C           -1.53141361323078       -0.41269102592877        0.67915055302075
C           -2.86557798356544       -0.04847073923978        0.80218743725135
C           -3.37751177826134        1.04262746002979        0.12276489224154
C           -2.55835538488411        1.80217792152010       -0.69208532849896
C           -1.22993601345774        1.43837556036134       -0.81331188815644
F           -0.42753239409990        2.16936838693691       -1.61653111402402
C           -0.69798533999331        0.34070011717548       -0.15083472638054
C            0.72654657994484       -0.01780454955624       -0.33312864647261
C            1.74353578416935        0.74893789593405        0.24792477741169
O            1.38048867647049        1.81802389750837        0.99864654707588
C            3.07450084243999        0.38959143360617        0.06712515736434
C            3.40705875450910       -0.72116829810214       -0.68590257665054
C            2.41982545033808       -1.48949373744274       -1.27459094506765
C            1.10087103720839       -1.12091490495378       -1.08560142735242
F            0.13240870469883       -1.86714511424289       -1.66174565509506
H            0.01026067434873       -1.39863209610428        1.79406804020277
H           -1.63979692187823       -1.86195573622957        2.24784927528762
H           -0.92943142198187       -2.45783148794930        0.74618005768776
H           -3.51203607046511       -0.63271049629841        1.44052696513018
H           -4.41964051696020        1.30482002680418        0.23048382430727
H           -2.92646402403348        2.65908854871703       -1.23375451667834
H            2.16650105795599        2.27274600844364        1.32098394274429
H            3.85113706369765        0.98733152921904        0.52531504406615
H            4.44471192927853       -0.98859010719866       -0.81375504515103
H            2.64889858064228       -2.35701237558567       -1.87091254774517
26
 energy: -46.466963387352 gnorm: 0.005752689472 xtb: 6.6.1 (8d0f1dd)
C           -1.00776277072561       -1.62548781794596        1.39386589153875
C           -1.53679632892747       -0.42423820582462        0.67414862579921
C           -2.86804392664933       -0.04939263366689        0.80276113217855
C           -3.37118771013858        1.05436988102725        0.13752586321441
C           -2.54793973716313        1.81610813295777       -0.67136242879863
C           -1.22214050680544        1.44405016044697       -0.79732589252446
F           -0.41363054732314        2.17700033603593       -1.59162184277203
C           -0.69842120863810        0.33451148629024       -0.14610488383170
C            0.72716980721027       -0.02283093349034       -0.32798528916020
C            1.74245830910465        0.76217921177988        0.23243691930919
O            1.37923169462222        1.84241332843462        0.96763387852209
C            3.07506424393983        0.40899916527331        0.04766959764369
C            3.41004727560383       -0.71564119592115       -0.68331224858386
C            2.42525075258667       -1.50397844136454       -1.24979377747550
C            1.10503173528187       -1.13783428100472       -1.06168278687358
F            0.13787702908371       -1.89949461215650       -1.62211130239372
H           -0.02108243753255       -1.42342484824474        1.81456971353945
H           -1.68401987701974       -1.92289660934575        2.19461041831737
H           -0.91128491237262       -2.46365798391049        0.70119204660557
H           -3.51915643722400       -0.63482653652044        1.43548322833590
H           -4.41109672907341        1.32435770949644        0.25183629782408
H           -2.91023214956465        2.68150176653896       -1.20394229751407
H            2.16563711290193        2.31676897720000        1.26281398976088
H            3.85122284534928        1.02227835420241        0.48674280572686
H            4.44968454078112       -0.97818264533073       -0.81130461812648
H            2.65411893269277       -2.38265076495653       -1.83006304026207
26
 energy: -46.467014471386 gnorm: 0.002624084475 xtb: 6.6.1 (8d0f1dd)
C           -1.01012983332131       -1.62654165041088        1.39445295032893
C           -1.53861891776764       -0.42546261165007        0.67374105519008
C           -2.86895132626984       -0.04883313293645        0.80181167267535
C           -3.36985889437236        1.05635117736106        0.13757007653261
C           -2.54391488225923        1.81670326772879       -0.66975590741326
C           -1.21936281315067        1.44310188891472       -0.79364285147800
F           -0.40999573669319        2.17469464319662       -1.58961312052534
C           -0.69743865074212        0.33229320246894       -0.14371439739035
C            0.72701062603571       -0.02651604631187       -0.32588338377836
C            1.74116047922663        0.76019269910568        0.23210621435876
O            1.37489793464729        1.83946542755874        0.96648494351224
C            3.07389127661301        0.40964163615827        0.04702738741193
C            3.41089419963727       -0.71304263774622       -0.68638706508996
C            2.42622415652293       -1.50239618447642       -1.25103122484677
C            1.10573001693288       -1.14029851150990       -1.06057549152075
F            0.14034019808419       -1.90553072480271       -1.61679648907423
H           -0.02639844121913       -1.42449777981476        1.81625449331213
H           -1.68524230824553       -1.92318730085727        2.19360639794916
H           -0.91221013503323       -2.46373542748001        0.70300604012489
H           -3.52130463609372       -0.63314842236927        1.43397836351160
H           -4.40873304748323        1.32816918367944        0.25011995141402
H           -2.90493108901156        2.68297869631833       -1.20096395028712
H            2.15947599525327        2.31846466445699        1.25919024252813
H            3.84896951895163        1.02444970232294        0.48455909077881
H            4.45000276573002       -0.97319320928583       -0.81763102580830
H            2.65849254402832       -2.38012154961847       -1.83123397241653
26
 energy: -46.467048931138 gnorm: 0.001304299382 xtb: 6.6.1 (8d0f1dd)
C           -1.01519786537573       -1.62936365078770        1.39610163761207
C           -1.54173378580325       -0.42762962730493        0.67408217184088
C           -2.87082929149714       -0.04762966875159        0.80100298243603
C           -3.36768820788920        1.06014494414003        0.13804575892630
C           -2.53711917499585        1.81858505128845       -0.66680110286928
C           -1.21477637551949        1.44045505513757       -0.78939792840950
F           -0.40259196827871        2.17136573278148       -1.58503223565765
C           -0.69627915162285        0.32736640827066       -0.14088586380844
C            0.72679407781227       -0.03339989232578       -0.32291765980091
C            1.73922137754972        0.75751886332074        0.23101585883474
O            1.36778520351133        1.83509045378671        0.96473384444279
C            3.07263455532659        0.41246955375175        0.04439661830620
C            3.41280411113003       -0.70787668267912       -0.69172007720692
C            2.42872918783777       -1.50086200270023       -1.25239515308982
C            1.10716396112455       -1.14646552932561       -1.05770379123864
F            0.14474662019129       -1.91701437984371       -1.60890174778529
H           -0.03414630071102       -1.42634585825140        1.81964530674969
H           -1.69111266278685       -1.92514419056495        2.19294394050479
H           -0.91537101272993       -2.46528569842627        0.70498916594859
H           -3.52581239071982       -0.63088351657921        1.43124297793242
H           -4.40516576621889        1.33567474592529        0.24843961071214
H           -2.89548177205260        2.68710794672048       -1.19556704939524
H            2.14912212203334        2.32237991510152        1.25271028487724
H            3.84599229676948        1.02986538999463        0.48033156712985
H            4.45167829551016       -0.96371566122639       -0.82797299967308
H            2.66663291740518       -2.37640670145200       -1.83370611731927
26
 energy: -46.467071830149 gnorm: 0.002296373706 xtb: 6.6.1 (8d0f1dd)
C           -1.02219673172282       -1.63380555532277        1.39782985092751
C           -1.54536406734921       -0.43082881885779        0.67440177709871
C           -2.87322164648417       -0.04633439610324        0.80016725186885
C           -3.36506250822684        1.06480641338968        0.13896896988804
C           -2.52973642588490        1.82166439398839       -0.66306017678481
C           -1.20951536493998        1.43764510568552       -0.78533172931194
F           -0.39351607858078        2.16766247749517       -1.57924760313171
C           -0.69561210457282        0.32107962648579       -0.13885810982411
C            0.72667991847809       -0.04115302135591       -0.32063273505060
C            1.73716441650193        0.75520965728807        0.22955929735518
O            1.36029697225820        1.83137025738677        0.96253905008999
C            3.07171859828006        0.41715797052382        0.04024583262942
C            3.41510625279288       -0.70157511291424       -0.69712986674773
C            2.43261915695265       -1.50012486902380       -1.25321528424451
C            1.10945293250084       -1.15409049567138       -1.05458198984049
F            0.15012784042586       -1.93100403466849       -1.60072289767476
H           -0.04264501601162       -1.43006195984480        1.82456165778455
H           -1.70118140673998       -1.92941415833428        2.19212745116864
H           -0.92004985759783       -2.46907926994005        0.70641935811702
H           -3.53117253748248       -0.62812621595987        1.42870900498458
H           -4.40117561200093        1.34529976796881        0.24856076852659
H           -2.88447637452282        2.69327670320647       -1.18918856199578
H            2.13810383262412        2.32774160931279        1.24465155185831
H            3.84321933787818        1.03858061766590        0.47369480915436
H            4.45445406840423       -0.95202384971052       -0.83855276848725
H            2.67598140502050       -2.37387184268962       -1.83523490835836
26
 energy: -46.467084813226 gnorm: 0.001628232071 xtb: 6.6.1 (8d0f1dd)
C           -1.02628303493235       -1.63674718882357        1.39800620069923
C           -1.54689765503355       -0.43273831775783        0.67448378989754
C           -2.87415599461745       -0.04561973955781        0.80007643732649
C           -3.36348909640646        1.06724541571437        0.13994705430064
C           -2.52662990805033        1.82342917597889       -0.66115393052860
C           -1.20715215111499        1.43648089951256       -0.78390328578215
F           -0.38921889365147        2.16576005790203       -1.57639575638192
C           -0.69569180231598        0.31803708285427       -0.13842759769400
C            0.72675712927022       -0.04429104606768       -0.32003869889677
C            1.73626966979963        0.75501246732139        0.22847657634956
O            1.35754099291815        1.83081414379228        0.96120639697522
C            3.07145061348965        0.42035370428510        0.03740309872094
C            3.41610902349370       -0.69838830724741       -0.69922059784479
C            2.43498347898494       -1.50041095377230       -1.25279145912858
C            1.11105573745283       -1.15756193742961       -1.05278158287013
F            0.15287620117494       -1.93731970158493       -1.59723668074109
H           -0.04707309143010       -1.43369672358436        1.82735722395481
H           -1.70765928945250       -1.93276334373765        2.19082660448039
H           -0.92288289701747       -2.47201327379454        0.70626795756039
H           -3.53347488744430       -0.62672881826867        1.42789391679055
H           -4.39914158330573        1.35001472436541        0.24994294991130
H           -2.87922914676142        2.69668020043672       -1.18619215544285
H            2.13408403075775        2.33052107603277        1.24048174973287
H            3.84209709047041        1.04431248010171        0.46905104501596
H            4.45603189033439       -0.94624690689865       -0.84229862073900
H            2.67972257338783       -2.37413416977209       -1.83430063566631
26
 energy: -46.467104495660 gnorm: 0.000844286271 xtb: 6.6.1 (8d0f1dd)
C           -1.03541437026803       -1.64383007517038        1.39715974645866
C           -1.54987157135593       -0.43715107906143        0.67441059489348
C           -2.87575592201560       -0.04418978765113        0.80008673021519
C           -3.35986181064163        1.07242316090872        0.14255851178171
C           -2.52031190559360        1.82716198172356       -0.65688819816732
C           -1.20223641463933        1.43439082684957       -0.78069921246095
F           -0.38052066431619        2.16146528928476       -1.57045700428063
C           -0.69600029248518        0.31198486599683       -0.13735390545077
C            0.72698793432552       -0.05007472688235       -0.31866061136701
C            1.73437943490087        0.75562841993290        0.22572901812589
O            1.35261751609760        1.83121121009799        0.95752121581876
C            3.07079479812968        0.42774520105091        0.03076862326856
C            3.41817156634237       -0.69178985871799       -0.70304353795887
C            2.44010252213826       -1.50156979361163       -1.25060927494217
C            1.11479978180893       -1.16416450979095       -1.04822811163825
F            0.15869690893318       -1.94980225642012       -1.58925563213705
H           -0.05746767352164       -1.44350940580757        1.83316194512388
H           -1.72230012875693       -1.94126617274993        2.18591529861672
H           -0.92905281576990       -2.47843911438183        0.70422964504041
H           -3.53779016695469       -0.62364848794562        1.42668085430396
H           -4.39448982102402        1.35976229699739        0.25412684388615
H           -2.86812979335197        2.70369671863754       -1.17994472053131
H            2.12723079043480        2.33671652634926        1.23091225173785
H            3.83962094022327        1.05769218653179        0.45749035451105
H            4.45939619027080       -0.93418700611978       -0.84897906852257
H            2.68640396708974       -2.37625541005008       -1.82995235632569
26
 energy: -46.467115109397 gnorm: 0.000925158899 xtb: 6.6.1 (8d0f1dd)
C           -1.04232954705035       -1.64966812661725        1.39549101709539
C           -1.55202556796911       -0.44025722734368        0.67441308548676
C           -2.87676851866187       -0.04314667893443        0.80023665749758
C           -3.35723980148578        1.07614417173964        0.14470126514227
C           -2.51556363634340        1.82949746799314       -0.65363416220998
C           -1.19862015003254        1.43297430833866       -0.77761908054177
F           -0.37448637102746        2.15837796530204       -1.56593299517581
C           -0.69588497594990        0.30816640998734       -0.13550466819769
C            0.72725541950503       -0.05375699374639       -0.31634679474386
C            1.73329101237623        0.75669565703315        0.22364222600708
O            1.34997131479413        1.83279479856338        0.95381145390020
C            3.07032041091975        0.43322821101036        0.02569835494893
C            3.41981852639856       -0.68713124687152       -0.70582624128165
C            2.44339478137684       -1.50237518215727       -1.24793965325247
C            1.11741958094886       -1.16848016975022       -1.04340170146999
F            0.16270194248122       -1.95845248779368       -1.58117056443186
H           -0.06608358412641       -1.45226613406343        1.83642272174461
H           -1.73289413063150       -1.94843589626673        2.18043261734463
H           -0.93410965721071       -2.48252558835116        0.70084642480817
H           -3.54087910592061       -0.62156006293614        1.42557983516170
H           -4.39099609455342        1.36635269864381        0.25693793165076
H           -2.86007319804311        2.70800515856801       -1.17550378114595
H            2.12375569320072        2.34180964763748        1.22300444526981
H            3.83792266821296        1.06773230301450        0.44777318158140
H            4.46166120453417       -0.92559365008768       -0.85415907848022
H            2.69044078425805       -2.37812835291149       -1.82527249670835
26
 energy: -46.467123918844 gnorm: 0.000655737368 xtb: 6.6.1 (8d0f1dd)
C           -1.04925760589085       -1.65594899507802        1.39302466642051
C           -1.55422511873363       -0.44312862327262        0.67442153041856
C           -2.87797058039467       -0.04259398424887        0.79997888877580
C           -3.35517072363444        1.07924296258874        0.14646211941550
C           -2.51108130895553        1.83155433456848       -0.65023658601363
C           -1.19511042080725        1.43213246005131       -0.77351899370550
F           -0.36891500319647        2.15627199384213       -1.56073682282402
C           -0.69537030075102        0.30521858157853       -0.13259522791202
C            0.72776784841500       -0.05658656111066       -0.31286658927950
C            1.73300555514750        0.75860036277289        0.22145816624835
O            1.34902434891738        1.83601954672581        0.94917893299893
C            3.07032847455576        0.43874289541504        0.02030886452469
C            3.42153070963336       -0.68292973061841       -0.70849234547966
C            2.44596723145001       -1.50326858430487       -1.24421713275148
C            1.11965716828154       -1.17239002965137       -1.03713987943364
F            0.16607997726176       -1.96683894616037       -1.57049009467331
H           -0.07485329244610       -1.46203845095278        1.83881222217909
H           -1.74356009052132       -1.95652957498837        2.17361206197893
H           -0.93961876281679       -2.48602217030760        0.69556487678752
H           -3.54409159715572       -0.62016404708986        1.42391885705724
H           -4.38803325425122        1.37204701302764        0.25907120511890
H           -2.85281484846724        2.71153684355543       -1.17130830743816
H            2.12250286658124        2.34755465972312        1.21449931810446
H            3.83708688208532        1.07765814472134        0.43703068433082
H            4.46365506253706       -0.91778780691659       -0.85977143504905
H            2.69346578315669       -2.38035129386964       -1.81928897979964
26
 energy: -46.467129816986 gnorm: 0.000328602162 xtb: 6.6.1 (8d0f1dd)
C           -1.05636882367359       -1.66259518808599        1.38994515537862
C           -1.55649301971724       -0.44586082663251        0.67440017785748
C           -2.87941387882322       -0.04244984591298        0.79934283943730
C           -3.35350526323839        1.08198751129494        0.14803372859839
C           -2.50678308133388        1.83376260545431       -0.64640000105924
C           -1.19161523302501        1.43189177248869       -0.76850190321864
F           -0.36326802785593        2.15591838674792       -1.55375321343496
C           -0.69454868315792        0.30287505568529       -0.12896863341326
C            0.72852700526417       -0.05882388740964       -0.30862075946233
C            1.73345875593830        0.76121426720979        0.21897942508894
O            1.34937491881666        1.84063846455542        0.94355067262225
C            3.07093719595402        0.44449231912981        0.01431176436126
C            3.42325468056203       -0.67895043316780       -0.71131214330064
C            2.44801567125008       -1.50444795235903       -1.23961853281963
C            1.12149856626459       -1.17649229591031       -1.02945402484119
F            0.16884690155904       -1.97557472518533       -1.55742468357661
H           -0.08362312780288       -1.47261036155233        1.84038889530996
H           -1.75428083015918       -1.96518452440973        2.16623174448126
H           -0.94575348997641       -2.48964542621003        0.68929194421710
H           -3.54780086252948       -0.62022383593568        1.42067089889381
H           -4.38581228371780        1.37664755630426        0.25987709334671
H           -2.84606067717301        2.71524257666577       -1.16650275207140
H            2.12279781211226        2.35447536520798        1.20482325026345
H            3.83721024826486        1.08772826876799        0.42517486340344
H            4.46546110453979       -0.91082400776464       -0.86579436830315
H            2.69594342165847       -2.38318983897573       -1.81199143775923
26
 energy: -46.467132167755 gnorm: 0.000204797356 xtb: 6.6.1 (8d0f1dd)
C           -1.06056110452431       -1.66664469366690        1.38773925614016
C           -1.55785269197139       -0.44767282520466        0.67396766399597
C           -2.88057609719409       -0.04331374737508        0.79788760280634
C           -3.35292844528070        1.08279027498756        0.14822677708842
C           -2.50436171616810        1.83535530799732       -0.64353899526652
C           -1.18941302587809        1.43268845383631       -0.76435837466736
F           -0.35984754432129        2.15727439642028       -1.54800199343935
C           -0.69385882281010        0.30199484859239       -0.12642876361596
C            0.72916101018930       -0.05964367889303       -0.30591958190627
C            1.73416645919665        0.76325287132266        0.21715064367413
O            1.35031446605827        1.84429963994364        0.93936276341893
C            3.07163810554686        0.44796070919245        0.01040334646924
C            3.42413270163215       -0.67707027312570       -0.71265613692792
C            2.44886995403659       -1.50557061844172       -1.23611970397493
C            1.12235872656727       -1.17891988069082       -1.02427992577171
F            0.17008849252857       -1.98087649615092       -1.54836842799260
H           -0.08842361607313       -1.47916686815928        1.84040159316600
H           -1.76041285484901       -1.97006595397267        2.16190184822000
H           -0.94998652930281       -2.49213413702411        0.68531953722897
H           -3.55013772213693       -0.62134764149789        1.41768577199053
H           -4.38494170815561        1.37858875673395        0.25971774239082
H           -2.84231021520880        2.71791598792387       -1.16266393899571
H            2.12373802310379        2.35958042811989        1.19785948057680
H            3.83781159919972        1.09377883254098        0.41734822648082
H            4.46628922793123       -0.90750335887406       -0.86944861131250
H            2.69704232788429       -2.38554933453401       -1.80650779977661
