26
 energy: -46.444402040697 gnorm: 0.108542764786 xtb: 6.6.1 (8d0f1dd)
C            0.89096700000000        1.98396700000000        0.41031400000000
C            1.49317300000000        0.67187300000000        0.12986900000000
C            2.84942400000000        0.48069000000000        0.01653800000000
C            3.42525800000000       -0.74215100000000       -0.24569100000000
C            2.60471900000000       -1.83895200000000       -0.40451300000000
C            1.23990700000000       -1.67266600000000       -0.29536500000000
F            0.45764200000000       -2.77404900000000       -0.45722000000000
C            0.66690200000000       -0.42338300000000       -0.02833900000000
C           -0.77799600000000       -0.28670900000000        0.07985100000000
C           -1.55751900000000       -0.00567400000000       -1.00301600000000
O           -1.01136100000000        0.16909000000000       -2.29004300000000
C           -2.92364300000000        0.11696800000000       -0.86487200000000
C           -3.55480000000000       -0.03989100000000        0.37425700000000
C           -2.76239100000000       -0.32388900000000        1.46576700000000
C           -1.37676900000000       -0.44465800000000        1.30569500000000
F           -0.67176000000000       -0.72463500000000        2.42708800000000
H            0.26274900000000        2.36235000000000       -0.42224900000000
H            0.24342200000000        1.99328900000000        1.31068400000000
H            1.68723800000000        2.75072600000000        0.57332800000000
H            3.49093500000000        1.33944200000000        0.14094300000000
H            4.49742800000000       -0.85779400000000       -0.32864300000000
H            3.00039600000000       -2.82415900000000       -0.61188700000000
H           -0.70790600000000        1.13555300000000       -2.47330100000000
H           -3.58083900000000        0.34097200000000       -1.70668300000000
H           -4.63807900000000        0.05938400000000        0.47268600000000
H           -3.24709700000000       -0.44569400000000        2.42480100000000
26
 energy: -46.454365699228 gnorm: 0.043844226501 xtb: 6.6.1 (8d0f1dd)
C            0.90452948686564        2.00459817556520        0.41292710462111
C            1.50267295235673        0.67407736179758        0.12831168303768
C            2.87079868863688        0.49431026154337        0.01691310612330
C            3.43114192196067       -0.74056923884615       -0.24698390084942
C            2.60818971341020       -1.84150667940938       -0.40692042872809
C            1.24271638657177       -1.67196681142906       -0.29918864738018
F            0.44959206375980       -2.75876798768239       -0.45258371351721
C            0.67107965089639       -0.43135830879446       -0.03379590934368
C           -0.79045876467369       -0.29255984386892        0.08180794584183
C           -1.58252645408958        0.01484992255008       -1.01431015662605
O           -1.02193016359039        0.16188732585170       -2.28024693768964
C           -2.95284543878140        0.12974076363504       -0.87497571923878
C           -3.55782743723422       -0.04265478891532        0.36607138164857
C           -2.77605365484914       -0.32739627584980        1.46908753476703
C           -1.40358533818669       -0.45545953427249        1.31065971371579
F           -0.67365149387888       -0.72469754539697        2.41568156391022
H            0.27581476156003        2.35443403675934       -0.41484760381746
H            0.26563244268956        1.98205814147566        1.30232552763170
H            1.68317201054147        2.75853996962129        0.57783078693482
H            3.51542378164519        1.35281012421861        0.14320778134412
H            4.50060891725695       -0.85528101223362       -0.32805395727915
H            3.00173826787595       -2.82544680859028       -0.61210861339234
H           -0.71662337727503        1.08636983420966       -2.43669300062642
H           -3.58230688875361        0.34894518930371       -1.72719425270279
H           -4.62895948567012        0.05574863512849        0.46565776521889
H           -3.23634254904450       -0.45070490637090        2.43741994639612
26
 energy: -46.456249227858 gnorm: 0.010520854324 xtb: 6.6.1 (8d0f1dd)
C            0.91405333123431        2.01988137360558        0.41589558354584
C            1.50816717762383        0.67711487231690        0.12235840435894
C            2.88172780654103        0.50415740573552        0.01387777037697
C            3.43049469336410       -0.73874166955004       -0.24928400834796
C            2.60859521379260       -1.84054187390622       -0.40864565751965
C            1.24215104436941       -1.66778879516440       -0.29936972689062
F            0.43984805945412       -2.74251690686605       -0.44760222717243
C            0.67209613411732       -0.43073589796109       -0.03914912413034
C           -0.79839730163218       -0.29113573006499        0.08351625818180
C           -1.59749607251487        0.01839039520609       -1.02051920424682
O           -1.02475723819082        0.15115940058995       -2.26833473373570
C           -2.97200347208749        0.13343339097675       -0.87846607605821
C           -3.56289891796325       -0.04081056422464        0.36146116714248
C           -2.78925657265491       -0.33080260110533        1.47024256384019
C           -1.42295807418368       -0.45506396422195        1.31224836377690
F           -0.67059103257013       -0.72800759491575        2.39974342199240
H            0.28684274442222        2.35601255199508       -0.40957388573160
H            0.28543919289727        1.97372427709156        1.30414048920012
H            1.69112676310666        2.75867981240036        0.57880501715017
H            3.52936927960487        1.35952479602612        0.14311981460682
H            4.49989435690277       -0.85293839656390       -0.32765461045663
H            3.00328266548033       -2.82301936789361       -0.61172888456598
H           -0.71640954163035        1.04512847817957       -2.40869466124605
H           -3.57644692495216        0.35685510461297       -1.74287416774636
H           -4.63096473066014        0.05162168193554        0.46154243322202
H           -3.23090858387088       -0.46358017823404        2.44494468045368
26
 energy: -46.456434265860 gnorm: 0.004120799044 xtb: 6.6.1 (8d0f1dd)
C            0.91761219255050        2.02439668013083        0.41810103259616
C            1.50878794501175        0.67961574827103        0.12043416838616
C            2.88176261087866        0.50630935326917        0.01082423641014
C            3.42797341283235       -0.73780714763709       -0.25221079322192
C            2.60592205344777       -1.83864367708401       -0.41061291813809
C            1.23924861906210       -1.66449773262635       -0.30035217915322
F            0.43464212571611       -2.73734588369707       -0.44540894795109
C            0.67046683084011       -0.42643190483367       -0.03999020427676
C           -0.80060275347721       -0.28889343338775        0.08402497885044
C           -1.60068532047944        0.01481484669853       -1.02086325946300
O           -1.02805363993869        0.14142050856541       -2.26804778899888
C           -2.97587060795184        0.13346544554901       -0.87732809043315
C           -3.56707790140040       -0.04253423885403        0.36125412049194
C           -2.79384609393465       -0.33398875972179        1.47027288280405
C           -1.42692910264827       -0.45474169250547        1.31184875294236
F           -0.66982581638358       -0.72766647610846        2.39608912306728
H            0.28810933997146        2.36273729998038       -0.40476513390150
H            0.29353918745187        1.97518883291219        1.30935206932109
H            1.69864009361409        2.76106716587852        0.57987965396160
H            3.53116136566995        1.36001481445311        0.13935141402566
H            4.49789042282351       -0.85253895063420       -0.33039575617779
H            3.00119364533979       -2.82120391733657       -0.61220682420451
H           -0.69012914897845        1.03175853616308       -2.40115231312981
H           -3.57524819540630        0.35596695670688       -1.74619300159025
H           -4.63641838580040        0.04976939073854        0.46219472040460
H           -3.23226287881077       -0.47023176489021        2.44589905737846
26
 energy: -46.456615390461 gnorm: 0.028040258758 xtb: 6.6.1 (8d0f1dd)
C            0.92916118744171        2.04007011530686        0.42736217757170
C            1.51015354469478        0.68936188947282        0.11480588950156
C            2.88099247861362        0.51355116634894       -0.00031813186977
C            3.41810126332171       -0.73487922874594       -0.26401552710782
C            2.59399727904657       -1.83213482568548       -0.41836117019814
C            1.22720605699675       -1.65224278651855       -0.30375194732112
F            0.41434042666735       -2.71819653332630       -0.44024191521517
C            0.66411742907431       -0.41012858106521       -0.04232340256838
C           -0.80800939052052       -0.27811078347020        0.08544898922750
C           -1.61161152156798        0.00572749666798       -1.02254442727700
O           -1.04610084877773        0.11271900688532       -2.27066584862407
C           -2.98907200403400        0.12936429607616       -0.87444947364750
C           -3.58052962309831       -0.05113550936747        0.36025454798955
C           -2.80788839696412       -0.34412047640277        1.47014250169282
C           -1.43932757672462       -0.45119800290506        1.31063000439868
F           -0.66820676633299       -0.72262252184775        2.38567306766570
H            0.29007099902198        2.38805031417180       -0.38405697411821
H            0.32204521074088        1.98402899207973        1.32951248027992
H            1.72204226424043        2.76939147603220        0.58287813234330
H            3.53681031165446        1.36146913852219        0.12529250323453
H            4.48916181075576       -0.85213482916342       -0.34336667535181
H            2.98975434195665       -2.81516808950600       -0.61663945091725
H           -0.57465670858501        0.97339343042936       -2.36713450298166
H           -3.57296537588774        0.34816234177306       -1.75633303461347
H           -4.65298748353841        0.04013657729318        0.46421162688936
H           -3.23659890819548       -0.49335407305546        2.44798956101668
26
 energy: -46.456850805801 gnorm: 0.012568369413 xtb: 6.6.1 (8d0f1dd)
C            0.92888830290138        2.03766531382874        0.42772427836557
C            1.51104747966268        0.68842667795294        0.11761192821198
C            2.88200152523722        0.51144248883672        0.00200964726465
C            3.41972719052111       -0.73645390301636       -0.26273252587835
C            2.59453529393050       -1.83366201093872       -0.41755601791396
C            1.22829345963519       -1.65354494364328       -0.30246431891647
F            0.41594588109611       -2.72001580876198       -0.44189465962163
C            0.66586023265271       -0.41168145226289       -0.03986732222710
C           -0.80543849822609       -0.27706594315055        0.08660576417147
C           -1.60724818572522        0.00777907535043       -1.02194791176423
O           -1.04041535033296        0.12130134779715       -2.26956207154961
C           -2.98481666863477        0.12501693466822       -0.87699297050200
C           -3.57716201017337       -0.05245243140630        0.35858941687502
C           -2.80474817194364       -0.34150012026904        1.46948125122868
C           -1.43625960664476       -0.44916699957786        1.31184573695565
F           -0.66985528851743       -0.71982495178139        2.39027619999380
H            0.29017494224099        2.38428853457854       -0.38461360722600
H            0.31941592247656        1.98393758369503        1.32843195755828
H            1.71927277471262        2.76844988293582        0.58320291643858
H            3.53737976539492        1.35998633855605        0.12777085222227
H            4.49014145233562       -0.85434769602470       -0.34324184702837
H            2.98862475359506       -2.81696770355313       -0.61777783838932
H           -0.60740738495367        0.98379083743949       -2.37605308125122
H           -3.57222170276325        0.34379877118625       -1.75590432690045
H           -4.64879615767656        0.03855623630448        0.46093930585559
H           -3.23693995080092       -0.48775605874369        2.44611824402712
26
 energy: -46.457236124705 gnorm: 0.010961175388 xtb: 6.6.1 (8d0f1dd)
C            0.93541253472260        2.04322822588379        0.43469420915141
C            1.51282000228218        0.69339549646233        0.11906770101653
C            2.88278535790865        0.51226672588941       -0.00113781806967
C            3.41597539576497       -0.73710090573136       -0.26876979619025
C            2.58704647847046       -1.83186954998646       -0.42202244586360
C            1.22187835904328       -1.64753408075577       -0.30356666636088
F            0.40545772172541       -2.71082587563335       -0.44292002196041
C            0.66421517831570       -0.40371760150633       -0.03793561958540
C           -0.80644183509128       -0.26845388800858        0.08838347185058
C           -1.60806139113177        0.00649717946676       -1.02253626791553
O           -1.04657889763309        0.12048108187521       -2.27143131316252
C           -2.98683973837471        0.11485813308829       -0.87961483722715
C           -3.58014036407748       -0.06084639005815        0.35556957839490
C           -2.80748604961312       -0.34234574017425        1.46839515321373
C           -1.43825739665328       -0.44232723049299        1.31278704767329
F           -0.67191080730206       -0.70853367465650        2.39244805333509
H            0.29036818344031        2.39329806301673       -0.37140722329613
H            0.33300278290323        1.98975436324307        1.34022317754636
H            1.72829570758467        2.77236767120971        0.58520880006510
H            3.54149628816592        1.35836132829917        0.12326844399955
H            4.48573677440064       -0.85799368560437       -0.35263979005904
H            2.97789332344548       -2.81612004907145       -0.62399181396161
H           -0.57164302941761        0.95986854555950       -2.36255634640086
H           -3.57277709921939        0.32783028351652       -1.76060895507802
H           -4.65216926860883        0.02588080633712        0.45671017308883
H           -3.24007821105085       -0.49041923216807        2.44438210579564
26
 energy: -46.457675049939 gnorm: 0.015237711727 xtb: 6.6.1 (8d0f1dd)
C            0.94185221365161        2.04898834438054        0.44144093126143
C            1.51432492235785        0.69829141645411        0.11988405472354
C            2.88346416798772        0.51330061607214       -0.00433045000897
C            3.41213931131031       -0.73743081288233       -0.27492240241781
C            2.57979652667686       -1.82976368616879       -0.42708784351045
C            1.21553461162898       -1.64134910306896       -0.30563931038177
F            0.39513127472749       -2.70147973089410       -0.44451407135257
C            0.66216460652962       -0.39584943486905       -0.03725001783219
C           -0.80839835054503       -0.26050542620348        0.08937596014059
C           -1.61063628556124        0.00514830096287       -1.02347599923514
O           -1.05439045119815        0.11942077005687       -2.27340746047060
C           -2.99050049078324        0.10563116483117       -0.88176591835137
C           -3.58406746992649       -0.06961704722398        0.35303275084368
C           -2.81076071220351       -0.34303413362443        1.46761572282105
C           -1.44083451487163       -0.43516839181198        1.31334560810558
F           -0.67332260919743       -0.69593058656282        2.39368425746832
H            0.29056907220448        2.40202799230198       -0.35850226530027
H            0.34688733343596        1.99489677408828        1.35196135847939
H            1.73751428708607        2.77626878231786        0.58705950876605
H            3.54539386321787        1.35692188014612        0.11936711326774
H            4.48137056863737       -0.86121078313342       -0.36167405885922
H            2.96764120097779       -2.81489979014443       -0.63054215827442
H           -0.52631293442952        0.93360251498446       -2.34522007838535
H           -3.57498256279644        0.31201582181718       -1.76518521158523
H           -4.65669225818907        0.01187195993801        0.45318701643041
H           -3.24288532072816       -0.49214741176385        2.44356196365749
26
 energy: -46.449446567645 gnorm: 0.105378523687 xtb: 6.6.1 (8d0f1dd)
C            0.97716246897606        2.08076836988234        0.47865978137494
C            1.52171762987210        0.72786606801732        0.12397068978080
C            2.88648800894847        0.51841322762988       -0.02135719212832
C            3.38993603599933       -0.73913125140748       -0.30930205118193
C            2.53631491237039       -1.81710032584496       -0.45642716700468
C            1.17765908908372       -1.60408002334821       -0.32167710135760
F            0.33554782085295       -2.64711918774679       -0.45765597293167
C            0.64897430317342       -0.34814897800668       -0.03846342083632
C           -0.82107307483594       -0.21234730743500        0.08907036928148
C           -1.63069613743441        0.00028898313198       -1.03246434523210
O           -1.12633458698141        0.13368271178873       -2.29569651333609
C           -3.01570311402074        0.04849862548385       -0.89393743252491
C           -3.60732804371794       -0.12370275770144        0.34087113719045
C           -2.82565278261031       -0.34592854406025        1.46313271399244
C           -1.45237257359233       -0.39227351845749        1.31266100297785
F           -0.67963920472867       -0.61873573243332        2.39925375696719
H            0.28711365017058        2.44991109486329       -0.28415588259808
H            0.42532286224065        2.02524650717437        1.41820993937288
H            1.78582392820555        2.79981498699371        0.59373477591878
H            3.56696913956749        1.34795396131572        0.09931936324257
H            4.45551731332783       -0.88051100798943       -0.41230357668892
H            2.90579998202041       -2.80807750110020       -0.66753016306461
H           -0.20684321594566        0.76149246237162       -2.21751736010828
H           -3.59726037236792        0.21507534336249       -1.78674862005790
H           -4.68203862060551       -0.07419760519846        0.43693151873493
H           -3.25540541796796       -0.49765860128564        2.43942075021686
26
 energy: -46.457967728749 gnorm: 0.038628122308 xtb: 6.6.1 (8d0f1dd)
C            0.98081442398985        2.08460237455573        0.48324687724563
C            1.52464849128694        0.72501076137685        0.12551099048298
C            2.88828464223355        0.51929602196918       -0.02410942900312
C            3.38813713680002       -0.74180088408128       -0.31184810024760
C            2.53696389446466       -1.81917465558577       -0.45844307302749
C            1.17790014289314       -1.60698225111230       -0.31505295066260
F            0.33097744903612       -2.64546976619540       -0.45531137946848
C            0.65180093205731       -0.35301538492602       -0.02580867038007
C           -0.81690562084099       -0.21628363239704        0.10653175844237
C           -1.61309415166193       -0.00670890280749       -1.02200859354719
O           -1.02703268112530        0.07817365489712       -2.25539239891045
C           -3.00319348750549        0.05414051997024       -0.89687768201895
C           -3.60386315938605       -0.11792530469264        0.33326080516565
C           -2.83401662425300       -0.34623920399873        1.46322065801204
C           -1.45967151879186       -0.39355569509388        1.32397736746038
F           -0.68289708875460       -0.62304775140901        2.40519261401377
H            0.29523419992313        2.45431483228081       -0.28224204593001
H            0.43000960453411        2.02435937868800        1.42316774094351
H            1.79565411525506        2.79880271210090        0.60105497047715
H            3.56996793820481        1.34704424687930        0.09669063278069
H            4.45494898448296       -0.88261821805577       -0.41478597141710
H            2.90693492569457       -2.80898926514687       -0.67198825360422
H           -0.37190856068715        0.82660286679617       -2.29289620276741
H           -3.57486726173525        0.22033149052394       -1.79977449593693
H           -4.68211915648368       -0.06801582754270        0.42622122378685
H           -3.26270756963077       -0.50285211699340        2.43846260811040
26
 energy: -46.458125066827 gnorm: 0.032543738708 xtb: 6.6.1 (8d0f1dd)
C            0.94871959389713        2.04665702102353        0.45170329544793
C            1.51546854039136        0.70418957616549        0.13002442907639
C            2.88334857082363        0.50747239549536       -0.00183562248123
C            3.40934279480631       -0.74039427492820       -0.28122954367249
C            2.56698767584354       -1.82873393370449       -0.43254468943570
C            1.20654119236221       -1.63316713277932       -0.31107598968934
F            0.38537249353123       -2.69389672305506       -0.45040886843545
C            0.66036134654376       -0.38529171854323       -0.03547539861385
C           -0.80775109579161       -0.24930717781018        0.08592487616029
C           -1.60900857512363        0.00420614005256       -1.02855423870385
O           -1.08364156283417        0.15008754048582       -2.29099958228231
C           -2.98585141799532        0.08092102425628       -0.89093046662952
C           -3.57923896661628       -0.08613225630661        0.34803758069662
C           -2.80140088157675       -0.33514314507500        1.46383159925424
C           -1.43225656597658       -0.42046922658057        1.31280647393568
F           -0.68201305916346       -0.66137451106349        2.41089115721490
H            0.28678749878868        2.40052570458814       -0.33881446154798
H            0.35928356657839        2.00591499124921        1.36571381904386
H            1.73668673540774        2.78027351632585        0.58414854896418
H            3.54903289305977        1.34989263139347        0.11760572596262
H            4.47485907583472       -0.87031858161073       -0.37873058773965
H            2.94477183108808       -2.81681508963157       -0.64225275840323
H           -0.46227808438559        0.91955544436340       -2.30471549747248
H           -3.58900308797133        0.26704579756518       -1.76195255440858
H           -4.64865752447452       -0.02152567315015        0.44292606942711
H           -3.24646298704723       -0.47417233872571        2.43590568433169
26
 energy: -46.458618111924 gnorm: 0.030315640272 xtb: 6.6.1 (8d0f1dd)
C            0.96417365678700        2.06338041924350        0.46696604048578
C            1.52077073293690        0.71316248950629        0.12933935127876
C            2.88704460373393        0.51254443235853       -0.01075347903848
C            3.40119489500241       -0.74088247173912       -0.29491003427839
C            2.55495484349141       -1.82444922807629       -0.44454955168467
C            1.19513660536636       -1.62167972329216       -0.31174559103133
F            0.36228374199523       -2.67195647684624       -0.45255307028575
C            0.65768250824485       -0.37124493719953       -0.03007021177230
C           -0.81156525955714       -0.23410529582505        0.09550202589811
C           -1.61141275283865       -0.00058421490451       -1.02597526909700
O           -1.06662085564878        0.12004286842334       -2.27850142287190
C           -2.99359657850184        0.06728444859201       -0.89402655813687
C           -3.59016359457612       -0.10117136345612        0.34078849011985
C           -2.81657423632852       -0.33958631113149        1.46359640502999
C           -1.44478906726824       -0.40715068847934        1.31854368126524
F           -0.68342914578222       -0.64331388283763        2.40953287572149
H            0.29059403405596        2.42227855638968       -0.31247502712794
H            0.39275493141386        2.01268335241132        1.39321330525914
H            1.76412681780743        2.78837212362778        0.59219743783050
H            3.55966344369860        1.34851780179761        0.11013345860308
H            4.46718377681119       -0.87563312890557       -0.39479901850983
H            2.92928037453505       -2.81294752141300       -0.65733079336731
H           -0.42913254187876        0.87657200412585       -2.30315801531532
H           -3.58132577313992        0.24535684765317       -1.77995400293778
H           -4.66312594306467       -0.04069950915497        0.43384530312854
H           -3.25510921729518       -0.48479059086807        2.43714267083424
26
 energy: -46.458789365343 gnorm: 0.030247166843 xtb: 6.6.1 (8d0f1dd)
C            0.97414963775538        2.07100292851084        0.47797622208319
C            1.52424485575805        0.71802438479690        0.13180152412807
C            2.88949233276272        0.51392051727033       -0.01417439767906
C            3.39751417362532       -0.74149979664822       -0.30287274311491
C            2.54798957390308       -1.82211782484565       -0.45179095128159
C            1.18901633151771       -1.61500970110959       -0.31245375412590
F            0.35039014891742       -2.66053926712895       -0.45336098926775
C            0.65668745964469       -0.36324671643515       -0.02580297446334
C           -0.81305774230679       -0.22566724710701        0.10050430291563
C           -1.61192020161664       -0.00386554531087       -1.02484057792534
O           -1.06369387283785        0.10835893037577       -2.27576272307179
C           -2.99591518556541        0.05710440681567       -0.89688495650922
C           -3.59511954433810       -0.10995049892061        0.33610276907413
C           -2.82357765670338       -0.33965907438498        1.46279566956688
C           -1.45033399380633       -0.39814656746065        1.32182752241854
F           -0.68685707161810       -0.62758634900886        2.41281818177861
H            0.29301582816823        2.43314317467976       -0.29402433720189
H            0.41348173687375        2.01803844142695        1.41146937675730
H            1.77943836341571        2.79233869481122        0.59703132770869
H            3.56586053932920        1.34685267422054        0.10623198990968
H            4.46317180954179       -0.87927050445351       -0.40675551330899
H            2.91918979035082       -2.81096818585230       -0.66827087772582
H           -0.41391283379687        0.85391877223261       -2.30403535627618
H           -3.57766004675287        0.22696410323488       -1.78967455539059
H           -4.66980221472341       -0.05591325429602        0.42595235113672
H           -3.26179221749797       -0.48622649541315        2.43619246986472
26
 energy: -46.459197547639 gnorm: 0.029776345579 xtb: 6.6.1 (8d0f1dd)
C            0.99216440687516        2.08199992976428        0.49942551885030
C            1.53043901716813        0.72561389500886        0.13850051565365
C            2.89399486495799        0.51500254522552       -0.01759180990679
C            3.39204263123178       -0.74243165909552       -0.31673587804539
C            2.53644027308145       -1.81783648783346       -0.46566363980227
C            1.17931198066772       -1.60331505386875       -0.31560547567623
F            0.33181342870470       -2.64152658599381       -0.45680481869518
C            0.65531281165579       -0.34982074637604       -0.01933782096718
C           -0.81572497820307       -0.21183976185780        0.10713192745336
C           -1.61352103389455       -0.01081992360567       -1.02417681100109
O           -1.06501635413093        0.09408965972835       -2.27426864260768
C           -2.99992163453671        0.03554522109825       -0.90290182056965
C           -3.60340825578151       -0.12731128842189        0.32769428630227
C           -2.83433176022752       -0.33652787953764        1.46079987071413
C           -1.45909543986297       -0.37980094288287        1.32629669923859
F           -0.69427542500441       -0.59263656312474        2.42007317301032
H            0.29666626154861        2.44834476758423       -0.25825171827467
H            0.45125599203563        2.02642183366086        1.44535581459962
H            1.80482723531229        2.79827748746233        0.60537666799723
H            3.57627498355703        1.34302767699199        0.10320709627694
H            4.45667316766462       -0.88537390822562       -0.42866959250958
H            2.90160939454324       -2.80715544061367       -0.68995006254904
H           -0.38734814097253        0.81291993006886       -2.30443552687018
H           -3.57281345129878        0.19021009485267       -1.80545135959281
H           -4.68016247636742       -0.08478986247485        0.41163049446997
H           -3.27320749872357       -0.48026693753395        2.43435191250111
26
 energy: -46.460048718092 gnorm: 0.029925505826 xtb: 6.6.1 (8d0f1dd)
C            1.02631913990319        2.09907466765511        0.54033548425089
C            1.54182558553298        0.73842189256574        0.15352583240011
C            2.90211836910734        0.51449505059893       -0.02012343959588
C            3.38254028053347       -0.74486105388730       -0.34120634585499
C            2.51471586412359       -1.81012037295300       -0.49180031980561
C            1.16161318204768       -1.58150491795261       -0.32408677088951
F            0.29933153176714       -2.60754118038226       -0.46661826928858
C            0.65268824089937       -0.32517067306461       -0.01006440365924
C           -0.82064570567418       -0.18633058917984        0.11519863389745
C           -1.61721621044804       -0.02382295133227       -1.02531427712807
O           -1.07368482810854        0.07981738418464       -2.27483682839554
C           -3.00705906508296       -0.00927085634161       -0.91555165061837
C           -3.61721547349237       -0.16302642680855        0.31197025708232
C           -2.85078771320618       -0.32634479397628        1.45597333875945
C           -1.47289101675129       -0.34073525374548        1.33198317638984
F           -0.70876892853972       -0.51570330950374        2.43454717277011
H            0.30438965928223        2.47199027771678       -0.18967517927229
H            0.52235166395849        2.04100410021401        1.50778541203951
H            1.84986356527107        2.80761895751813        0.62006995687237
H            3.59474293402492        1.33369512637264        0.10302898668727
H            4.44458670080899       -0.89763030975382       -0.46913865717223
H            2.86729222749345       -2.80054660542182       -0.73128875138432
H           -0.33897582346051        0.73954651214694       -2.29769992350094
H           -3.56801055881941        0.11348421149840       -1.83204136086294
H           -4.69693066347435       -0.14713324962425        0.38482120285989
H           -3.29219295769613       -0.45940563654397        2.43020572341897
26
 energy: -46.461137320709 gnorm: 0.027341807505 xtb: 6.6.1 (8d0f1dd)
C            1.05753142921658        2.10990169995518        0.57741248086596
C            1.55152442916980        0.74800816044689        0.16957914095786
C            2.90869589220790        0.51096243057379       -0.01672339395944
C            3.37440285460602       -0.74758079874365       -0.36004920040376
C            2.49481191011282       -1.80285794874837       -0.51573993846122
C            1.14603366320216       -1.56139677312874       -0.33623574726478
F            0.27277393000604       -2.57799381621783       -0.48238049109300
C            0.64977941422933       -0.30342329165553       -0.00662833063443
C           -0.82561422555312       -0.16387301402100        0.11623740032356
C           -1.62182639271505       -0.03499796245027       -1.02929604490167
O           -1.08710982760854        0.08218586412738       -2.27868509598741
C           -3.01289349059129       -0.05500209500642       -0.92761290460084
C           -3.62658095290854       -0.19941892054485        0.29889287238968
C           -2.86108427739213       -0.31234414659203        1.45035004801344
C           -1.48281480992573       -0.29986244579705        1.33286704996262
F           -0.72271424353264       -0.43191122560367        2.44631330454301
H            0.31397047665594        2.48738510842211       -0.12656585566836
H            0.58650576355035        2.05127261852445        1.56065264374973
H            1.88667257961623        2.81344010971677        0.63239652151711
H            3.60971800713635        1.32230086334773        0.11188640682502
H            4.43325083979339       -0.90918441416624       -0.50201859921697
H            2.83449752486987       -2.79426844854222       -0.76929093777816
H           -0.29889323733043        0.67378561810531       -2.28402619844580
H           -3.56822831214571        0.03562213161045       -1.85064201815469
H           -4.70690380295647       -0.21265503569920        0.36326751514435
H           -3.30550514171287       -0.42809426791308        2.42603837227777
26
 energy: -46.462615748954 gnorm: 0.015288179193 xtb: 6.6.1 (8d0f1dd)
C            1.07912541438955        2.10971399772637        0.60413638678235
C            1.55670336115354        0.75216658383321        0.18372241312093
C            2.91146337931397        0.50355610239497       -0.00518052725096
C            3.36896024924181       -0.75010588236151       -0.36734238924089
C            2.47954423036806       -1.79636861961207       -0.53437565208512
C            1.13475359570231       -1.54525523921165       -0.35418263023368
F            0.25751390308027       -2.55749234549863       -0.50930994966962
C            0.64601286550645       -0.28773975257452       -0.01322635308962
C           -0.83037052063469       -0.14692875511687        0.10653028602870
C           -1.62729539838061       -0.04057055918731       -1.03689294947834
O           -1.10350750318256        0.10904327029379       -2.28612486406930
C           -3.01522617838590       -0.09485927721910       -0.93666569970932
C           -3.62660062751684       -0.23032936011392        0.29254751820788
C           -2.86047730491032       -0.29345269276854        1.44440955696218
C           -1.48547940849095       -0.25971206429248        1.32637405560995
F           -0.73452952144545       -0.34925729738996        2.45044819408062
H            0.31897288452469        2.48810788576027       -0.07624142730589
H            0.63597486917206        2.05238037307464        1.59640623886883
H            1.90592816545103        2.81333135058982        0.63599386869898
H            3.61706818820063        1.30897295616753        0.13483566648255
H            4.42424216456243       -0.91826688116945       -0.51608056898046
H            2.80729855272753       -2.78843240415362       -0.79833942035217
H           -0.27186966488785        0.61669851819931       -2.26310115401865
H           -3.57609203965114       -0.03492349666901       -1.85417177567711
H           -4.70339260902844       -0.27465418518703        0.35417979616169
H           -3.30872104687928       -0.38562222551440        2.42165038015605
26
 energy: -46.463522488454 gnorm: 0.029087436339 xtb: 6.6.1 (8d0f1dd)
C            1.09605433962638        2.11022486492300        0.63486925065624
C            1.55921123646208        0.75935693746813        0.19469993391457
C            2.91164315154996        0.49690957047214        0.00658355833206
C            3.36050153019576       -0.75308924177238       -0.37393709171307
C            2.45938762902408       -1.78771184570862       -0.55955944657444
C            1.11774644715357       -1.52465768175417       -0.38146074011243
F            0.23467447920289       -2.53027431763166       -0.55624742905054
C            0.63879565483091       -0.26687909706716       -0.02326122513824
C           -0.83571787753246       -0.12080959554658        0.09702847750176
C           -1.63368795032321       -0.04313393518803       -1.04600328507105
O           -1.11352007123426        0.12563266553837       -2.29171708336541
C           -3.01820115816813       -0.13434554699604       -0.94695300880115
C           -3.62422657907821       -0.26009886591632        0.28689146298070
C           -2.85708707070328       -0.26908264829726        1.44005274565981
C           -1.48453375045954       -0.21072443119344        1.32146849955203
F           -0.73995883227306       -0.25786569850662        2.45199557333750
H            0.30353919126094        2.48985842497219       -0.01151604663517
H            0.69491113021503        2.05110145032830        1.64749639974253
H            1.92157522379422        2.81652571131020        0.63283204308690
H            3.62370917536797        1.29381712635287        0.16432583826988
H            4.41318460870296       -0.92991777948932       -0.52250617920273
H            2.77423631695346       -2.78077660859679       -0.83581794787157
H           -0.20712645797638        0.52056821265418       -2.23676428237029
H           -3.58998581237546       -0.11334859288237       -1.85853766981486
H           -4.69720342668636       -0.34025099234255        0.34858569650308
H           -3.30792112752955       -0.34102808513018        2.41745095618340
26
 energy: -46.464438306103 gnorm: 0.014902105321 xtb: 6.6.1 (8d0f1dd)
C            1.09102002365151        2.10134048841885        0.64520823941177
C            1.55499825187906        0.75888771701463        0.19778561145735
C            2.90760806063878        0.49040160095621        0.02289544190867
C            3.35781611805270       -0.75594050405416       -0.36449899010046
C            2.45211980102105       -1.78335804295995       -0.57290024955453
C            1.11017458692919       -1.51601909690630       -0.40748498247173
F            0.22802711083815       -2.52018103466134       -0.60650086606163
C            0.63317043402686       -0.26017997706257       -0.03776332062656
C           -0.83680935225931       -0.10681264760976        0.08626187224961
C           -1.63540649446928       -0.04088828930365       -1.05524405044284
O           -1.10210680994146        0.13602413726291       -2.29303744354228
C           -3.01423212504481       -0.14605873360143       -0.95169525902185
C           -3.61093800282249       -0.26423205185852        0.28922115229914
C           -2.84439476921097       -0.24799368817388        1.43894719081186
C           -1.47407185498490       -0.18165120393395        1.31662994012748
F           -0.73258171731007       -0.20858976475641        2.44487044727199
H            0.27817456965716        2.47512631345950        0.01975477292234
H            0.71436787296506        2.04168275583670        1.66686409749531
H            1.90717116158937        2.81735530547423        0.62058350485415
H            3.62079953728543        1.28305485720989        0.19714286737466
H            4.41067701955811       -0.93634660512622       -0.50087400416520
H            2.76189895741403       -2.77613533001434       -0.85559644751222
H           -0.19783837786540        0.45926825263015       -2.22330418744183
H           -3.60423902924321       -0.14573249235529       -1.85022669094267
H           -4.67872196837218       -0.36482909901357        0.35815499427230
H           -3.29668300398215       -0.30819286687187        2.41480535942667
26
 energy: -46.465019608396 gnorm: 0.016691877478 xtb: 6.6.1 (8d0f1dd)
C            1.10020713693141        2.10577748394832        0.67297590932735
C            1.55674585476236        0.76455682162298        0.20872455606729
C            2.90876826402678        0.48761051593150        0.03962673836705
C            3.35067523297345       -0.75812918911856       -0.36500881702127
C            2.43772492045110       -1.77431370088474       -0.59855941535246
C            1.09646453443871       -1.49779689629232       -0.43823152856617
F            0.20638404714808       -2.49169454085153       -0.66130403934127
C            0.62754056516956       -0.24383164770344       -0.04817383993547
C           -0.84082110784326       -0.08583625192177        0.08178777036791
C           -1.64158095762560       -0.04741377732393       -1.06412578498939
O           -1.10105783988283        0.11651225903615       -2.29637798224320
C           -3.01878842240951       -0.16944633030649       -0.95799751835174
C           -3.60914338844971       -0.27717657333763        0.28710824129415
C           -2.84377935065342       -0.22942798756691        1.43835929120028
C           -1.47283876279988       -0.14649539825191        1.31577712463400
F           -0.72386081711506       -0.13903777039143        2.44134095444973
H            0.27028045212257        2.47350014645276        0.07092613053218
H            0.75121036156166        2.04287885464643        1.70182009788535
H            1.90965337888906        2.82708241140560        0.62710921982867
H            3.62790000671495        1.27190290245984        0.22803514309019
H            4.40385736100110       -0.94588247098651       -0.49490415799118
H            2.74067991792015       -2.76565762161546       -0.89571427342941
H           -0.15454138135987        0.34979976063000       -2.21532223098489
H           -3.61288470465308       -0.18964435293717       -1.85377039280470
H           -4.67541249637419       -0.39914954195677        0.36005446045474
H           -3.29338280494433       -0.27868710468712        2.41584334351175
26
 energy: -46.465556720137 gnorm: 0.011272698263 xtb: 6.6.1 (8d0f1dd)
C            1.09786975147599        2.10926902452751        0.68823787831651
C            1.55680451009727        0.76635081498700        0.21407837244336
C            2.90955878500963        0.48976159119847        0.05063896790018
C            3.34849931634522       -0.75665824043206       -0.36065749287406
C            2.43621906474814       -1.76679522229975       -0.61383471975081
C            1.09370160465653       -1.48850898066594       -0.45907501096501
F            0.19897790812702       -2.47362880906134       -0.70155157445875
C            0.62640161559729       -0.23879880308737       -0.05468507703484
C           -0.84204598792319       -0.08036642645027        0.08062833111230
C           -1.64471110341425       -0.05451148017518       -1.06945809080138
O           -1.09847892632393        0.07333438022560       -2.30170609109281
C           -3.02241458459485       -0.16754369045763       -0.95770268218173
C           -3.60939981190785       -0.26738912280725        0.28926093380006
C           -2.84489424393420       -0.21845960984893        1.44035374847895
C           -1.47202008589584       -0.13587980868331        1.31576365279358
F           -0.71103760146774       -0.11984799163201        2.43285876132981
H            0.25613624484002        2.46673655725143        0.09830003041560
H            0.76798813805716        2.04128000056260        1.72417461927466
H            1.90296279261642        2.83552234981728        0.63105492593122
H            3.63100647553583        1.26852263840343        0.25088276519835
H            4.40392066688556       -0.94747945137881       -0.47875761348535
H            2.74099604346030       -2.75455491446956       -0.92117906438524
H           -0.14557292168722        0.26501975161356       -2.22978939330502
H           -3.61450154021089       -0.18914902871483       -1.85533125853242
H           -4.67637394762454       -0.38705364198374        0.36751102347513
H           -3.28959216246773       -0.26917188643901        2.41998305839721
26
 energy: -46.466102932210 gnorm: 0.005811396313 xtb: 6.6.1 (8d0f1dd)
C            1.08821425629489        2.10632456328358        0.68640028926980
C            1.55483449470235        0.76454140291205        0.21551846988286
C            2.90889447603286        0.49438002649457        0.05373578478260
C            3.35364467253570       -0.74961474308838       -0.35722752755528
C            2.44675724249587       -1.76205593279782       -0.61636748092572
C            1.10279543703386       -1.49045573443123       -0.46206464750775
F            0.21151672834526       -2.47554703250652       -0.71204394885305
C            0.62944725053540       -0.24488938162263       -0.05505080004278
C           -0.84070337091333       -0.09405702026106        0.07842021517919
C           -1.64548692192643       -0.05926060653271       -1.06854500559099
O           -1.10348600050898        0.06529169395432       -2.30376529575892
C           -3.02694035977081       -0.14982547769851       -0.95360487523491
C           -3.61410320739832       -0.24781857952319        0.29323583352189
C           -2.84383165853942       -0.21517925571519        1.44258521405829
C           -1.47012349008003       -0.14523312284501        1.31372946626698
F           -0.70617819515553       -0.14247437640456        2.42908613857015
H            0.24448331013684        2.45948783702892        0.09536039907332
H            0.75950088596144        2.03689431940588        1.72292516750829
H            1.89200893972011        2.83538834648572        0.63018035583196
H            3.62683000077791        1.27465315714510        0.25845488513598
H            4.40997485765701       -0.93619467311958       -0.47290233298618
H            2.75705143212824       -2.74677851997411       -0.92660249736090
H           -0.14488068162651        0.20240608408148       -2.23481288679434
H           -3.61968071900788       -0.16275668727889       -1.85294362488172
H           -4.68478535783553       -0.34926274057508        0.37241546967202
H           -3.28575402159480       -0.26796354641726        2.42388223473870
26
 energy: -46.466753898717 gnorm: 0.007834214234 xtb: 6.6.1 (8d0f1dd)
C            1.07139912880923        2.10030776125173        0.68798057242148
C            1.54961516966802        0.76156706591808        0.21904893281746
C            2.90618945218554        0.50273978080262        0.06229510090794
C            3.36244760016897       -0.73614343172861       -0.35136359766213
C            2.46562915980731       -1.75352300484458       -0.62269630094184
C            1.11857492379026       -1.49384649428600       -0.47093745236399
F            0.23393505856951       -2.48010025784349       -0.73495144132681
C            0.63351872528839       -0.25542673292104       -0.05756818399154
C           -0.83889248112315       -0.11374737583698        0.07324743670411
C           -1.64777895506307       -0.06715590865893       -1.06783321312822
O           -1.11512109471791        0.04238472332453       -2.30943157135376
C           -3.03381260729371       -0.12192347232942       -0.94611461389555
C           -3.62057738524464       -0.20935196092290        0.30061500678422
C           -2.84094065265338       -0.20712112778061        1.44635508392562
C           -1.46694106844823       -0.16106465488694        1.30977777869730
F           -0.69816450939321       -0.17966972249580        2.42231087620721
H            0.22559596959351        2.44593902641716        0.09517453714569
H            0.74383619068557        2.02948711195380        1.72506523521901
H            1.87116538410860        2.83497364844309        0.63209881554527
H            3.61737133205771        1.28715074683051        0.27310211759095
H            4.42076628421103       -0.91407442265419       -0.46285433361235
H            2.78645704098672       -2.73250562317596       -0.93963145678209
H           -0.14410185884124        0.07886703517909       -2.24901629698440
H           -3.62688931395244       -0.11613116174278       -1.84726029377863
H           -4.69564244152943       -0.27936735250055        0.38227776965538
H           -3.27763905166977       -0.26226419551197        2.43030849219915
26
 energy: -46.467154617431 gnorm: 0.009178140851 xtb: 6.6.1 (8d0f1dd)
C            1.05324699068685        2.09143324814114        0.69199370277349
C            1.54305871109501        0.75695568709999        0.22290165805391
C            2.90225940281736        0.50971489280931        0.07164602437611
C            3.37066316090986       -0.72335574834884       -0.34646514169469
C            2.48375427489848       -1.74614240663260       -0.62976192605163
C            1.13358787183068       -1.49831805642734       -0.48201675294164
F            0.25656834945398       -2.48784421126703       -0.76007941160017
C            0.63646485285909       -0.26694797313440       -0.06163751775706
C           -0.83683692476689       -0.13003360413696        0.06784207413887
C           -1.64936291229456       -0.07737519207978       -1.06863025467594
O           -1.12460805553097        0.01011303689121       -2.31565646489334
C           -3.03746539793530       -0.09937469178406       -0.93994486449422
C           -3.62249079639077       -0.17088642833689        0.30774699694884
C           -2.83619895483281       -0.19428424179215        1.44986153347781
C           -1.46275858933761       -0.17271183710611        1.30649923881537
F           -0.68985960350676       -0.21006803123149        2.41631749441255
H            0.20564403364081        2.42952192355977        0.09774087948439
H            0.72577085860182        2.01894879538624        1.72898829266264
H            1.84743306774970        2.83237910437316        0.63616826001942
H            3.60633605486317        1.29862071595634        0.28967656180139
H            4.43113906613083       -0.89219252317247       -0.45285992098832
H            2.81502992450077       -2.71967067068052       -0.95298832481963
H           -0.15233672477515       -0.02209039183230       -2.26567137245453
H           -3.63116840735221       -0.07634791944257       -1.84088134737315
H           -4.69933698775355       -0.21209683215082        0.39333873203592
H           -3.26853326556162       -0.24794664466097        2.43587085074310
26
 energy: -46.467504242905 gnorm: 0.004872122658 xtb: 6.6.1 (8d0f1dd)
C            1.03187034498415        2.07838492268095        0.69790854533752
C            1.53514618026255        0.74960107615010        0.22720797246071
C            2.89723609173944        0.51526605157605        0.08226888296536
C            3.37901741893901       -0.71091240792255       -0.34144026036161
C            2.50258240116638       -1.73932223152741       -0.63790271881699
C            1.14928734071672       -1.50436238182665       -0.49568140569074
F            0.28160286808039       -2.49920693050684       -0.78839554129357
C            0.63898811439211       -0.28106409816543       -0.06743270367244
C           -0.83423806405810       -0.14682492158892        0.06176434086483
C           -1.65056312723573       -0.09090207344218       -1.07103994511861
O           -1.13272752735280       -0.03038564498285       -2.32264983286214
C           -3.03859242848706       -0.07999144018907       -0.93492520432564
C           -3.61998561296776       -0.13130389682219        0.31507203468794
C           -2.82907940271846       -0.17532170550139        1.45333039132443
C           -1.45675383610320       -0.18054581872180        1.30338682686549
F           -0.68002240841825       -0.23321945058572        2.41006471983017
H            0.18199519016783        2.40823099014569        0.10253921239008
H            0.70380655903410        2.00299375736879        1.73437108590316
H            1.81867389938055        2.82704846850005        0.64269746470053
H            3.59317743312054        1.30925002212639        0.30887003766505
H            4.44172437678407       -0.86953492156323       -0.44233104946748
H            2.84478143513962       -2.70710733508448       -0.96741235340666
H           -0.16967826648509       -0.10215020290680       -2.28392439386599
H           -3.63382325447786       -0.04295011778363       -1.83383330795977
H           -4.69674941502026       -0.14349342494647        0.40627363915087
H           -3.25767631058265       -0.22217628448057        2.44121256269500
26
 energy: -46.467770881654 gnorm: 0.005123866432 xtb: 6.6.1 (8d0f1dd)
C            1.00403842483607        2.05999495678584        0.70603570589393
C            1.52471293247475        0.73915903936233        0.23180806890385
C            2.89024505062671        0.52099744812591        0.09432802453809
C            3.38815826779270       -0.69641249282910       -0.33627375879645
C            2.52420062131557       -1.73131970429679       -0.64809911829424
C            1.16742902437946       -1.51206248931959       -0.51343402108953
F            0.31223624287009       -2.51488836689994       -0.82181005380810
C            0.64118448868386       -0.29896048458905       -0.07649551945953
C           -0.83137753663735       -0.16783665193023        0.05400299433728
C           -1.65328046890311       -0.10218149067949       -1.07491722802665
O           -1.14383447383790       -0.06671775935508       -2.33040751841939
C           -3.03914301247050       -0.05458493760570       -0.93012732279319
C           -3.61347846778120       -0.08706767058859        0.32360062235956
C           -2.81860651658652       -0.14998119085035        1.45733927345051
C           -1.44788816906103       -0.18646569708614        1.29979041679537
F           -0.66666246523043       -0.25157714091759        2.40218775306059
H            0.15072160377693        2.38008129396507        0.11019472937424
H            0.67524451230006        1.97914105581635        1.74168764910024
H            1.78077613049927        2.81897255128530        0.65269913126360
H            3.57585871460526        1.32113640922321        0.33200969281504
H            4.45333551619383       -0.84261567583824       -0.43049777611595
H            2.87911590866419       -2.69245250129453       -0.98397266799861
H           -0.18365602074613       -0.20271447869017       -2.30425812555041
H           -3.63775465233410       -0.00717625075272       -1.82508725103338
H           -4.68839616387941       -0.06984345207347        0.42228899990426
H           -3.24317949155083       -0.18462431896745        2.44740629958836
26
 energy: -46.467963458313 gnorm: 0.003127090835 xtb: 6.6.1 (8d0f1dd)
C            0.97310380996677        2.03746962141091        0.71443378150356
C            1.51371428885905        0.72621715748651        0.23561699123267
C            2.88252916008231        0.52535649866990        0.10595561484137
C            3.39721517799578       -0.68265162604823       -0.33131486129791
C            2.54652745985505       -1.72399155751038       -0.65845911908465
C            1.18644803394510       -1.52159222666335       -0.53104993518591
F            0.34527318873282       -2.53307648494239       -0.85532936111623
C            0.64352486644064       -0.31945221171602       -0.08637654013865
C           -0.82818134431310       -0.19134547892701        0.04580164998751
C           -1.65534665112952       -0.12006519090197       -1.08003062498921
O           -1.15322269616054       -0.10457472484516       -2.33752788433823
C           -3.03760752371148       -0.03661630716269       -0.92695539446942
C           -3.60405232263245       -0.04355145003442        0.33164254751074
C           -2.80576423798594       -0.12027393043939        1.46094681633001
C           -1.43694189113169       -0.18875473785486        1.29579994294247
F           -0.65111969827944       -0.26237657119359        2.39355099778650
H            0.11535074731899        2.34635875832546        0.11860137140506
H            0.64396434298616        1.94865803351151        1.74928914543189
H            1.73796932496678        2.80848297590912        0.66419804186561
H            3.55673245528371        1.33176219424018        0.35546507208301
H            4.46462088574352       -0.81598521488897       -0.41871865328186
H            2.91442819702489       -2.67814270857439       -1.00038831962703
H           -0.20355016259969       -0.27545449661968       -2.32019625807726
H           -3.64219647569326        0.02302970852465       -1.81686657997086
H           -4.67717250222996        0.00668277348551        0.43843474615327
H           -3.22624643333423       -0.13611280324145        2.45347581250303
26
 energy: -46.468022138238 gnorm: 0.002227646141 xtb: 6.6.1 (8d0f1dd)
C            0.95082846333011        2.02072376921780        0.72081309287207
C            1.50581150527630        0.71693555060496        0.23836429296191
C            2.87646950225224        0.52856237151270        0.11384652284125
C            3.40285002557609       -0.67255503194429       -0.32819644112547
C            2.56194790014595       -1.71808907555403       -0.66619202755440
C            1.19959388810931       -1.52787793395827       -0.54348331227628
F            0.36870301070980       -2.54472788580955       -0.87873941410704
C            0.64498105655374       -0.33384657835285       -0.09315362524506
C           -0.82654160805037       -0.20799822611496        0.04025787230267
C           -1.65721927053897       -0.13117550749940       -1.08323041793303
O           -1.15970476360594       -0.12962363247162       -2.34224180596486
C           -3.03661449583737       -0.02323309934990       -0.92459128807120
C           -3.59733366477225       -0.01167713709225        0.33688003739331
C           -2.79604250025179       -0.09821547094442        1.46324402327857
C           -1.42904792742536       -0.18956260129504        1.29270686717672
F           -0.63981675721966       -0.26940910481495        2.38740560226355
H            0.08961215528871        2.32127555021742        0.12557584120096
H            0.62267281116896        1.92516911541279        1.75539836889524
H            1.70675659344443        2.80047090217327        0.67313159362989
H            3.54228631608903        1.33914717097730        0.37131619664457
H            4.47158129896848       -0.79682142684421       -0.41123307120269
H            2.93913635995637       -2.66696452823483       -1.01255857783766
H           -0.21417929839267       -0.33212693003708       -2.33005413579607
H           -3.64577800575633        0.04234873995290       -1.81101427306942
H           -4.66847817430344        0.05935818357844        0.44811494785792
H           -3.21247442071511       -0.10008718333015        2.45763213086405
26
 energy: -46.468039599174 gnorm: 0.003205574459 xtb: 6.6.1 (8d0f1dd)
C            0.94143591050332        2.01256652628698        0.72379959792068
C            1.50243356157216        0.71238284362249        0.23950113743994
C            2.87344850820228        0.52935354400045        0.11665116493867
C            3.40439421372688       -0.66870732787022       -0.32749544187042
C            2.56770429529744       -1.71563568744417       -0.66969376218284
C            1.20452875679283       -1.53070475167477       -0.54848573476474
F            0.37834184956603       -2.54926124356080       -0.88799094363183
C            0.64541610185790       -0.34032429552859       -0.09561969818440
C           -0.82624667292551       -0.21534694029956        0.03838332148155
C           -1.65788916187129       -0.13723330473530       -1.08443394903116
O           -1.16142641703549       -0.14132170723873       -2.34374210386188
C           -3.03538301523058       -0.02058805379287       -0.92403070640487
C           -3.59340372896243        0.00033275018546        0.33829327170569
C           -2.79136703298495       -0.08715239082842        1.46377409591288
C           -1.42577365921712       -0.18847625865272        1.29141432658695
F           -0.63559985461263       -0.26963153443655        2.38532799868359
H            0.07839567317039        2.30937639738050        0.12956138563978
H            0.61482066826419        1.91362722570897        1.75852186085647
H            1.69305817199193        2.79613364016386        0.67715581798747
H            3.53560654888182        1.34142932197428        0.37721150163055
H            4.47344655196839       -0.78929108268259       -0.40916723336584
H            2.94863025399629       -2.66202550615460       -1.01808478257038
H           -0.21913275053289       -0.34436854241986       -2.33122790917800
H           -3.64674930595949        0.04515786898665       -1.80893816235246
H           -4.66324813788816        0.08032072443462        0.45038580990951
H           -3.20544132857101       -0.08061221542473        2.45892813670459
26
 energy: -46.468047154111 gnorm: 0.002022471403 xtb: 6.6.1 (8d0f1dd)
C            0.93828955189341        2.00978287759169        0.72572641283952
C            1.50107182602321        0.71088785094509        0.24031593807125
C            2.87224456411286        0.53005629339656        0.11778936204260
C            3.40498772562716       -0.66675847277023       -0.32770930627450
C            2.56998445925655       -1.71430131798202       -0.67177149648307
C            1.20635866399074       -1.53173133097732       -0.55065526310321
F            0.38200751971991       -2.55054264570635       -0.89248561381145
C            0.64560647362991       -0.34282370963452       -0.09619224910477
C           -0.82625457148984       -0.21864020194282        0.03781777055554
C           -1.65807186391863       -0.14056646543742       -1.08471536317912
O           -1.16206647012955       -0.14732110134314       -2.34438202125687
C           -3.03526105527235       -0.02008555749382       -0.92368605812302
C           -3.59261510370164        0.00528817046283        0.33873262545511
C           -2.79010297235458       -0.08227299981915        1.46397705525249
C           -1.42505963940883       -0.18845706485753        1.29092565515276
F           -0.63476653326103       -0.27029202855554        2.38488258224130
H            0.07423631002502        2.30530713326040        0.13253182912251
H            0.61313421982722        1.90981552805842        1.76077932343099
H            1.68834404590036        2.79470912064582        0.67886413646626
H            3.53304798249317        1.34273502424103        0.37961125207977
H            4.47422182712022       -0.78576226928865       -0.40918101667396
H            2.95246166093978       -2.65948022189811       -1.02166568027667
H           -0.21936229051293       -0.35312961916467       -2.33131283074985
H           -3.64721451394303        0.04554155609777       -1.80837724179483
H           -4.66231082119643        0.09012654737634        0.45072086724103
H           -3.20291099537041       -0.07208509520492        2.45945833087969
26
 energy: -46.468058061640 gnorm: 0.001249316706 xtb: 6.6.1 (8d0f1dd)
C            0.93870466785437        2.00911782955076        0.72796239658648
C            1.50079363638578        0.71048464532802        0.24136155160197
C            2.87180613205618        0.53020688123970        0.11780176092700
C            3.40454228359960       -0.66610849313025       -0.32922631553831
C            2.56978979774165       -1.71344780098250       -0.67394141671372
C            1.20597010118561       -1.53182117783684       -0.55162781239720
F            0.38217490085861       -2.54970384193917       -0.89467962183830
C            0.64552062625524       -0.34346684380259       -0.09532414060993
C           -0.82666517628661       -0.21992972459097        0.03843447851863
C           -1.65792570680222       -0.14391773075306       -1.08433461301225
O           -1.16144210818649       -0.15234953690657       -2.34414152136198
C           -3.03535811396308       -0.02351764040846       -0.92390682479757
C           -3.59315034459521        0.00611651705713        0.33795808074949
C           -2.79065430165037       -0.07851052687690        1.46373554942995
C           -1.42607873669996       -0.18743858601022        1.29102923730212
F           -0.63660998776125       -0.26846328453791        2.38598442946985
H            0.07324369022948        2.30442979839298        0.13697287831783
H            0.61645574554942        1.90920383237483        1.76390112508248
H            1.68836683580027        2.79421100342855        0.67936786980281
H            3.53252705409277        1.34280844504295        0.37977870460376
H            4.47374454772335       -0.78470498520189       -0.41168903030250
H            2.95246577503937       -2.65782218152040       -1.02556385326993
H           -0.21635379062441       -0.35167667253243       -2.32832465409409
H           -3.64693545509116        0.03907058624124       -1.80925373313481
H           -4.66258839857099        0.09220479752699        0.44838179425937
H           -3.20234367413966       -0.06497530915324        2.45934268041834
26
 energy: -46.468070954824 gnorm: 0.002302018440 xtb: 6.6.1 (8d0f1dd)
C            0.94011301015456        2.00767158469094        0.73394571908743
C            1.50065012675486        0.70949508702122        0.24408556958996
C            2.87154180698412        0.53000717687815        0.11786706504046
C            3.40393265107535       -0.66515216343150       -0.33317345374518
C            2.56910797422620       -1.71182888091006       -0.67936221271116
C            1.20501427761636       -1.53169239767803       -0.55422777316121
F            0.38192953237678       -2.54818271348422       -0.89928092189324
C            0.64537366730549       -0.34437074457668       -0.09354067574964
C           -0.82711816668716       -0.22162286362577        0.03978695781360
C           -1.65750286179695       -0.15193671119886       -1.08373728703724
O           -1.16001004146149       -0.16541966575476       -2.34358267520457
C           -3.03564602164823       -0.03342004219727       -0.92491183053785
C           -3.59459501735863        0.00585718173237        0.33601760994964
C           -2.79245928850829       -0.07056403886592        1.46302019124017
C           -1.42840252257935       -0.18337982461448        1.29148120507886
F           -0.64075034456212       -0.26052295229802        2.38843200295490
H            0.07070078000957        2.30242517701368        0.14852883200632
H            0.62471206620808        1.90784216674612        1.77207112395882
H            1.68905959895923        2.79332245712060        0.68051789512667
H            3.53250881880076        1.34232103094262        0.38035609993796
H            4.47309467579814       -0.78302823933355       -0.41808113076859
H            2.95178688696085       -2.65472673133523       -1.03491673382653
H           -0.20953319629285       -0.34326789881841       -2.32237552656146
H           -3.64620836456320        0.02236985993692       -1.81170382010419
H           -4.66427419061961        0.09616824144358        0.44390912469982
H           -3.20302585715221       -0.04836409540369        2.45887364481572
26
 energy: -46.468076813995 gnorm: 0.001718387701 xtb: 6.6.1 (8d0f1dd)
C            0.93985667045385        2.00660713377776        0.73592795076195
C            1.50058467584454        0.70889030279592        0.24485446730361
C            2.87157603499116        0.52971457672620        0.11818189507800
C            3.40410147611883       -0.66485293973291       -0.33412178883574
C            2.56925608313859       -1.71140666211437       -0.68086116182890
C            1.20524545521966       -1.53152595885186       -0.55528003045159
F            0.38230366223133       -2.54848708802442       -0.90033391332617
C            0.64531238090110       -0.34462237069552       -0.09365556771416
C           -0.82694953593446       -0.22157844630050        0.03976141668863
C           -1.65758207767278       -0.15388281420886       -1.08392505047348
O           -1.16026467236887       -0.16978823484404       -2.34358526781607
C           -3.03577433843912       -0.03488557521115       -0.92533908753469
C           -3.59461899732025        0.00687672810935        0.33563990261872
C           -2.79259811748251       -0.06797473766101        1.46271571531678
C           -1.42837667719680       -0.18097853779247        1.29151117327257
F           -0.64071568120986       -0.25663482086428        2.38842637327016
H            0.06913231325597        2.30081008496323        0.15203444779822
H            0.62616341832433        1.90639508093221        1.77454020910911
H            1.68821400759345        2.79281122000879        0.68121201013701
H            3.53250048546472        1.34194335885598        0.38127669908687
H            4.47327198844636       -0.78239634844573       -0.41943387931336
H            2.95197002340386       -2.65404723227972       -1.03716720787287
H           -0.20893606077343       -0.34179057417186       -2.32241615038053
H           -3.64621245168901        0.01923408203332       -1.81213549753437
H           -4.66384219055560        0.09589318577700        0.44374964189609
H           -3.20361787474481       -0.04432341278132        2.45842170074371
26
 energy: -46.468083633763 gnorm: 0.001177981741 xtb: 6.6.1 (8d0f1dd)
C            0.94037332097371        2.00354286785107        0.74357045989317
C            1.50082665771006        0.70738496295618        0.24765214098470
C            2.87204779068427        0.52850647223692        0.11930819278211
C            3.40447453100630       -0.66400948086995       -0.33772477431391
C            2.56895511334242       -1.70987360187459       -0.68607807891248
C            1.20559649179617       -1.52991177694656       -0.55871890486660
F            0.38228174908825       -2.54878964956268       -0.90248502519250
C            0.64486922804602       -0.34421865831083       -0.09422325144393
C           -0.82644203026908       -0.22001255864225        0.03955690445806
C           -1.65806809289990       -0.16072117545622       -1.08477164501144
O           -1.16199123975689       -0.18566006509182       -2.34357217621738
C           -3.03605262345998       -0.04193729624133       -0.92736551803127
C           -3.59437148057206        0.00618723111640        0.33366199328970
C           -2.79290994265678       -0.06165413487425        1.46100940176955
C           -1.42800985869636       -0.17164518445797        1.29150445518509
F           -0.64017516355056       -0.23922410153032        2.38805956020417
H            0.06462388484320        2.29588702192412        0.16584273731524
H            0.63371902261069        1.90194066727166        1.78413229561780
H            1.68654957933853        2.79156810173947        0.68378320463871
H            3.53321055790398        1.33998917053117        0.38473954222643
H            4.47356809924289       -0.78082501575938       -0.42470983146976
H            2.95116513233601       -2.65198493940954       -1.04463776421753
H           -0.20751672046610       -0.33621306488776       -2.32377577552621
H           -3.64618684783869        0.00833364548069       -1.81413893726140
H           -4.66384686160432        0.09578497147716        0.44351905966048
H           -3.20669029715154       -0.03244440866965        2.45586073443865
26
 energy: -46.468085875502 gnorm: 0.000447922634 xtb: 6.6.1 (8d0f1dd)
C            0.94112329179734        2.00451083363446        0.74284681834683
C            1.50091507148512        0.70809941043091        0.24724445484914
C            2.87197104676938        0.52884478007396        0.11931123325194
C            3.40420540596773       -0.66403505816133       -0.33714863497193
C            2.56867416376200       -1.70988461461797       -0.68538220597459
C            1.20524763985062       -1.52965791710877       -0.55817069760385
F            0.38164526920870       -2.54781238961278       -0.90223822717280
C            0.64481817825422       -0.34371589598074       -0.09423599077395
C           -0.82685444873930       -0.22020467572669        0.03935292887602
C           -1.65814815808389       -0.16016012353782       -1.08486400944508
O           -1.16199679865853       -0.18441383686632       -2.34390278270560
C           -3.03626304982934       -0.04050609760837       -0.92717491245901
C           -3.59478044420792        0.00671286245346        0.33382082579850
C           -2.79295191946796       -0.06234913634774        1.46114858172998
C           -1.42803379927495       -0.17304719939949        1.29122917820507
F           -0.64000611439540       -0.24140059007373        2.38784418667219
H            0.06578045284101        2.29723605633324        0.16504307804253
H            0.63458121230628        1.90303125581645        1.78342681404033
H            1.68746980501731        2.79223101590731        0.68351139947604
H            3.53315983376271        1.34017846685139        0.38474159647822
H            4.47326918625174       -0.78117965875314       -0.42393238946314
H            2.95077526159779       -2.65207801587828       -1.04370408878953
H           -0.20802312421674       -0.33944695481806       -2.32403895531537
H           -3.64645948252067        0.00975393197012       -1.81402605022860
H           -4.66401938509637        0.09441695167874        0.44324778689205
H           -3.20609909438062       -0.03512340065906        2.45604906224409
