26
 energy: -46.447584629907 gnorm: 0.096542108554 xtb: 6.6.1 (8d0f1dd)
C           -1.03110500000000        1.85323200000000        0.50082700000000
C           -1.53889700000000        0.52724600000000        0.11574400000000
C           -2.90079400000000        0.37068700000000       -0.04523100000000
C           -3.41848600000000       -0.85391900000000       -0.40518000000000
C           -2.51859100000000       -1.88844700000000       -0.59061600000000
C           -1.14935800000000       -1.74111200000000       -0.43135600000000
F           -0.28544400000000       -2.76186900000000       -0.61645300000000
C           -0.64796200000000       -0.50616600000000       -0.07020100000000
C            0.76591700000000       -0.22360100000000        0.12771500000000
C            1.56805600000000        0.20974100000000       -0.91757700000000
O            1.03254700000000        0.38430300000000       -2.18635500000000
C            2.90749100000000        0.47321900000000       -0.71225200000000
C            3.48031400000000        0.30891400000000        0.54986600000000
C            2.69438600000000       -0.12134400000000        1.59807300000000
C            1.37434800000000       -0.37434200000000        1.36747100000000
F            0.60421500000000       -0.80204100000000        2.42034900000000
H           -1.84333800000000        2.58724100000000        0.68158400000000
H           -0.37558500000000        2.31092900000000       -0.28366500000000
H           -0.42271200000000        1.83388900000000        1.42533700000000
H           -3.60042900000000        1.17994900000000        0.10020600000000
H           -4.47309000000000       -1.04309000000000       -0.54724300000000
H           -2.89702100000000       -2.84380900000000       -0.86915900000000
H            1.51923200000000        0.06733200000000       -3.03222700000000
H            3.54045600000000        0.81191600000000       -1.52326900000000
H            4.52409100000000        0.50626800000000        0.74367300000000
H            3.09176000000000       -0.26512600000000        2.59993800000000
26
 energy: -46.460067486512 gnorm: 0.042985907480 xtb: 6.6.1 (8d0f1dd)
C           -1.03051527876511        1.89290503767781        0.50893219829058
C           -1.55161232135468        0.55757334549106        0.11990827681837
C           -2.91341686476625        0.37138278692862       -0.04765356108752
C           -3.41094482719462       -0.86861125516313       -0.40895891932552
C           -2.52526006495752       -1.91563721686106       -0.59835705485861
C           -1.16591494043395       -1.73512616341606       -0.43183581731462
F           -0.30829742968344       -2.75936814714265       -0.62235955885962
C           -0.66100689398835       -0.49361015833729       -0.07189163931319
C            0.77514242783286       -0.24148432353277        0.11867216810712
C            1.58499761689040        0.18243325444873       -0.93311830018356
O            1.00869189525794        0.37179639675924       -2.16680632303730
C            2.92724481559270        0.46213696675891       -0.71728970310775
C            3.48707311615662        0.30920323638436        0.54328042243033
C            2.70230876313760       -0.12138288839536        1.59811725586340
C            1.37287486652090       -0.38096446534576        1.36390532595487
F            0.59993680362598       -0.79487454624522        2.40690086759225
H           -1.84375076895081        2.60254239877009        0.68224917652273
H           -0.38155195803694        2.30832281989356       -0.27615235068838
H           -0.42692970317999        1.84164213612566        1.42163257549108
H           -3.60556968486918        1.18598185879752        0.10141175756041
H           -4.46513277886699       -1.04719528335180       -0.54698388844762
H           -2.89601716337905       -2.88607046015246       -0.87902488582037
H            1.54824793531525        0.10046372380198       -2.94797865969526
H            3.54882268420222        0.80401034429734       -1.53207431320260
H            4.53019893914068        0.51507825298481        0.72216283271178
H            3.10038181475371       -0.26114765117615        2.59331111759902
26
 energy: -46.463806653708 gnorm: 0.011097010274 xtb: 6.6.1 (8d0f1dd)
C           -1.03416182474074        1.92504272701899        0.51503266397731
C           -1.56326974025761        0.57997755768387        0.12656025360843
C           -2.92274205648158        0.36411547962624       -0.04901751722705
C           -3.40228305614442       -0.88336797782425       -0.41213331160481
C           -2.52626431095843       -1.93621023529046       -0.60628534488687
C           -1.17316484247929       -1.71996364050408       -0.43409299907591
F           -0.31543004021626       -2.74446752847302       -0.62861203089792
C           -0.67145970268286       -0.47730572307734       -0.07004908859236
C            0.77966485427651       -0.24784690148826        0.11835295766969
C            1.58951976764844        0.17101283372158       -0.94091365840248
O            0.98553659607917        0.34396866654991       -2.15110077642975
C            2.93669262462106        0.44316851835279       -0.72517038722565
C            3.48834677440903        0.29505430515284        0.53354549165727
C            2.70783731207466       -0.12820486946322        1.59634869721005
C            1.37078686605744       -0.38760328421014        1.36566782109523
F            0.59980988784647       -0.78726718709928        2.40199969373967
H           -1.84771812041945        2.62087646910670        0.68235591473573
H           -0.39088006611206        2.31355569381354       -0.27090282299977
H           -0.43932380447499        1.85256724089038        1.42344077333846
H           -3.61113877171142        1.18188823000518        0.10050172673867
H           -4.45958405277267       -1.04706233335529       -0.54711706479266
H           -2.88362992226530       -2.91638430216285       -0.88759672666503
H            1.59247365572754        0.14328094566157       -2.87691595401528
H            3.54937158447101        0.77913414049913       -1.54876150927328
H            4.53110976717349        0.51702625169323        0.69744536267792
H            3.10990162133223       -0.25498507682775        2.58741683564042
26
 energy: -46.464603532025 gnorm: 0.021289895995 xtb: 6.6.1 (8d0f1dd)
C           -1.04447483452719        1.93751194052946        0.51709395801037
C           -1.57076192495961        0.58723659603472        0.13068526833948
C           -2.92811187323425        0.35874359003936       -0.04952126390764
C           -3.40002053750804       -0.89093886210748       -0.41260064014382
C           -2.52355683865237       -1.94268335558715       -0.60756313580758
C           -1.17256987635918       -1.71126747434531       -0.43035442857613
F           -0.30927800979929       -2.73215111207952       -0.62824520540809
C           -0.67622467119982       -0.46908696689571       -0.06308958584718
C            0.77820810711413       -0.24835953119428        0.12572773662113
C            1.58562336370028        0.15809960126679       -0.94132992736775
O            0.97898816284717        0.31976329611116       -2.14856590145662
C            2.93508569478932        0.42282824657887       -0.73213788055903
C            3.48730769500135        0.28259257044372        0.52659844512295
C            2.71068355835952       -0.13147601390217        1.59503293893316
C            1.36978682924450       -0.38703586967594        1.37231518583200
F            0.60187802472177       -0.77684310968504        2.41037809130454
H           -1.85964765983836        2.63384670696517        0.67793791128341
H           -0.39872065078366        2.31852413490204       -0.26978730810119
H           -0.45481722645197        1.86439135125138        1.42782596374979
H           -3.61895659374509        1.17507039254209        0.09916770485052
H           -4.45913990620528       -1.04916992392740       -0.54637932930874
H           -2.87046779224514       -2.92553018787036       -0.89096006415947
H            1.64151843738338        0.21000928661764       -2.86176611441338
H            3.54554749702338        0.74659700000250       -1.56337204579615
H            4.53271336903147        0.50232851267425        0.67912314887280
H            3.11940865629292       -0.25300081868882        2.58378547793267
26
 energy: -46.465367741686 gnorm: 0.019363120244 xtb: 6.6.1 (8d0f1dd)
C           -1.06427027509977        1.95094876308609        0.52066001215183
C           -1.58079817728174        0.59529506964091        0.13479200724275
C           -2.93486142630476        0.35145253495821       -0.05133295358032
C           -3.39612815764771       -0.90093182365742       -0.41595222641161
C           -2.51337602032518       -1.94659865446168       -0.61144109741838
C           -1.16480826585272       -1.69730617509246       -0.42749869273790
F           -0.29076551058897       -2.71118404888909       -0.62627545578199
C           -0.67880674105799       -0.45466733854948       -0.05468904997251
C            0.77656358088898       -0.23812724868809        0.13730513443904
C            1.58376643653660        0.14596283251118       -0.93949316287967
O            0.97849545013146        0.30559316155872       -2.14454719017372
C            2.93829636386461        0.38698081885028       -0.74165054596989
C            3.49171556591727        0.25714533406075        0.51825955690715
C            2.71617258383213       -0.13622556206507        1.59380765259304
C            1.37005208315515       -0.37955946138023        1.38185867569706
F            0.60408391270378       -0.75473136790210        2.42396525760210
H           -1.88341610291703        2.64834724476333        0.67148776066872
H           -0.41312795010910        2.33025514318702       -0.26425020087546
H           -0.48270592534405        1.88308656162625        1.43735964290302
H           -3.63294484370884        1.16258361311723        0.09554489078330
H           -4.45639301690706       -1.05749625042228       -0.54984836542354
H           -2.84467017231982       -2.93227428436820       -0.89829526854143
H            1.65658222601050        0.28070942554533       -2.84805908560798
H            3.54841993670465        0.69358039847823       -1.58120986660515
H            4.54073529433725        0.46909604782004        0.65878323062886
H            3.13219015138224       -0.25193473372749        2.58071834036275
26
 energy: -46.466021563921 gnorm: 0.008895317624 xtb: 6.6.1 (8d0f1dd)
C           -1.08872262945089        1.95967107530033        0.52567296762809
C           -1.59089076845381        0.60095278448320        0.13848259453376
C           -2.94158983840337        0.34586635923957       -0.05181550081447
C           -3.39275530038379       -0.90914565198972       -0.42010577087490
C           -2.49906536400328       -1.94514469557786       -0.61602661116549
C           -1.15323601241107       -1.68398749538753       -0.42682918810646
F           -0.26749027253276       -2.68975724474781       -0.62343431275488
C           -0.67886119012330       -0.43946115524378       -0.04797168501051
C            0.77463802196414       -0.22131734572642        0.14698618837576
C            1.58256292288163        0.14058995331357       -0.93687100922890
O            0.98356145892595        0.29715709107150       -2.14411745127592
C            2.94256329259339        0.35443824429418       -0.74961188798690
C            3.50074298335757        0.22702061043946        0.50975482942553
C            2.72263969241302       -0.13981899256856        1.59146883517254
C            1.37183437297116       -0.36522382059288        1.38896652656959
F            0.60515063901576       -0.72096469039596        2.43825894116677
H           -1.91302824751317        2.65600987116556        0.66573263321714
H           -0.43063658825253        2.34536611485876       -0.25262370498396
H           -0.51628832049786        1.90265639536114        1.45021409154943
H           -3.64965669010859        1.14911966652946        0.09334779353137
H           -4.45208168021624       -1.07165739130425       -0.55569929732657
H           -2.81573977643605       -2.93288014812874       -0.90678799733721
H            1.65198485730352        0.33635991559883       -2.84010187346615
H            3.55653248054558        0.63633462208141       -1.59592907750557
H            4.55465033154138        0.41972824816062        0.64143166574508
H            3.14318262527344       -0.25191232023413        2.57760730092294
26
 energy: -46.466207643963 gnorm: 0.020157074219 xtb: 6.6.1 (8d0f1dd)
C           -1.11788321973740        1.96798766269916        0.53196974449238
C           -1.60234961077036        0.60621662596814        0.14312565543051
C           -2.94972266141492        0.34133019408691       -0.05113002458606
C           -3.39000918496830       -0.91712670313312       -0.42395585427991
C           -2.48374604892440       -1.94245831771698       -0.61850443698926
C           -1.14180857935388       -1.67275888948239       -0.42358867572825
F           -0.24510306906777       -2.67024016223971       -0.61478598985276
C           -0.67922484565120       -0.42461526460885       -0.04003853049716
C            0.77262642054381       -0.20507747645734        0.15471918785760
C            1.58131908659843        0.13006801165075       -0.93649737329631
O            0.98584153180609        0.27271130587619       -2.14682669485971
C            2.94608757611613        0.32105406127444       -0.75858655979894
C            3.51272609084314        0.19028040125092        0.49769560401736
C            2.73063997065060       -0.14246118031251        1.58747121545221
C            1.37459020770892       -0.34328170186282        1.39481691819032
F            0.60582506092063       -0.67016765158994        2.45485725997296
H           -1.94943038315243        2.65861818631756        0.65792309002232
H           -0.45135419594505        2.36206668945589       -0.23585707853955
H           -0.55786885386461        1.92428907869127        1.46597224237753
H           -3.66855188941410        1.13566374425552        0.09142448025649
H           -4.44656792769579       -1.09099536202785       -0.56362371164561
H           -2.78714391993393       -2.93254269482082       -0.91345672853585
H            1.66910173928306        0.42731927161455       -2.83563971555786
H            3.56486669679752        0.57285635600948       -1.61108550863796
H            4.57301740607379        0.35325314829187        0.62069151485834
H            3.15412360255177       -0.25198933319034        2.57290896987733
26
 energy: -46.466500582174 gnorm: 0.004415661596 xtb: 6.6.1 (8d0f1dd)
C           -1.12540412904865        1.96932208663600        0.53684082975495
C           -1.60389900609642        0.60755591358255        0.14389255329408
C           -2.95111154008810        0.34186298090901       -0.05063186975186
C           -3.38856244607981       -0.91722987939145       -0.42621445683017
C           -2.47856024196902       -1.93948699126123       -0.62005521885253
C           -1.13747002847334       -1.67071448272066       -0.42460862382702
F           -0.23988185942118       -2.66610822278360       -0.61423854156039
C           -0.67754446310345       -0.42014819224057       -0.04126709631552
C            0.77354574209994       -0.19624077093184        0.15182110114307
C            1.58452578859229        0.13487999917543       -0.93819303759625
O            0.98865747103683        0.27489037928746       -2.14956076469790
C            2.95011777339044        0.31904027096643       -0.75938073274797
C            3.51781193476097        0.18229374245250        0.49543816066201
C            2.73274710332101       -0.14214093030256        1.58593420570781
C            1.37608948864268       -0.33206317462625        1.39229639889074
F            0.60542542798486       -0.65301460808622        2.45386777185604
H           -1.96037911960815        2.65469453974193        0.66095212318780
H           -0.45669344202383        2.36751589084378       -0.22645526141510
H           -0.56914173076116        1.92570677800388        1.47297333275575
H           -3.67214125939912        1.13344357314812        0.09311833516871
H           -4.44305383842349       -1.09848556176416       -0.56888933846437
H           -2.78222490161067       -2.92983737159041       -0.91652149912674
H            1.65397644875435        0.41000029181605       -2.83279559903525
H            3.57011197981145        0.56778548648987       -1.61009631226853
H            4.57944102522305        0.33261108835707        0.62017987767624
H            3.15361882248824       -0.25613283571119        2.57159266239254
26
 energy: -46.466554582867 gnorm: 0.002551077499 xtb: 6.6.1 (8d0f1dd)
C           -1.13370732119141        1.97269589805198        0.54174540828953
C           -1.60647487015217        0.60937308010990        0.14551937940374
C           -2.95322280670218        0.34054055441108       -0.05035023572096
C           -3.38703734655231       -0.91914456453003       -0.42775612054808
C           -2.47428255699565       -1.93916985607006       -0.62085915450212
C           -1.13404800693216       -1.66800161249760       -0.42423557867730
F           -0.23477062552392       -2.66112693305636       -0.61223468257429
C           -0.67733052211359       -0.41566409266484       -0.04071690805283
C            0.77413670996675       -0.19111521514955        0.15074025422666
C            1.58725526616182        0.13094390752053       -0.94071478565876
O            0.99037540926109        0.26850285723476       -2.15175154574959
C            2.95359793589658        0.30953491996349       -0.76253637211055
C            3.52113536866641        0.17256868539132        0.49197797929481
C            2.73476091433849       -0.14247731570860        1.58453090380613
C            1.37694080136697       -0.32252700498946        1.39174194682165
F            0.60454796914054       -0.63196220974038        2.45581642358495
H           -1.97194862574211        2.65430302985828        0.66122938253249
H           -0.46186390367460        2.37270195941571       -0.21738423818167
H           -0.58312910731552        1.92910468332794        1.48101405137585
H           -3.67609360984155        1.13009219368020        0.09395427702580
H           -4.44027826195094       -1.10496254502619       -0.57293880455441
H           -2.77688473444583       -2.93018642275981       -0.91794590146271
H            1.65589916747079        0.42689168385525       -2.83131462086694
H            3.57411976573557        0.55305000483070       -1.61401457653001
H            4.58388407631895        0.31294859217685        0.61595345542764
H            3.15441991480965       -0.25691427763513        2.57052906340113
26
 energy: -46.466579141807 gnorm: 0.001255885853 xtb: 6.6.1 (8d0f1dd)
C           -1.14054119504525        1.97517345127987        0.54848784645874
C           -1.60828961664835        0.61047592626366        0.14726806633826
C           -2.95484102071095        0.33898124930521       -0.04965414090319
C           -3.38538041276418       -0.92069902864646       -0.42885606522968
C           -2.47070896133938       -1.93936424781312       -0.62168043301132
C           -1.13095688357655       -1.66589702554933       -0.42523917677532
F           -0.23055843700298       -2.65693001201951       -0.61210937887168
C           -0.67718024485840       -0.41196408473288       -0.04173324359155
C            0.77487423311011       -0.18708759883158        0.14776719932534
C            1.59049221597374        0.12664504149344       -0.94438489656791
O            0.99368392836685        0.26212440083508       -2.15565717390215
C            2.95727020626049        0.30068727344134       -0.76584320573130
C            3.52336104222577        0.16417080647417        0.48886605606477
C            2.73555623049748       -0.14185660275442        1.58307526858695
C            1.37701121056798       -0.31262815448247        1.38989741762993
F            0.60213129479721       -0.60835328407766        2.45598127651652
H           -1.98164249605837        2.65352822213424        0.66269273755944
H           -0.46440845608128        2.37707022913495       -0.20530024475481
H           -0.59743095053517        1.92982188662121        1.49159000998123
H           -3.67844038812166        1.12741070948102        0.09593998673845
H           -4.43755931414543       -1.11058462457792       -0.57626629404181
H           -2.77409276231298       -2.93072238339104       -0.91823759669584
H            1.65951809285334        0.43952192227302       -2.83137295757642
H            3.57852264901709        0.53916710347708       -1.61836478044233
H            4.58660126554383        0.29663049408563        0.61308240797623
H            3.15300976998672       -0.25532166942356        2.57005031491963
26
 energy: -46.466545639014 gnorm: 0.004620174061 xtb: 6.6.1 (8d0f1dd)
C           -1.15087379408805        1.97891016566841        0.55869987569041
C           -1.61103513825709        0.61214459669997        0.14991290342595
C           -2.95728856956883        0.33662145199860       -0.04859528649832
C           -3.38287359657311       -0.92305070043939       -0.43051843715882
C           -2.46529930035619       -1.93965357121410       -0.62293798714081
C           -1.12627659743107       -1.66270249496762       -0.42678237309433
F           -0.22417263380473       -2.65056507214227       -0.61196604398346
C           -0.67695169332766       -0.40636024734098       -0.04328280595206
C            0.77598607427899       -0.18098176459354        0.14326879532453
C            1.59538462221084        0.12015893050433       -0.94993530805892
O            0.99871011563530        0.25248808064873       -2.16157726118623
C            2.96282688174262        0.28730099166353       -0.77084477614037
C            3.52672922441815        0.15147105102634        0.48416313471098
C            2.73674947525789       -0.14089930396264        1.58087480194781
C            1.37710732120837       -0.29764779552150        1.38710738097884
F            0.59846611946971       -0.57265091822479        2.45622204272557
H           -1.99629361834588        2.65235997356221        0.66491394606242
H           -0.46823502761589        2.38367393453910       -0.18699243961208
H           -0.61907384626909        1.93089475239929        1.50761131800177
H           -3.68199432503185        1.12334991779096        0.09896041949335
H           -4.43345056058732       -1.11908150000192       -0.58128084307721
H           -2.76985871785781       -2.93152643583491       -0.91869609585067
H            1.66494818437546        0.45850048170609       -2.83145625221315
H            3.58518857931272        0.51816179905869       -1.62494247726479
H            4.59071636803060        0.27196540062183        0.60874328591564
H            3.15086545317358       -0.25288172364446        2.56932948295412
26
 energy: -46.466581739495 gnorm: 0.001770883213 xtb: 6.6.1 (8d0f1dd)
C           -1.14453145995137        1.97589719847973        0.55496487786471
C           -1.60923232240015        0.61083570226736        0.14858168401380
C           -2.95584379819049        0.33782021692083       -0.04864281855850
C           -3.38428146156417       -0.92157493552949       -0.42922250074285
C           -2.46856242516253       -1.93958636281882       -0.62253775963142
C           -1.12895847334674       -1.66460989555608       -0.42727984608983
F           -0.22783449808755       -2.65405645741806       -0.61426627500982
C           -0.67713830573549       -0.40964461274497       -0.04371812041262
C            0.77530884143543       -0.18444804954440        0.14430212250818
C            1.59305835895477        0.12330597968100       -0.94793083378526
O            0.99753117651590        0.25702199631966       -2.16012669808262
C            2.96007861935254        0.29448377163743       -0.76841977924836
C            3.52439838874356        0.15914396574091        0.48684812510599
C            2.73503688746023       -0.13982562185960        1.58199817258278
C            1.37620222766301       -0.30444822123168        1.38774815026207
F            0.59904626647475       -0.58942774417281        2.45475237426302
H           -1.98726411789087        2.65260569422981        0.66454425773269
H           -0.46366908767745        2.37924977910749       -0.19348957329890
H           -0.60855090613293        1.92803341816855        1.50172456766762
H           -3.67945850851591        1.12581737527033        0.09868794532883
H           -4.43584977047376       -1.11416293939143       -0.57761191682389
H           -2.77347426526510       -2.93094004812399       -0.91831905710889
H            1.66364987097855        0.44404640947945       -2.83282696007986
H            3.58207653787974        0.52950317492933       -1.62153406770054
H            4.58791767167041        0.28664522970912        0.61175807174923
H            3.15034555326529       -0.25168502354973        2.57001485749460
26
 energy: -46.466593310574 gnorm: 0.000759220530 xtb: 6.6.1 (8d0f1dd)
C           -1.13825669056136        1.97184857618544        0.55388186827881
C           -1.60763648380504        0.60930736042603        0.14784517358804
C           -2.95470965733651        0.33870769888760       -0.04750150725332
C           -3.38589213851827       -0.92024393068954       -0.42738849919598
C           -2.47186820296645       -1.93933141892534       -0.62321050925377
C           -1.13164535820334       -1.66599334398214       -0.42995597011648
F           -0.23107237812801       -2.65653683289620       -0.62025357213062
C           -0.67747154478381       -0.41264113667621       -0.04539742542464
C            0.77443485275326       -0.18766856817901        0.14412543028867
C            1.59109681302124        0.12482278789259       -0.94721338784382
O            0.99813278102904        0.25823270184299       -2.16083261826297
C            2.95777994292209        0.29988601070604       -0.76681749034115
C            3.52195414872801        0.16684929464960        0.48920880597193
C            2.73232629828223       -0.13637976876213        1.58287398991216
C            1.37425205446126       -0.30904670972523        1.38780422478388
F            0.59758045211935       -0.60103803059286        2.45284059993835
H           -1.97785265542621        2.65293698262548        0.66459641115076
H           -0.45597692659384        2.37368235093212       -0.19464117769493
H           -0.60136030121812        1.92308502343898        1.50041582747124
H           -3.67727844354507        1.12779761125746        0.10071487828982
H           -4.43863241673165       -1.10935702641636       -0.57247424163838
H           -2.77723334737326       -2.92998569871360       -0.91928222109490
H            1.66581469218253        0.42802272920462       -2.83578671844303
H            3.58004306787442        0.53742503582870       -1.61906741193102
H            4.58512709531152        0.30159032175410        0.61459771332177
H            3.14834534650570       -0.24597202007318        2.57091682762971
26
 energy: -46.466600765983 gnorm: 0.000991544632 xtb: 6.6.1 (8d0f1dd)
C           -1.13855620216818        1.97106816755351        0.55741109585835
C           -1.60770629653333        0.60912444775464        0.14874987944744
C           -2.95497109604332        0.33836345764152       -0.04581137026976
C           -3.38595047933257       -0.92024389352820       -0.42676209828592
C           -2.47183804799844       -1.93891523803712       -0.62457695672555
C           -1.13151353360715       -1.66538612466301       -0.43265737684362
F           -0.23090177762095       -2.65539055707758       -0.62466765761042
C           -0.67742421833486       -0.41219329682503       -0.04714317232019
C            0.77459193991357       -0.18710753160211        0.14199719433781
C            1.59238397521240        0.12269601557291       -0.94923644782466
O            1.00037975087117        0.25457915328094       -2.16352331318801
C            2.95886377500760        0.29802211074123       -0.76773703309344
C            3.52175969760709        0.16726899527677        0.48899704904401
C            2.73121281747739       -0.13350295862588        1.58259269909067
C            1.37332570389082       -0.30551006883886        1.38657340896627
F            0.59558585254232       -0.59443198849900        2.45148500867766
H           -1.97791945943197        2.65281992192055        0.66507124939251
H           -0.45261304630224        2.37257915237187       -0.18780305687310
H           -0.60596445216425        1.92068748304205        1.50624239313168
H           -3.67745257317397        1.12714796914694        0.10411349204110
H           -4.43867670271311       -1.10989274586721       -0.57113269194203
H           -2.77783094066583       -2.92936004718033       -0.92103428936862
H            1.66849475595713        0.42349489039667       -2.83764211243086
H            3.58175287776404        0.53410174212882       -1.61986815316202
H            4.58476579486052        0.30142665027019        0.61513060116458
H            3.14620288498583       -0.24144570635433        2.57123065878630
26
 energy: -46.466631998346 gnorm: 0.001191764142 xtb: 6.6.1 (8d0f1dd)
C           -1.13919879025752        1.96696121427516        0.57261052746710
C           -1.60810776101559        0.60788668809506        0.15336330194927
C           -2.95617002997555        0.33647704656686       -0.03667020872723
C           -3.38679329387991       -0.92046535278832       -0.42281931658659
C           -2.47221480319063       -1.93673875966605       -0.63163584446409
C           -1.13127305496517       -1.66227427603608       -0.44633619950292
F           -0.23027754403474       -2.64973423994132       -0.64783907613975
C           -0.67728151343619       -0.41053065062397       -0.05506746311318
C            0.77494722988108       -0.18497998484463        0.13299595531774
C            1.59749222442555        0.11314406620137       -0.95775606269330
O            1.01037668355845        0.23703791344470       -2.17529574100920
C            2.96335935057979        0.28940449166096       -0.77169867081603
C            3.52097248834076        0.16950068994702        0.48823148584777
C            2.72584986831686       -0.11962996931533        1.58162628833190
C            1.36868350540271       -0.29039161169181        1.38149365436671
F            0.58590395592991       -0.56614762954429        2.44595798440698
H           -1.97674079190278        2.65353052802632        0.66349071002324
H           -0.43428748301833        2.36504276826354       -0.15678494201919
H           -0.62811075578689        1.91090081491457        1.53318369473650
H           -3.67863184026371        1.12348997155206        0.12187582469755
H           -4.43982844115510       -1.11185963397961       -0.56251018376818
H           -2.78001505915535       -2.92608180574126       -0.93076878384317
H            1.68194169558629        0.40345261643338       -2.84685229582607
H            3.58958362296032        0.51789461029340       -1.62341346988126
H            4.58334703799449        0.30292964054440        0.61759380025549
H            3.13647449906101       -0.21881914604618        2.57302403099003
26
 energy: -46.466681262337 gnorm: 0.005650600774 xtb: 6.6.1 (8d0f1dd)
C           -1.14198922972547        1.95223727858624        0.62604464960087
C           -1.60986158094959        0.60359583446131        0.17068452142203
C           -2.96018755345737        0.32976782588983       -0.00296631801075
C           -3.38987584070468       -0.92082410906743       -0.41010999868325
C           -2.47302191581472       -1.92726185477158       -0.65998745987892
C           -1.13014033555908       -1.64971078031020       -0.49491717752681
F           -0.22723133915054       -2.62758771767680       -0.73341773842232
C           -0.67672604823869       -0.40428300404699       -0.08066170401050
C            0.77552392195700       -0.17688418430325        0.10507261366722
C            1.61334610964788        0.08060839189072       -0.98514420432934
O            1.04367532192082        0.17094355253575       -2.21462801359919
C            2.97772406983762        0.25886378688844       -0.78571200861568
C            3.51851282630702        0.17900213131639        0.48517572823411
C            2.70788570818046       -0.06888519716975        1.57873631808491
C            1.35307623244737       -0.23853039277253        1.36593248545103
F            0.55407542292978       -0.47130510114400        2.42977174146597
H           -1.97164751906098        2.65642575152367        0.65807448586340
H           -0.37165487431655        2.33786274790745       -0.04723828137356
H           -0.70615886556725        1.87991764417464        1.62669908997695
H           -3.68371516916540        1.10940631070378        0.18728536406685
H           -4.44420728169049       -1.11711134018295       -0.53358740529489
H           -2.78396677846872       -2.91178141063158       -0.97363581830126
H            1.72625693309399        0.32309978597159       -2.87772923117257
H            3.61587003003875        0.45780897436790       -1.63698764755665
H            4.57982110857879        0.31059007904028        0.62399583034808
H            3.10461764692992       -0.13596500318094        2.57924917859428
26
 energy: -46.466722476148 gnorm: 0.002934552371 xtb: 6.6.1 (8d0f1dd)
C           -1.14161009452738        1.95122951004465        0.62820291219055
C           -1.60950933068967        0.60298897332457        0.17279466113576
C           -2.95980515486697        0.32912275557766        0.00021814235687
C           -3.38996284915877       -0.92036954283514       -0.40971767642138
C           -2.47355573060839       -1.92584449356603       -0.66297803002200
C           -1.13065046817424       -1.64835888161460       -0.49810544882795
F           -0.22825110390967       -2.62591240413664       -0.73935582242939
C           -0.67667029547607       -0.40421911867326       -0.08128044183742
C            0.77550559338630       -0.17726075459263        0.10484846285002
C            1.61371678352633        0.07829204758103       -0.98516819402598
O            1.04476296469245        0.16520514316103       -2.21488075138382
C            2.97778882394607        0.25774818656798       -0.78540420798602
C            3.51788455104251        0.18126664011623        0.48561544829501
C            2.70711011636862       -0.06567446004137        1.57863519610140
C            1.35258894016487       -0.23708220319331        1.36546172359530
F            0.55367392866339       -0.47016997703425        2.42873976868216
H           -1.96868899380502        2.65601142376882        0.66157127732784
H           -0.37439656880142        2.33646443068100       -0.04422014206039
H           -0.70521603397680        1.87999939383138        1.62549162859939
H           -3.68312818495199        1.10822340013898        0.19222974507126
H           -4.44439996289329       -1.11596435399245       -0.53275997705314
H           -2.78407656661850       -2.90959232343909       -0.97904725044650
H            1.72833637435345        0.31396257050523       -2.87848942768039
H            3.61625845911298        0.45535877065925       -1.63637912076186
H            4.57881167081278        0.31492415654372        0.62483545497388
H            3.10348413238828       -0.13034888938280        2.57914106975678
26
 energy: -46.466777433412 gnorm: 0.001921250197 xtb: 6.6.1 (8d0f1dd)
C           -1.14328570028939        1.94537545300192        0.64946334814254
C           -1.60955540966812        0.60096068368253        0.18270059016101
C           -2.96005873259051        0.32596001580992        0.01576660604564
C           -3.39060023010491       -0.91927327363783       -0.40676715025467
C           -2.47377515786662       -1.91867495576685       -0.67974471272100
C           -1.13059445988149       -1.64021596679103       -0.51931177507192
F           -0.22834316071674       -2.61354634898934       -0.77774057837340
C           -0.67623959826444       -0.40120262815598       -0.08820063435490
C            0.77560737357424       -0.17479229699467        0.09813389606304
C            1.61860263355355        0.06265549119451       -0.99213788263813
O            1.05574213477518        0.13112353154697       -2.22540087318989
C            2.98191622708142        0.24424384302081       -0.78944869807737
C            3.51695134530827        0.18750324009572        0.48439417090011
C            2.70165920754270       -0.04304203590190        1.57720297249463
C            1.34803578493248       -0.21735812724775        1.36102780568520
F            0.54536907012704       -0.43744298862424        2.42405020986947
H           -1.96493559113607        2.65579178969478        0.66473352009555
H           -0.35933894971532        2.32509399915341       -0.00297528923647
H           -0.73248760687699        1.87136420062408        1.65524376042542
H           -3.68404175517738        1.10047575237930        0.22283158682334
H           -4.44550369673514       -1.11549578829490       -0.52398406256213
H           -2.78297349851653       -2.89902897004925       -1.00703655723367
H            1.74249308497192        0.26931530904856       -2.88851207631660
H            3.62416339274131        0.42870884622690       -1.64017736259349
H            4.57719681691708        0.32434588234950        0.62607856924967
H            3.09399747601437       -0.09284465737514        2.57980961666795
26
 energy: -46.466871472730 gnorm: 0.004733801080 xtb: 6.6.1 (8d0f1dd)
C           -1.15189850585790        1.92797261233789        0.72041240762118
C           -1.61087402236343        0.59522378411906        0.21431810219232
C           -2.96182664256159        0.31563115297027        0.06285239758994
C           -3.39204263473196       -0.91618640757521       -0.40057079678465
C           -2.47221601073242       -1.89524584112246       -0.73534009104849
C           -1.12845994731036       -1.61315916745236       -0.58613178378637
F           -0.22542291375897       -2.57177479944893       -0.89778674793026
C           -0.67465312169664       -0.39024516953680       -0.10800434059471
C            0.77620275413374       -0.16555139944885        0.07891873010230
C            1.63327852169218        0.01194518740722       -1.01380788480363
O            1.08734346240084        0.02090035522043       -2.25714131452191
C            2.99507022259278        0.19796289264904       -0.80447750687186
C            3.51600586989900        0.20427418254600        0.47793633339934
C            2.68713107220305        0.02963891920397        1.57233130381930
C            1.33553479785813       -0.15157113984916        1.34910092221558
F            0.52176408688546       -0.32497688934637        2.41425976055651
H           -1.95946888232974        2.65600474920784        0.67071211250108
H           -0.30526090926740        2.29087689671789        0.13598656643616
H           -0.83035536978141        1.84336940546266        1.76101697906354
H           -3.68858378538363        1.07502557261212        0.31631250835485
H           -4.44795792052832       -1.11550233489645       -0.50188415065388
H           -2.77619099190935       -2.86454748778407       -1.09981492161082
H            1.78111330174750        0.12858348320754       -2.91919436617715
H            3.64866105298383        0.33695352805571       -1.65645408831374
H            4.57523331472387        0.34720887224809        0.62504899905397
H            3.06787420109276        0.02718904249491        2.58139987019115
26
 energy: -46.466937974695 gnorm: 0.003210198590 xtb: 6.6.1 (8d0f1dd)
C           -1.15700873459245        1.92844258497312        0.72715304093979
C           -1.61130311270651        0.59522033684835        0.21935591437659
C           -2.96101174427560        0.31428942446837        0.06311469076026
C           -3.39047180296775       -0.91444354922489       -0.40836873833966
C           -2.46947196295143       -1.88848238903047       -0.74710235699033
C           -1.12675368913340       -1.60638411319629       -0.58927257909981
F           -0.22360750294655       -2.56230339502784       -0.90342111057118
C           -0.67396298894196       -0.38759883546659       -0.10131132556370
C            0.77643697306426       -0.16469652075699        0.08690343718336
C            1.63071116296189        0.00569744011117       -1.00801628441712
O            1.08091618989687        0.00449547095616       -2.24791571126966
C            2.99333159012197        0.19109416269527       -0.80512233073246
C            3.51879880305772        0.20445195199690        0.47412483722351
C            2.69277514523861        0.03611538770491        1.57068112751097
C            1.34006038392873       -0.14696457197634        1.35339757975127
F            0.53078917209739       -0.31803865331054        2.42225196008406
H           -1.96523809731217        2.65388684162590        0.67540894103223
H           -0.31132964995753        2.29175778641965        0.14625062423120
H           -0.84042638444621        1.84614659067369        1.76702823224436
H           -3.68891733868835        1.06995733512571        0.31972374832410
H           -4.44575317056541       -1.11363861198580       -0.51342296462782
H           -2.76900860183718       -2.85466801181651       -1.12174315180549
H            1.76959237240609        0.10677083456370       -2.91441339049702
H            3.64494601508921        0.32276732359918       -1.65898936253480
H            4.57916584496756        0.34796293722398        0.61647881180339
H            3.07674212849225        0.03816224280619        2.57722536098370
26
 energy: -46.466989590442 gnorm: 0.002755424375 xtb: 6.6.1 (8d0f1dd)
C           -1.16321253941347        1.92287222189812        0.75537025214999
C           -1.61233551591328        0.59272658353012        0.23313477723266
C           -2.96163597342164        0.31034889771730        0.07484884711565
C           -3.38957916704634       -0.91130721447247       -0.41588327232591
C           -2.46683538664164       -1.87687198267967       -0.77242662325332
C           -1.12445086339036       -1.59502473598765       -0.60919481766145
F           -0.22061888585929       -2.54468845925225       -0.93803423924425
C           -0.67290552798065       -0.38394502749409       -0.10127598249904
C            0.77724831014386       -0.16303362452959        0.08799011836219
C            1.63222957678054       -0.01457389269384       -1.00997796124769
O            1.08134714109975       -0.03894646130622       -2.24834946158521
C            2.99512558667803        0.17284237182609       -0.81068674430489
C            3.52044641616659        0.21035642166861        0.46856310150007
C            2.69439648194609        0.06192447280450        1.56793003965630
C            1.34121134641199       -0.12413556981010        1.35452098606922
F            0.53375461296888       -0.27963815497510        2.42747344536443
H           -1.96608804460078        2.65246731955486        0.68499701667322
H           -0.30171482173026        2.28456751657879        0.19670663521303
H           -0.87256481743506        1.83733790854244        1.80218589192869
H           -3.69033028552922        1.06055737598377        0.34285288650793
H           -4.44461350218991       -1.11024844494034       -0.52348191549121
H           -2.76344888717386       -2.83666161269200       -1.16449072747364
H            1.76880190173095        0.04665422908455       -2.91890683138481
H            3.64655501276357        0.28787940810145       -1.66664028714091
H            4.58088444396865        0.35659914356865        0.60813579677877
H            3.07833438766693        0.08194130997404        2.57463806905987
26
 energy: -46.467019257079 gnorm: 0.001291303300 xtb: 6.6.1 (8d0f1dd)
C           -1.16546916741439        1.92191504514945        0.75969065407046
C           -1.61338500128777        0.59252614923161        0.23475988278576
C           -2.96273439880794        0.31080703948150        0.07213523792497
C           -3.38861797000741       -0.91025492417467       -0.42031147510606
C           -2.46478242497193       -1.87691988806922       -0.77276022882238
C           -1.12263940984326       -1.59557946095131       -0.60685851386146
F           -0.21753541815710       -2.54477977007865       -0.93366386402284
C           -0.67274532861696       -0.38384945546135       -0.09910537711841
C            0.77757982319355       -0.16121469099535        0.08901647919044
C            1.63149424672987       -0.01455633780776       -1.00989424709138
O            1.07801899930045       -0.03639531242505       -2.24707938898763
C            2.99481449290088        0.17100211063149       -0.81190347708469
C            3.52106211432776        0.20877496548076        0.46662529071836
C            2.69638009871816        0.06255958647821        1.56684566834978
C            1.34295890939546       -0.12103529568120        1.35501838269727
F            0.53655662470399       -0.27227982828497        2.42860885931133
H           -1.96786550934008        2.65176778182104        0.68928839660748
H           -0.30387200670423        2.28515368188163        0.20224047252862
H           -0.87524626780965        1.83405584997577        1.80636700402444
H           -3.69202794035775        1.06200474340905        0.33715710514722
H           -4.44349687443306       -1.10908276225143       -0.53212294605916
H           -2.76225786628819       -2.83628010762804       -1.16499760683847
H            1.76601530771179        0.04116656729313       -2.91861775591525
H            3.64499986525227        0.28501826578472       -1.66869116515140
H            4.58134127145410        0.35278320936941        0.60514593539205
H            3.08145483035147        0.08269283782121        2.57310567731068
26
 energy: -46.467064133650 gnorm: 0.002825453273 xtb: 6.6.1 (8d0f1dd)
C           -1.17403517958353        1.91981094265206        0.77466557669153
C           -1.61713521186233        0.59336892021814        0.23909126817588
C           -2.96582781758188        0.31269332743943        0.06077505395397
C           -3.38443162449922       -0.90741550054429       -0.43683567802847
C           -2.45659324687118       -1.87672624685572       -0.77520137995883
C           -1.11611119145451       -1.59548823203784       -0.59908267531555
F           -0.20597848544341       -2.54321668583081       -0.91647537991276
C           -0.67264883931729       -0.38139664602843       -0.09075146958594
C            0.77789956883535       -0.15390201273356        0.09453768497132
C            1.62734590216167       -0.01277189793355       -1.00855001886540
O            1.06511880911884       -0.02831374470484       -2.24189980579994
C            2.99269597937785        0.16498390074467       -0.81684120416430
C            3.52419073328874        0.20114016635477        0.45891088168176
C            2.70394996315401        0.06489033751736        1.56331018852823
C            1.34867937570090       -0.10967927656026        1.35842296133710
F            0.54654146542139       -0.24851612236590        2.43506591795631
H           -1.97666574287414        2.64912215459234        0.70664112707841
H           -0.31180817765016        2.28944456940980        0.22207332331110
H           -0.88580394417854        1.82330696970049        1.82095436325922
H           -3.69720522396111        1.06593147139957        0.31656522199278
H           -4.43809424974498       -1.10661222964521       -0.56455533581967
H           -2.75591563810750       -2.83564227035935       -1.16676141110045
H            1.75417946932671        0.01993840739507       -2.91698746913010
H            3.63842181333429        0.27323087144680       -1.67741200024970
H            4.58536938203631        0.33635787317934        0.59264885259231
H            3.09386311137372        0.08546095354992        2.56769040640094
26
 energy: -46.467077174396 gnorm: 0.001971815453 xtb: 6.6.1 (8d0f1dd)
C           -1.17633981893235        1.92018455094258        0.77777182899584
C           -1.61781098342714        0.59427983288114        0.23954813176786
C           -2.96588172358550        0.31318381188382        0.05817703738838
C           -3.38331568186502       -0.90693187676700       -0.44084556038899
C           -2.45470423291180       -1.87603968709491       -0.77709457439711
C           -1.11490735030624       -1.59424723022010       -0.59785137453749
F           -0.20375595522643       -2.54167773660243       -0.91319758609598
C           -0.67268989140869       -0.37992952496158       -0.08862705913724
C            0.77776815859530       -0.15270794554857        0.09676052730214
C            1.62596887937595       -0.01326389551965       -1.00757480621876
O            1.06253562978735       -0.03020008678220       -2.24043696760007
C            2.99174720699593        0.16318944669293       -0.81809716115402
C            3.52510646985467        0.19973987740361        0.45697319756007
C            2.70586536485716        0.06599205176338        1.56262518441385
C            1.34997916234966       -0.10767152786430        1.35987135027417
F            0.54909635648467       -0.24527055504463        2.43782051783557
H           -1.97991621463122        2.64870712595942        0.71114682719234
H           -0.31394599491008        2.29161640367775        0.22666284602142
H           -0.88888915406903        1.82195867933493        1.82413864036733
H           -3.69783861144598        1.06597076252736        0.31272324236367
H           -4.43640582181603       -1.10646150229017       -0.57113949869548
H           -2.75292533351735       -2.83519930414742       -1.16900218845497
H            1.75042483473277        0.01527184701227       -2.91619839956949
H            3.63659300240649        0.26926790286241       -1.67972175499734
H            4.58702779283061        0.33297149370688        0.58913354665273
H            3.09721490978227        0.08726708619446        2.56643305311136
26
 energy: -46.467102936492 gnorm: 0.001566874530 xtb: 6.6.1 (8d0f1dd)
C           -1.18520733614021        1.92248968810896        0.78798879712912
C           -1.62036149506366        0.59763814198142        0.24191757119722
C           -2.96608619945506        0.31463882726796        0.04998847043486
C           -3.37970057181545       -0.90545124607523       -0.45427815226662
C           -2.44813025643116       -1.87299397325808       -0.78470292155781
C           -1.11068159297391       -1.58870012078950       -0.59451911879287
F           -0.19616062655094       -2.53515930291206       -0.90311783020637
C           -0.67263188792788       -0.37439157261931       -0.08060624578607
C            0.77751195936705       -0.14903911225845        0.10566724513752
C            1.62119776721164       -0.01689416436007       -1.00334903336936
O            1.05337281807254       -0.04006585104406       -2.23440504432052
C            2.98846831120399        0.15505393421772       -0.82230153638330
C            3.52869094001684        0.19454410074403        0.45031631908580
C            2.71342568155400        0.06934484269339        1.56041953598767
C            1.35537949821156       -0.10144159160369        1.36556177155811
F            0.55941156203245       -0.23572865169240        2.44874646201403
H           -1.99274883178597        2.64749431414752        0.72607799889988
H           -0.32315320475146        2.30069956606796        0.24117730837802
H           -0.89960259479603        1.81934822134328        1.83454953010552
H           -3.70075127077469        1.06534196765799        0.30015466553849
H           -4.43096570261168       -1.10549156680902       -0.59339162892328
H           -2.74035870007684       -2.83288505320683       -1.17968920789432
H            1.73618365304900        0.00021728479352       -2.91337032906257
H            3.63006525466352        0.25411405550208       -1.68754712236649
H            4.59271934635519        0.32354175248386        0.57661375654067
H            3.11011447941712        0.09377550961902        2.56209773892253
26
 energy: -46.467110152049 gnorm: 0.000963368669 xtb: 6.6.1 (8d0f1dd)
C           -1.18914367612294        1.92274818792154        0.79312980839409
C           -1.62169087117032        0.59824496525848        0.24414841768599
C           -2.96675223605422        0.31498001952239        0.04732477834703
C           -3.37845266459624       -0.90442605770801       -0.45996884826735
C           -2.44548307732200       -1.87156533630069       -0.78790632465960
C           -1.10871879222200       -1.58701986173476       -0.59307859812954
F           -0.19299215695127       -2.53279050002462       -0.90035320933429
C           -0.67241398945114       -0.37299437955755       -0.07702195633736
C            0.77778308909833       -0.14738347723138        0.10885292778917
C            1.61989436775286       -0.01915945866051       -1.00196260760996
O            1.04935644609574       -0.04422597605542       -2.23169076464109
C            2.98767161403423        0.15104480410222       -0.82388783271700
C            3.53008562028949        0.19293255405631        0.44772366211349
C            2.71674539524008        0.07111504213080        1.55942686527113
C            1.35812110183470       -0.09811012800105        1.36744560472561
F            0.56412406139869       -0.22887827505691        2.45255809351874
H           -1.99785256576764        2.64644546573041        0.73216191513337
H           -0.32776785992127        2.30379000979126        0.24725515461305
H           -0.90351112583481        1.81797314205270        1.83952437638363
H           -3.70280286355390        1.06513572023636        0.29568181530107
H           -4.42936480555081       -1.10411153349515       -0.60308403659715
H           -2.73543710952800       -2.83110117857226       -1.18531431147833
H            1.73093500583591       -0.00665158295744       -2.91264687273754
H            3.62788908852563        0.24672087631703       -1.69043774097852
H            4.59437979553176        0.32046603248082        0.57182360856604
H            3.11539920840905        0.09682092575546        2.56029507564522
26
 energy: -46.467115493031 gnorm: 0.000223353424 xtb: 6.6.1 (8d0f1dd)
C           -1.19194898319867        1.92239955088960        0.79738177404087
C           -1.62262078716954        0.59801870216972        0.24677791003204
C           -2.96726787581235        0.31463942502781        0.04709277272533
C           -3.37767264146151       -0.90369477724043       -0.46339433028594
C           -2.44384859114102       -1.87002990158922       -0.79118145914713
C           -1.10740795047622       -1.58558343278978       -0.59357762308990
F           -0.19127715841881       -2.53101150616130       -0.90073861051770
C           -0.67215314785214       -0.37243807931420       -0.07482121209675
C            0.77809205705409       -0.14626445598476        0.11066451059826
C            1.61955021590478       -0.02212050554067       -1.00126701093056
O            1.04707849966270       -0.04939624870622       -2.22987218006385
C            2.98754838320158        0.14704022267613       -0.82482685188804
C            3.53103999525068        0.19169590202102        0.44614773973039
C            2.71882178499895        0.07355156245735        1.55882164266365
C            1.35991662034185       -0.09436910968191        1.36846710983600
F            0.56720348919854       -0.22130938138490        2.45475910826083
H           -2.00164440989727        2.64492518391540        0.73702970074776
H           -0.33159658708819        2.30562400618947        0.25137182314866
H           -0.90547858417302        1.81691790655582        1.84338357547529
H           -3.70423706931607        1.06438570487644        0.29482103627960
H           -4.42845838170171       -1.10255640214266       -0.60949964578944
H           -2.73212294548308       -2.82883594012042       -1.19142513071941
H            1.72792574456151       -0.01151137075866       -2.91209320504650
H            3.62690944452938        0.23983502073757       -1.69213634066061
H            4.59520420623792        0.31905587688452        0.56887836523653
H            3.11844567224750        0.10103204701433        2.55923553146049
26
 energy: -46.467119039970 gnorm: 0.000432152153 xtb: 6.6.1 (8d0f1dd)
C           -1.19352702808380        1.92171162477166        0.80094410184313
C           -1.62313141922524        0.59759572539043        0.24887231378585
C           -2.96758698404646        0.31416606047368        0.04775139950435
C           -3.37732279506095       -0.90312343111272       -0.46572039399192
C           -2.44297406795159       -1.86861309911567       -0.79445364599157
C           -1.10665360803051       -1.58441008279591       -0.59495315867107
F           -0.19039837551117       -2.52925706186262       -0.90346414329414
C           -0.67197246188005       -0.37211736763373       -0.07383905721011
C            0.77821650191969       -0.14562420011990        0.11148274093369
C            1.61957820769077       -0.02498008899021       -1.00106319466222
O            1.04639581327557       -0.05496967095442       -2.22916640321953
C            2.98768904381256        0.14369436538075       -0.82541680201172
C            3.53151748303424        0.19152370232391        0.44527549783830
C            2.71963298143606        0.07675697539104        1.55845369374083
C            1.36057909413900       -0.09078810092067        1.36893311518425
F            0.56840561587093       -0.21391984919813        2.45592940172396
H           -2.00401669769471        2.64338868224437        0.74156186189753
H           -0.33404349086215        2.30656605779493        0.25463372488131
H           -0.90621363572146        1.81564471501062        1.84661262727739
H           -3.70500700189807        1.06310434944609        0.29683631941234
H           -4.42804998352615       -1.10170977496908       -0.61279314301534
H           -2.73028142423673       -2.82661280515463       -1.19728913938453
H            1.72699481776710       -0.01587873931329       -2.91188789252229
H            3.62682124285912        0.23351046258972       -1.69318557884628
H            4.59581737883400        0.31792685762525        0.56725360285743
H            3.11953179308991        0.10641469369857        2.55869115194028
